[2026-09-06T07:23:19.755+0000] {local_task_job_runner.py:120} INFO - ::group::Pre task execution logs
[2026-09-06T07:23:19.988+0000] {taskinstance.py:2076} INFO - Dependencies all met for dep_context=non-requeueable deps ti=<TaskInstance: process_silver_layer.prepare_gcp_key manual__2026-09-06T07:22:48.129966+00:00 [queued]>
[2026-09-06T07:23:20.049+0000] {taskinstance.py:2076} INFO - Dependencies all met for dep_context=requeueable deps ti=<TaskInstance: process_silver_layer.prepare_gcp_key manual__2026-09-06T07:22:48.129966+00:00 [queued]>
[2026-09-06T07:23:20.052+0000] {taskinstance.py:2306} INFO - Starting attempt 1 of 1
[2026-09-06T07:23:20.159+0000] {taskinstance.py:2330} INFO - Executing <Task(PythonOperator): prepare_gcp_key> on 2026-09-06 07:22:48.129966+00:00
[2026-09-06T07:23:20.202+0000] {standard_task_runner.py:90} INFO - Running: ['***', 'tasks', 'run', 'process_silver_layer', 'prepare_gcp_key', 'manual__2026-09-06T07:22:48.129966+00:00', '--job-id', '393', '--raw', '--subdir', 'DAGS_FOLDER/silver_processing_dag.py', '--cfg-path', '/tmp/tmpfnxo8bbm']
[2026-09-06T07:23:20.232+0000] {logging_mixin.py:188} WARNING - /home/***/.local/lib/python3.12/site-packages/***/task/task_runner/standard_task_runner.py:61 DeprecationWarning: This process (pid=38709) is multi-threaded, use of fork() may lead to deadlocks in the child.
[2026-09-06T07:23:20.235+0000] {standard_task_runner.py:91} INFO - Job 393: Subtask prepare_gcp_key
[2026-09-06T07:23:20.240+0000] {standard_task_runner.py:63} INFO - Started process 38710 to run task
[2026-09-06T07:23:20.489+0000] {task_command.py:426} INFO - Running <TaskInstance: process_silver_layer.prepare_gcp_key manual__2026-09-06T07:22:48.129966+00:00 [running]> on host bdc8f6caa133
[2026-09-06T07:23:21.166+0000] {taskinstance.py:2648} INFO - Exporting env vars: AIRFLOW_CTX_DAG_OWNER='data_engineer' AIRFLOW_CTX_DAG_ID='process_silver_layer' AIRFLOW_CTX_TASK_ID='prepare_gcp_key' AIRFLOW_CTX_EXECUTION_DATE='2026-09-06T07:22:48.129966+00:00' AIRFLOW_CTX_TRY_NUMBER='1' AIRFLOW_CTX_DAG_RUN_ID='manual__2026-09-06T07:22:48.129966+00:00'
[2026-09-06T07:23:21.174+0000] {taskinstance.py:430} INFO - ::endgroup::
[2026-09-06T07:23:21.298+0000] {logging_mixin.py:188} INFO - Extracting GCP Service Account key from Airflow Connections...
[2026-09-06T07:23:21.335+0000] {connection.py:274} WARNING - Connection schemes (type: google_cloud_platform) shall not contain '_' according to RFC3986.
[2026-09-06T07:23:21.393+0000] {base.py:84} INFO - Using connection ID 'google_cloud_default' for task execution.
[2026-09-06T07:23:21.400+0000] {logging_mixin.py:188} INFO - Credentials saved temporarily to /tmp/gcp_key.json
[2026-09-06T07:23:21.410+0000] {python.py:237} INFO - Done. Returned value was: None
[2026-09-06T07:23:21.418+0000] {taskinstance.py:441} INFO - ::group::Post task execution logs
[2026-09-06T07:23:21.477+0000] {taskinstance.py:1206} INFO - Marking task as SUCCESS. dag_id=process_silver_layer, task_id=prepare_gcp_key, run_id=manual__2026-09-06T07:22:48.129966+00:00, execution_date=20260906T072248, start_date=20260906T072319, end_date=20260906T072321
[2026-09-06T07:23:21.572+0000] {local_task_job_runner.py:240} INFO - Task exited with return code 0
[2026-09-06T07:23:21.746+0000] {taskinstance.py:3503} INFO - 1 downstream tasks scheduled from follow-on schedule check
[2026-09-06T07:23:23.096+0000] {local_task_job_runner.py:222} INFO - ::endgroup::
