[2026-07-27T03:07:31.137+0000] {local_task_job_runner.py:120} INFO - ::group::Pre task execution logs
[2026-07-27T03:07:31.274+0000] {taskinstance.py:2076} INFO - Dependencies all met for dep_context=non-requeueable deps ti=<TaskInstance: process_gold_layer.run_gold_spark_job manual__2026-07-27T03:07:29.899321+00:00 [queued]>
[2026-07-27T03:07:31.291+0000] {taskinstance.py:2076} INFO - Dependencies all met for dep_context=requeueable deps ti=<TaskInstance: process_gold_layer.run_gold_spark_job manual__2026-07-27T03:07:29.899321+00:00 [queued]>
[2026-07-27T03:07:31.340+0000] {taskinstance.py:2306} INFO - Starting attempt 1 of 2
[2026-07-27T03:07:31.564+0000] {taskinstance.py:2330} INFO - Executing <Task(BashOperator): run_gold_spark_job> on 2026-07-27 03:07:29.899321+00:00
[2026-07-27T03:07:31.600+0000] {logging_mixin.py:188} WARNING - /home/***/.local/lib/python3.12/site-packages/***/task/task_runner/standard_task_runner.py:61 DeprecationWarning: This process (pid=9562) is multi-threaded, use of fork() may lead to deadlocks in the child.
[2026-07-27T03:07:31.584+0000] {standard_task_runner.py:90} INFO - Running: ['***', 'tasks', 'run', 'process_gold_layer', 'run_gold_spark_job', 'manual__2026-07-27T03:07:29.899321+00:00', '--job-id', '114', '--raw', '--subdir', 'DAGS_FOLDER/gold_processing_dag.py', '--cfg-path', '/tmp/tmpcejwmzoo']
[2026-07-27T03:07:31.603+0000] {standard_task_runner.py:63} INFO - Started process 9563 to run task
[2026-07-27T03:07:31.605+0000] {standard_task_runner.py:91} INFO - Job 114: Subtask run_gold_spark_job
[2026-07-27T03:07:31.904+0000] {task_command.py:426} INFO - Running <TaskInstance: process_gold_layer.run_gold_spark_job manual__2026-07-27T03:07:29.899321+00:00 [running]> on host 48a53578f0da
[2026-07-27T03:07:32.300+0000] {taskinstance.py:2648} INFO - Exporting env vars: AIRFLOW_CTX_DAG_OWNER='data_engineer' AIRFLOW_CTX_DAG_ID='process_gold_layer' AIRFLOW_CTX_TASK_ID='run_gold_spark_job' AIRFLOW_CTX_EXECUTION_DATE='2026-07-27T03:07:29.899321+00:00' AIRFLOW_CTX_TRY_NUMBER='1' AIRFLOW_CTX_DAG_RUN_ID='manual__2026-07-27T03:07:29.899321+00:00'
[2026-07-27T03:07:32.303+0000] {taskinstance.py:430} INFO - ::endgroup::
[2026-07-27T03:07:32.344+0000] {subprocess.py:63} INFO - Tmp dir root location: /tmp
[2026-07-27T03:07:32.349+0000] {subprocess.py:75} INFO - Running command: ['/usr/bin/bash', '-c', 'export GOOGLE_APPLICATION_CREDENTIALS=/tmp/gcp_key.json && python /opt/***/jobs/gold_layer_spark_job.py london_bike_data_bronze london-bike-502619']
[2026-07-27T03:07:32.378+0000] {subprocess.py:86} INFO - Output:
[2026-07-27T03:07:34.062+0000] {subprocess.py:93} INFO - /home/***/.local/lib/python3.12/site-packages/pyspark/bin/load-spark-env.sh: line 68: ps: command not found
[2026-07-27T03:07:37.825+0000] {subprocess.py:93} INFO - :: loading settings :: url = jar:file:/home/***/.local/lib/python3.12/site-packages/pyspark/jars/ivy-2.5.1.jar!/org/apache/ivy/core/settings/ivysettings.xml
[2026-07-27T03:07:38.021+0000] {subprocess.py:93} INFO - Ivy Default Cache set to: /home/***/.ivy2/cache
[2026-07-27T03:07:38.023+0000] {subprocess.py:93} INFO - The jars for the packages stored in: /home/***/.ivy2/jars
[2026-07-27T03:07:38.030+0000] {subprocess.py:93} INFO - com.google.cloud.bigdataoss#gcs-connector added as a dependency
[2026-07-27T03:07:38.034+0000] {subprocess.py:93} INFO - com.google.cloud.spark#spark-bigquery-with-dependencies_2.12 added as a dependency
[2026-07-27T03:07:38.037+0000] {subprocess.py:93} INFO - :: resolving dependencies :: org.apache.spark#spark-submit-parent-e26dee6f-513a-47e0-999c-a8e034e23643;1.0
[2026-07-27T03:07:38.039+0000] {subprocess.py:93} INFO - 	confs: [default]
[2026-07-27T03:07:38.330+0000] {subprocess.py:93} INFO - 	found com.google.cloud.bigdataoss#gcs-connector;hadoop3-2.2.22 in central
[2026-07-27T03:07:38.437+0000] {subprocess.py:93} INFO - 	found com.google.api-client#google-api-client-jackson2;2.0.1 in central
[2026-07-27T03:07:38.536+0000] {subprocess.py:93} INFO - 	found com.google.api-client#google-api-client;2.0.1 in central
[2026-07-27T03:07:38.636+0000] {subprocess.py:93} INFO - 	found com.google.oauth-client#google-oauth-client;1.34.1 in central
[2026-07-27T03:07:38.737+0000] {subprocess.py:93} INFO - 	found com.google.http-client#google-http-client;1.42.3 in central
[2026-07-27T03:07:38.822+0000] {subprocess.py:93} INFO - 	found org.apache.httpcomponents#httpclient;4.5.13 in central
[2026-07-27T03:07:38.915+0000] {subprocess.py:93} INFO - 	found org.apache.httpcomponents#httpcore;4.4.15 in central
[2026-07-27T03:07:39.010+0000] {subprocess.py:93} INFO - 	found commons-logging#commons-logging;1.2 in central
[2026-07-27T03:07:39.152+0000] {subprocess.py:93} INFO - 	found commons-codec#commons-codec;1.15 in central
[2026-07-27T03:07:39.200+0000] {subprocess.py:93} INFO - 	found com.google.code.findbugs#jsr305;3.0.2 in central
[2026-07-27T03:07:39.263+0000] {subprocess.py:93} INFO - 	found com.google.errorprone#error_prone_annotations;2.16 in central
[2026-07-27T03:07:39.362+0000] {subprocess.py:93} INFO - 	found com.google.guava#guava;33.1.0-jre in central
[2026-07-27T03:07:39.468+0000] {subprocess.py:93} INFO - 	found com.google.guava#failureaccess;1.0.2 in central
[2026-07-27T03:07:39.546+0000] {subprocess.py:93} INFO - 	found com.google.guava#listenablefuture;9999.0-empty-to-avoid-conflict-with-guava in central
[2026-07-27T03:07:39.585+0000] {subprocess.py:93} INFO - 	found org.checkerframework#checker-qual;3.42.0 in central
[2026-07-27T03:07:39.634+0000] {subprocess.py:93} INFO - 	found com.google.j2objc#j2objc-annotations;1.3 in central
[2026-07-27T03:07:39.683+0000] {subprocess.py:93} INFO - 	found io.opencensus#opencensus-api;0.31.1 in central
[2026-07-27T03:07:39.722+0000] {subprocess.py:93} INFO - 	found io.grpc#grpc-context;1.62.2 in central
[2026-07-27T03:07:39.756+0000] {subprocess.py:93} INFO - 	found io.opencensus#opencensus-contrib-http-util;0.31.1 in central
[2026-07-27T03:07:39.791+0000] {subprocess.py:93} INFO - 	found com.google.http-client#google-http-client-gson;1.42.3 in central
[2026-07-27T03:07:39.825+0000] {subprocess.py:93} INFO - 	found com.google.code.gson#gson;2.8.9 in central
[2026-07-27T03:07:39.887+0000] {subprocess.py:93} INFO - 	found io.grpc#grpc-api;1.62.2 in central
[2026-07-27T03:07:39.938+0000] {subprocess.py:93} INFO - 	found com.google.http-client#google-http-client-apache-v2;1.42.3 in central
[2026-07-27T03:07:39.984+0000] {subprocess.py:93} INFO - 	found com.google.cloud.bigdataoss#util;2.2.22 in central
[2026-07-27T03:07:40.008+0000] {subprocess.py:93} INFO - 	found com.google.http-client#google-http-client-jackson2;1.42.3 in central
[2026-07-27T03:07:40.054+0000] {subprocess.py:93} INFO - 	found com.fasterxml.jackson.core#jackson-core;2.13.4 in central
[2026-07-27T03:07:40.087+0000] {subprocess.py:93} INFO - 	found com.google.apis#google-api-services-iamcredentials;v1-rev20211203-2.0.0 in central
[2026-07-27T03:07:40.119+0000] {subprocess.py:93} INFO - 	found com.google.apis#google-api-services-storage;v1-rev20240105-2.0.0 in central
[2026-07-27T03:07:40.152+0000] {subprocess.py:93} INFO - 	found com.google.api-client#google-api-client;2.2.0 in central
[2026-07-27T03:07:40.220+0000] {subprocess.py:93} INFO - 	found org.apache.httpcomponents#httpcore;4.4.16 in central
[2026-07-27T03:07:40.258+0000] {subprocess.py:93} INFO - 	found com.google.auto.value#auto-value-annotations;1.10.4 in central
[2026-07-27T03:07:40.282+0000] {subprocess.py:93} INFO - 	found com.google.auth#google-auth-library-oauth2-http;1.22.0 in central
[2026-07-27T03:07:40.330+0000] {subprocess.py:93} INFO - 	found com.google.auth#google-auth-library-credentials;1.22.0 in central
[2026-07-27T03:07:40.372+0000] {subprocess.py:93} INFO - 	found com.google.http-client#google-http-client;1.43.3 in central
[2026-07-27T03:07:40.420+0000] {subprocess.py:93} INFO - 	found com.google.errorprone#error_prone_annotations;2.18.0 in central
[2026-07-27T03:07:40.463+0000] {subprocess.py:93} INFO - 	found com.google.j2objc#j2objc-annotations;2.8 in central
[2026-07-27T03:07:40.518+0000] {subprocess.py:93} INFO - 	found com.google.http-client#google-http-client-gson;1.43.3 in central
[2026-07-27T03:07:40.738+0000] {subprocess.py:93} INFO - 	found com.google.flogger#google-extensions;0.7.1 in central
[2026-07-27T03:07:40.800+0000] {subprocess.py:93} INFO - 	found com.google.flogger#flogger;0.7.1 in central
[2026-07-27T03:07:40.829+0000] {subprocess.py:93} INFO - 	found org.checkerframework#checker-compat-qual;2.5.3 in central
[2026-07-27T03:07:40.854+0000] {subprocess.py:93} INFO - 	found com.google.flogger#flogger-system-backend;0.7.1 in central
[2026-07-27T03:07:40.910+0000] {subprocess.py:93} INFO - 	found com.google.cloud.bigdataoss#util-hadoop;hadoop3-2.2.22 in central
[2026-07-27T03:07:40.964+0000] {subprocess.py:93} INFO - 	found com.google.cloud.bigdataoss#gcsio;2.2.22 in central
[2026-07-27T03:07:41.003+0000] {subprocess.py:93} INFO - 	found io.grpc#grpc-alts;1.62.2 in central
[2026-07-27T03:07:41.031+0000] {subprocess.py:93} INFO - 	found io.grpc#grpc-auth;1.62.2 in central
[2026-07-27T03:07:41.065+0000] {subprocess.py:93} INFO - 	found io.grpc#grpc-core;1.62.2 in central
[2026-07-27T03:07:41.102+0000] {subprocess.py:93} INFO - 	found io.grpc#grpc-grpclb;1.62.2 in central
[2026-07-27T03:07:41.122+0000] {subprocess.py:93} INFO - 	found io.grpc#grpc-protobuf;1.62.2 in central
[2026-07-27T03:07:41.147+0000] {subprocess.py:93} INFO - 	found com.google.protobuf#protobuf-java;3.25.3 in central
[2026-07-27T03:07:41.177+0000] {subprocess.py:93} INFO - 	found com.google.api.grpc#proto-google-common-protos;2.29.0 in central
[2026-07-27T03:07:41.197+0000] {subprocess.py:93} INFO - 	found io.grpc#grpc-stub;1.62.2 in central
[2026-07-27T03:07:41.228+0000] {subprocess.py:93} INFO - 	found org.conscrypt#conscrypt-openjdk-uber;2.5.2 in central
[2026-07-27T03:07:41.256+0000] {subprocess.py:93} INFO - 	found io.grpc#grpc-netty-shaded;1.62.2 in central
[2026-07-27T03:07:41.282+0000] {subprocess.py:93} INFO - 	found io.grpc#grpc-census;1.62.2 in central
[2026-07-27T03:07:41.329+0000] {subprocess.py:93} INFO - 	found com.google.cloud#google-cloud-storage;2.37.0 in central
[2026-07-27T03:07:41.393+0000] {subprocess.py:93} INFO - 	found com.google.errorprone#error_prone_annotations;2.26.1 in central
[2026-07-27T03:07:41.427+0000] {subprocess.py:93} INFO - 	found com.google.j2objc#j2objc-annotations;3.0.0 in central
[2026-07-27T03:07:41.450+0000] {subprocess.py:93} INFO - 	found com.google.http-client#google-http-client;1.44.1 in central
[2026-07-27T03:07:41.538+0000] {subprocess.py:93} INFO - 	found com.google.http-client#google-http-client-gson;1.44.1 in central
[2026-07-27T03:07:41.589+0000] {subprocess.py:93} INFO - 	found com.google.api-client#google-api-client;2.4.0 in central
[2026-07-27T03:07:41.660+0000] {subprocess.py:93} INFO - 	found commons-codec#commons-codec;1.16.1 in central
[2026-07-27T03:07:41.754+0000] {subprocess.py:93} INFO - 	found com.google.http-client#google-http-client-apache-v2;1.44.1 in central
[2026-07-27T03:07:41.903+0000] {subprocess.py:93} INFO - 	found com.google.cloud#google-cloud-core;2.5.4 in central
[2026-07-27T03:07:42.100+0000] {subprocess.py:93} INFO - 	found com.google.protobuf#protobuf-java-util;3.25.3 in central
[2026-07-27T03:07:42.157+0000] {subprocess.py:93} INFO - 	found com.google.api.grpc#proto-google-iam-v1;1.1.7 in central
[2026-07-27T03:07:42.237+0000] {subprocess.py:93} INFO - 	found com.google.cloud#google-cloud-core-http;2.37.0 in central
[2026-07-27T03:07:42.265+0000] {subprocess.py:93} INFO - 	found com.google.http-client#google-http-client-appengine;1.44.1 in central
[2026-07-27T03:07:42.296+0000] {subprocess.py:93} INFO - 	found com.google.api#gax-httpjson;2.47.0 in central
[2026-07-27T03:07:42.332+0000] {subprocess.py:93} INFO - 	found com.google.cloud#google-cloud-core-grpc;2.37.0 in central
[2026-07-27T03:07:42.356+0000] {subprocess.py:93} INFO - 	found com.google.api#gax;2.47.0 in central
[2026-07-27T03:07:42.384+0000] {subprocess.py:93} INFO - 	found io.opentelemetry#opentelemetry-api;1.37.0 in central
[2026-07-27T03:07:42.422+0000] {subprocess.py:93} INFO - 	found io.opentelemetry#opentelemetry-context;1.37.0 in central
[2026-07-27T03:07:42.448+0000] {subprocess.py:93} INFO - 	found com.google.api#gax-grpc;2.42.0 in central
[2026-07-27T03:07:42.526+0000] {subprocess.py:93} INFO - 	found io.grpc#grpc-inprocess;1.62.2 in central
[2026-07-27T03:07:42.549+0000] {subprocess.py:93} INFO - 	found com.google.api#api-common;2.30.0 in central
[2026-07-27T03:07:42.579+0000] {subprocess.py:93} INFO - 	found javax.annotation#javax.annotation-api;1.3.2 in central
[2026-07-27T03:07:42.605+0000] {subprocess.py:93} INFO - 	found com.google.api.grpc#proto-google-common-protos;2.38.0 in central
[2026-07-27T03:07:42.620+0000] {subprocess.py:93} INFO - 	found org.threeten#threetenbp;1.6.9 in central
[2026-07-27T03:07:42.654+0000] {subprocess.py:93} INFO - 	found com.google.api.grpc#proto-google-cloud-storage-v2;2.37.0-alpha in central
[2026-07-27T03:07:42.689+0000] {subprocess.py:93} INFO - 	found com.google.api.grpc#grpc-google-cloud-storage-v2;2.37.0-alpha in central
[2026-07-27T03:07:42.739+0000] {subprocess.py:93} INFO - 	found com.google.api.grpc#gapic-google-cloud-storage-v2;2.37.0-alpha in central
[2026-07-27T03:07:42.771+0000] {subprocess.py:93} INFO - 	found com.fasterxml.jackson.core#jackson-core;2.17.0 in central
[2026-07-27T03:07:42.808+0000] {subprocess.py:93} INFO - 	found com.google.cloud#google-cloud-storage-control;2.37.0-alpha in central
[2026-07-27T03:07:42.837+0000] {subprocess.py:93} INFO - 	found com.google.api.grpc#proto-google-cloud-storage-control-v2;2.37.0-alpha in central
[2026-07-27T03:07:42.904+0000] {subprocess.py:93} INFO - 	found io.grpc#grpc-xds;1.62.2 in central
[2026-07-27T03:07:42.925+0000] {subprocess.py:93} INFO - 	found io.opencensus#opencensus-proto;0.2.0 in central
[2026-07-27T03:07:42.950+0000] {subprocess.py:93} INFO - 	found io.grpc#grpc-util;1.62.2 in central
[2026-07-27T03:07:42.967+0000] {subprocess.py:93} INFO - 	found io.grpc#grpc-services;1.62.2 in central
[2026-07-27T03:07:42.986+0000] {subprocess.py:93} INFO - 	found com.google.re2j#re2j;1.7 in central
[2026-07-27T03:07:43.016+0000] {subprocess.py:93} INFO - 	found io.opencensus#opencensus-impl;0.31.0 in central
[2026-07-27T03:07:43.038+0000] {subprocess.py:93} INFO - 	found io.opencensus#opencensus-impl-core;0.31.0 in central
[2026-07-27T03:07:43.062+0000] {subprocess.py:93} INFO - 	found com.lmax#disruptor;3.4.2 in central
[2026-07-27T03:07:43.083+0000] {subprocess.py:93} INFO - 	found io.opencensus#opencensus-exporter-stats-stackdriver;0.31.0 in central
[2026-07-27T03:07:43.109+0000] {subprocess.py:93} INFO - 	found io.opencensus#opencensus-contrib-exemplar-util;0.31.0 in central
[2026-07-27T03:07:43.127+0000] {subprocess.py:93} INFO - 	found io.opencensus#opencensus-contrib-resource-util;0.31.0 in central
[2026-07-27T03:07:43.160+0000] {subprocess.py:93} INFO - 	found io.opencensus#opencensus-exporter-metrics-util;0.31.0 in central
[2026-07-27T03:07:43.214+0000] {subprocess.py:93} INFO - 	found com.google.cloud#google-cloud-monitoring;1.82.0 in central
[2026-07-27T03:07:43.241+0000] {subprocess.py:93} INFO - 	found com.google.api.grpc#proto-google-cloud-monitoring-v3;1.64.0 in central
[2026-07-27T03:07:43.268+0000] {subprocess.py:93} INFO - 	found io.opencensus#opencensus-contrib-grpc-metrics;0.31.0 in central
[2026-07-27T03:07:43.301+0000] {subprocess.py:93} INFO - 	found com.google.android#annotations;4.1.1.4 in central
[2026-07-27T03:07:43.322+0000] {subprocess.py:93} INFO - 	found org.codehaus.mojo#animal-sniffer-annotations;1.23 in central
[2026-07-27T03:07:43.348+0000] {subprocess.py:93} INFO - 	found io.perfmark#perfmark-api;0.26.0 in central
[2026-07-27T03:07:43.381+0000] {subprocess.py:93} INFO - 	found io.grpc#grpc-protobuf-lite;1.62.2 in central
[2026-07-27T03:07:43.567+0000] {subprocess.py:93} INFO - 	found io.perfmark#perfmark-api;0.27.0 in central
[2026-07-27T03:07:43.607+0000] {subprocess.py:93} INFO - 	found io.grpc#grpc-googleapis;1.62.2 in central
[2026-07-27T03:07:43.981+0000] {subprocess.py:93} INFO - 	found io.grpc#grpc-rls;1.62.2 in central
[2026-07-27T03:07:44.078+0000] {subprocess.py:93} INFO - 	found com.google.cloud.spark#spark-bigquery-with-dependencies_2.12;0.34.0 in central
[2026-07-27T03:07:44.336+0000] {subprocess.py:93} INFO - :: resolution report :: resolve 6146ms :: artifacts dl 156ms
[2026-07-27T03:07:44.339+0000] {subprocess.py:93} INFO - 	:: modules in use:
[2026-07-27T03:07:44.342+0000] {subprocess.py:93} INFO - 	com.fasterxml.jackson.core#jackson-core;2.17.0 from central in [default]
[2026-07-27T03:07:44.353+0000] {subprocess.py:93} INFO - 	com.google.android#annotations;4.1.1.4 from central in [default]
[2026-07-27T03:07:44.365+0000] {subprocess.py:93} INFO - 	com.google.api#api-common;2.30.0 from central in [default]
[2026-07-27T03:07:44.374+0000] {subprocess.py:93} INFO - 	com.google.api#gax;2.47.0 from central in [default]
[2026-07-27T03:07:44.376+0000] {subprocess.py:93} INFO - 	com.google.api#gax-grpc;2.42.0 from central in [default]
[2026-07-27T03:07:44.387+0000] {subprocess.py:93} INFO - 	com.google.api#gax-httpjson;2.47.0 from central in [default]
[2026-07-27T03:07:44.389+0000] {subprocess.py:93} INFO - 	com.google.api-client#google-api-client;2.4.0 from central in [default]
[2026-07-27T03:07:44.409+0000] {subprocess.py:93} INFO - 	com.google.api-client#google-api-client-jackson2;2.0.1 from central in [default]
[2026-07-27T03:07:44.424+0000] {subprocess.py:93} INFO - 	com.google.api.grpc#gapic-google-cloud-storage-v2;2.37.0-alpha from central in [default]
[2026-07-27T03:07:44.426+0000] {subprocess.py:93} INFO - 	com.google.api.grpc#grpc-google-cloud-storage-v2;2.37.0-alpha from central in [default]
[2026-07-27T03:07:44.428+0000] {subprocess.py:93} INFO - 	com.google.api.grpc#proto-google-cloud-monitoring-v3;1.64.0 from central in [default]
[2026-07-27T03:07:44.439+0000] {subprocess.py:93} INFO - 	com.google.api.grpc#proto-google-cloud-storage-control-v2;2.37.0-alpha from central in [default]
[2026-07-27T03:07:44.441+0000] {subprocess.py:93} INFO - 	com.google.api.grpc#proto-google-cloud-storage-v2;2.37.0-alpha from central in [default]
[2026-07-27T03:07:44.443+0000] {subprocess.py:93} INFO - 	com.google.api.grpc#proto-google-common-protos;2.38.0 from central in [default]
[2026-07-27T03:07:44.447+0000] {subprocess.py:93} INFO - 	com.google.api.grpc#proto-google-iam-v1;1.1.7 from central in [default]
[2026-07-27T03:07:44.453+0000] {subprocess.py:93} INFO - 	com.google.apis#google-api-services-iamcredentials;v1-rev20211203-2.0.0 from central in [default]
[2026-07-27T03:07:44.469+0000] {subprocess.py:93} INFO - 	com.google.apis#google-api-services-storage;v1-rev20240105-2.0.0 from central in [default]
[2026-07-27T03:07:44.481+0000] {subprocess.py:93} INFO - 	com.google.auth#google-auth-library-credentials;1.22.0 from central in [default]
[2026-07-27T03:07:44.483+0000] {subprocess.py:93} INFO - 	com.google.auth#google-auth-library-oauth2-http;1.22.0 from central in [default]
[2026-07-27T03:07:44.485+0000] {subprocess.py:93} INFO - 	com.google.auto.value#auto-value-annotations;1.10.4 from central in [default]
[2026-07-27T03:07:44.489+0000] {subprocess.py:93} INFO - 	com.google.cloud#google-cloud-core;2.5.4 from central in [default]
[2026-07-27T03:07:44.493+0000] {subprocess.py:93} INFO - 	com.google.cloud#google-cloud-core-grpc;2.37.0 from central in [default]
[2026-07-27T03:07:44.502+0000] {subprocess.py:93} INFO - 	com.google.cloud#google-cloud-core-http;2.37.0 from central in [default]
[2026-07-27T03:07:44.504+0000] {subprocess.py:93} INFO - 	com.google.cloud#google-cloud-monitoring;1.82.0 from central in [default]
[2026-07-27T03:07:44.506+0000] {subprocess.py:93} INFO - 	com.google.cloud#google-cloud-storage;2.37.0 from central in [default]
[2026-07-27T03:07:44.508+0000] {subprocess.py:93} INFO - 	com.google.cloud#google-cloud-storage-control;2.37.0-alpha from central in [default]
[2026-07-27T03:07:44.514+0000] {subprocess.py:93} INFO - 	com.google.cloud.bigdataoss#gcs-connector;hadoop3-2.2.22 from central in [default]
[2026-07-27T03:07:44.516+0000] {subprocess.py:93} INFO - 	com.google.cloud.bigdataoss#gcsio;2.2.22 from central in [default]
[2026-07-27T03:07:44.522+0000] {subprocess.py:93} INFO - 	com.google.cloud.bigdataoss#util;2.2.22 from central in [default]
[2026-07-27T03:07:44.529+0000] {subprocess.py:93} INFO - 	com.google.cloud.bigdataoss#util-hadoop;hadoop3-2.2.22 from central in [default]
[2026-07-27T03:07:44.532+0000] {subprocess.py:93} INFO - 	com.google.cloud.spark#spark-bigquery-with-dependencies_2.12;0.34.0 from central in [default]
[2026-07-27T03:07:44.538+0000] {subprocess.py:93} INFO - 	com.google.code.findbugs#jsr305;3.0.2 from central in [default]
[2026-07-27T03:07:44.543+0000] {subprocess.py:93} INFO - 	com.google.code.gson#gson;2.8.9 from central in [default]
[2026-07-27T03:07:44.545+0000] {subprocess.py:93} INFO - 	com.google.errorprone#error_prone_annotations;2.26.1 from central in [default]
[2026-07-27T03:07:44.549+0000] {subprocess.py:93} INFO - 	com.google.flogger#flogger;0.7.1 from central in [default]
[2026-07-27T03:07:44.558+0000] {subprocess.py:93} INFO - 	com.google.flogger#flogger-system-backend;0.7.1 from central in [default]
[2026-07-27T03:07:44.561+0000] {subprocess.py:93} INFO - 	com.google.flogger#google-extensions;0.7.1 from central in [default]
[2026-07-27T03:07:44.566+0000] {subprocess.py:93} INFO - 	com.google.guava#failureaccess;1.0.2 from central in [default]
[2026-07-27T03:07:44.574+0000] {subprocess.py:93} INFO - 	com.google.guava#guava;33.1.0-jre from central in [default]
[2026-07-27T03:07:44.576+0000] {subprocess.py:93} INFO - 	com.google.guava#listenablefuture;9999.0-empty-to-avoid-conflict-with-guava from central in [default]
[2026-07-27T03:07:44.578+0000] {subprocess.py:93} INFO - 	com.google.http-client#google-http-client;1.44.1 from central in [default]
[2026-07-27T03:07:44.585+0000] {subprocess.py:93} INFO - 	com.google.http-client#google-http-client-apache-v2;1.44.1 from central in [default]
[2026-07-27T03:07:44.588+0000] {subprocess.py:93} INFO - 	com.google.http-client#google-http-client-appengine;1.44.1 from central in [default]
[2026-07-27T03:07:44.592+0000] {subprocess.py:93} INFO - 	com.google.http-client#google-http-client-gson;1.44.1 from central in [default]
[2026-07-27T03:07:44.596+0000] {subprocess.py:93} INFO - 	com.google.http-client#google-http-client-jackson2;1.42.3 from central in [default]
[2026-07-27T03:07:44.598+0000] {subprocess.py:93} INFO - 	com.google.j2objc#j2objc-annotations;3.0.0 from central in [default]
[2026-07-27T03:07:44.600+0000] {subprocess.py:93} INFO - 	com.google.oauth-client#google-oauth-client;1.34.1 from central in [default]
[2026-07-27T03:07:44.603+0000] {subprocess.py:93} INFO - 	com.google.protobuf#protobuf-java;3.25.3 from central in [default]
[2026-07-27T03:07:44.605+0000] {subprocess.py:93} INFO - 	com.google.protobuf#protobuf-java-util;3.25.3 from central in [default]
[2026-07-27T03:07:44.610+0000] {subprocess.py:93} INFO - 	com.google.re2j#re2j;1.7 from central in [default]
[2026-07-27T03:07:44.612+0000] {subprocess.py:93} INFO - 	com.lmax#disruptor;3.4.2 from central in [default]
[2026-07-27T03:07:44.614+0000] {subprocess.py:93} INFO - 	commons-codec#commons-codec;1.16.1 from central in [default]
[2026-07-27T03:07:44.617+0000] {subprocess.py:93} INFO - 	commons-logging#commons-logging;1.2 from central in [default]
[2026-07-27T03:07:44.621+0000] {subprocess.py:93} INFO - 	io.grpc#grpc-alts;1.62.2 from central in [default]
[2026-07-27T03:07:44.624+0000] {subprocess.py:93} INFO - 	io.grpc#grpc-api;1.62.2 from central in [default]
[2026-07-27T03:07:44.626+0000] {subprocess.py:93} INFO - 	io.grpc#grpc-auth;1.62.2 from central in [default]
[2026-07-27T03:07:44.629+0000] {subprocess.py:93} INFO - 	io.grpc#grpc-census;1.62.2 from central in [default]
[2026-07-27T03:07:44.633+0000] {subprocess.py:93} INFO - 	io.grpc#grpc-context;1.62.2 from central in [default]
[2026-07-27T03:07:44.641+0000] {subprocess.py:93} INFO - 	io.grpc#grpc-core;1.62.2 from central in [default]
[2026-07-27T03:07:44.643+0000] {subprocess.py:93} INFO - 	io.grpc#grpc-googleapis;1.62.2 from central in [default]
[2026-07-27T03:07:44.647+0000] {subprocess.py:93} INFO - 	io.grpc#grpc-grpclb;1.62.2 from central in [default]
[2026-07-27T03:07:44.674+0000] {subprocess.py:93} INFO - 	io.grpc#grpc-inprocess;1.62.2 from central in [default]
[2026-07-27T03:07:44.675+0000] {subprocess.py:93} INFO - 	io.grpc#grpc-netty-shaded;1.62.2 from central in [default]
[2026-07-27T03:07:44.679+0000] {subprocess.py:93} INFO - 	io.grpc#grpc-protobuf;1.62.2 from central in [default]
[2026-07-27T03:07:44.681+0000] {subprocess.py:93} INFO - 	io.grpc#grpc-protobuf-lite;1.62.2 from central in [default]
[2026-07-27T03:07:44.685+0000] {subprocess.py:93} INFO - 	io.grpc#grpc-rls;1.62.2 from central in [default]
[2026-07-27T03:07:44.690+0000] {subprocess.py:93} INFO - 	io.grpc#grpc-services;1.62.2 from central in [default]
[2026-07-27T03:07:44.697+0000] {subprocess.py:93} INFO - 	io.grpc#grpc-stub;1.62.2 from central in [default]
[2026-07-27T03:07:44.699+0000] {subprocess.py:93} INFO - 	io.grpc#grpc-util;1.62.2 from central in [default]
[2026-07-27T03:07:44.702+0000] {subprocess.py:93} INFO - 	io.grpc#grpc-xds;1.62.2 from central in [default]
[2026-07-27T03:07:44.705+0000] {subprocess.py:93} INFO - 	io.opencensus#opencensus-api;0.31.1 from central in [default]
[2026-07-27T03:07:44.708+0000] {subprocess.py:93} INFO - 	io.opencensus#opencensus-contrib-exemplar-util;0.31.0 from central in [default]
[2026-07-27T03:07:44.710+0000] {subprocess.py:93} INFO - 	io.opencensus#opencensus-contrib-grpc-metrics;0.31.0 from central in [default]
[2026-07-27T03:07:44.715+0000] {subprocess.py:93} INFO - 	io.opencensus#opencensus-contrib-http-util;0.31.1 from central in [default]
[2026-07-27T03:07:44.718+0000] {subprocess.py:93} INFO - 	io.opencensus#opencensus-contrib-resource-util;0.31.0 from central in [default]
[2026-07-27T03:07:44.721+0000] {subprocess.py:93} INFO - 	io.opencensus#opencensus-exporter-metrics-util;0.31.0 from central in [default]
[2026-07-27T03:07:44.723+0000] {subprocess.py:93} INFO - 	io.opencensus#opencensus-exporter-stats-stackdriver;0.31.0 from central in [default]
[2026-07-27T03:07:44.738+0000] {subprocess.py:93} INFO - 	io.opencensus#opencensus-impl;0.31.0 from central in [default]
[2026-07-27T03:07:44.742+0000] {subprocess.py:93} INFO - 	io.opencensus#opencensus-impl-core;0.31.0 from central in [default]
[2026-07-27T03:07:44.744+0000] {subprocess.py:93} INFO - 	io.opencensus#opencensus-proto;0.2.0 from central in [default]
[2026-07-27T03:07:44.748+0000] {subprocess.py:93} INFO - 	io.opentelemetry#opentelemetry-api;1.37.0 from central in [default]
[2026-07-27T03:07:44.750+0000] {subprocess.py:93} INFO - 	io.opentelemetry#opentelemetry-context;1.37.0 from central in [default]
[2026-07-27T03:07:44.752+0000] {subprocess.py:93} INFO - 	io.perfmark#perfmark-api;0.27.0 from central in [default]
[2026-07-27T03:07:44.754+0000] {subprocess.py:93} INFO - 	javax.annotation#javax.annotation-api;1.3.2 from central in [default]
[2026-07-27T03:07:44.757+0000] {subprocess.py:93} INFO - 	org.apache.httpcomponents#httpclient;4.5.13 from central in [default]
[2026-07-27T03:07:44.765+0000] {subprocess.py:93} INFO - 	org.apache.httpcomponents#httpcore;4.4.16 from central in [default]
[2026-07-27T03:07:44.769+0000] {subprocess.py:93} INFO - 	org.checkerframework#checker-compat-qual;2.5.3 from central in [default]
[2026-07-27T03:07:44.772+0000] {subprocess.py:93} INFO - 	org.checkerframework#checker-qual;3.42.0 from central in [default]
[2026-07-27T03:07:44.776+0000] {subprocess.py:93} INFO - 	org.codehaus.mojo#animal-sniffer-annotations;1.23 from central in [default]
[2026-07-27T03:07:44.782+0000] {subprocess.py:93} INFO - 	org.conscrypt#conscrypt-openjdk-uber;2.5.2 from central in [default]
[2026-07-27T03:07:44.787+0000] {subprocess.py:93} INFO - 	org.threeten#threetenbp;1.6.9 from central in [default]
[2026-07-27T03:07:44.792+0000] {subprocess.py:93} INFO - 	:: evicted modules:
[2026-07-27T03:07:44.799+0000] {subprocess.py:93} INFO - 	com.google.api-client#google-api-client;2.0.1 by [com.google.api-client#google-api-client;2.2.0] in [default]
[2026-07-27T03:07:44.808+0000] {subprocess.py:93} INFO - 	com.google.http-client#google-http-client;1.42.3 by [com.google.http-client#google-http-client;1.43.3] in [default]
[2026-07-27T03:07:44.810+0000] {subprocess.py:93} INFO - 	org.apache.httpcomponents#httpcore;4.4.15 by [org.apache.httpcomponents#httpcore;4.4.16] in [default]
[2026-07-27T03:07:44.818+0000] {subprocess.py:93} INFO - 	commons-codec#commons-codec;1.15 by [commons-codec#commons-codec;1.16.1] in [default]
[2026-07-27T03:07:44.829+0000] {subprocess.py:93} INFO - 	com.google.errorprone#error_prone_annotations;2.16 by [com.google.errorprone#error_prone_annotations;2.18.0] in [default]
[2026-07-27T03:07:44.847+0000] {subprocess.py:93} INFO - 	com.google.j2objc#j2objc-annotations;1.3 by [com.google.j2objc#j2objc-annotations;2.8] in [default]
[2026-07-27T03:07:44.851+0000] {subprocess.py:93} INFO - 	com.google.http-client#google-http-client-gson;1.42.3 by [com.google.http-client#google-http-client-gson;1.43.3] in [default]
[2026-07-27T03:07:44.869+0000] {subprocess.py:93} INFO - 	com.google.http-client#google-http-client-apache-v2;1.42.3 by [com.google.http-client#google-http-client-apache-v2;1.44.1] in [default]
[2026-07-27T03:07:44.872+0000] {subprocess.py:93} INFO - 	com.fasterxml.jackson.core#jackson-core;2.13.4 by [com.fasterxml.jackson.core#jackson-core;2.17.0] in [default]
[2026-07-27T03:07:44.888+0000] {subprocess.py:93} INFO - 	com.google.api-client#google-api-client;2.0.0 by [com.google.api-client#google-api-client;2.2.0] in [default]
[2026-07-27T03:07:44.890+0000] {subprocess.py:93} INFO - 	com.google.api-client#google-api-client;2.2.0 by [com.google.api-client#google-api-client;2.4.0] in [default]
[2026-07-27T03:07:44.917+0000] {subprocess.py:93} INFO - 	com.google.http-client#google-http-client;1.43.3 by [com.google.http-client#google-http-client;1.44.1] in [default]
[2026-07-27T03:07:44.941+0000] {subprocess.py:93} INFO - 	com.google.errorprone#error_prone_annotations;2.18.0 by [com.google.errorprone#error_prone_annotations;2.26.1] in [default]
[2026-07-27T03:07:44.942+0000] {subprocess.py:93} INFO - 	com.google.j2objc#j2objc-annotations;2.8 by [com.google.j2objc#j2objc-annotations;3.0.0] in [default]
[2026-07-27T03:07:44.948+0000] {subprocess.py:93} INFO - 	com.google.http-client#google-http-client-gson;1.43.3 by [com.google.http-client#google-http-client-gson;1.44.1] in [default]
[2026-07-27T03:07:44.958+0000] {subprocess.py:93} INFO - 	com.google.api.grpc#proto-google-common-protos;2.29.0 by [com.google.api.grpc#proto-google-common-protos;2.38.0] in [default]
[2026-07-27T03:07:44.961+0000] {subprocess.py:93} INFO - 	com.google.api#gax;2.12.2 by [com.google.api#gax;2.47.0] in [default]
[2026-07-27T03:07:44.981+0000] {subprocess.py:93} INFO - 	com.google.errorprone#error_prone_annotations;2.11.0 by [com.google.errorprone#error_prone_annotations;2.18.0] in [default]
[2026-07-27T03:07:44.984+0000] {subprocess.py:93} INFO - 	com.google.api.grpc#proto-google-common-protos;2.7.3 by [com.google.api.grpc#proto-google-common-protos;2.38.0] in [default]
[2026-07-27T03:07:45.007+0000] {subprocess.py:93} INFO - 	org.threeten#threetenbp;1.5.2 by [org.threeten#threetenbp;1.6.9] in [default]
[2026-07-27T03:07:45.015+0000] {subprocess.py:93} INFO - 	com.google.api#api-common;2.1.4 by [com.google.api#api-common;2.30.0] in [default]
[2026-07-27T03:07:45.017+0000] {subprocess.py:93} INFO - 	com.google.http-client#google-http-client;1.41.3 by [com.google.http-client#google-http-client;1.44.1] in [default]
[2026-07-27T03:07:45.019+0000] {subprocess.py:93} INFO - 	com.google.http-client#google-http-client-gson;1.41.3 by [com.google.http-client#google-http-client-gson;1.44.1] in [default]
[2026-07-27T03:07:45.022+0000] {subprocess.py:93} INFO - 	com.google.api#gax;2.42.0 by [com.google.api#gax;2.47.0] in [default]
[2026-07-27T03:07:45.024+0000] {subprocess.py:93} INFO - 	com.google.api#api-common;2.25.0 by [com.google.api#api-common;2.30.0] in [default]
[2026-07-27T03:07:45.036+0000] {subprocess.py:93} INFO - 	com.google.api.grpc#proto-google-common-protos;2.33.0 by [com.google.api.grpc#proto-google-common-protos;2.38.0] in [default]
[2026-07-27T03:07:45.051+0000] {subprocess.py:93} INFO - 	io.grpc#grpc-inprocess;1.61.0 by [io.grpc#grpc-inprocess;1.62.2] in [default]
[2026-07-27T03:07:45.061+0000] {subprocess.py:93} INFO - 	org.threeten#threetenbp;1.6.8 by [org.threeten#threetenbp;1.6.9] in [default]
[2026-07-27T03:07:45.064+0000] {subprocess.py:93} INFO - 	io.opencensus#opencensus-api;0.31.0 by [io.opencensus#opencensus-api;0.31.1] in [default]
[2026-07-27T03:07:45.066+0000] {subprocess.py:93} INFO - 	com.google.cloud#google-cloud-core-grpc;1.82.0 by [com.google.cloud#google-cloud-core-grpc;2.37.0] in [default]
[2026-07-27T03:07:45.068+0000] {subprocess.py:93} INFO - 	com.google.api#api-common;1.8.1 by [com.google.api#api-common;2.30.0] in [default]
[2026-07-27T03:07:45.071+0000] {subprocess.py:93} INFO - 	com.google.api.grpc#proto-google-common-protos;1.16.0 by [com.google.api.grpc#proto-google-common-protos;2.38.0] in [default]
[2026-07-27T03:07:45.073+0000] {subprocess.py:93} INFO - 	com.google.errorprone#error_prone_annotations;2.23.0 by [com.google.errorprone#error_prone_annotations;2.26.1] in [default]
[2026-07-27T03:07:45.077+0000] {subprocess.py:93} INFO - 	io.perfmark#perfmark-api;0.26.0 by [io.perfmark#perfmark-api;0.27.0] in [default]
[2026-07-27T03:07:45.080+0000] {subprocess.py:93} INFO - 	io.grpc#grpc-googleapis;1.61.0 by [io.grpc#grpc-googleapis;1.62.2] in [default]
[2026-07-27T03:07:45.087+0000] {subprocess.py:93} INFO - 	---------------------------------------------------------------------
[2026-07-27T03:07:45.091+0000] {subprocess.py:93} INFO - 	|                  |            modules            ||   artifacts   |
[2026-07-27T03:07:45.100+0000] {subprocess.py:93} INFO - 	|       conf       | number| search|dwnlded|evicted|| number|dwnlded|
[2026-07-27T03:07:45.107+0000] {subprocess.py:93} INFO - 	---------------------------------------------------------------------
[2026-07-27T03:07:45.110+0000] {subprocess.py:93} INFO - 	|      default     |  126  |   0   |   0   |   35  ||   91  |   0   |
[2026-07-27T03:07:45.115+0000] {subprocess.py:93} INFO - 	---------------------------------------------------------------------
[2026-07-27T03:07:45.117+0000] {subprocess.py:93} INFO - :: retrieving :: org.apache.spark#spark-submit-parent-e26dee6f-513a-47e0-999c-a8e034e23643
[2026-07-27T03:07:45.121+0000] {subprocess.py:93} INFO - 	confs: [default]
[2026-07-27T03:07:45.124+0000] {subprocess.py:93} INFO - 	0 artifacts copied, 91 already retrieved (0kB/100ms)
[2026-07-27T03:07:45.294+0000] {subprocess.py:93} INFO - 26/07/27 03:07:45 WARN NativeCodeLoader: Unable to load native-hadoop library for your platform... using builtin-java classes where applicable
[2026-07-27T03:07:46.702+0000] {subprocess.py:93} INFO - Setting default log level to "WARN".
[2026-07-27T03:07:46.708+0000] {subprocess.py:93} INFO - To adjust logging level use sc.setLogLevel(newLevel). For SparkR, use setLogLevel(newLevel).
[2026-07-27T03:17:12.816+0000] {subprocess.py:93} INFO - 26/07/27 03:17:12 WARN FileStreamSink: Assume no metadata directory. Error while looking for metadata directory in the path: gs://london_bike_data_bronze/silver/bike/.
[2026-07-27T03:17:12.886+0000] {subprocess.py:93} INFO - java.io.IOException: Error accessing gs://london_bike_data_bronze/silver/bike
[2026-07-27T03:17:12.890+0000] {subprocess.py:93} INFO - 	at com.google.cloud.hadoop.repackaged.gcs.com.google.cloud.hadoop.gcsio.GoogleCloudStorageImpl.getObject(GoogleCloudStorageImpl.java:2231)
[2026-07-27T03:17:12.893+0000] {subprocess.py:93} INFO - 	at com.google.cloud.hadoop.repackaged.gcs.com.google.cloud.hadoop.gcsio.GoogleCloudStorageImpl.getItemInfo(GoogleCloudStorageImpl.java:2121)
[2026-07-27T03:17:12.896+0000] {subprocess.py:93} INFO - 	at com.google.cloud.hadoop.repackaged.gcs.com.google.cloud.hadoop.gcsio.GoogleCloudStorageFileSystem.getFileInfoInternal(GoogleCloudStorageFileSystem.java:1141)
[2026-07-27T03:17:12.898+0000] {subprocess.py:93} INFO - 	at com.google.cloud.hadoop.repackaged.gcs.com.google.cloud.hadoop.gcsio.GoogleCloudStorageFileSystem.getFileInfo(GoogleCloudStorageFileSystem.java:1115)
[2026-07-27T03:17:12.901+0000] {subprocess.py:93} INFO - 	at com.google.cloud.hadoop.fs.gcs.GoogleHadoopFileSystemBase.lambda$getFileStatus$9(GoogleHadoopFileSystemBase.java:1073)
[2026-07-27T03:17:12.902+0000] {subprocess.py:93} INFO - 	at com.google.cloud.hadoop.fs.gcs.GhfsStorageStatistics.trackDuration(GhfsStorageStatistics.java:102)
[2026-07-27T03:17:12.905+0000] {subprocess.py:93} INFO - 	at com.google.cloud.hadoop.fs.gcs.GoogleHadoopFileSystemBase.getFileStatus(GoogleHadoopFileSystemBase.java:1062)
[2026-07-27T03:17:12.907+0000] {subprocess.py:93} INFO - 	at org.apache.hadoop.fs.FileSystem.isDirectory(FileSystem.java:1777)
[2026-07-27T03:17:12.909+0000] {subprocess.py:93} INFO - 	at org.apache.spark.sql.execution.streaming.FileStreamSink$.hasMetadata(FileStreamSink.scala:54)
[2026-07-27T03:17:12.912+0000] {subprocess.py:93} INFO - 	at org.apache.spark.sql.execution.datasources.DataSource.resolveRelation(DataSource.scala:366)
[2026-07-27T03:17:12.913+0000] {subprocess.py:93} INFO - 	at org.apache.spark.sql.DataFrameReader.loadV1Source(DataFrameReader.scala:229)
[2026-07-27T03:17:12.915+0000] {subprocess.py:93} INFO - 	at org.apache.spark.sql.DataFrameReader.$anonfun$load$2(DataFrameReader.scala:211)
[2026-07-27T03:17:12.917+0000] {subprocess.py:93} INFO - 	at scala.Option.getOrElse(Option.scala:189)
[2026-07-27T03:17:12.919+0000] {subprocess.py:93} INFO - 	at org.apache.spark.sql.DataFrameReader.load(DataFrameReader.scala:211)
[2026-07-27T03:17:12.923+0000] {subprocess.py:93} INFO - 	at org.apache.spark.sql.DataFrameReader.parquet(DataFrameReader.scala:563)
[2026-07-27T03:17:12.924+0000] {subprocess.py:93} INFO - 	at java.base/jdk.internal.reflect.NativeMethodAccessorImpl.invoke0(Native Method)
[2026-07-27T03:17:12.927+0000] {subprocess.py:93} INFO - 	at java.base/jdk.internal.reflect.NativeMethodAccessorImpl.invoke(NativeMethodAccessorImpl.java:77)
[2026-07-27T03:17:12.929+0000] {subprocess.py:93} INFO - 	at java.base/jdk.internal.reflect.DelegatingMethodAccessorImpl.invoke(DelegatingMethodAccessorImpl.java:43)
[2026-07-27T03:17:12.932+0000] {subprocess.py:93} INFO - 	at java.base/java.lang.reflect.Method.invoke(Method.java:569)
[2026-07-27T03:17:12.934+0000] {subprocess.py:93} INFO - 	at py4j.reflection.MethodInvoker.invoke(MethodInvoker.java:244)
[2026-07-27T03:17:12.936+0000] {subprocess.py:93} INFO - 	at py4j.reflection.ReflectionEngine.invoke(ReflectionEngine.java:374)
[2026-07-27T03:17:12.938+0000] {subprocess.py:93} INFO - 	at py4j.Gateway.invoke(Gateway.java:282)
[2026-07-27T03:17:12.940+0000] {subprocess.py:93} INFO - 	at py4j.commands.AbstractCommand.invokeMethod(AbstractCommand.java:132)
[2026-07-27T03:17:12.943+0000] {subprocess.py:93} INFO - 	at py4j.commands.CallCommand.execute(CallCommand.java:79)
[2026-07-27T03:17:12.945+0000] {subprocess.py:93} INFO - 	at py4j.ClientServerConnection.waitForCommands(ClientServerConnection.java:182)
[2026-07-27T03:17:12.947+0000] {subprocess.py:93} INFO - 	at py4j.ClientServerConnection.run(ClientServerConnection.java:106)
[2026-07-27T03:17:12.949+0000] {subprocess.py:93} INFO - 	at java.base/java.lang.Thread.run(Thread.java:840)
[2026-07-27T03:17:12.953+0000] {subprocess.py:93} INFO - Caused by: java.net.SocketTimeoutException: Read timed out
[2026-07-27T03:17:12.955+0000] {subprocess.py:93} INFO - 	at java.base/sun.nio.ch.NioSocketImpl.timedRead(NioSocketImpl.java:288)
[2026-07-27T03:17:12.958+0000] {subprocess.py:93} INFO - 	at java.base/sun.nio.ch.NioSocketImpl.implRead(NioSocketImpl.java:314)
[2026-07-27T03:17:12.959+0000] {subprocess.py:93} INFO - 	at java.base/sun.nio.ch.NioSocketImpl.read(NioSocketImpl.java:355)
[2026-07-27T03:17:12.961+0000] {subprocess.py:93} INFO - 	at java.base/sun.nio.ch.NioSocketImpl$1.read(NioSocketImpl.java:808)
[2026-07-27T03:17:12.963+0000] {subprocess.py:93} INFO - 	at java.base/java.net.Socket$SocketInputStream.read(Socket.java:966)
[2026-07-27T03:17:12.965+0000] {subprocess.py:93} INFO - 	at java.base/sun.security.ssl.SSLSocketInputRecord.read(SSLSocketInputRecord.java:484)
[2026-07-27T03:17:12.968+0000] {subprocess.py:93} INFO - 	at java.base/sun.security.ssl.SSLSocketInputRecord.readHeader(SSLSocketInputRecord.java:478)
[2026-07-27T03:17:12.970+0000] {subprocess.py:93} INFO - 	at java.base/sun.security.ssl.SSLSocketInputRecord.decode(SSLSocketInputRecord.java:160)
[2026-07-27T03:17:12.973+0000] {subprocess.py:93} INFO - 	at java.base/sun.security.ssl.SSLTransport.decode(SSLTransport.java:111)
[2026-07-27T03:17:12.975+0000] {subprocess.py:93} INFO - 	at java.base/sun.security.ssl.SSLSocketImpl.decode(SSLSocketImpl.java:1509)
[2026-07-27T03:17:12.977+0000] {subprocess.py:93} INFO - 	at java.base/sun.security.ssl.SSLSocketImpl.readHandshakeRecord(SSLSocketImpl.java:1424)
[2026-07-27T03:17:12.979+0000] {subprocess.py:93} INFO - 	at java.base/sun.security.ssl.SSLSocketImpl.startHandshake(SSLSocketImpl.java:455)
[2026-07-27T03:17:12.981+0000] {subprocess.py:93} INFO - 	at java.base/sun.security.ssl.SSLSocketImpl.startHandshake(SSLSocketImpl.java:426)
[2026-07-27T03:17:12.985+0000] {subprocess.py:93} INFO - 	at java.base/sun.net.www.protocol.https.HttpsClient.afterConnect(HttpsClient.java:589)
[2026-07-27T03:17:12.987+0000] {subprocess.py:93} INFO - 	at java.base/sun.net.www.protocol.https.AbstractDelegateHttpsURLConnection.connect(AbstractDelegateHttpsURLConnection.java:187)
[2026-07-27T03:17:12.990+0000] {subprocess.py:93} INFO - 	at java.base/sun.net.www.protocol.http.HttpURLConnection.getOutputStream0(HttpURLConnection.java:1479)
[2026-07-27T03:17:12.992+0000] {subprocess.py:93} INFO - 	at java.base/sun.net.www.protocol.http.HttpURLConnection.getOutputStream(HttpURLConnection.java:1442)
[2026-07-27T03:17:12.994+0000] {subprocess.py:93} INFO - 	at java.base/sun.net.www.protocol.https.HttpsURLConnectionImpl.getOutputStream(HttpsURLConnectionImpl.java:220)
[2026-07-27T03:17:12.996+0000] {subprocess.py:93} INFO - 	at com.google.cloud.hadoop.repackaged.gcs.com.google.api.client.http.javanet.NetHttpRequest.execute(NetHttpRequest.java:113)
[2026-07-27T03:17:12.998+0000] {subprocess.py:93} INFO - 	at com.google.cloud.hadoop.repackaged.gcs.com.google.api.client.http.javanet.NetHttpRequest.execute(NetHttpRequest.java:84)
[2026-07-27T03:17:13.001+0000] {subprocess.py:93} INFO - 	at com.google.cloud.hadoop.repackaged.gcs.com.google.api.client.http.HttpRequest.execute(HttpRequest.java:1012)
[2026-07-27T03:17:13.005+0000] {subprocess.py:93} INFO - 	at com.google.cloud.hadoop.repackaged.gcs.com.google.api.client.auth.oauth2.TokenRequest.executeUnparsed(TokenRequest.java:304)
[2026-07-27T03:17:13.007+0000] {subprocess.py:93} INFO - 	at com.google.cloud.hadoop.repackaged.gcs.com.google.api.client.auth.oauth2.TokenRequest.execute(TokenRequest.java:324)
[2026-07-27T03:17:13.011+0000] {subprocess.py:93} INFO - 	at com.google.cloud.hadoop.repackaged.gcs.com.google.cloud.hadoop.util.CredentialFactory$GoogleCredentialWithRetry.executeRefreshToken(CredentialFactory.java:174)
[2026-07-27T03:17:13.013+0000] {subprocess.py:93} INFO - 	at com.google.cloud.hadoop.repackaged.gcs.com.google.api.client.auth.oauth2.Credential.refreshToken(Credential.java:470)
[2026-07-27T03:17:13.015+0000] {subprocess.py:93} INFO - 	at com.google.cloud.hadoop.repackaged.gcs.com.google.api.client.auth.oauth2.Credential.intercept(Credential.java:201)
[2026-07-27T03:17:13.018+0000] {subprocess.py:93} INFO - 	at com.google.cloud.hadoop.repackaged.gcs.com.google.cloud.hadoop.util.interceptors.InvocationIdInterceptor.intercept(InvocationIdInterceptor.java:49)
[2026-07-27T03:17:13.020+0000] {subprocess.py:93} INFO - 	at com.google.cloud.hadoop.repackaged.gcs.com.google.api.client.http.HttpRequest.execute(HttpRequest.java:880)
[2026-07-27T03:17:13.022+0000] {subprocess.py:93} INFO - 	at com.google.cloud.hadoop.repackaged.gcs.com.google.api.client.googleapis.services.AbstractGoogleClientRequest.executeUnparsed(AbstractGoogleClientRequest.java:525)
[2026-07-27T03:17:13.024+0000] {subprocess.py:93} INFO - 	at com.google.cloud.hadoop.repackaged.gcs.com.google.api.client.googleapis.services.AbstractGoogleClientRequest.executeUnparsed(AbstractGoogleClientRequest.java:466)
[2026-07-27T03:17:13.026+0000] {subprocess.py:93} INFO - 	at com.google.cloud.hadoop.repackaged.gcs.com.google.api.client.googleapis.services.AbstractGoogleClientRequest.execute(AbstractGoogleClientRequest.java:576)
[2026-07-27T03:17:13.028+0000] {subprocess.py:93} INFO - 	at com.google.cloud.hadoop.repackaged.gcs.com.google.cloud.hadoop.gcsio.GoogleCloudStorageImpl.getObject(GoogleCloudStorageImpl.java:2224)
[2026-07-27T03:17:13.031+0000] {subprocess.py:93} INFO - 	... 26 more
[2026-07-27T03:21:45.982+0000] {subprocess.py:93} INFO - Building Gold Layer: Aggregating & Joining Data...
[2026-07-27T03:21:46.005+0000] {subprocess.py:93} INFO - Error in Gold layer processing: An error occurred while calling o40.parquet.
[2026-07-27T03:21:46.009+0000] {subprocess.py:93} INFO - : java.io.IOException: Error accessing gs://london_bike_data_bronze/silver/bike
[2026-07-27T03:21:46.014+0000] {subprocess.py:93} INFO - 	at com.google.cloud.hadoop.repackaged.gcs.com.google.cloud.hadoop.gcsio.GoogleCloudStorageImpl.getObject(GoogleCloudStorageImpl.java:2231)
[2026-07-27T03:21:46.016+0000] {subprocess.py:93} INFO - 	at com.google.cloud.hadoop.repackaged.gcs.com.google.cloud.hadoop.gcsio.GoogleCloudStorageImpl.getItemInfo(GoogleCloudStorageImpl.java:2121)
[2026-07-27T03:21:46.019+0000] {subprocess.py:93} INFO - 	at com.google.cloud.hadoop.repackaged.gcs.com.google.cloud.hadoop.gcsio.GoogleCloudStorageFileSystem.getFileInfoInternal(GoogleCloudStorageFileSystem.java:1141)
[2026-07-27T03:21:46.021+0000] {subprocess.py:93} INFO - 	at com.google.cloud.hadoop.repackaged.gcs.com.google.cloud.hadoop.gcsio.GoogleCloudStorageFileSystem.getFileInfo(GoogleCloudStorageFileSystem.java:1115)
[2026-07-27T03:21:46.023+0000] {subprocess.py:93} INFO - 	at com.google.cloud.hadoop.fs.gcs.GoogleHadoopFileSystemBase.lambda$getFileStatus$9(GoogleHadoopFileSystemBase.java:1073)
[2026-07-27T03:21:46.026+0000] {subprocess.py:93} INFO - 	at com.google.cloud.hadoop.fs.gcs.GhfsStorageStatistics.trackDuration(GhfsStorageStatistics.java:102)
[2026-07-27T03:21:46.029+0000] {subprocess.py:93} INFO - 	at com.google.cloud.hadoop.fs.gcs.GoogleHadoopFileSystemBase.getFileStatus(GoogleHadoopFileSystemBase.java:1062)
[2026-07-27T03:21:46.031+0000] {subprocess.py:93} INFO - 	at org.apache.hadoop.fs.FileSystem.exists(FileSystem.java:1760)
[2026-07-27T03:21:46.033+0000] {subprocess.py:93} INFO - 	at org.apache.spark.sql.execution.datasources.DataSource$.$anonfun$checkAndGlobPathIfNecessary$4(DataSource.scala:756)
[2026-07-27T03:21:46.035+0000] {subprocess.py:93} INFO - 	at org.apache.spark.sql.execution.datasources.DataSource$.$anonfun$checkAndGlobPathIfNecessary$4$adapted(DataSource.scala:754)
[2026-07-27T03:21:46.037+0000] {subprocess.py:93} INFO - 	at org.apache.spark.util.ThreadUtils$.$anonfun$parmap$2(ThreadUtils.scala:384)
[2026-07-27T03:21:46.039+0000] {subprocess.py:93} INFO - 	at scala.concurrent.Future$.$anonfun$apply$1(Future.scala:659)
[2026-07-27T03:21:46.041+0000] {subprocess.py:93} INFO - 	at scala.util.Success.$anonfun$map$1(Try.scala:255)
[2026-07-27T03:21:46.043+0000] {subprocess.py:93} INFO - 	at scala.util.Success.map(Try.scala:213)
[2026-07-27T03:21:46.046+0000] {subprocess.py:93} INFO - 	at scala.concurrent.Future.$anonfun$map$1(Future.scala:292)
[2026-07-27T03:21:46.048+0000] {subprocess.py:93} INFO - 	at scala.concurrent.impl.Promise.liftedTree1$1(Promise.scala:33)
[2026-07-27T03:21:46.051+0000] {subprocess.py:93} INFO - 	at scala.concurrent.impl.Promise.$anonfun$transform$1(Promise.scala:33)
[2026-07-27T03:21:46.052+0000] {subprocess.py:93} INFO - 	at scala.concurrent.impl.CallbackRunnable.run(Promise.scala:64)
[2026-07-27T03:21:46.055+0000] {subprocess.py:93} INFO - 	at java.base/java.util.concurrent.ForkJoinTask$RunnableExecuteAction.exec(ForkJoinTask.java:1395)
[2026-07-27T03:21:46.058+0000] {subprocess.py:93} INFO - 	at java.base/java.util.concurrent.ForkJoinTask.doExec(ForkJoinTask.java:373)
[2026-07-27T03:21:46.060+0000] {subprocess.py:93} INFO - 	at java.base/java.util.concurrent.ForkJoinPool$WorkQueue.topLevelExec(ForkJoinPool.java:1182)
[2026-07-27T03:21:46.062+0000] {subprocess.py:93} INFO - 	at java.base/java.util.concurrent.ForkJoinPool.scan(ForkJoinPool.java:1655)
[2026-07-27T03:21:46.065+0000] {subprocess.py:93} INFO - 	at java.base/java.util.concurrent.ForkJoinPool.runWorker(ForkJoinPool.java:1622)
[2026-07-27T03:21:46.067+0000] {subprocess.py:93} INFO - 	at java.base/java.util.concurrent.ForkJoinWorkerThread.run(ForkJoinWorkerThread.java:165)
[2026-07-27T03:21:46.070+0000] {subprocess.py:93} INFO - Caused by: java.net.SocketTimeoutException: Read timed out
[2026-07-27T03:21:46.072+0000] {subprocess.py:93} INFO - 	at java.base/sun.nio.ch.NioSocketImpl.timedRead(NioSocketImpl.java:288)
[2026-07-27T03:21:46.075+0000] {subprocess.py:93} INFO - 	at java.base/sun.nio.ch.NioSocketImpl.implRead(NioSocketImpl.java:314)
[2026-07-27T03:21:46.077+0000] {subprocess.py:93} INFO - 	at java.base/sun.nio.ch.NioSocketImpl.read(NioSocketImpl.java:355)
[2026-07-27T03:21:46.080+0000] {subprocess.py:93} INFO - 	at java.base/sun.nio.ch.NioSocketImpl$1.read(NioSocketImpl.java:808)
[2026-07-27T03:21:46.082+0000] {subprocess.py:93} INFO - 	at java.base/java.net.Socket$SocketInputStream.read(Socket.java:966)
[2026-07-27T03:21:46.084+0000] {subprocess.py:93} INFO - 	at java.base/sun.security.ssl.SSLSocketInputRecord.read(SSLSocketInputRecord.java:484)
[2026-07-27T03:21:46.086+0000] {subprocess.py:93} INFO - 	at java.base/sun.security.ssl.SSLSocketInputRecord.readHeader(SSLSocketInputRecord.java:478)
[2026-07-27T03:21:46.089+0000] {subprocess.py:93} INFO - 	at java.base/sun.security.ssl.SSLSocketInputRecord.decode(SSLSocketInputRecord.java:160)
[2026-07-27T03:21:46.091+0000] {subprocess.py:93} INFO - 	at java.base/sun.security.ssl.SSLTransport.decode(SSLTransport.java:111)
[2026-07-27T03:21:46.094+0000] {subprocess.py:93} INFO - 	at java.base/sun.security.ssl.SSLSocketImpl.decode(SSLSocketImpl.java:1509)
[2026-07-27T03:21:46.096+0000] {subprocess.py:93} INFO - 	at java.base/sun.security.ssl.SSLSocketImpl.readHandshakeRecord(SSLSocketImpl.java:1424)
[2026-07-27T03:21:46.099+0000] {subprocess.py:93} INFO - 	at java.base/sun.security.ssl.SSLSocketImpl.startHandshake(SSLSocketImpl.java:455)
[2026-07-27T03:21:46.102+0000] {subprocess.py:93} INFO - 	at java.base/sun.security.ssl.SSLSocketImpl.startHandshake(SSLSocketImpl.java:426)
[2026-07-27T03:21:46.106+0000] {subprocess.py:93} INFO - 	at java.base/sun.net.www.protocol.https.HttpsClient.afterConnect(HttpsClient.java:589)
[2026-07-27T03:21:46.108+0000] {subprocess.py:93} INFO - 	at java.base/sun.net.www.protocol.https.AbstractDelegateHttpsURLConnection.connect(AbstractDelegateHttpsURLConnection.java:187)
[2026-07-27T03:21:46.110+0000] {subprocess.py:93} INFO - 	at java.base/sun.net.www.protocol.http.HttpURLConnection.getOutputStream0(HttpURLConnection.java:1479)
[2026-07-27T03:21:46.112+0000] {subprocess.py:93} INFO - 	at java.base/sun.net.www.protocol.http.HttpURLConnection.getOutputStream(HttpURLConnection.java:1442)
[2026-07-27T03:21:46.115+0000] {subprocess.py:93} INFO - 	at java.base/sun.net.www.protocol.https.HttpsURLConnectionImpl.getOutputStream(HttpsURLConnectionImpl.java:220)
[2026-07-27T03:21:46.118+0000] {subprocess.py:93} INFO - 	at com.google.cloud.hadoop.repackaged.gcs.com.google.api.client.http.javanet.NetHttpRequest.execute(NetHttpRequest.java:113)
[2026-07-27T03:21:46.120+0000] {subprocess.py:93} INFO - 	at com.google.cloud.hadoop.repackaged.gcs.com.google.api.client.http.javanet.NetHttpRequest.execute(NetHttpRequest.java:84)
[2026-07-27T03:21:46.125+0000] {subprocess.py:93} INFO - 	at com.google.cloud.hadoop.repackaged.gcs.com.google.api.client.http.HttpRequest.execute(HttpRequest.java:1012)
[2026-07-27T03:21:46.128+0000] {subprocess.py:93} INFO - 	at com.google.cloud.hadoop.repackaged.gcs.com.google.api.client.auth.oauth2.TokenRequest.executeUnparsed(TokenRequest.java:304)
[2026-07-27T03:21:46.130+0000] {subprocess.py:93} INFO - 	at com.google.cloud.hadoop.repackaged.gcs.com.google.api.client.auth.oauth2.TokenRequest.execute(TokenRequest.java:324)
[2026-07-27T03:21:46.132+0000] {subprocess.py:93} INFO - 	at com.google.cloud.hadoop.repackaged.gcs.com.google.cloud.hadoop.util.CredentialFactory$GoogleCredentialWithRetry.executeRefreshToken(CredentialFactory.java:174)
[2026-07-27T03:21:46.134+0000] {subprocess.py:93} INFO - 	at com.google.cloud.hadoop.repackaged.gcs.com.google.api.client.auth.oauth2.Credential.refreshToken(Credential.java:470)
[2026-07-27T03:21:46.138+0000] {subprocess.py:93} INFO - 	at com.google.cloud.hadoop.repackaged.gcs.com.google.api.client.auth.oauth2.Credential.intercept(Credential.java:201)
[2026-07-27T03:21:46.142+0000] {subprocess.py:93} INFO - 	at com.google.cloud.hadoop.repackaged.gcs.com.google.cloud.hadoop.util.interceptors.InvocationIdInterceptor.intercept(InvocationIdInterceptor.java:49)
[2026-07-27T03:21:46.144+0000] {subprocess.py:93} INFO - 	at com.google.cloud.hadoop.repackaged.gcs.com.google.api.client.http.HttpRequest.execute(HttpRequest.java:880)
[2026-07-27T03:21:46.149+0000] {subprocess.py:93} INFO - 	at com.google.cloud.hadoop.repackaged.gcs.com.google.api.client.googleapis.services.AbstractGoogleClientRequest.executeUnparsed(AbstractGoogleClientRequest.java:525)
[2026-07-27T03:21:46.153+0000] {subprocess.py:93} INFO - 	at com.google.cloud.hadoop.repackaged.gcs.com.google.api.client.googleapis.services.AbstractGoogleClientRequest.executeUnparsed(AbstractGoogleClientRequest.java:466)
[2026-07-27T03:21:46.157+0000] {subprocess.py:93} INFO - 	at com.google.cloud.hadoop.repackaged.gcs.com.google.api.client.googleapis.services.AbstractGoogleClientRequest.execute(AbstractGoogleClientRequest.java:576)
[2026-07-27T03:21:46.159+0000] {subprocess.py:93} INFO - 	at com.google.cloud.hadoop.repackaged.gcs.com.google.cloud.hadoop.gcsio.GoogleCloudStorageImpl.getObject(GoogleCloudStorageImpl.java:2224)
[2026-07-27T03:21:46.162+0000] {subprocess.py:93} INFO - 	... 23 more
[2026-07-27T03:21:46.165+0000] {subprocess.py:93} INFO - 
[2026-07-27T03:21:47.953+0000] {subprocess.py:97} INFO - Command exited with return code 0
[2026-07-27T03:21:47.999+0000] {taskinstance.py:441} INFO - ::group::Post task execution logs
[2026-07-27T03:21:48.543+0000] {taskinstance.py:1206} INFO - Marking task as SUCCESS. dag_id=process_gold_layer, task_id=run_gold_spark_job, run_id=manual__2026-07-27T03:07:29.899321+00:00, execution_date=20260727T030729, start_date=20260727T030731, end_date=20260727T032148
[2026-07-27T03:21:48.815+0000] {local_task_job_runner.py:240} INFO - Task exited with return code 0
[2026-07-27T03:21:48.955+0000] {taskinstance.py:3503} INFO - 0 downstream tasks scheduled from follow-on schedule check
[2026-07-27T03:21:48.960+0000] {local_task_job_runner.py:222} INFO - ::endgroup::
