[2026-07-27T00:22:58.814+0000] {local_task_job_runner.py:120} INFO - ::group::Pre task execution logs
[2026-07-27T00:22:58.895+0000] {taskinstance.py:2076} INFO - Dependencies all met for dep_context=non-requeueable deps ti=<TaskInstance: process_silver_layer.run_silver_spark_job manual__2026-07-27T00:22:29.474246+00:00 [queued]>
[2026-07-27T00:22:58.931+0000] {taskinstance.py:2076} INFO - Dependencies all met for dep_context=requeueable deps ti=<TaskInstance: process_silver_layer.run_silver_spark_job manual__2026-07-27T00:22:29.474246+00:00 [queued]>
[2026-07-27T00:22:58.934+0000] {taskinstance.py:2306} INFO - Starting attempt 1 of 1
[2026-07-27T00:22:58.979+0000] {taskinstance.py:2330} INFO - Executing <Task(BashOperator): run_silver_spark_job> on 2026-07-27 00:22:29.474246+00:00
[2026-07-27T00:22:59.004+0000] {standard_task_runner.py:90} INFO - Running: ['***', 'tasks', 'run', 'process_silver_layer', 'run_silver_spark_job', 'manual__2026-07-27T00:22:29.474246+00:00', '--job-id', '91', '--raw', '--subdir', 'DAGS_FOLDER/silver_processing_dag.py', '--cfg-path', '/tmp/tmppn0h996l']
[2026-07-27T00:22:59.015+0000] {logging_mixin.py:188} WARNING - /home/***/.local/lib/python3.12/site-packages/***/task/task_runner/standard_task_runner.py:61 DeprecationWarning: This process (pid=321) is multi-threaded, use of fork() may lead to deadlocks in the child.
[2026-07-27T00:22:59.018+0000] {standard_task_runner.py:91} INFO - Job 91: Subtask run_silver_spark_job
[2026-07-27T00:22:59.022+0000] {standard_task_runner.py:63} INFO - Started process 322 to run task
[2026-07-27T00:22:59.135+0000] {task_command.py:426} INFO - Running <TaskInstance: process_silver_layer.run_silver_spark_job manual__2026-07-27T00:22:29.474246+00:00 [running]> on host 48a53578f0da
[2026-07-27T00:22:59.298+0000] {taskinstance.py:2648} INFO - Exporting env vars: AIRFLOW_CTX_DAG_OWNER='data_engineer' AIRFLOW_CTX_DAG_ID='process_silver_layer' AIRFLOW_CTX_TASK_ID='run_silver_spark_job' AIRFLOW_CTX_EXECUTION_DATE='2026-07-27T00:22:29.474246+00:00' AIRFLOW_CTX_TRY_NUMBER='1' AIRFLOW_CTX_DAG_RUN_ID='manual__2026-07-27T00:22:29.474246+00:00'
[2026-07-27T00:22:59.301+0000] {taskinstance.py:430} INFO - ::endgroup::
[2026-07-27T00:22:59.328+0000] {subprocess.py:63} INFO - Tmp dir root location: /tmp
[2026-07-27T00:22:59.331+0000] {subprocess.py:75} INFO - Running command: ['/usr/bin/bash', '-c', 'export GOOGLE_APPLICATION_CREDENTIALS=/tmp/gcp_key.json && python /opt/***/jobs/silver_layer_spark_job.py london_bike_data_bronze']
[2026-07-27T00:22:59.355+0000] {subprocess.py:86} INFO - Output:
[2026-07-27T00:23:01.237+0000] {subprocess.py:93} INFO - /home/***/.local/lib/python3.12/site-packages/pyspark/bin/load-spark-env.sh: line 68: ps: command not found
[2026-07-27T00:23:07.532+0000] {subprocess.py:93} INFO - Setting default log level to "WARN".
[2026-07-27T00:23:07.551+0000] {subprocess.py:93} INFO - To adjust logging level use sc.setLogLevel(newLevel). For SparkR, use setLogLevel(newLevel).
[2026-07-27T00:23:08.470+0000] {subprocess.py:93} INFO - 26/07/27 00:23:08 WARN NativeCodeLoader: Unable to load native-hadoop library for your platform... using builtin-java classes where applicable
[2026-07-27T00:27:25.846+0000] {subprocess.py:93} INFO - [Stage 2:>                                                          (0 + 4) / 5]                                                                                [Stage 3:>                                                          (0 + 4) / 5]                                                                                Processing Weather Data...
[2026-07-27T00:27:26.120+0000] {subprocess.py:93} INFO - Weather data processed and saved to gs://london_bike_data_bronze/silver/weather/
[2026-07-27T00:27:26.133+0000] {subprocess.py:93} INFO - Processing Bike Data...
[2026-07-27T00:27:26.149+0000] {subprocess.py:93} INFO - Bike data processed and saved to gs://london_bike_data_bronze/silver/bike/
[2026-07-27T00:27:30.914+0000] {subprocess.py:97} INFO - Command exited with return code 0
[2026-07-27T00:27:30.989+0000] {taskinstance.py:441} INFO - ::group::Post task execution logs
[2026-07-27T00:27:32.406+0000] {taskinstance.py:1206} INFO - Marking task as SUCCESS. dag_id=process_silver_layer, task_id=run_silver_spark_job, run_id=manual__2026-07-27T00:22:29.474246+00:00, execution_date=20260727T002229, start_date=20260727T002258, end_date=20260727T002732
[2026-07-27T00:27:33.126+0000] {local_task_job_runner.py:240} INFO - Task exited with return code 0
[2026-07-27T00:27:35.386+0000] {taskinstance.py:3503} INFO - 1 downstream tasks scheduled from follow-on schedule check
[2026-07-27T00:27:35.400+0000] {local_task_job_runner.py:222} INFO - ::endgroup::
