[2026-07-27T10:01:02.299+0000] {local_task_job_runner.py:120} INFO - ::group::Pre task execution logs
[2026-07-27T10:01:02.431+0000] {taskinstance.py:2076} INFO - Dependencies all met for dep_context=non-requeueable deps ti=<TaskInstance: process_silver_layer.run_silver_spark_job manual__2026-07-27T10:00:31.665528+00:00 [queued]>
[2026-07-27T10:01:02.466+0000] {taskinstance.py:2076} INFO - Dependencies all met for dep_context=requeueable deps ti=<TaskInstance: process_silver_layer.run_silver_spark_job manual__2026-07-27T10:00:31.665528+00:00 [queued]>
[2026-07-27T10:01:02.733+0000] {taskinstance.py:2306} INFO - Starting attempt 1 of 1
[2026-07-27T10:01:03.592+0000] {taskinstance.py:2330} INFO - Executing <Task(BashOperator): run_silver_spark_job> on 2026-07-27 10:00:31.665528+00:00
[2026-07-27T10:01:03.615+0000] {standard_task_runner.py:90} INFO - Running: ['***', 'tasks', 'run', 'process_silver_layer', 'run_silver_spark_job', 'manual__2026-07-27T10:00:31.665528+00:00', '--job-id', '145', '--raw', '--subdir', 'DAGS_FOLDER/silver_processing_dag.py', '--cfg-path', '/tmp/tmps7wv21_0']
[2026-07-27T10:01:03.627+0000] {standard_task_runner.py:91} INFO - Job 145: Subtask run_silver_spark_job
[2026-07-27T10:01:03.628+0000] {logging_mixin.py:188} WARNING - /home/***/.local/lib/python3.12/site-packages/***/task/task_runner/standard_task_runner.py:61 DeprecationWarning: This process (pid=11122) is multi-threaded, use of fork() may lead to deadlocks in the child.
[2026-07-27T10:01:03.632+0000] {standard_task_runner.py:63} INFO - Started process 11123 to run task
[2026-07-27T10:01:05.167+0000] {task_command.py:426} INFO - Running <TaskInstance: process_silver_layer.run_silver_spark_job manual__2026-07-27T10:00:31.665528+00:00 [running]> on host 85eca997bf5b
[2026-07-27T10:01:08.250+0000] {taskinstance.py:2648} INFO - Exporting env vars: AIRFLOW_CTX_DAG_OWNER='data_engineer' AIRFLOW_CTX_DAG_ID='process_silver_layer' AIRFLOW_CTX_TASK_ID='run_silver_spark_job' AIRFLOW_CTX_EXECUTION_DATE='2026-07-27T10:00:31.665528+00:00' AIRFLOW_CTX_TRY_NUMBER='1' AIRFLOW_CTX_DAG_RUN_ID='manual__2026-07-27T10:00:31.665528+00:00'
[2026-07-27T10:01:08.253+0000] {taskinstance.py:430} INFO - ::endgroup::
[2026-07-27T10:01:08.281+0000] {subprocess.py:63} INFO - Tmp dir root location: /tmp
[2026-07-27T10:01:08.295+0000] {subprocess.py:75} INFO - Running command: ['/usr/bin/bash', '-c', 'export GOOGLE_APPLICATION_CREDENTIALS=/tmp/gcp_key.json && python /opt/***/jobs/silver_layer_spark_job.py london_bike_data_bronze']
[2026-07-27T10:01:08.318+0000] {subprocess.py:86} INFO - Output:
[2026-07-27T10:01:11.614+0000] {subprocess.py:93} INFO - /home/***/.local/lib/python3.12/site-packages/pyspark/bin/load-spark-env.sh: line 68: ps: command not found
[2026-07-27T10:01:28.354+0000] {subprocess.py:93} INFO - Setting default log level to "WARN".
[2026-07-27T10:01:28.361+0000] {subprocess.py:93} INFO - To adjust logging level use sc.setLogLevel(newLevel). For SparkR, use setLogLevel(newLevel).
[2026-07-27T10:01:29.047+0000] {subprocess.py:93} INFO - 26/07/27 10:01:29 WARN NativeCodeLoader: Unable to load native-hadoop library for your platform... using builtin-java classes where applicable
[2026-07-27T10:04:54.096+0000] {subprocess.py:93} INFO - [Stage 3:>                                                          (0 + 4) / 4]                                                                                Processing Weather Data...
[2026-07-27T10:04:54.227+0000] {subprocess.py:93} INFO - Weather data processed and saved to gs://london_bike_data_bronze/silver/weather/
[2026-07-27T10:04:54.244+0000] {subprocess.py:93} INFO - Processing Bike Data...
[2026-07-27T10:04:54.252+0000] {subprocess.py:93} INFO - Bike data processed and saved to gs://london_bike_data_bronze/silver/bike/
[2026-07-27T10:04:55.792+0000] {subprocess.py:97} INFO - Command exited with return code 0
[2026-07-27T10:04:55.828+0000] {taskinstance.py:441} INFO - ::group::Post task execution logs
[2026-07-27T10:04:56.424+0000] {taskinstance.py:1206} INFO - Marking task as SUCCESS. dag_id=process_silver_layer, task_id=run_silver_spark_job, run_id=manual__2026-07-27T10:00:31.665528+00:00, execution_date=20260727T100031, start_date=20260727T100102, end_date=20260727T100456
[2026-07-27T10:05:16.936+0000] {local_task_job_runner.py:240} INFO - Task exited with return code 0
[2026-07-27T10:05:17.287+0000] {taskinstance.py:3503} INFO - 0 downstream tasks scheduled from follow-on schedule check
[2026-07-27T10:05:17.358+0000] {local_task_job_runner.py:222} INFO - ::endgroup::
