[2026-09-05T19:00:02.462+0000] {local_task_job_runner.py:120} INFO - ::group::Pre task execution logs
[2026-09-05T19:00:02.497+0000] {taskinstance.py:2076} INFO - Dependencies all met for dep_context=non-requeueable deps ti=<TaskInstance: ingest_bronze_layer.weather_ingest scheduled__2026-09-05T18:00:00+00:00 [queued]>
[2026-09-05T19:00:02.514+0000] {taskinstance.py:2076} INFO - Dependencies all met for dep_context=requeueable deps ti=<TaskInstance: ingest_bronze_layer.weather_ingest scheduled__2026-09-05T18:00:00+00:00 [queued]>
[2026-09-05T19:00:02.516+0000] {taskinstance.py:2306} INFO - Starting attempt 1 of 1
[2026-09-05T19:00:02.562+0000] {taskinstance.py:2330} INFO - Executing <Task(PythonOperator): weather_ingest> on 2026-09-05 18:00:00+00:00
[2026-09-05T19:00:02.586+0000] {standard_task_runner.py:90} INFO - Running: ['***', 'tasks', 'run', 'ingest_bronze_layer', 'weather_ingest', 'scheduled__2026-09-05T18:00:00+00:00', '--job-id', '309', '--raw', '--subdir', 'DAGS_FOLDER/bronze_ingestion_dag.py', '--cfg-path', '/tmp/tmplskjg8y_']
[2026-09-05T19:00:02.592+0000] {standard_task_runner.py:91} INFO - Job 309: Subtask weather_ingest
[2026-09-05T19:00:02.597+0000] {logging_mixin.py:188} WARNING - /home/***/.local/lib/python3.12/site-packages/***/task/task_runner/standard_task_runner.py:61 DeprecationWarning: This process (pid=2519) is multi-threaded, use of fork() may lead to deadlocks in the child.
[2026-09-05T19:00:02.605+0000] {standard_task_runner.py:63} INFO - Started process 2527 to run task
[2026-09-05T19:00:02.720+0000] {task_command.py:426} INFO - Running <TaskInstance: ingest_bronze_layer.weather_ingest scheduled__2026-09-05T18:00:00+00:00 [running]> on host bdc8f6caa133
[2026-09-05T19:00:02.969+0000] {taskinstance.py:2648} INFO - Exporting env vars: AIRFLOW_CTX_DAG_OWNER='***' AIRFLOW_CTX_DAG_ID='ingest_bronze_layer' AIRFLOW_CTX_TASK_ID='weather_ingest' AIRFLOW_CTX_EXECUTION_DATE='2026-09-05T18:00:00+00:00' AIRFLOW_CTX_TRY_NUMBER='1' AIRFLOW_CTX_DAG_RUN_ID='scheduled__2026-09-05T18:00:00+00:00'
[2026-09-05T19:00:02.974+0000] {taskinstance.py:430} INFO - ::endgroup::
[2026-09-05T19:00:04.067+0000] {connection.py:274} WARNING - Connection schemes (type: google_cloud_platform) shall not contain '_' according to RFC3986.
[2026-09-05T19:00:04.082+0000] {base.py:84} INFO - Using connection ID 'google_cloud_default' for task execution.
[2026-09-05T19:00:06.212+0000] {gcs.py:574} INFO - Data stream uploaded to bronze/weather/20260905/data_20260905T180000.json in london_bike_data_bronze bucket
[2026-09-05T19:00:06.215+0000] {python.py:237} INFO - Done. Returned value was: None
[2026-09-05T19:00:06.218+0000] {taskinstance.py:441} INFO - ::group::Post task execution logs
[2026-09-05T19:00:06.240+0000] {taskinstance.py:1206} INFO - Marking task as SUCCESS. dag_id=ingest_bronze_layer, task_id=weather_ingest, run_id=scheduled__2026-09-05T18:00:00+00:00, execution_date=20260905T180000, start_date=20260905T190002, end_date=20260905T190006
[2026-09-05T19:00:06.300+0000] {local_task_job_runner.py:240} INFO - Task exited with return code 0
[2026-09-05T19:00:06.328+0000] {taskinstance.py:3503} INFO - 0 downstream tasks scheduled from follow-on schedule check
[2026-09-05T19:00:06.334+0000] {local_task_job_runner.py:222} INFO - ::endgroup::
