[2026-07-30T18:05:48.962+0000] {local_task_job_runner.py:120} INFO - ::group::Pre task execution logs
[2026-07-30T18:05:49.144+0000] {taskinstance.py:2076} INFO - Dependencies all met for dep_context=non-requeueable deps ti=<TaskInstance: process_silver_layer.run_silver_spark_job manual__2026-07-30T18:04:40.412789+00:00 [queued]>
[2026-07-30T18:05:49.191+0000] {taskinstance.py:2076} INFO - Dependencies all met for dep_context=requeueable deps ti=<TaskInstance: process_silver_layer.run_silver_spark_job manual__2026-07-30T18:04:40.412789+00:00 [queued]>
[2026-07-30T18:05:49.193+0000] {taskinstance.py:2306} INFO - Starting attempt 1 of 1
[2026-07-30T18:05:49.281+0000] {taskinstance.py:2330} INFO - Executing <Task(BashOperator): run_silver_spark_job> on 2026-07-30 18:04:40.412789+00:00
[2026-07-30T18:05:49.312+0000] {standard_task_runner.py:90} INFO - Running: ['***', 'tasks', 'run', 'process_silver_layer', 'run_silver_spark_job', 'manual__2026-07-30T18:04:40.412789+00:00', '--job-id', '258', '--raw', '--subdir', 'DAGS_FOLDER/silver_processing_dag.py', '--cfg-path', '/tmp/tmp_gaqna0k']
[2026-07-30T18:05:49.330+0000] {standard_task_runner.py:91} INFO - Job 258: Subtask run_silver_spark_job
[2026-07-30T18:05:49.355+0000] {logging_mixin.py:188} WARNING - /home/***/.local/lib/python3.12/site-packages/***/task/task_runner/standard_task_runner.py:61 DeprecationWarning: This process (pid=3928) is multi-threaded, use of fork() may lead to deadlocks in the child.
[2026-07-30T18:05:49.395+0000] {standard_task_runner.py:63} INFO - Started process 3934 to run task
[2026-07-30T18:05:49.647+0000] {task_command.py:426} INFO - Running <TaskInstance: process_silver_layer.run_silver_spark_job manual__2026-07-30T18:04:40.412789+00:00 [running]> on host 21f1a12a00bc
[2026-07-30T18:05:50.282+0000] {taskinstance.py:2648} INFO - Exporting env vars: AIRFLOW_CTX_DAG_OWNER='data_engineer' AIRFLOW_CTX_DAG_ID='process_silver_layer' AIRFLOW_CTX_TASK_ID='run_silver_spark_job' AIRFLOW_CTX_EXECUTION_DATE='2026-07-30T18:04:40.412789+00:00' AIRFLOW_CTX_TRY_NUMBER='1' AIRFLOW_CTX_DAG_RUN_ID='manual__2026-07-30T18:04:40.412789+00:00'
[2026-07-30T18:05:50.288+0000] {taskinstance.py:430} INFO - ::endgroup::
[2026-07-30T18:05:50.411+0000] {subprocess.py:63} INFO - Tmp dir root location: /tmp
[2026-07-30T18:05:50.442+0000] {subprocess.py:75} INFO - Running command: ['/usr/bin/bash', '-c', 'export GOOGLE_APPLICATION_CREDENTIALS=/tmp/gcp_key.json && python /opt/***/jobs/silver_layer_spark_job.py london_bike_data_bronze']
[2026-07-30T18:05:50.505+0000] {subprocess.py:86} INFO - Output:
[2026-07-30T18:05:59.257+0000] {subprocess.py:93} INFO - /home/***/.local/lib/python3.12/site-packages/pyspark/bin/load-spark-env.sh: line 68: ps: command not found
[2026-07-30T18:06:26.344+0000] {subprocess.py:93} INFO - Setting default log level to "WARN".
[2026-07-30T18:06:26.380+0000] {subprocess.py:93} INFO - To adjust logging level use sc.setLogLevel(newLevel). For SparkR, use setLogLevel(newLevel).
[2026-07-30T18:06:28.067+0000] {subprocess.py:93} INFO - 26/07/30 18:06:28 WARN NativeCodeLoader: Unable to load native-hadoop library for your platform... using builtin-java classes where applicable
[2026-07-30T18:12:23.192+0000] {local_task_job_runner.py:310} WARNING - State of this instance has been externally set to restarting. Terminating instance.
[2026-07-30T18:12:23.282+0000] {local_task_job_runner.py:222} INFO - ::endgroup::
[2026-07-30T18:12:23.388+0000] {process_utils.py:132} INFO - Sending 15 to group 3934. PIDs of all processes in the group: [3935, 3947, 3934]
[2026-07-30T18:12:23.434+0000] {process_utils.py:87} INFO - Sending the signal 15 to group 3934
[2026-07-30T18:12:23.558+0000] {taskinstance.py:2611} ERROR - Received SIGTERM. Terminating subprocesses.
[2026-07-30T18:12:23.793+0000] {subprocess.py:104} INFO - Sending SIGTERM signal to process group
[2026-07-30T18:12:23.901+0000] {taskinstance.py:441} INFO - ::group::Post task execution logs
[2026-07-30T18:12:25.712+0000] {taskinstance.py:2905} ERROR - Task failed with exception
Traceback (most recent call last):
  File "/home/airflow/.local/lib/python3.12/site-packages/airflow/models/taskinstance.py", line 465, in _execute_task
    result = _execute_callable(context=context, **execute_callable_kwargs)
             ^^^^^^^^^^^^^^^^^^^^^^^^^^^^^^^^^^^^^^^^^^^^^^^^^^^^^^^^^^^^^
  File "/home/airflow/.local/lib/python3.12/site-packages/airflow/models/taskinstance.py", line 432, in _execute_callable
    return execute_callable(context=context, **execute_callable_kwargs)
           ^^^^^^^^^^^^^^^^^^^^^^^^^^^^^^^^^^^^^^^^^^^^^^^^^^^^^^^^^^^^
  File "/home/airflow/.local/lib/python3.12/site-packages/airflow/models/baseoperator.py", line 401, in wrapper
    return func(self, *args, **kwargs)
           ^^^^^^^^^^^^^^^^^^^^^^^^^^^
  File "/home/airflow/.local/lib/python3.12/site-packages/airflow/operators/bash.py", line 234, in execute
    result = self.subprocess_hook.run_command(
             ^^^^^^^^^^^^^^^^^^^^^^^^^^^^^^^^^
  File "/home/airflow/.local/lib/python3.12/site-packages/airflow/hooks/subprocess.py", line 91, in run_command
    for raw_line in iter(self.sub_process.stdout.readline, b""):
  File "/home/airflow/.local/lib/python3.12/site-packages/airflow/models/taskinstance.py", line 2613, in signal_handler
    raise AirflowTaskTerminated("Task received SIGTERM signal")
airflow.exceptions.AirflowTaskTerminated: Task received SIGTERM signal
[2026-07-30T18:12:26.768+0000] {taskinstance.py:1206} INFO - Marking task as UP_FOR_RETRY. dag_id=process_silver_layer, task_id=run_silver_spark_job, run_id=manual__2026-07-30T18:04:40.412789+00:00, execution_date=20260730T180440, start_date=20260730T180549, end_date=20260730T181226
[2026-07-30T18:13:31.384+0000] {process_utils.py:80} INFO - Process psutil.Process(pid=3934, status='terminated', exitcode=2, started='18:05:48') (3934) terminated with exit code 2
[2026-07-30T18:13:31.409+0000] {process_utils.py:80} INFO - Process psutil.Process(pid=3935, status='terminated', started='18:05:49') (3935) terminated with exit code None
[2026-07-30T18:13:37.167+0000] {process_utils.py:80} INFO - Process psutil.Process(pid=3947, status='terminated', started='18:05:58') (3947) terminated with exit code None
