[2026-07-30T18:29:03.079+0000] {local_task_job_runner.py:120} INFO - ::group::Pre task execution logs
[2026-07-30T18:29:03.199+0000] {taskinstance.py:2076} INFO - Dependencies all met for dep_context=non-requeueable deps ti=<TaskInstance: process_silver_layer.run_silver_spark_job manual__2026-07-30T18:04:40.412789+00:00 [queued]>
[2026-07-30T18:29:03.306+0000] {taskinstance.py:2076} INFO - Dependencies all met for dep_context=requeueable deps ti=<TaskInstance: process_silver_layer.run_silver_spark_job manual__2026-07-30T18:04:40.412789+00:00 [queued]>
[2026-07-30T18:29:03.322+0000] {taskinstance.py:2306} INFO - Starting attempt 3 of 1
[2026-07-30T18:29:03.660+0000] {taskinstance.py:2330} INFO - Executing <Task(BashOperator): run_silver_spark_job> on 2026-07-30 18:04:40.412789+00:00
[2026-07-30T18:29:03.766+0000] {logging_mixin.py:188} WARNING - /home/***/.local/lib/python3.12/site-packages/***/task/task_runner/standard_task_runner.py:61 DeprecationWarning: This process (pid=160) is multi-threaded, use of fork() may lead to deadlocks in the child.
[2026-07-30T18:29:03.829+0000] {standard_task_runner.py:63} INFO - Started process 167 to run task
[2026-07-30T18:29:03.793+0000] {standard_task_runner.py:90} INFO - Running: ['***', 'tasks', 'run', 'process_silver_layer', 'run_silver_spark_job', 'manual__2026-07-30T18:04:40.412789+00:00', '--job-id', '261', '--raw', '--subdir', 'DAGS_FOLDER/silver_processing_dag.py', '--cfg-path', '/tmp/tmpqhe2pk5z']
[2026-07-30T18:29:03.842+0000] {standard_task_runner.py:91} INFO - Job 261: Subtask run_silver_spark_job
[2026-07-30T18:29:04.305+0000] {task_command.py:426} INFO - Running <TaskInstance: process_silver_layer.run_silver_spark_job manual__2026-07-30T18:04:40.412789+00:00 [running]> on host 23097dfef84b
[2026-07-30T18:29:05.079+0000] {taskinstance.py:2648} INFO - Exporting env vars: AIRFLOW_CTX_DAG_OWNER='data_engineer' AIRFLOW_CTX_DAG_ID='process_silver_layer' AIRFLOW_CTX_TASK_ID='run_silver_spark_job' AIRFLOW_CTX_EXECUTION_DATE='2026-07-30T18:04:40.412789+00:00' AIRFLOW_CTX_TRY_NUMBER='3' AIRFLOW_CTX_DAG_RUN_ID='manual__2026-07-30T18:04:40.412789+00:00'
[2026-07-30T18:29:05.090+0000] {taskinstance.py:430} INFO - ::endgroup::
[2026-07-30T18:29:05.364+0000] {subprocess.py:63} INFO - Tmp dir root location: /tmp
[2026-07-30T18:29:05.370+0000] {subprocess.py:75} INFO - Running command: ['/usr/bin/bash', '-c', 'export GOOGLE_APPLICATION_CREDENTIALS=/tmp/gcp_key.json && python /opt/***/jobs/silver_layer_spark_job.py london_bike_data_bronze']
[2026-07-30T18:29:05.419+0000] {subprocess.py:86} INFO - Output:
[2026-07-30T18:29:09.878+0000] {subprocess.py:93} INFO - /home/***/.local/lib/python3.12/site-packages/pyspark/bin/load-spark-env.sh: line 68: ps: command not found
[2026-07-30T18:29:38.632+0000] {subprocess.py:93} INFO - Setting default log level to "WARN".
[2026-07-30T18:29:38.639+0000] {subprocess.py:93} INFO - To adjust logging level use sc.setLogLevel(newLevel). For SparkR, use setLogLevel(newLevel).
[2026-07-30T18:29:41.313+0000] {subprocess.py:93} INFO - 26/07/30 18:29:41 WARN NativeCodeLoader: Unable to load native-hadoop library for your platform... using builtin-java classes where applicable
[2026-07-30T18:30:05.603+0000] {subprocess.py:93} INFO - 26/07/30 18:30:05 WARN FileSystem: Failed to initialize fileystem gs://london_bike_data_bronze/bronze/weather/*/*.json: java.io.FileNotFoundException: /tmp/gcp_key.json (No such file or directory)
[2026-07-30T18:30:05.661+0000] {subprocess.py:93} INFO - 26/07/30 18:30:05 WARN FileStreamSink: Assume no metadata directory. Error while looking for metadata directory in the path: gs://london_bike_data_bronze/bronze/weather/*/*.json.
[2026-07-30T18:30:05.669+0000] {subprocess.py:93} INFO - java.io.FileNotFoundException: /tmp/gcp_key.json (No such file or directory)
[2026-07-30T18:30:05.682+0000] {subprocess.py:93} INFO - 	at java.base/java.io.FileInputStream.open0(Native Method)
[2026-07-30T18:30:05.689+0000] {subprocess.py:93} INFO - 	at java.base/java.io.FileInputStream.open(FileInputStream.java:216)
[2026-07-30T18:30:05.701+0000] {subprocess.py:93} INFO - 	at java.base/java.io.FileInputStream.<init>(FileInputStream.java:157)
[2026-07-30T18:30:05.707+0000] {subprocess.py:93} INFO - 	at java.base/java.io.FileInputStream.<init>(FileInputStream.java:111)
[2026-07-30T18:30:05.718+0000] {subprocess.py:93} INFO - 	at com.google.cloud.hadoop.repackaged.gcs.com.google.cloud.hadoop.util.CredentialFactory.getCredentialFromJsonKeyFile(CredentialFactory.java:297)
[2026-07-30T18:30:05.737+0000] {subprocess.py:93} INFO - 	at com.google.cloud.hadoop.repackaged.gcs.com.google.cloud.hadoop.util.CredentialFactory.getCredential(CredentialFactory.java:414)
[2026-07-30T18:30:05.752+0000] {subprocess.py:93} INFO - 	at com.google.cloud.hadoop.fs.gcs.GoogleHadoopFileSystemBase.getCredential(GoogleHadoopFileSystemBase.java:1471)
[2026-07-30T18:30:05.763+0000] {subprocess.py:93} INFO - 	at com.google.cloud.hadoop.fs.gcs.GoogleHadoopFileSystemBase.createGcsFs(GoogleHadoopFileSystemBase.java:1630)
[2026-07-30T18:30:05.769+0000] {subprocess.py:93} INFO - 	at com.google.cloud.hadoop.fs.gcs.GoogleHadoopFileSystemBase.configure(GoogleHadoopFileSystemBase.java:1612)
[2026-07-30T18:30:05.774+0000] {subprocess.py:93} INFO - 	at com.google.cloud.hadoop.fs.gcs.GoogleHadoopFileSystemBase.initialize(GoogleHadoopFileSystemBase.java:507)
[2026-07-30T18:30:05.783+0000] {subprocess.py:93} INFO - 	at org.apache.hadoop.fs.FileSystem.createFileSystem(FileSystem.java:3469)
[2026-07-30T18:30:05.800+0000] {subprocess.py:93} INFO - 	at org.apache.hadoop.fs.FileSystem.access$300(FileSystem.java:174)
[2026-07-30T18:30:05.808+0000] {subprocess.py:93} INFO - 	at org.apache.hadoop.fs.FileSystem$Cache.getInternal(FileSystem.java:3574)
[2026-07-30T18:30:05.811+0000] {subprocess.py:93} INFO - 	at org.apache.hadoop.fs.FileSystem$Cache.get(FileSystem.java:3521)
[2026-07-30T18:30:05.815+0000] {subprocess.py:93} INFO - 	at org.apache.hadoop.fs.FileSystem.get(FileSystem.java:540)
[2026-07-30T18:30:05.818+0000] {subprocess.py:93} INFO - 	at org.apache.hadoop.fs.Path.getFileSystem(Path.java:365)
[2026-07-30T18:30:05.831+0000] {subprocess.py:93} INFO - 	at org.apache.spark.sql.execution.streaming.FileStreamSink$.hasMetadata(FileStreamSink.scala:53)
[2026-07-30T18:30:05.834+0000] {subprocess.py:93} INFO - 	at org.apache.spark.sql.execution.datasources.DataSource.resolveRelation(DataSource.scala:366)
[2026-07-30T18:30:05.855+0000] {subprocess.py:93} INFO - 	at org.apache.spark.sql.DataFrameReader.loadV1Source(DataFrameReader.scala:229)
[2026-07-30T18:30:05.864+0000] {subprocess.py:93} INFO - 	at org.apache.spark.sql.DataFrameReader.$anonfun$load$2(DataFrameReader.scala:211)
[2026-07-30T18:30:05.868+0000] {subprocess.py:93} INFO - 	at scala.Option.getOrElse(Option.scala:189)
[2026-07-30T18:30:05.870+0000] {subprocess.py:93} INFO - 	at org.apache.spark.sql.DataFrameReader.load(DataFrameReader.scala:211)
[2026-07-30T18:30:05.883+0000] {subprocess.py:93} INFO - 	at org.apache.spark.sql.DataFrameReader.json(DataFrameReader.scala:362)
[2026-07-30T18:30:05.889+0000] {subprocess.py:93} INFO - 	at java.base/jdk.internal.reflect.NativeMethodAccessorImpl.invoke0(Native Method)
[2026-07-30T18:30:05.932+0000] {subprocess.py:93} INFO - 	at java.base/jdk.internal.reflect.NativeMethodAccessorImpl.invoke(NativeMethodAccessorImpl.java:77)
[2026-07-30T18:30:05.953+0000] {subprocess.py:93} INFO - 	at java.base/jdk.internal.reflect.DelegatingMethodAccessorImpl.invoke(DelegatingMethodAccessorImpl.java:43)
[2026-07-30T18:30:05.959+0000] {subprocess.py:93} INFO - 	at java.base/java.lang.reflect.Method.invoke(Method.java:569)
[2026-07-30T18:30:05.981+0000] {subprocess.py:93} INFO - 	at py4j.reflection.MethodInvoker.invoke(MethodInvoker.java:244)
[2026-07-30T18:30:05.990+0000] {subprocess.py:93} INFO - 	at py4j.reflection.ReflectionEngine.invoke(ReflectionEngine.java:374)
[2026-07-30T18:30:05.995+0000] {subprocess.py:93} INFO - 	at py4j.Gateway.invoke(Gateway.java:282)
[2026-07-30T18:30:06.005+0000] {subprocess.py:93} INFO - 	at py4j.commands.AbstractCommand.invokeMethod(AbstractCommand.java:132)
[2026-07-30T18:30:06.008+0000] {subprocess.py:93} INFO - 	at py4j.commands.CallCommand.execute(CallCommand.java:79)
[2026-07-30T18:30:06.013+0000] {subprocess.py:93} INFO - 	at py4j.ClientServerConnection.waitForCommands(ClientServerConnection.java:182)
[2026-07-30T18:30:06.019+0000] {subprocess.py:93} INFO - 	at py4j.ClientServerConnection.run(ClientServerConnection.java:106)
[2026-07-30T18:30:06.022+0000] {subprocess.py:93} INFO - 	at java.base/java.lang.Thread.run(Thread.java:840)
[2026-07-30T18:30:06.024+0000] {subprocess.py:93} INFO - 26/07/30 18:30:05 WARN FileSystem: Failed to initialize fileystem gs://london_bike_data_bronze/bronze/weather/*/*.json: java.io.FileNotFoundException: /tmp/gcp_key.json (No such file or directory)
[2026-07-30T18:30:06.027+0000] {subprocess.py:93} INFO - 26/07/30 18:30:05 WARN FileSystem: Failed to initialize fileystem gs://london_bike_data_bronze/bronze/bike/*/*.json: java.io.FileNotFoundException: /tmp/gcp_key.json (No such file or directory)
[2026-07-30T18:30:06.029+0000] {subprocess.py:93} INFO - 26/07/30 18:30:05 WARN FileStreamSink: Assume no metadata directory. Error while looking for metadata directory in the path: gs://london_bike_data_bronze/bronze/bike/*/*.json.
[2026-07-30T18:30:06.032+0000] {subprocess.py:93} INFO - java.io.FileNotFoundException: /tmp/gcp_key.json (No such file or directory)
[2026-07-30T18:30:06.035+0000] {subprocess.py:93} INFO - 	at java.base/java.io.FileInputStream.open0(Native Method)
[2026-07-30T18:30:06.039+0000] {subprocess.py:93} INFO - 	at java.base/java.io.FileInputStream.open(FileInputStream.java:216)
[2026-07-30T18:30:06.042+0000] {subprocess.py:93} INFO - 	at java.base/java.io.FileInputStream.<init>(FileInputStream.java:157)
[2026-07-30T18:30:06.046+0000] {subprocess.py:93} INFO - 	at java.base/java.io.FileInputStream.<init>(FileInputStream.java:111)
[2026-07-30T18:30:06.049+0000] {subprocess.py:93} INFO - 	at com.google.cloud.hadoop.repackaged.gcs.com.google.cloud.hadoop.util.CredentialFactory.getCredentialFromJsonKeyFile(CredentialFactory.java:297)
[2026-07-30T18:30:06.052+0000] {subprocess.py:93} INFO - 	at com.google.cloud.hadoop.repackaged.gcs.com.google.cloud.hadoop.util.CredentialFactory.getCredential(CredentialFactory.java:414)
[2026-07-30T18:30:06.054+0000] {subprocess.py:93} INFO - 	at com.google.cloud.hadoop.fs.gcs.GoogleHadoopFileSystemBase.getCredential(GoogleHadoopFileSystemBase.java:1471)
[2026-07-30T18:30:06.057+0000] {subprocess.py:93} INFO - 	at com.google.cloud.hadoop.fs.gcs.GoogleHadoopFileSystemBase.createGcsFs(GoogleHadoopFileSystemBase.java:1630)
[2026-07-30T18:30:06.061+0000] {subprocess.py:93} INFO - 	at com.google.cloud.hadoop.fs.gcs.GoogleHadoopFileSystemBase.configure(GoogleHadoopFileSystemBase.java:1612)
[2026-07-30T18:30:06.063+0000] {subprocess.py:93} INFO - 	at com.google.cloud.hadoop.fs.gcs.GoogleHadoopFileSystemBase.initialize(GoogleHadoopFileSystemBase.java:507)
[2026-07-30T18:30:06.065+0000] {subprocess.py:93} INFO - 	at org.apache.hadoop.fs.FileSystem.createFileSystem(FileSystem.java:3469)
[2026-07-30T18:30:06.068+0000] {subprocess.py:93} INFO - 	at org.apache.hadoop.fs.FileSystem.access$300(FileSystem.java:174)
[2026-07-30T18:30:06.071+0000] {subprocess.py:93} INFO - 	at org.apache.hadoop.fs.FileSystem$Cache.getInternal(FileSystem.java:3574)
[2026-07-30T18:30:06.074+0000] {subprocess.py:93} INFO - 	at org.apache.hadoop.fs.FileSystem$Cache.get(FileSystem.java:3521)
[2026-07-30T18:30:06.077+0000] {subprocess.py:93} INFO - 	at org.apache.hadoop.fs.FileSystem.get(FileSystem.java:540)
[2026-07-30T18:30:06.081+0000] {subprocess.py:93} INFO - 	at org.apache.hadoop.fs.Path.getFileSystem(Path.java:365)
[2026-07-30T18:30:06.083+0000] {subprocess.py:93} INFO - 	at org.apache.spark.sql.execution.streaming.FileStreamSink$.hasMetadata(FileStreamSink.scala:53)
[2026-07-30T18:30:06.086+0000] {subprocess.py:93} INFO - 	at org.apache.spark.sql.execution.datasources.DataSource.resolveRelation(DataSource.scala:366)
[2026-07-30T18:30:06.089+0000] {subprocess.py:93} INFO - 	at org.apache.spark.sql.DataFrameReader.loadV1Source(DataFrameReader.scala:229)
[2026-07-30T18:30:06.092+0000] {subprocess.py:93} INFO - 	at org.apache.spark.sql.DataFrameReader.$anonfun$load$2(DataFrameReader.scala:211)
[2026-07-30T18:30:06.098+0000] {subprocess.py:93} INFO - 	at scala.Option.getOrElse(Option.scala:189)
[2026-07-30T18:30:06.100+0000] {subprocess.py:93} INFO - 	at org.apache.spark.sql.DataFrameReader.load(DataFrameReader.scala:211)
[2026-07-30T18:30:06.103+0000] {subprocess.py:93} INFO - 	at org.apache.spark.sql.DataFrameReader.json(DataFrameReader.scala:362)
[2026-07-30T18:30:06.106+0000] {subprocess.py:93} INFO - 	at java.base/jdk.internal.reflect.NativeMethodAccessorImpl.invoke0(Native Method)
[2026-07-30T18:30:06.112+0000] {subprocess.py:93} INFO - 	at java.base/jdk.internal.reflect.NativeMethodAccessorImpl.invoke(NativeMethodAccessorImpl.java:77)
[2026-07-30T18:30:06.333+0000] {subprocess.py:93} INFO - 	at java.base/jdk.internal.reflect.DelegatingMethodAccessorImpl.invoke(DelegatingMethodAccessorImpl.java:43)
[2026-07-30T18:30:06.336+0000] {subprocess.py:93} INFO - 	at java.base/java.lang.reflect.Method.invoke(Method.java:569)
[2026-07-30T18:30:06.338+0000] {subprocess.py:93} INFO - 	at py4j.reflection.MethodInvoker.invoke(MethodInvoker.java:244)
[2026-07-30T18:30:06.340+0000] {subprocess.py:93} INFO - 	at py4j.reflection.ReflectionEngine.invoke(ReflectionEngine.java:374)
[2026-07-30T18:30:06.342+0000] {subprocess.py:93} INFO - 	at py4j.Gateway.invoke(Gateway.java:282)
[2026-07-30T18:30:06.347+0000] {subprocess.py:93} INFO - 	at py4j.commands.AbstractCommand.invokeMethod(AbstractCommand.java:132)
[2026-07-30T18:30:06.349+0000] {subprocess.py:93} INFO - 	at py4j.commands.CallCommand.execute(CallCommand.java:79)
[2026-07-30T18:30:06.352+0000] {subprocess.py:93} INFO - 	at py4j.ClientServerConnection.waitForCommands(ClientServerConnection.java:182)
[2026-07-30T18:30:06.354+0000] {subprocess.py:93} INFO - 	at py4j.ClientServerConnection.run(ClientServerConnection.java:106)
[2026-07-30T18:30:06.356+0000] {subprocess.py:93} INFO - 	at java.base/java.lang.Thread.run(Thread.java:840)
[2026-07-30T18:30:06.358+0000] {subprocess.py:93} INFO - 26/07/30 18:30:05 WARN FileSystem: Failed to initialize fileystem gs://london_bike_data_bronze/bronze/bike/*/*.json: java.io.FileNotFoundException: /tmp/gcp_key.json (No such file or directory)
[2026-07-30T18:30:06.536+0000] {subprocess.py:93} INFO - Processing Weather Data...
[2026-07-30T18:30:06.607+0000] {subprocess.py:93} INFO - Error processing weather data: An error occurred while calling o37.json.
[2026-07-30T18:30:06.613+0000] {subprocess.py:93} INFO - : java.io.FileNotFoundException: /tmp/gcp_key.json (No such file or directory)
[2026-07-30T18:30:06.618+0000] {subprocess.py:93} INFO - 	at java.base/java.io.FileInputStream.open0(Native Method)
[2026-07-30T18:30:06.622+0000] {subprocess.py:93} INFO - 	at java.base/java.io.FileInputStream.open(FileInputStream.java:216)
[2026-07-30T18:30:06.625+0000] {subprocess.py:93} INFO - 	at java.base/java.io.FileInputStream.<init>(FileInputStream.java:157)
[2026-07-30T18:30:06.632+0000] {subprocess.py:93} INFO - 	at java.base/java.io.FileInputStream.<init>(FileInputStream.java:111)
[2026-07-30T18:30:06.642+0000] {subprocess.py:93} INFO - 	at com.google.cloud.hadoop.repackaged.gcs.com.google.cloud.hadoop.util.CredentialFactory.getCredentialFromJsonKeyFile(CredentialFactory.java:297)
[2026-07-30T18:30:06.647+0000] {subprocess.py:93} INFO - 	at com.google.cloud.hadoop.repackaged.gcs.com.google.cloud.hadoop.util.CredentialFactory.getCredential(CredentialFactory.java:414)
[2026-07-30T18:30:06.658+0000] {subprocess.py:93} INFO - 	at com.google.cloud.hadoop.fs.gcs.GoogleHadoopFileSystemBase.getCredential(GoogleHadoopFileSystemBase.java:1471)
[2026-07-30T18:30:06.682+0000] {subprocess.py:93} INFO - 	at com.google.cloud.hadoop.fs.gcs.GoogleHadoopFileSystemBase.createGcsFs(GoogleHadoopFileSystemBase.java:1630)
[2026-07-30T18:30:06.686+0000] {subprocess.py:93} INFO - 	at com.google.cloud.hadoop.fs.gcs.GoogleHadoopFileSystemBase.configure(GoogleHadoopFileSystemBase.java:1612)
[2026-07-30T18:30:06.689+0000] {subprocess.py:93} INFO - 	at com.google.cloud.hadoop.fs.gcs.GoogleHadoopFileSystemBase.initialize(GoogleHadoopFileSystemBase.java:507)
[2026-07-30T18:30:06.697+0000] {subprocess.py:93} INFO - 	at org.apache.hadoop.fs.FileSystem.createFileSystem(FileSystem.java:3469)
[2026-07-30T18:30:06.720+0000] {subprocess.py:93} INFO - 	at org.apache.hadoop.fs.FileSystem.access$300(FileSystem.java:174)
[2026-07-30T18:30:06.741+0000] {subprocess.py:93} INFO - 	at org.apache.hadoop.fs.FileSystem$Cache.getInternal(FileSystem.java:3574)
[2026-07-30T18:30:06.752+0000] {subprocess.py:93} INFO - 	at org.apache.hadoop.fs.FileSystem$Cache.get(FileSystem.java:3521)
[2026-07-30T18:30:06.756+0000] {subprocess.py:93} INFO - 	at org.apache.hadoop.fs.FileSystem.get(FileSystem.java:540)
[2026-07-30T18:30:06.759+0000] {subprocess.py:93} INFO - 	at org.apache.hadoop.fs.Path.getFileSystem(Path.java:365)
[2026-07-30T18:30:06.767+0000] {subprocess.py:93} INFO - 	at org.apache.spark.sql.execution.datasources.DataSource$.$anonfun$checkAndGlobPathIfNecessary$1(DataSource.scala:724)
[2026-07-30T18:30:06.771+0000] {subprocess.py:93} INFO - 	at scala.collection.immutable.List.map(List.scala:293)
[2026-07-30T18:30:06.776+0000] {subprocess.py:93} INFO - 	at org.apache.spark.sql.execution.datasources.DataSource$.checkAndGlobPathIfNecessary(DataSource.scala:722)
[2026-07-30T18:30:06.781+0000] {subprocess.py:93} INFO - 	at org.apache.spark.sql.execution.datasources.DataSource.checkAndGlobPathIfNecessary(DataSource.scala:551)
[2026-07-30T18:30:06.787+0000] {subprocess.py:93} INFO - 	at org.apache.spark.sql.execution.datasources.DataSource.resolveRelation(DataSource.scala:404)
[2026-07-30T18:30:06.791+0000] {subprocess.py:93} INFO - 	at org.apache.spark.sql.DataFrameReader.loadV1Source(DataFrameReader.scala:229)
[2026-07-30T18:30:06.802+0000] {subprocess.py:93} INFO - 	at org.apache.spark.sql.DataFrameReader.$anonfun$load$2(DataFrameReader.scala:211)
[2026-07-30T18:30:06.804+0000] {subprocess.py:93} INFO - 	at scala.Option.getOrElse(Option.scala:189)
[2026-07-30T18:30:06.808+0000] {subprocess.py:93} INFO - 	at org.apache.spark.sql.DataFrameReader.load(DataFrameReader.scala:211)
[2026-07-30T18:30:06.818+0000] {subprocess.py:93} INFO - 	at org.apache.spark.sql.DataFrameReader.json(DataFrameReader.scala:362)
[2026-07-30T18:30:06.824+0000] {subprocess.py:93} INFO - 	at java.base/jdk.internal.reflect.NativeMethodAccessorImpl.invoke0(Native Method)
[2026-07-30T18:30:06.859+0000] {subprocess.py:93} INFO - 	at java.base/jdk.internal.reflect.NativeMethodAccessorImpl.invoke(NativeMethodAccessorImpl.java:77)
[2026-07-30T18:30:06.892+0000] {subprocess.py:93} INFO - 	at java.base/jdk.internal.reflect.DelegatingMethodAccessorImpl.invoke(DelegatingMethodAccessorImpl.java:43)
[2026-07-30T18:30:07.051+0000] {subprocess.py:93} INFO - 	at java.base/java.lang.reflect.Method.invoke(Method.java:569)
[2026-07-30T18:30:07.059+0000] {subprocess.py:93} INFO - 	at py4j.reflection.MethodInvoker.invoke(MethodInvoker.java:244)
[2026-07-30T18:30:07.067+0000] {subprocess.py:93} INFO - 	at py4j.reflection.ReflectionEngine.invoke(ReflectionEngine.java:374)
[2026-07-30T18:30:07.070+0000] {subprocess.py:93} INFO - 	at py4j.Gateway.invoke(Gateway.java:282)
[2026-07-30T18:30:07.075+0000] {subprocess.py:93} INFO - 	at py4j.commands.AbstractCommand.invokeMethod(AbstractCommand.java:132)
[2026-07-30T18:30:07.086+0000] {subprocess.py:93} INFO - 	at py4j.commands.CallCommand.execute(CallCommand.java:79)
[2026-07-30T18:30:07.098+0000] {subprocess.py:93} INFO - 	at py4j.ClientServerConnection.waitForCommands(ClientServerConnection.java:182)
[2026-07-30T18:30:07.101+0000] {subprocess.py:93} INFO - 	at py4j.ClientServerConnection.run(ClientServerConnection.java:106)
[2026-07-30T18:30:07.103+0000] {subprocess.py:93} INFO - 	at java.base/java.lang.Thread.run(Thread.java:840)
[2026-07-30T18:30:07.109+0000] {subprocess.py:93} INFO - 
[2026-07-30T18:30:07.113+0000] {subprocess.py:93} INFO - Processing Bike Data...
[2026-07-30T18:30:07.122+0000] {subprocess.py:93} INFO - Error processing bike data: An error occurred while calling o41.json.
[2026-07-30T18:30:07.135+0000] {subprocess.py:93} INFO - : java.io.FileNotFoundException: /tmp/gcp_key.json (No such file or directory)
[2026-07-30T18:30:07.148+0000] {subprocess.py:93} INFO - 	at java.base/java.io.FileInputStream.open0(Native Method)
[2026-07-30T18:30:07.152+0000] {subprocess.py:93} INFO - 	at java.base/java.io.FileInputStream.open(FileInputStream.java:216)
[2026-07-30T18:30:07.168+0000] {subprocess.py:93} INFO - 	at java.base/java.io.FileInputStream.<init>(FileInputStream.java:157)
[2026-07-30T18:30:07.180+0000] {subprocess.py:93} INFO - 	at java.base/java.io.FileInputStream.<init>(FileInputStream.java:111)
[2026-07-30T18:30:07.197+0000] {subprocess.py:93} INFO - 	at com.google.cloud.hadoop.repackaged.gcs.com.google.cloud.hadoop.util.CredentialFactory.getCredentialFromJsonKeyFile(CredentialFactory.java:297)
[2026-07-30T18:30:07.200+0000] {subprocess.py:93} INFO - 	at com.google.cloud.hadoop.repackaged.gcs.com.google.cloud.hadoop.util.CredentialFactory.getCredential(CredentialFactory.java:414)
[2026-07-30T18:30:07.214+0000] {subprocess.py:93} INFO - 	at com.google.cloud.hadoop.fs.gcs.GoogleHadoopFileSystemBase.getCredential(GoogleHadoopFileSystemBase.java:1471)
[2026-07-30T18:30:07.217+0000] {subprocess.py:93} INFO - 	at com.google.cloud.hadoop.fs.gcs.GoogleHadoopFileSystemBase.createGcsFs(GoogleHadoopFileSystemBase.java:1630)
[2026-07-30T18:30:07.229+0000] {subprocess.py:93} INFO - 	at com.google.cloud.hadoop.fs.gcs.GoogleHadoopFileSystemBase.configure(GoogleHadoopFileSystemBase.java:1612)
[2026-07-30T18:30:07.231+0000] {subprocess.py:93} INFO - 	at com.google.cloud.hadoop.fs.gcs.GoogleHadoopFileSystemBase.initialize(GoogleHadoopFileSystemBase.java:507)
[2026-07-30T18:30:07.234+0000] {subprocess.py:93} INFO - 	at org.apache.hadoop.fs.FileSystem.createFileSystem(FileSystem.java:3469)
[2026-07-30T18:30:07.249+0000] {subprocess.py:93} INFO - 	at org.apache.hadoop.fs.FileSystem.access$300(FileSystem.java:174)
[2026-07-30T18:30:07.252+0000] {subprocess.py:93} INFO - 	at org.apache.hadoop.fs.FileSystem$Cache.getInternal(FileSystem.java:3574)
[2026-07-30T18:30:07.258+0000] {subprocess.py:93} INFO - 	at org.apache.hadoop.fs.FileSystem$Cache.get(FileSystem.java:3521)
[2026-07-30T18:30:07.262+0000] {subprocess.py:93} INFO - 	at org.apache.hadoop.fs.FileSystem.get(FileSystem.java:540)
[2026-07-30T18:30:07.265+0000] {subprocess.py:93} INFO - 	at org.apache.hadoop.fs.Path.getFileSystem(Path.java:365)
[2026-07-30T18:30:07.268+0000] {subprocess.py:93} INFO - 	at org.apache.spark.sql.execution.datasources.DataSource$.$anonfun$checkAndGlobPathIfNecessary$1(DataSource.scala:724)
[2026-07-30T18:30:07.280+0000] {subprocess.py:93} INFO - 	at scala.collection.immutable.List.map(List.scala:293)
[2026-07-30T18:30:07.282+0000] {subprocess.py:93} INFO - 	at org.apache.spark.sql.execution.datasources.DataSource$.checkAndGlobPathIfNecessary(DataSource.scala:722)
[2026-07-30T18:30:07.284+0000] {subprocess.py:93} INFO - 	at org.apache.spark.sql.execution.datasources.DataSource.checkAndGlobPathIfNecessary(DataSource.scala:551)
[2026-07-30T18:30:07.292+0000] {subprocess.py:93} INFO - 	at org.apache.spark.sql.execution.datasources.DataSource.resolveRelation(DataSource.scala:404)
[2026-07-30T18:30:07.298+0000] {subprocess.py:93} INFO - 	at org.apache.spark.sql.DataFrameReader.loadV1Source(DataFrameReader.scala:229)
[2026-07-30T18:30:07.302+0000] {subprocess.py:93} INFO - 	at org.apache.spark.sql.DataFrameReader.$anonfun$load$2(DataFrameReader.scala:211)
[2026-07-30T18:30:07.308+0000] {subprocess.py:93} INFO - 	at scala.Option.getOrElse(Option.scala:189)
[2026-07-30T18:30:07.318+0000] {subprocess.py:93} INFO - 	at org.apache.spark.sql.DataFrameReader.load(DataFrameReader.scala:211)
[2026-07-30T18:30:07.320+0000] {subprocess.py:93} INFO - 	at org.apache.spark.sql.DataFrameReader.json(DataFrameReader.scala:362)
[2026-07-30T18:30:07.323+0000] {subprocess.py:93} INFO - 	at java.base/jdk.internal.reflect.NativeMethodAccessorImpl.invoke0(Native Method)
[2026-07-30T18:30:07.339+0000] {subprocess.py:93} INFO - 	at java.base/jdk.internal.reflect.NativeMethodAccessorImpl.invoke(NativeMethodAccessorImpl.java:77)
[2026-07-30T18:30:07.343+0000] {subprocess.py:93} INFO - 	at java.base/jdk.internal.reflect.DelegatingMethodAccessorImpl.invoke(DelegatingMethodAccessorImpl.java:43)
[2026-07-30T18:30:07.346+0000] {subprocess.py:93} INFO - 	at java.base/java.lang.reflect.Method.invoke(Method.java:569)
[2026-07-30T18:30:07.348+0000] {subprocess.py:93} INFO - 	at py4j.reflection.MethodInvoker.invoke(MethodInvoker.java:244)
[2026-07-30T18:30:07.350+0000] {subprocess.py:93} INFO - 	at py4j.reflection.ReflectionEngine.invoke(ReflectionEngine.java:374)
[2026-07-30T18:30:07.353+0000] {subprocess.py:93} INFO - 	at py4j.Gateway.invoke(Gateway.java:282)
[2026-07-30T18:30:07.355+0000] {subprocess.py:93} INFO - 	at py4j.commands.AbstractCommand.invokeMethod(AbstractCommand.java:132)
[2026-07-30T18:30:07.361+0000] {subprocess.py:93} INFO - 	at py4j.commands.CallCommand.execute(CallCommand.java:79)
[2026-07-30T18:30:07.363+0000] {subprocess.py:93} INFO - 	at py4j.ClientServerConnection.waitForCommands(ClientServerConnection.java:182)
[2026-07-30T18:30:07.391+0000] {subprocess.py:93} INFO - 	at py4j.ClientServerConnection.run(ClientServerConnection.java:106)
[2026-07-30T18:30:07.396+0000] {subprocess.py:93} INFO - 	at java.base/java.lang.Thread.run(Thread.java:840)
[2026-07-30T18:30:07.398+0000] {subprocess.py:93} INFO - 
[2026-07-30T18:30:07.959+0000] {subprocess.py:97} INFO - Command exited with return code 0
[2026-07-30T18:30:07.983+0000] {taskinstance.py:441} INFO - ::group::Post task execution logs
[2026-07-30T18:30:09.126+0000] {taskinstance.py:1206} INFO - Marking task as SUCCESS. dag_id=process_silver_layer, task_id=run_silver_spark_job, run_id=manual__2026-07-30T18:04:40.412789+00:00, execution_date=20260730T180440, start_date=20260730T182903, end_date=20260730T183009
[2026-07-30T18:29:13.997+0000] {local_task_job_runner.py:240} INFO - Task exited with return code 0
[2026-07-30T18:29:14.090+0000] {taskinstance.py:3503} INFO - 0 downstream tasks scheduled from follow-on schedule check
[2026-07-30T18:29:14.097+0000] {local_task_job_runner.py:222} INFO - ::endgroup::
