[2026-07-27T07:00:31.903+0000] {local_task_job_runner.py:120} INFO - ::group::Pre task execution logs
[2026-07-27T07:00:31.956+0000] {taskinstance.py:2076} INFO - Dependencies all met for dep_context=non-requeueable deps ti=<TaskInstance: process_silver_layer.run_silver_spark_job manual__2026-07-27T07:00:20.786191+00:00 [queued]>
[2026-07-27T07:00:31.972+0000] {taskinstance.py:2076} INFO - Dependencies all met for dep_context=requeueable deps ti=<TaskInstance: process_silver_layer.run_silver_spark_job manual__2026-07-27T07:00:20.786191+00:00 [queued]>
[2026-07-27T07:00:31.974+0000] {taskinstance.py:2306} INFO - Starting attempt 1 of 1
[2026-07-27T07:00:31.995+0000] {taskinstance.py:2330} INFO - Executing <Task(BashOperator): run_silver_spark_job> on 2026-07-27 07:00:20.786191+00:00
[2026-07-27T07:00:32.012+0000] {standard_task_runner.py:90} INFO - Running: ['***', 'tasks', 'run', 'process_silver_layer', 'run_silver_spark_job', 'manual__2026-07-27T07:00:20.786191+00:00', '--job-id', '131', '--raw', '--subdir', 'DAGS_FOLDER/silver_processing_dag.py', '--cfg-path', '/tmp/tmprvmm5y41']
[2026-07-27T07:00:32.017+0000] {standard_task_runner.py:91} INFO - Job 131: Subtask run_silver_spark_job
[2026-07-27T07:00:32.020+0000] {logging_mixin.py:188} WARNING - /home/***/.local/lib/python3.12/site-packages/***/task/task_runner/standard_task_runner.py:61 DeprecationWarning: This process (pid=3158) is multi-threaded, use of fork() may lead to deadlocks in the child.
[2026-07-27T07:00:32.023+0000] {standard_task_runner.py:63} INFO - Started process 3159 to run task
[2026-07-27T07:00:32.095+0000] {task_command.py:426} INFO - Running <TaskInstance: process_silver_layer.run_silver_spark_job manual__2026-07-27T07:00:20.786191+00:00 [running]> on host 85eca997bf5b
[2026-07-27T07:00:32.263+0000] {taskinstance.py:2648} INFO - Exporting env vars: AIRFLOW_CTX_DAG_OWNER='data_engineer' AIRFLOW_CTX_DAG_ID='process_silver_layer' AIRFLOW_CTX_TASK_ID='run_silver_spark_job' AIRFLOW_CTX_EXECUTION_DATE='2026-07-27T07:00:20.786191+00:00' AIRFLOW_CTX_TRY_NUMBER='1' AIRFLOW_CTX_DAG_RUN_ID='manual__2026-07-27T07:00:20.786191+00:00'
[2026-07-27T07:00:32.265+0000] {taskinstance.py:430} INFO - ::endgroup::
[2026-07-27T07:00:32.306+0000] {subprocess.py:63} INFO - Tmp dir root location: /tmp
[2026-07-27T07:00:32.315+0000] {subprocess.py:75} INFO - Running command: ['/usr/bin/bash', '-c', 'export GOOGLE_APPLICATION_CREDENTIALS=/tmp/gcp_key.json && python /opt/***/jobs/silver_layer_spark_job.py london_bike_data_bronze']
[2026-07-27T07:00:32.346+0000] {subprocess.py:86} INFO - Output:
[2026-07-27T07:00:34.073+0000] {subprocess.py:93} INFO - /home/***/.local/lib/python3.12/site-packages/pyspark/bin/load-spark-env.sh: line 68: ps: command not found
[2026-07-27T07:00:39.923+0000] {subprocess.py:93} INFO - Setting default log level to "WARN".
[2026-07-27T07:00:39.933+0000] {subprocess.py:93} INFO - To adjust logging level use sc.setLogLevel(newLevel). For SparkR, use setLogLevel(newLevel).
[2026-07-27T07:00:40.738+0000] {subprocess.py:93} INFO - 26/07/27 07:00:40 WARN NativeCodeLoader: Unable to load native-hadoop library for your platform... using builtin-java classes where applicable
[2026-07-27T07:03:18.442+0000] {subprocess.py:93} INFO - [Stage 3:==============>                                            (1 + 3) / 4][Stage 3:=============================>                             (2 + 2) / 4][Stage 3:============================================>              (3 + 1) / 4]                                                                                Processing Weather Data...
[2026-07-27T07:03:18.589+0000] {subprocess.py:93} INFO - Weather data processed and saved to gs://london_bike_data_bronze/silver/weather/
[2026-07-27T07:03:18.597+0000] {subprocess.py:93} INFO - Processing Bike Data...
[2026-07-27T07:03:18.605+0000] {subprocess.py:93} INFO - Bike data processed and saved to gs://london_bike_data_bronze/silver/bike/
[2026-07-27T07:03:20.616+0000] {subprocess.py:97} INFO - Command exited with return code 0
[2026-07-27T07:03:20.650+0000] {taskinstance.py:441} INFO - ::group::Post task execution logs
[2026-07-27T07:03:21.296+0000] {taskinstance.py:1206} INFO - Marking task as SUCCESS. dag_id=process_silver_layer, task_id=run_silver_spark_job, run_id=manual__2026-07-27T07:00:20.786191+00:00, execution_date=20260727T070020, start_date=20260727T070031, end_date=20260727T070321
[2026-07-27T07:03:21.572+0000] {local_task_job_runner.py:240} INFO - Task exited with return code 0
[2026-07-27T07:03:21.796+0000] {taskinstance.py:3503} INFO - 0 downstream tasks scheduled from follow-on schedule check
[2026-07-27T07:03:21.801+0000] {local_task_job_runner.py:222} INFO - ::endgroup::
