[2026-07-29T03:00:06.812+0000] {local_task_job_runner.py:120} INFO - ::group::Pre task execution logs
[2026-07-29T03:00:06.844+0000] {taskinstance.py:2076} INFO - Dependencies all met for dep_context=non-requeueable deps ti=<TaskInstance: ingest_bronze_layer.weather_ingest scheduled__2026-07-29T02:00:00+00:00 [queued]>
[2026-07-29T03:00:06.863+0000] {taskinstance.py:2076} INFO - Dependencies all met for dep_context=requeueable deps ti=<TaskInstance: ingest_bronze_layer.weather_ingest scheduled__2026-07-29T02:00:00+00:00 [queued]>
[2026-07-29T03:00:06.866+0000] {taskinstance.py:2306} INFO - Starting attempt 1 of 1
[2026-07-29T03:00:06.921+0000] {taskinstance.py:2330} INFO - Executing <Task(PythonOperator): weather_ingest> on 2026-07-29 02:00:00+00:00
[2026-07-29T03:00:06.965+0000] {standard_task_runner.py:90} INFO - Running: ['***', 'tasks', 'run', 'ingest_bronze_layer', 'weather_ingest', 'scheduled__2026-07-29T02:00:00+00:00', '--job-id', '207', '--raw', '--subdir', 'DAGS_FOLDER/bronze_ingestion_dag.py', '--cfg-path', '/tmp/tmpf5ed1yh1']
[2026-07-29T03:00:06.991+0000] {logging_mixin.py:188} WARNING - /home/***/.local/lib/python3.12/site-packages/***/task/task_runner/standard_task_runner.py:61 DeprecationWarning: This process (pid=24005) is multi-threaded, use of fork() may lead to deadlocks in the child.
[2026-07-29T03:00:06.997+0000] {standard_task_runner.py:91} INFO - Job 207: Subtask weather_ingest
[2026-07-29T03:00:07.003+0000] {standard_task_runner.py:63} INFO - Started process 24007 to run task
[2026-07-29T03:00:07.379+0000] {task_command.py:426} INFO - Running <TaskInstance: ingest_bronze_layer.weather_ingest scheduled__2026-07-29T02:00:00+00:00 [running]> on host 21f1a12a00bc
[2026-07-29T03:00:08.059+0000] {taskinstance.py:2648} INFO - Exporting env vars: AIRFLOW_CTX_DAG_OWNER='***' AIRFLOW_CTX_DAG_ID='ingest_bronze_layer' AIRFLOW_CTX_TASK_ID='weather_ingest' AIRFLOW_CTX_EXECUTION_DATE='2026-07-29T02:00:00+00:00' AIRFLOW_CTX_TRY_NUMBER='1' AIRFLOW_CTX_DAG_RUN_ID='scheduled__2026-07-29T02:00:00+00:00'
[2026-07-29T03:00:08.067+0000] {taskinstance.py:430} INFO - ::endgroup::
[2026-07-29T03:00:10.245+0000] {connection.py:274} WARNING - Connection schemes (type: google_cloud_platform) shall not contain '_' according to RFC3986.
[2026-07-29T03:00:10.308+0000] {base.py:84} INFO - Using connection ID 'google_cloud_default' for task execution.
[2026-07-29T03:00:11.800+0000] {gcs.py:574} INFO - Data stream uploaded to bronze/weather/20260729/data_20260729T020000.json in london_bike_data_bronze bucket
[2026-07-29T03:00:11.806+0000] {python.py:237} INFO - Done. Returned value was: None
[2026-07-29T03:00:11.811+0000] {taskinstance.py:441} INFO - ::group::Post task execution logs
[2026-07-29T03:00:11.846+0000] {taskinstance.py:1206} INFO - Marking task as SUCCESS. dag_id=ingest_bronze_layer, task_id=weather_ingest, run_id=scheduled__2026-07-29T02:00:00+00:00, execution_date=20260729T020000, start_date=20260729T030006, end_date=20260729T030011
[2026-07-29T03:00:11.988+0000] {local_task_job_runner.py:240} INFO - Task exited with return code 0
[2026-07-29T03:00:12.041+0000] {taskinstance.py:3503} INFO - 0 downstream tasks scheduled from follow-on schedule check
[2026-07-29T03:00:12.198+0000] {local_task_job_runner.py:222} INFO - ::endgroup::
