[2026-09-05T16:38:35.026+0000] {local_task_job_runner.py:120} INFO - ::group::Pre task execution logs
[2026-09-05T16:38:35.104+0000] {taskinstance.py:2076} INFO - Dependencies all met for dep_context=non-requeueable deps ti=<TaskInstance: process_gold_layer.run_gold_spark_job manual__2026-09-05T16:38:33.132663+00:00 [queued]>
[2026-09-05T16:38:35.127+0000] {taskinstance.py:2076} INFO - Dependencies all met for dep_context=requeueable deps ti=<TaskInstance: process_gold_layer.run_gold_spark_job manual__2026-09-05T16:38:33.132663+00:00 [queued]>
[2026-09-05T16:38:35.130+0000] {taskinstance.py:2306} INFO - Starting attempt 1 of 2
[2026-09-05T16:38:35.167+0000] {taskinstance.py:2330} INFO - Executing <Task(BashOperator): run_gold_spark_job> on 2026-09-05 16:38:33.132663+00:00
[2026-09-05T16:38:35.189+0000] {standard_task_runner.py:90} INFO - Running: ['***', 'tasks', 'run', 'process_gold_layer', 'run_gold_spark_job', 'manual__2026-09-05T16:38:33.132663+00:00', '--job-id', '295', '--raw', '--subdir', 'DAGS_FOLDER/gold_processing_dag.py', '--cfg-path', '/tmp/tmp705q9d4f']
[2026-09-05T16:38:35.199+0000] {standard_task_runner.py:91} INFO - Job 295: Subtask run_gold_spark_job
[2026-09-05T16:38:35.214+0000] {logging_mixin.py:188} WARNING - /home/***/.local/lib/python3.12/site-packages/***/task/task_runner/standard_task_runner.py:61 DeprecationWarning: This process (pid=4933) is multi-threaded, use of fork() may lead to deadlocks in the child.
[2026-09-05T16:38:35.219+0000] {standard_task_runner.py:63} INFO - Started process 4934 to run task
[2026-09-05T16:38:35.513+0000] {task_command.py:426} INFO - Running <TaskInstance: process_gold_layer.run_gold_spark_job manual__2026-09-05T16:38:33.132663+00:00 [running]> on host 56fad9581aa4
[2026-09-05T16:38:36.738+0000] {taskinstance.py:2648} INFO - Exporting env vars: AIRFLOW_CTX_DAG_OWNER='data_engineer' AIRFLOW_CTX_DAG_ID='process_gold_layer' AIRFLOW_CTX_TASK_ID='run_gold_spark_job' AIRFLOW_CTX_EXECUTION_DATE='2026-09-05T16:38:33.132663+00:00' AIRFLOW_CTX_TRY_NUMBER='1' AIRFLOW_CTX_DAG_RUN_ID='manual__2026-09-05T16:38:33.132663+00:00'
[2026-09-05T16:38:36.742+0000] {taskinstance.py:430} INFO - ::endgroup::
[2026-09-05T16:38:36.905+0000] {subprocess.py:63} INFO - Tmp dir root location: /tmp
[2026-09-05T16:38:36.926+0000] {subprocess.py:75} INFO - Running command: ['/usr/bin/bash', '-c', 'export GOOGLE_APPLICATION_CREDENTIALS=/tmp/gcp_key.json && python /opt/***/jobs/gold_processing.py london_bike_data_bronze london-bike-502619']
[2026-09-05T16:38:37.021+0000] {subprocess.py:86} INFO - Output:
[2026-09-05T16:38:42.286+0000] {subprocess.py:93} INFO - /home/***/.local/lib/python3.12/site-packages/pyspark/bin/load-spark-env.sh: line 68: ps: command not found
[2026-09-05T16:38:54.183+0000] {subprocess.py:93} INFO - :: loading settings :: url = jar:file:/home/***/.local/lib/python3.12/site-packages/pyspark/jars/ivy-2.5.1.jar!/org/apache/ivy/core/settings/ivysettings.xml
[2026-09-05T16:38:55.010+0000] {subprocess.py:93} INFO - Ivy Default Cache set to: /home/***/.ivy2/cache
[2026-09-05T16:38:55.031+0000] {subprocess.py:93} INFO - The jars for the packages stored in: /home/***/.ivy2/jars
[2026-09-05T16:38:55.064+0000] {subprocess.py:93} INFO - com.google.cloud.bigdataoss#gcs-connector added as a dependency
[2026-09-05T16:38:55.088+0000] {subprocess.py:93} INFO - com.google.cloud.spark#spark-bigquery-with-dependencies_2.12 added as a dependency
[2026-09-05T16:38:55.135+0000] {subprocess.py:93} INFO - :: resolving dependencies :: org.apache.spark#spark-submit-parent-7ffade21-ba29-4e13-b842-7776d716645b;1.0
[2026-09-05T16:38:55.171+0000] {subprocess.py:93} INFO - 	confs: [default]
[2026-09-05T16:38:56.189+0000] {subprocess.py:93} INFO - 	found com.google.cloud.bigdataoss#gcs-connector;hadoop3-2.2.22 in central
[2026-09-05T16:38:56.415+0000] {subprocess.py:93} INFO - 	found com.google.api-client#google-api-client-jackson2;2.0.1 in central
[2026-09-05T16:38:56.750+0000] {subprocess.py:93} INFO - 	found com.google.api-client#google-api-client;2.0.1 in central
[2026-09-05T16:38:57.131+0000] {subprocess.py:93} INFO - 	found com.google.oauth-client#google-oauth-client;1.34.1 in central
[2026-09-05T16:38:57.633+0000] {subprocess.py:93} INFO - 	found com.google.http-client#google-http-client;1.42.3 in central
[2026-09-05T16:38:57.874+0000] {subprocess.py:93} INFO - 	found org.apache.httpcomponents#httpclient;4.5.13 in central
[2026-09-05T16:38:58.130+0000] {subprocess.py:93} INFO - 	found org.apache.httpcomponents#httpcore;4.4.15 in central
[2026-09-05T16:38:58.327+0000] {subprocess.py:93} INFO - 	found commons-logging#commons-logging;1.2 in central
[2026-09-05T16:38:58.443+0000] {subprocess.py:93} INFO - 	found commons-codec#commons-codec;1.15 in central
[2026-09-05T16:38:58.757+0000] {subprocess.py:93} INFO - 	found com.google.code.findbugs#jsr305;3.0.2 in central
[2026-09-05T16:38:58.945+0000] {subprocess.py:93} INFO - 	found com.google.errorprone#error_prone_annotations;2.16 in central
[2026-09-05T16:38:59.018+0000] {subprocess.py:93} INFO - 	found com.google.guava#guava;33.1.0-jre in central
[2026-09-05T16:38:59.093+0000] {subprocess.py:93} INFO - 	found com.google.guava#failureaccess;1.0.2 in central
[2026-09-05T16:38:59.152+0000] {subprocess.py:93} INFO - 	found com.google.guava#listenablefuture;9999.0-empty-to-avoid-conflict-with-guava in central
[2026-09-05T16:38:59.214+0000] {subprocess.py:93} INFO - 	found org.checkerframework#checker-qual;3.42.0 in central
[2026-09-05T16:38:59.277+0000] {subprocess.py:93} INFO - 	found com.google.j2objc#j2objc-annotations;1.3 in central
[2026-09-05T16:38:59.333+0000] {subprocess.py:93} INFO - 	found io.opencensus#opencensus-api;0.31.1 in central
[2026-09-05T16:38:59.382+0000] {subprocess.py:93} INFO - 	found io.grpc#grpc-context;1.62.2 in central
[2026-09-05T16:38:59.444+0000] {subprocess.py:93} INFO - 	found io.opencensus#opencensus-contrib-http-util;0.31.1 in central
[2026-09-05T16:38:59.614+0000] {subprocess.py:93} INFO - 	found com.google.http-client#google-http-client-gson;1.42.3 in central
[2026-09-05T16:38:59.810+0000] {subprocess.py:93} INFO - 	found com.google.code.gson#gson;2.8.9 in central
[2026-09-05T16:38:59.998+0000] {subprocess.py:93} INFO - 	found io.grpc#grpc-api;1.62.2 in central
[2026-09-05T16:39:00.149+0000] {subprocess.py:93} INFO - 	found com.google.http-client#google-http-client-apache-v2;1.42.3 in central
[2026-09-05T16:39:00.250+0000] {subprocess.py:93} INFO - 	found com.google.cloud.bigdataoss#util;2.2.22 in central
[2026-09-05T16:39:00.306+0000] {subprocess.py:93} INFO - 	found com.google.http-client#google-http-client-jackson2;1.42.3 in central
[2026-09-05T16:39:00.357+0000] {subprocess.py:93} INFO - 	found com.fasterxml.jackson.core#jackson-core;2.13.4 in central
[2026-09-05T16:39:00.398+0000] {subprocess.py:93} INFO - 	found com.google.apis#google-api-services-iamcredentials;v1-rev20211203-2.0.0 in central
[2026-09-05T16:39:00.443+0000] {subprocess.py:93} INFO - 	found com.google.apis#google-api-services-storage;v1-rev20240105-2.0.0 in central
[2026-09-05T16:39:00.620+0000] {subprocess.py:93} INFO - 	found com.google.api-client#google-api-client;2.2.0 in central
[2026-09-05T16:39:00.759+0000] {subprocess.py:93} INFO - 	found org.apache.httpcomponents#httpcore;4.4.16 in central
[2026-09-05T16:39:00.888+0000] {subprocess.py:93} INFO - 	found com.google.auto.value#auto-value-annotations;1.10.4 in central
[2026-09-05T16:39:01.061+0000] {subprocess.py:93} INFO - 	found com.google.auth#google-auth-library-oauth2-http;1.22.0 in central
[2026-09-05T16:39:01.250+0000] {subprocess.py:93} INFO - 	found com.google.auth#google-auth-library-credentials;1.22.0 in central
[2026-09-05T16:39:01.486+0000] {subprocess.py:93} INFO - 	found com.google.http-client#google-http-client;1.43.3 in central
[2026-09-05T16:39:01.684+0000] {subprocess.py:93} INFO - 	found com.google.errorprone#error_prone_annotations;2.18.0 in central
[2026-09-05T16:39:01.732+0000] {subprocess.py:93} INFO - 	found com.google.j2objc#j2objc-annotations;2.8 in central
[2026-09-05T16:39:01.787+0000] {subprocess.py:93} INFO - 	found com.google.http-client#google-http-client-gson;1.43.3 in central
[2026-09-05T16:39:01.876+0000] {subprocess.py:93} INFO - 	found com.google.flogger#google-extensions;0.7.1 in central
[2026-09-05T16:39:01.931+0000] {subprocess.py:93} INFO - 	found com.google.flogger#flogger;0.7.1 in central
[2026-09-05T16:39:02.003+0000] {subprocess.py:93} INFO - 	found org.checkerframework#checker-compat-qual;2.5.3 in central
[2026-09-05T16:39:02.051+0000] {subprocess.py:93} INFO - 	found com.google.flogger#flogger-system-backend;0.7.1 in central
[2026-09-05T16:39:02.188+0000] {subprocess.py:93} INFO - 	found com.google.cloud.bigdataoss#util-hadoop;hadoop3-2.2.22 in central
[2026-09-05T16:39:02.284+0000] {subprocess.py:93} INFO - 	found com.google.cloud.bigdataoss#gcsio;2.2.22 in central
[2026-09-05T16:39:02.338+0000] {subprocess.py:93} INFO - 	found io.grpc#grpc-alts;1.62.2 in central
[2026-09-05T16:39:02.379+0000] {subprocess.py:93} INFO - 	found io.grpc#grpc-auth;1.62.2 in central
[2026-09-05T16:39:02.429+0000] {subprocess.py:93} INFO - 	found io.grpc#grpc-core;1.62.2 in central
[2026-09-05T16:39:02.458+0000] {subprocess.py:93} INFO - 	found io.grpc#grpc-grpclb;1.62.2 in central
[2026-09-05T16:39:02.491+0000] {subprocess.py:93} INFO - 	found io.grpc#grpc-protobuf;1.62.2 in central
[2026-09-05T16:39:02.532+0000] {subprocess.py:93} INFO - 	found com.google.protobuf#protobuf-java;3.25.3 in central
[2026-09-05T16:39:02.568+0000] {subprocess.py:93} INFO - 	found com.google.api.grpc#proto-google-common-protos;2.29.0 in central
[2026-09-05T16:39:02.637+0000] {subprocess.py:93} INFO - 	found io.grpc#grpc-stub;1.62.2 in central
[2026-09-05T16:39:02.723+0000] {subprocess.py:93} INFO - 	found org.conscrypt#conscrypt-openjdk-uber;2.5.2 in central
[2026-09-05T16:39:02.795+0000] {subprocess.py:93} INFO - 	found io.grpc#grpc-netty-shaded;1.62.2 in central
[2026-09-05T16:39:02.834+0000] {subprocess.py:93} INFO - 	found io.grpc#grpc-census;1.62.2 in central
[2026-09-05T16:39:02.936+0000] {subprocess.py:93} INFO - 	found com.google.cloud#google-cloud-storage;2.37.0 in central
[2026-09-05T16:39:03.082+0000] {subprocess.py:93} INFO - 	found com.google.errorprone#error_prone_annotations;2.26.1 in central
[2026-09-05T16:39:03.137+0000] {subprocess.py:93} INFO - 	found com.google.j2objc#j2objc-annotations;3.0.0 in central
[2026-09-05T16:39:03.208+0000] {subprocess.py:93} INFO - 	found com.google.http-client#google-http-client;1.44.1 in central
[2026-09-05T16:39:03.323+0000] {subprocess.py:93} INFO - 	found com.google.http-client#google-http-client-gson;1.44.1 in central
[2026-09-05T16:39:03.406+0000] {subprocess.py:93} INFO - 	found com.google.api-client#google-api-client;2.4.0 in central
[2026-09-05T16:39:03.450+0000] {subprocess.py:93} INFO - 	found commons-codec#commons-codec;1.16.1 in central
[2026-09-05T16:39:03.565+0000] {subprocess.py:93} INFO - 	found com.google.http-client#google-http-client-apache-v2;1.44.1 in central
[2026-09-05T16:39:03.688+0000] {subprocess.py:93} INFO - 	found com.google.cloud#google-cloud-core;2.5.4 in central
[2026-09-05T16:39:03.869+0000] {subprocess.py:93} INFO - 	found com.google.protobuf#protobuf-java-util;3.25.3 in central
[2026-09-05T16:39:04.009+0000] {subprocess.py:93} INFO - 	found com.google.api.grpc#proto-google-iam-v1;1.1.7 in central
[2026-09-05T16:39:04.195+0000] {subprocess.py:93} INFO - 	found com.google.cloud#google-cloud-core-http;2.37.0 in central
[2026-09-05T16:39:04.270+0000] {subprocess.py:93} INFO - 	found com.google.http-client#google-http-client-appengine;1.44.1 in central
[2026-09-05T16:39:04.416+0000] {subprocess.py:93} INFO - 	found com.google.api#gax-httpjson;2.47.0 in central
[2026-09-05T16:39:04.483+0000] {subprocess.py:93} INFO - 	found com.google.cloud#google-cloud-core-grpc;2.37.0 in central
[2026-09-05T16:39:04.523+0000] {subprocess.py:93} INFO - 	found com.google.api#gax;2.47.0 in central
[2026-09-05T16:39:04.578+0000] {subprocess.py:93} INFO - 	found io.opentelemetry#opentelemetry-api;1.37.0 in central
[2026-09-05T16:39:04.658+0000] {subprocess.py:93} INFO - 	found io.opentelemetry#opentelemetry-context;1.37.0 in central
[2026-09-05T16:39:04.914+0000] {subprocess.py:93} INFO - 	found com.google.api#gax-grpc;2.42.0 in central
[2026-09-05T16:39:05.553+0000] {subprocess.py:93} INFO - 	found io.grpc#grpc-inprocess;1.62.2 in central
[2026-09-05T16:39:05.621+0000] {subprocess.py:93} INFO - 	found com.google.api#api-common;2.30.0 in central
[2026-09-05T16:39:05.758+0000] {subprocess.py:93} INFO - 	found javax.annotation#javax.annotation-api;1.3.2 in central
[2026-09-05T16:39:06.100+0000] {subprocess.py:93} INFO - 	found com.google.api.grpc#proto-google-common-protos;2.38.0 in central
[2026-09-05T16:39:06.158+0000] {subprocess.py:93} INFO - 	found org.threeten#threetenbp;1.6.9 in central
[2026-09-05T16:39:06.210+0000] {subprocess.py:93} INFO - 	found com.google.api.grpc#proto-google-cloud-storage-v2;2.37.0-alpha in central
[2026-09-05T16:39:06.281+0000] {subprocess.py:93} INFO - 	found com.google.api.grpc#grpc-google-cloud-storage-v2;2.37.0-alpha in central
[2026-09-05T16:39:06.378+0000] {subprocess.py:93} INFO - 	found com.google.api.grpc#gapic-google-cloud-storage-v2;2.37.0-alpha in central
[2026-09-05T16:39:06.459+0000] {subprocess.py:93} INFO - 	found com.fasterxml.jackson.core#jackson-core;2.17.0 in central
[2026-09-05T16:39:06.718+0000] {subprocess.py:93} INFO - 	found com.google.cloud#google-cloud-storage-control;2.37.0-alpha in central
[2026-09-05T16:39:06.932+0000] {subprocess.py:93} INFO - 	found com.google.api.grpc#proto-google-cloud-storage-control-v2;2.37.0-alpha in central
[2026-09-05T16:39:07.194+0000] {subprocess.py:93} INFO - 	found io.grpc#grpc-xds;1.62.2 in central
[2026-09-05T16:39:07.224+0000] {subprocess.py:93} INFO - 	found io.opencensus#opencensus-proto;0.2.0 in central
[2026-09-05T16:39:07.262+0000] {subprocess.py:93} INFO - 	found io.grpc#grpc-util;1.62.2 in central
[2026-09-05T16:39:07.296+0000] {subprocess.py:93} INFO - 	found io.grpc#grpc-services;1.62.2 in central
[2026-09-05T16:39:07.324+0000] {subprocess.py:93} INFO - 	found com.google.re2j#re2j;1.7 in central
[2026-09-05T16:39:07.363+0000] {subprocess.py:93} INFO - 	found io.opencensus#opencensus-impl;0.31.0 in central
[2026-09-05T16:39:07.387+0000] {subprocess.py:93} INFO - 	found io.opencensus#opencensus-impl-core;0.31.0 in central
[2026-09-05T16:39:07.432+0000] {subprocess.py:93} INFO - 	found com.lmax#disruptor;3.4.2 in central
[2026-09-05T16:39:07.457+0000] {subprocess.py:93} INFO - 	found io.opencensus#opencensus-exporter-stats-stackdriver;0.31.0 in central
[2026-09-05T16:39:07.483+0000] {subprocess.py:93} INFO - 	found io.opencensus#opencensus-contrib-exemplar-util;0.31.0 in central
[2026-09-05T16:39:07.520+0000] {subprocess.py:93} INFO - 	found io.opencensus#opencensus-contrib-resource-util;0.31.0 in central
[2026-09-05T16:39:07.587+0000] {subprocess.py:93} INFO - 	found io.opencensus#opencensus-exporter-metrics-util;0.31.0 in central
[2026-09-05T16:39:07.806+0000] {subprocess.py:93} INFO - 	found com.google.cloud#google-cloud-monitoring;1.82.0 in central
[2026-09-05T16:39:07.980+0000] {subprocess.py:93} INFO - 	found com.google.api.grpc#proto-google-cloud-monitoring-v3;1.64.0 in central
[2026-09-05T16:39:08.097+0000] {subprocess.py:93} INFO - 	found io.opencensus#opencensus-contrib-grpc-metrics;0.31.0 in central
[2026-09-05T16:39:08.262+0000] {subprocess.py:93} INFO - 	found com.google.android#annotations;4.1.1.4 in central
[2026-09-05T16:39:08.299+0000] {subprocess.py:93} INFO - 	found org.codehaus.mojo#animal-sniffer-annotations;1.23 in central
[2026-09-05T16:39:08.350+0000] {subprocess.py:93} INFO - 	found io.perfmark#perfmark-api;0.26.0 in central
[2026-09-05T16:39:08.424+0000] {subprocess.py:93} INFO - 	found io.grpc#grpc-protobuf-lite;1.62.2 in central
[2026-09-05T16:39:08.912+0000] {subprocess.py:93} INFO - 	found io.perfmark#perfmark-api;0.27.0 in central
[2026-09-05T16:39:09.030+0000] {subprocess.py:93} INFO - 	found io.grpc#grpc-googleapis;1.62.2 in central
[2026-09-05T16:39:09.431+0000] {subprocess.py:93} INFO - 	found io.grpc#grpc-rls;1.62.2 in central
[2026-09-05T16:39:09.515+0000] {subprocess.py:93} INFO - 	found com.google.cloud.spark#spark-bigquery-with-dependencies_2.12;0.34.0 in central
[2026-09-05T16:39:12.929+0000] {subprocess.py:93} INFO - downloading https://repo1.maven.org/maven2/com/google/api/grpc/proto-google-cloud-storage-control-v2/2.37.0-alpha/proto-google-cloud-storage-control-v2-2.37.0-alpha.jar ...
[2026-09-05T16:39:13.755+0000] {subprocess.py:93} INFO - 	[SUCCESSFUL ] com.google.api.grpc#proto-google-cloud-storage-control-v2;2.37.0-alpha!proto-google-cloud-storage-control-v2.jar (4003ms)
[2026-09-05T16:39:13.963+0000] {subprocess.py:93} INFO - downloading https://repo1.maven.org/maven2/io/opencensus/opencensus-contrib-exemplar-util/0.31.0/opencensus-contrib-exemplar-util-0.31.0.jar ...
[2026-09-05T16:39:14.158+0000] {subprocess.py:93} INFO - 	[SUCCESSFUL ] io.opencensus#opencensus-contrib-exemplar-util;0.31.0!opencensus-contrib-exemplar-util.jar (362ms)
[2026-09-05T16:39:14.378+0000] {subprocess.py:93} INFO - downloading https://repo1.maven.org/maven2/io/opencensus/opencensus-contrib-resource-util/0.31.0/opencensus-contrib-resource-util-0.31.0.jar ...
[2026-09-05T16:39:14.609+0000] {subprocess.py:93} INFO - 	[SUCCESSFUL ] io.opencensus#opencensus-contrib-resource-util;0.31.0!opencensus-contrib-resource-util.jar (422ms)
[2026-09-05T16:39:14.782+0000] {subprocess.py:93} INFO - downloading https://repo1.maven.org/maven2/io/opencensus/opencensus-exporter-metrics-util/0.31.0/opencensus-exporter-metrics-util-0.31.0.jar ...
[2026-09-05T16:39:14.994+0000] {subprocess.py:93} INFO - 	[SUCCESSFUL ] io.opencensus#opencensus-exporter-metrics-util;0.31.0!opencensus-exporter-metrics-util.jar (387ms)
[2026-09-05T16:39:15.199+0000] {subprocess.py:93} INFO - downloading https://repo1.maven.org/maven2/com/google/cloud/google-cloud-monitoring/1.82.0/google-cloud-monitoring-1.82.0.jar ...
[2026-09-05T16:39:15.545+0000] {subprocess.py:93} INFO - 	[SUCCESSFUL ] com.google.cloud#google-cloud-monitoring;1.82.0!google-cloud-monitoring.jar (522ms)
[2026-09-05T16:39:15.751+0000] {subprocess.py:93} INFO - downloading https://repo1.maven.org/maven2/com/google/api/grpc/proto-google-cloud-monitoring-v3/1.64.0/proto-google-cloud-monitoring-v3-1.64.0.jar ...
[2026-09-05T16:39:17.023+0000] {subprocess.py:93} INFO - downloading https://repo1.maven.org/maven2/com/google/android/annotations/4.1.1.4/annotations-4.1.1.4.jar ...
[2026-09-05T16:39:17.191+0000] {subprocess.py:93} INFO - 	[SUCCESSFUL ] com.google.android#annotations;4.1.1.4!annotations.jar (341ms)
[2026-09-05T16:39:17.402+0000] {subprocess.py:93} INFO - downloading https://repo1.maven.org/maven2/org/codehaus/mojo/animal-sniffer-annotations/1.23/animal-sniffer-annotations-1.23.jar ...
[2026-09-05T16:39:17.570+0000] {subprocess.py:93} INFO - 	[SUCCESSFUL ] org.codehaus.mojo#animal-sniffer-annotations;1.23!animal-sniffer-annotations.jar (373ms)
[2026-09-05T16:39:17.766+0000] {subprocess.py:93} INFO - downloading https://repo1.maven.org/maven2/io/grpc/grpc-protobuf-lite/1.62.2/grpc-protobuf-lite-1.62.2.jar ...
[2026-09-05T16:39:17.942+0000] {subprocess.py:93} INFO - 	[SUCCESSFUL ] io.grpc#grpc-protobuf-lite;1.62.2!grpc-protobuf-lite.jar (370ms)
[2026-09-05T16:39:18.142+0000] {subprocess.py:93} INFO - downloading https://repo1.maven.org/maven2/io/perfmark/perfmark-api/0.27.0/perfmark-api-0.27.0.jar ...
[2026-09-05T16:39:18.341+0000] {subprocess.py:93} INFO - 	[SUCCESSFUL ] io.perfmark#perfmark-api;0.27.0!perfmark-api.jar (395ms)
[2026-09-05T16:39:18.506+0000] {subprocess.py:93} INFO - downloading https://repo1.maven.org/maven2/io/grpc/grpc-googleapis/1.62.2/grpc-googleapis-1.62.2.jar ...
[2026-09-05T16:39:18.710+0000] {subprocess.py:93} INFO - 	[SUCCESSFUL ] io.grpc#grpc-googleapis;1.62.2!grpc-googleapis.jar (366ms)
[2026-09-05T16:39:18.927+0000] {subprocess.py:93} INFO - downloading https://repo1.maven.org/maven2/io/grpc/grpc-rls/1.62.2/grpc-rls-1.62.2.jar ...
[2026-09-05T16:39:19.258+0000] {subprocess.py:93} INFO - 	[SUCCESSFUL ] io.grpc#grpc-rls;1.62.2!grpc-rls.jar (544ms)
[2026-09-05T16:39:19.268+0000] {subprocess.py:93} INFO - :: resolution report :: resolve 14507ms :: artifacts dl 9666ms
[2026-09-05T16:39:19.272+0000] {subprocess.py:93} INFO - 	:: modules in use:
[2026-09-05T16:39:19.289+0000] {subprocess.py:93} INFO - 	com.fasterxml.jackson.core#jackson-core;2.17.0 from central in [default]
[2026-09-05T16:39:19.300+0000] {subprocess.py:93} INFO - 	com.google.android#annotations;4.1.1.4 from central in [default]
[2026-09-05T16:39:19.311+0000] {subprocess.py:93} INFO - 	com.google.api#api-common;2.30.0 from central in [default]
[2026-09-05T16:39:19.320+0000] {subprocess.py:93} INFO - 	com.google.api#gax;2.47.0 from central in [default]
[2026-09-05T16:39:19.343+0000] {subprocess.py:93} INFO - 	com.google.api#gax-grpc;2.42.0 from central in [default]
[2026-09-05T16:39:19.360+0000] {subprocess.py:93} INFO - 	com.google.api#gax-httpjson;2.47.0 from central in [default]
[2026-09-05T16:39:19.372+0000] {subprocess.py:93} INFO - 	com.google.api-client#google-api-client;2.4.0 from central in [default]
[2026-09-05T16:39:19.397+0000] {subprocess.py:93} INFO - 	com.google.api-client#google-api-client-jackson2;2.0.1 from central in [default]
[2026-09-05T16:39:19.438+0000] {subprocess.py:93} INFO - 	com.google.api.grpc#gapic-google-cloud-storage-v2;2.37.0-alpha from central in [default]
[2026-09-05T16:39:19.454+0000] {subprocess.py:93} INFO - 	com.google.api.grpc#grpc-google-cloud-storage-v2;2.37.0-alpha from central in [default]
[2026-09-05T16:39:19.465+0000] {subprocess.py:93} INFO - 	com.google.api.grpc#proto-google-cloud-monitoring-v3;1.64.0 from central in [default]
[2026-09-05T16:39:19.478+0000] {subprocess.py:93} INFO - 	com.google.api.grpc#proto-google-cloud-storage-control-v2;2.37.0-alpha from central in [default]
[2026-09-05T16:39:19.500+0000] {subprocess.py:93} INFO - 	com.google.api.grpc#proto-google-cloud-storage-v2;2.37.0-alpha from central in [default]
[2026-09-05T16:39:19.523+0000] {subprocess.py:93} INFO - 	com.google.api.grpc#proto-google-common-protos;2.38.0 from central in [default]
[2026-09-05T16:39:19.528+0000] {subprocess.py:93} INFO - 	com.google.api.grpc#proto-google-iam-v1;1.1.7 from central in [default]
[2026-09-05T16:39:19.541+0000] {subprocess.py:93} INFO - 	com.google.apis#google-api-services-iamcredentials;v1-rev20211203-2.0.0 from central in [default]
[2026-09-05T16:39:19.550+0000] {subprocess.py:93} INFO - 	com.google.apis#google-api-services-storage;v1-rev20240105-2.0.0 from central in [default]
[2026-09-05T16:39:19.571+0000] {subprocess.py:93} INFO - 	com.google.auth#google-auth-library-credentials;1.22.0 from central in [default]
[2026-09-05T16:39:19.590+0000] {subprocess.py:93} INFO - 	com.google.auth#google-auth-library-oauth2-http;1.22.0 from central in [default]
[2026-09-05T16:39:19.606+0000] {subprocess.py:93} INFO - 	com.google.auto.value#auto-value-annotations;1.10.4 from central in [default]
[2026-09-05T16:39:19.635+0000] {subprocess.py:93} INFO - 	com.google.cloud#google-cloud-core;2.5.4 from central in [default]
[2026-09-05T16:39:19.655+0000] {subprocess.py:93} INFO - 	com.google.cloud#google-cloud-core-grpc;2.37.0 from central in [default]
[2026-09-05T16:39:19.662+0000] {subprocess.py:93} INFO - 	com.google.cloud#google-cloud-core-http;2.37.0 from central in [default]
[2026-09-05T16:39:19.679+0000] {subprocess.py:93} INFO - 	com.google.cloud#google-cloud-monitoring;1.82.0 from central in [default]
[2026-09-05T16:39:19.703+0000] {subprocess.py:93} INFO - 	com.google.cloud#google-cloud-storage;2.37.0 from central in [default]
[2026-09-05T16:39:19.730+0000] {subprocess.py:93} INFO - 	com.google.cloud#google-cloud-storage-control;2.37.0-alpha from central in [default]
[2026-09-05T16:39:19.745+0000] {subprocess.py:93} INFO - 	com.google.cloud.bigdataoss#gcs-connector;hadoop3-2.2.22 from central in [default]
[2026-09-05T16:39:19.752+0000] {subprocess.py:93} INFO - 	com.google.cloud.bigdataoss#gcsio;2.2.22 from central in [default]
[2026-09-05T16:39:19.758+0000] {subprocess.py:93} INFO - 	com.google.cloud.bigdataoss#util;2.2.22 from central in [default]
[2026-09-05T16:39:19.796+0000] {subprocess.py:93} INFO - 	com.google.cloud.bigdataoss#util-hadoop;hadoop3-2.2.22 from central in [default]
[2026-09-05T16:39:19.802+0000] {subprocess.py:93} INFO - 	com.google.cloud.spark#spark-bigquery-with-dependencies_2.12;0.34.0 from central in [default]
[2026-09-05T16:39:19.809+0000] {subprocess.py:93} INFO - 	com.google.code.findbugs#jsr305;3.0.2 from central in [default]
[2026-09-05T16:39:19.827+0000] {subprocess.py:93} INFO - 	com.google.code.gson#gson;2.8.9 from central in [default]
[2026-09-05T16:39:19.832+0000] {subprocess.py:93} INFO - 	com.google.errorprone#error_prone_annotations;2.26.1 from central in [default]
[2026-09-05T16:39:19.835+0000] {subprocess.py:93} INFO - 	com.google.flogger#flogger;0.7.1 from central in [default]
[2026-09-05T16:39:19.853+0000] {subprocess.py:93} INFO - 	com.google.flogger#flogger-system-backend;0.7.1 from central in [default]
[2026-09-05T16:39:19.855+0000] {subprocess.py:93} INFO - 	com.google.flogger#google-extensions;0.7.1 from central in [default]
[2026-09-05T16:39:19.866+0000] {subprocess.py:93} INFO - 	com.google.guava#failureaccess;1.0.2 from central in [default]
[2026-09-05T16:39:19.869+0000] {subprocess.py:93} INFO - 	com.google.guava#guava;33.1.0-jre from central in [default]
[2026-09-05T16:39:19.882+0000] {subprocess.py:93} INFO - 	com.google.guava#listenablefuture;9999.0-empty-to-avoid-conflict-with-guava from central in [default]
[2026-09-05T16:39:19.887+0000] {subprocess.py:93} INFO - 	com.google.http-client#google-http-client;1.44.1 from central in [default]
[2026-09-05T16:39:19.890+0000] {subprocess.py:93} INFO - 	com.google.http-client#google-http-client-apache-v2;1.44.1 from central in [default]
[2026-09-05T16:39:19.905+0000] {subprocess.py:93} INFO - 	com.google.http-client#google-http-client-appengine;1.44.1 from central in [default]
[2026-09-05T16:39:19.925+0000] {subprocess.py:93} INFO - 	com.google.http-client#google-http-client-gson;1.44.1 from central in [default]
[2026-09-05T16:39:19.945+0000] {subprocess.py:93} INFO - 	com.google.http-client#google-http-client-jackson2;1.42.3 from central in [default]
[2026-09-05T16:39:19.951+0000] {subprocess.py:93} INFO - 	com.google.j2objc#j2objc-annotations;3.0.0 from central in [default]
[2026-09-05T16:39:19.954+0000] {subprocess.py:93} INFO - 	com.google.oauth-client#google-oauth-client;1.34.1 from central in [default]
[2026-09-05T16:39:19.966+0000] {subprocess.py:93} INFO - 	com.google.protobuf#protobuf-java;3.25.3 from central in [default]
[2026-09-05T16:39:19.970+0000] {subprocess.py:93} INFO - 	com.google.protobuf#protobuf-java-util;3.25.3 from central in [default]
[2026-09-05T16:39:19.974+0000] {subprocess.py:93} INFO - 	com.google.re2j#re2j;1.7 from central in [default]
[2026-09-05T16:39:19.992+0000] {subprocess.py:93} INFO - 	com.lmax#disruptor;3.4.2 from central in [default]
[2026-09-05T16:39:20.009+0000] {subprocess.py:93} INFO - 	commons-codec#commons-codec;1.16.1 from central in [default]
[2026-09-05T16:39:20.017+0000] {subprocess.py:93} INFO - 	commons-logging#commons-logging;1.2 from central in [default]
[2026-09-05T16:39:20.031+0000] {subprocess.py:93} INFO - 	io.grpc#grpc-alts;1.62.2 from central in [default]
[2026-09-05T16:39:20.037+0000] {subprocess.py:93} INFO - 	io.grpc#grpc-api;1.62.2 from central in [default]
[2026-09-05T16:39:20.057+0000] {subprocess.py:93} INFO - 	io.grpc#grpc-auth;1.62.2 from central in [default]
[2026-09-05T16:39:20.061+0000] {subprocess.py:93} INFO - 	io.grpc#grpc-census;1.62.2 from central in [default]
[2026-09-05T16:39:20.075+0000] {subprocess.py:93} INFO - 	io.grpc#grpc-context;1.62.2 from central in [default]
[2026-09-05T16:39:20.088+0000] {subprocess.py:93} INFO - 	io.grpc#grpc-core;1.62.2 from central in [default]
[2026-09-05T16:39:20.118+0000] {subprocess.py:93} INFO - 	io.grpc#grpc-googleapis;1.62.2 from central in [default]
[2026-09-05T16:39:20.124+0000] {subprocess.py:93} INFO - 	io.grpc#grpc-grpclb;1.62.2 from central in [default]
[2026-09-05T16:39:20.140+0000] {subprocess.py:93} INFO - 	io.grpc#grpc-inprocess;1.62.2 from central in [default]
[2026-09-05T16:39:20.151+0000] {subprocess.py:93} INFO - 	io.grpc#grpc-netty-shaded;1.62.2 from central in [default]
[2026-09-05T16:39:20.158+0000] {subprocess.py:93} INFO - 	io.grpc#grpc-protobuf;1.62.2 from central in [default]
[2026-09-05T16:39:20.172+0000] {subprocess.py:93} INFO - 	io.grpc#grpc-protobuf-lite;1.62.2 from central in [default]
[2026-09-05T16:39:20.177+0000] {subprocess.py:93} INFO - 	io.grpc#grpc-rls;1.62.2 from central in [default]
[2026-09-05T16:39:20.197+0000] {subprocess.py:93} INFO - 	io.grpc#grpc-services;1.62.2 from central in [default]
[2026-09-05T16:39:20.200+0000] {subprocess.py:93} INFO - 	io.grpc#grpc-stub;1.62.2 from central in [default]
[2026-09-05T16:39:20.205+0000] {subprocess.py:93} INFO - 	io.grpc#grpc-util;1.62.2 from central in [default]
[2026-09-05T16:39:20.223+0000] {subprocess.py:93} INFO - 	io.grpc#grpc-xds;1.62.2 from central in [default]
[2026-09-05T16:39:20.269+0000] {subprocess.py:93} INFO - 	io.opencensus#opencensus-api;0.31.1 from central in [default]
[2026-09-05T16:39:20.298+0000] {subprocess.py:93} INFO - 	io.opencensus#opencensus-contrib-exemplar-util;0.31.0 from central in [default]
[2026-09-05T16:39:20.324+0000] {subprocess.py:93} INFO - 	io.opencensus#opencensus-contrib-grpc-metrics;0.31.0 from central in [default]
[2026-09-05T16:39:20.354+0000] {subprocess.py:93} INFO - 	io.opencensus#opencensus-contrib-http-util;0.31.1 from central in [default]
[2026-09-05T16:39:20.386+0000] {subprocess.py:93} INFO - 	io.opencensus#opencensus-contrib-resource-util;0.31.0 from central in [default]
[2026-09-05T16:39:20.421+0000] {subprocess.py:93} INFO - 	io.opencensus#opencensus-exporter-metrics-util;0.31.0 from central in [default]
[2026-09-05T16:39:20.435+0000] {subprocess.py:93} INFO - 	io.opencensus#opencensus-exporter-stats-stackdriver;0.31.0 from central in [default]
[2026-09-05T16:39:20.469+0000] {subprocess.py:93} INFO - 	io.opencensus#opencensus-impl;0.31.0 from central in [default]
[2026-09-05T16:39:20.484+0000] {subprocess.py:93} INFO - 	io.opencensus#opencensus-impl-core;0.31.0 from central in [default]
[2026-09-05T16:39:20.509+0000] {subprocess.py:93} INFO - 	io.opencensus#opencensus-proto;0.2.0 from central in [default]
[2026-09-05T16:39:20.552+0000] {subprocess.py:93} INFO - 	io.opentelemetry#opentelemetry-api;1.37.0 from central in [default]
[2026-09-05T16:39:20.563+0000] {subprocess.py:93} INFO - 	io.opentelemetry#opentelemetry-context;1.37.0 from central in [default]
[2026-09-05T16:39:20.587+0000] {subprocess.py:93} INFO - 	io.perfmark#perfmark-api;0.27.0 from central in [default]
[2026-09-05T16:39:20.605+0000] {subprocess.py:93} INFO - 	javax.annotation#javax.annotation-api;1.3.2 from central in [default]
[2026-09-05T16:39:20.611+0000] {subprocess.py:93} INFO - 	org.apache.httpcomponents#httpclient;4.5.13 from central in [default]
[2026-09-05T16:39:20.617+0000] {subprocess.py:93} INFO - 	org.apache.httpcomponents#httpcore;4.4.16 from central in [default]
[2026-09-05T16:39:20.639+0000] {subprocess.py:93} INFO - 	org.checkerframework#checker-compat-qual;2.5.3 from central in [default]
[2026-09-05T16:39:20.645+0000] {subprocess.py:93} INFO - 	org.checkerframework#checker-qual;3.42.0 from central in [default]
[2026-09-05T16:39:20.662+0000] {subprocess.py:93} INFO - 	org.codehaus.mojo#animal-sniffer-annotations;1.23 from central in [default]
[2026-09-05T16:39:20.669+0000] {subprocess.py:93} INFO - 	org.conscrypt#conscrypt-openjdk-uber;2.5.2 from central in [default]
[2026-09-05T16:39:20.683+0000] {subprocess.py:93} INFO - 	org.threeten#threetenbp;1.6.9 from central in [default]
[2026-09-05T16:39:20.699+0000] {subprocess.py:93} INFO - 	:: evicted modules:
[2026-09-05T16:39:20.703+0000] {subprocess.py:93} INFO - 	com.google.api-client#google-api-client;2.0.1 by [com.google.api-client#google-api-client;2.2.0] in [default]
[2026-09-05T16:39:20.707+0000] {subprocess.py:93} INFO - 	com.google.http-client#google-http-client;1.42.3 by [com.google.http-client#google-http-client;1.43.3] in [default]
[2026-09-05T16:39:20.719+0000] {subprocess.py:93} INFO - 	org.apache.httpcomponents#httpcore;4.4.15 by [org.apache.httpcomponents#httpcore;4.4.16] in [default]
[2026-09-05T16:39:20.723+0000] {subprocess.py:93} INFO - 	commons-codec#commons-codec;1.15 by [commons-codec#commons-codec;1.16.1] in [default]
[2026-09-05T16:39:20.734+0000] {subprocess.py:93} INFO - 	com.google.errorprone#error_prone_annotations;2.16 by [com.google.errorprone#error_prone_annotations;2.18.0] in [default]
[2026-09-05T16:39:20.738+0000] {subprocess.py:93} INFO - 	com.google.j2objc#j2objc-annotations;1.3 by [com.google.j2objc#j2objc-annotations;2.8] in [default]
[2026-09-05T16:39:20.751+0000] {subprocess.py:93} INFO - 	com.google.http-client#google-http-client-gson;1.42.3 by [com.google.http-client#google-http-client-gson;1.43.3] in [default]
[2026-09-05T16:39:20.767+0000] {subprocess.py:93} INFO - 	com.google.http-client#google-http-client-apache-v2;1.42.3 by [com.google.http-client#google-http-client-apache-v2;1.44.1] in [default]
[2026-09-05T16:39:20.775+0000] {subprocess.py:93} INFO - 	com.fasterxml.jackson.core#jackson-core;2.13.4 by [com.fasterxml.jackson.core#jackson-core;2.17.0] in [default]
[2026-09-05T16:39:20.778+0000] {subprocess.py:93} INFO - 	com.google.api-client#google-api-client;2.0.0 by [com.google.api-client#google-api-client;2.2.0] in [default]
[2026-09-05T16:39:20.791+0000] {subprocess.py:93} INFO - 	com.google.api-client#google-api-client;2.2.0 by [com.google.api-client#google-api-client;2.4.0] in [default]
[2026-09-05T16:39:20.813+0000] {subprocess.py:93} INFO - 	com.google.http-client#google-http-client;1.43.3 by [com.google.http-client#google-http-client;1.44.1] in [default]
[2026-09-05T16:39:20.820+0000] {subprocess.py:93} INFO - 	com.google.errorprone#error_prone_annotations;2.18.0 by [com.google.errorprone#error_prone_annotations;2.26.1] in [default]
[2026-09-05T16:39:20.835+0000] {subprocess.py:93} INFO - 	com.google.j2objc#j2objc-annotations;2.8 by [com.google.j2objc#j2objc-annotations;3.0.0] in [default]
[2026-09-05T16:39:20.839+0000] {subprocess.py:93} INFO - 	com.google.http-client#google-http-client-gson;1.43.3 by [com.google.http-client#google-http-client-gson;1.44.1] in [default]
[2026-09-05T16:39:20.842+0000] {subprocess.py:93} INFO - 	com.google.api.grpc#proto-google-common-protos;2.29.0 by [com.google.api.grpc#proto-google-common-protos;2.38.0] in [default]
[2026-09-05T16:39:20.850+0000] {subprocess.py:93} INFO - 	com.google.api#gax;2.12.2 by [com.google.api#gax;2.47.0] in [default]
[2026-09-05T16:39:20.861+0000] {subprocess.py:93} INFO - 	com.google.errorprone#error_prone_annotations;2.11.0 by [com.google.errorprone#error_prone_annotations;2.18.0] in [default]
[2026-09-05T16:39:20.869+0000] {subprocess.py:93} INFO - 	com.google.api.grpc#proto-google-common-protos;2.7.3 by [com.google.api.grpc#proto-google-common-protos;2.38.0] in [default]
[2026-09-05T16:39:20.875+0000] {subprocess.py:93} INFO - 	org.threeten#threetenbp;1.5.2 by [org.threeten#threetenbp;1.6.9] in [default]
[2026-09-05T16:39:20.882+0000] {subprocess.py:93} INFO - 	com.google.api#api-common;2.1.4 by [com.google.api#api-common;2.30.0] in [default]
[2026-09-05T16:39:20.904+0000] {subprocess.py:93} INFO - 	com.google.http-client#google-http-client;1.41.3 by [com.google.http-client#google-http-client;1.44.1] in [default]
[2026-09-05T16:39:20.914+0000] {subprocess.py:93} INFO - 	com.google.http-client#google-http-client-gson;1.41.3 by [com.google.http-client#google-http-client-gson;1.44.1] in [default]
[2026-09-05T16:39:20.918+0000] {subprocess.py:93} INFO - 	com.google.api#gax;2.42.0 by [com.google.api#gax;2.47.0] in [default]
[2026-09-05T16:39:20.926+0000] {subprocess.py:93} INFO - 	com.google.api#api-common;2.25.0 by [com.google.api#api-common;2.30.0] in [default]
[2026-09-05T16:39:20.930+0000] {subprocess.py:93} INFO - 	com.google.api.grpc#proto-google-common-protos;2.33.0 by [com.google.api.grpc#proto-google-common-protos;2.38.0] in [default]
[2026-09-05T16:39:20.936+0000] {subprocess.py:93} INFO - 	io.grpc#grpc-inprocess;1.61.0 by [io.grpc#grpc-inprocess;1.62.2] in [default]
[2026-09-05T16:39:20.939+0000] {subprocess.py:93} INFO - 	org.threeten#threetenbp;1.6.8 by [org.threeten#threetenbp;1.6.9] in [default]
[2026-09-05T16:39:20.943+0000] {subprocess.py:93} INFO - 	io.opencensus#opencensus-api;0.31.0 by [io.opencensus#opencensus-api;0.31.1] in [default]
[2026-09-05T16:39:20.957+0000] {subprocess.py:93} INFO - 	com.google.cloud#google-cloud-core-grpc;1.82.0 by [com.google.cloud#google-cloud-core-grpc;2.37.0] in [default]
[2026-09-05T16:39:20.969+0000] {subprocess.py:93} INFO - 	com.google.api#api-common;1.8.1 by [com.google.api#api-common;2.30.0] in [default]
[2026-09-05T16:39:20.973+0000] {subprocess.py:93} INFO - 	com.google.api.grpc#proto-google-common-protos;1.16.0 by [com.google.api.grpc#proto-google-common-protos;2.38.0] in [default]
[2026-09-05T16:39:20.976+0000] {subprocess.py:93} INFO - 	com.google.errorprone#error_prone_annotations;2.23.0 by [com.google.errorprone#error_prone_annotations;2.26.1] in [default]
[2026-09-05T16:39:20.982+0000] {subprocess.py:93} INFO - 	io.perfmark#perfmark-api;0.26.0 by [io.perfmark#perfmark-api;0.27.0] in [default]
[2026-09-05T16:39:20.987+0000] {subprocess.py:93} INFO - 	io.grpc#grpc-googleapis;1.61.0 by [io.grpc#grpc-googleapis;1.62.2] in [default]
[2026-09-05T16:39:20.991+0000] {subprocess.py:93} INFO - 	---------------------------------------------------------------------
[2026-09-05T16:39:20.997+0000] {subprocess.py:93} INFO - 	|                  |            modules            ||   artifacts   |
[2026-09-05T16:39:21.000+0000] {subprocess.py:93} INFO - 	|       conf       | number| search|dwnlded|evicted|| number|dwnlded|
[2026-09-05T16:39:21.019+0000] {subprocess.py:93} INFO - 	---------------------------------------------------------------------
[2026-09-05T16:39:21.031+0000] {subprocess.py:93} INFO - 	|      default     |  126  |   0   |   0   |   35  ||   91  |   11  |
[2026-09-05T16:39:21.042+0000] {subprocess.py:93} INFO - 	---------------------------------------------------------------------
[2026-09-05T16:39:21.053+0000] {subprocess.py:93} INFO - 
[2026-09-05T16:39:21.061+0000] {subprocess.py:93} INFO - :: problems summary ::
[2026-09-05T16:39:21.070+0000] {subprocess.py:93} INFO - :::: WARNINGS
[2026-09-05T16:39:21.082+0000] {subprocess.py:93} INFO - 		[FAILED     ] com.google.api.grpc#proto-google-cloud-monitoring-v3;1.64.0!proto-google-cloud-monitoring-v3.jar: Downloaded file size (0) doesn't match expected Content Length (1039015) for https://repo1.maven.org/maven2/com/google/api/grpc/proto-google-cloud-monitoring-v3/1.64.0/proto-google-cloud-monitoring-v3-1.64.0.jar. Please retry. (1306ms)
[2026-09-05T16:39:21.085+0000] {subprocess.py:93} INFO - 
[2026-09-05T16:39:21.088+0000] {subprocess.py:93} INFO - 		[FAILED     ] com.google.api.grpc#proto-google-cloud-monitoring-v3;1.64.0!proto-google-cloud-monitoring-v3.jar: Downloaded file size (0) doesn't match expected Content Length (1039015) for https://repo1.maven.org/maven2/com/google/api/grpc/proto-google-cloud-monitoring-v3/1.64.0/proto-google-cloud-monitoring-v3-1.64.0.jar. Please retry. (1306ms)
[2026-09-05T16:39:21.091+0000] {subprocess.py:93} INFO - 
[2026-09-05T16:39:21.094+0000] {subprocess.py:93} INFO - 	==== central: tried
[2026-09-05T16:39:21.104+0000] {subprocess.py:93} INFO - 
[2026-09-05T16:39:21.107+0000] {subprocess.py:93} INFO - 	  https://repo1.maven.org/maven2/com/google/api/grpc/proto-google-cloud-monitoring-v3/1.64.0/proto-google-cloud-monitoring-v3-1.64.0.jar
[2026-09-05T16:39:21.114+0000] {subprocess.py:93} INFO - 
[2026-09-05T16:39:21.119+0000] {subprocess.py:93} INFO - 		::::::::::::::::::::::::::::::::::::::::::::::
[2026-09-05T16:39:21.123+0000] {subprocess.py:93} INFO - 
[2026-09-05T16:39:21.137+0000] {subprocess.py:93} INFO - 		::              FAILED DOWNLOADS            ::
[2026-09-05T16:39:21.147+0000] {subprocess.py:93} INFO - 
[2026-09-05T16:39:21.153+0000] {subprocess.py:93} INFO - 		:: ^ see resolution messages for details  ^ ::
[2026-09-05T16:39:21.158+0000] {subprocess.py:93} INFO - 
[2026-09-05T16:39:21.167+0000] {subprocess.py:93} INFO - 		::::::::::::::::::::::::::::::::::::::::::::::
[2026-09-05T16:39:21.173+0000] {subprocess.py:93} INFO - 
[2026-09-05T16:39:21.181+0000] {subprocess.py:93} INFO - 		:: com.google.api.grpc#proto-google-cloud-monitoring-v3;1.64.0!proto-google-cloud-monitoring-v3.jar
[2026-09-05T16:39:21.188+0000] {subprocess.py:93} INFO - 
[2026-09-05T16:39:21.192+0000] {subprocess.py:93} INFO - 		::::::::::::::::::::::::::::::::::::::::::::::
[2026-09-05T16:39:21.196+0000] {subprocess.py:93} INFO - 
[2026-09-05T16:39:21.203+0000] {subprocess.py:93} INFO - 
[2026-09-05T16:39:21.206+0000] {subprocess.py:93} INFO - 
[2026-09-05T16:39:21.211+0000] {subprocess.py:93} INFO - :: USE VERBOSE OR DEBUG MESSAGE LEVEL FOR MORE DETAILS
[2026-09-05T16:39:21.216+0000] {subprocess.py:93} INFO - Exception in thread "main" java.lang.RuntimeException: [download failed: com.google.api.grpc#proto-google-cloud-monitoring-v3;1.64.0!proto-google-cloud-monitoring-v3.jar]
[2026-09-05T16:39:21.220+0000] {subprocess.py:93} INFO - 	at org.apache.spark.deploy.SparkSubmitUtils$.resolveMavenCoordinates(SparkSubmit.scala:1608)
[2026-09-05T16:39:21.233+0000] {subprocess.py:93} INFO - 	at org.apache.spark.util.DependencyUtils$.resolveMavenDependencies(DependencyUtils.scala:185)
[2026-09-05T16:39:21.240+0000] {subprocess.py:93} INFO - 	at org.apache.spark.deploy.SparkSubmit.prepareSubmitEnvironment(SparkSubmit.scala:334)
[2026-09-05T16:39:21.253+0000] {subprocess.py:93} INFO - 	at org.apache.spark.deploy.SparkSubmit.org$apache$spark$deploy$SparkSubmit$$runMain(SparkSubmit.scala:964)
[2026-09-05T16:39:21.257+0000] {subprocess.py:93} INFO - 	at org.apache.spark.deploy.SparkSubmit.doRunMain$1(SparkSubmit.scala:194)
[2026-09-05T16:39:21.284+0000] {subprocess.py:93} INFO - 	at org.apache.spark.deploy.SparkSubmit.submit(SparkSubmit.scala:217)
[2026-09-05T16:39:21.300+0000] {subprocess.py:93} INFO - 	at org.apache.spark.deploy.SparkSubmit.doSubmit(SparkSubmit.scala:91)
[2026-09-05T16:39:21.315+0000] {subprocess.py:93} INFO - 	at org.apache.spark.deploy.SparkSubmit$$anon$2.doSubmit(SparkSubmit.scala:1120)
[2026-09-05T16:39:21.328+0000] {subprocess.py:93} INFO - 	at org.apache.spark.deploy.SparkSubmit$.main(SparkSubmit.scala:1129)
[2026-09-05T16:39:21.333+0000] {subprocess.py:93} INFO - 	at org.apache.spark.deploy.SparkSubmit.main(SparkSubmit.scala)
[2026-09-05T16:39:21.353+0000] {subprocess.py:93} INFO - Traceback (most recent call last):
[2026-09-05T16:39:21.381+0000] {subprocess.py:93} INFO -   File "/opt/***/jobs/gold_processing.py", line 112, in <module>
[2026-09-05T16:39:21.390+0000] {subprocess.py:93} INFO -     spark_session = create_spark_session()
[2026-09-05T16:39:21.418+0000] {subprocess.py:93} INFO -                     ^^^^^^^^^^^^^^^^^^^^^^
[2026-09-05T16:39:21.434+0000] {subprocess.py:93} INFO -   File "/opt/***/jobs/gold_processing.py", line 22, in create_spark_session
[2026-09-05T16:39:21.455+0000] {subprocess.py:93} INFO -     .getOrCreate()
[2026-09-05T16:39:21.464+0000] {subprocess.py:93} INFO -      ^^^^^^^^^^^^^
[2026-09-05T16:39:21.467+0000] {subprocess.py:93} INFO -   File "/home/***/.local/lib/python3.12/site-packages/pyspark/sql/session.py", line 497, in getOrCreate
[2026-09-05T16:39:21.471+0000] {subprocess.py:93} INFO -     sc = SparkContext.getOrCreate(sparkConf)
[2026-09-05T16:39:21.475+0000] {subprocess.py:93} INFO -          ^^^^^^^^^^^^^^^^^^^^^^^^^^^^^^^^^^^
[2026-09-05T16:39:21.482+0000] {subprocess.py:93} INFO -   File "/home/***/.local/lib/python3.12/site-packages/pyspark/context.py", line 515, in getOrCreate
[2026-09-05T16:39:21.490+0000] {subprocess.py:93} INFO -     SparkContext(conf=conf or SparkConf())
[2026-09-05T16:39:21.501+0000] {subprocess.py:93} INFO -   File "/home/***/.local/lib/python3.12/site-packages/pyspark/context.py", line 201, in __init__
[2026-09-05T16:39:21.505+0000] {subprocess.py:93} INFO -     SparkContext._ensure_initialized(self, gateway=gateway, conf=conf)
[2026-09-05T16:39:21.508+0000] {subprocess.py:93} INFO -   File "/home/***/.local/lib/python3.12/site-packages/pyspark/context.py", line 436, in _ensure_initialized
[2026-09-05T16:39:21.518+0000] {subprocess.py:93} INFO -     SparkContext._gateway = gateway or launch_gateway(conf)
[2026-09-05T16:39:21.522+0000] {subprocess.py:93} INFO -                                        ^^^^^^^^^^^^^^^^^^^^
[2026-09-05T16:39:21.527+0000] {subprocess.py:93} INFO -   File "/home/***/.local/lib/python3.12/site-packages/pyspark/java_gateway.py", line 107, in launch_gateway
[2026-09-05T16:39:21.539+0000] {subprocess.py:93} INFO -     raise PySparkRuntimeError(
[2026-09-05T16:39:21.546+0000] {subprocess.py:93} INFO - pyspark.errors.exceptions.base.PySparkRuntimeError: [JAVA_GATEWAY_EXITED] Java gateway process exited before sending its port number.
[2026-09-05T16:39:21.554+0000] {subprocess.py:97} INFO - Command exited with return code 1
[2026-09-05T16:39:21.562+0000] {taskinstance.py:441} INFO - ::group::Post task execution logs
[2026-09-05T16:39:21.666+0000] {taskinstance.py:2905} ERROR - Task failed with exception
Traceback (most recent call last):
  File "/home/airflow/.local/lib/python3.12/site-packages/airflow/models/taskinstance.py", line 465, in _execute_task
    result = _execute_callable(context=context, **execute_callable_kwargs)
             ^^^^^^^^^^^^^^^^^^^^^^^^^^^^^^^^^^^^^^^^^^^^^^^^^^^^^^^^^^^^^
  File "/home/airflow/.local/lib/python3.12/site-packages/airflow/models/taskinstance.py", line 432, in _execute_callable
    return execute_callable(context=context, **execute_callable_kwargs)
           ^^^^^^^^^^^^^^^^^^^^^^^^^^^^^^^^^^^^^^^^^^^^^^^^^^^^^^^^^^^^
  File "/home/airflow/.local/lib/python3.12/site-packages/airflow/models/baseoperator.py", line 401, in wrapper
    return func(self, *args, **kwargs)
           ^^^^^^^^^^^^^^^^^^^^^^^^^^^
  File "/home/airflow/.local/lib/python3.12/site-packages/airflow/operators/bash.py", line 243, in execute
    raise AirflowException(
airflow.exceptions.AirflowException: Bash command failed. The command returned a non-zero exit code 1.
[2026-09-05T16:39:21.718+0000] {taskinstance.py:1206} INFO - Marking task as UP_FOR_RETRY. dag_id=process_gold_layer, task_id=run_gold_spark_job, run_id=manual__2026-09-05T16:38:33.132663+00:00, execution_date=20260905T163833, start_date=20260905T163835, end_date=20260905T163921
[2026-09-05T16:39:21.798+0000] {standard_task_runner.py:110} ERROR - Failed to execute job 295 for task run_gold_spark_job (Bash command failed. The command returned a non-zero exit code 1.; 4934)
[2026-09-05T16:39:21.838+0000] {local_task_job_runner.py:240} INFO - Task exited with return code 1
[2026-09-05T16:39:21.883+0000] {taskinstance.py:3503} INFO - 0 downstream tasks scheduled from follow-on schedule check
[2026-09-05T16:39:21.889+0000] {local_task_job_runner.py:222} INFO - ::endgroup::
