[2026-09-05T15:30:35.031+0000] {local_task_job_runner.py:120} INFO - ::group::Pre task execution logs
[2026-09-05T15:30:35.223+0000] {taskinstance.py:2076} INFO - Dependencies all met for dep_context=non-requeueable deps ti=<TaskInstance: process_gold_layer.run_gold_spark_job manual__2026-09-05T15:22:52.165465+00:00 [queued]>
[2026-09-05T15:30:35.284+0000] {taskinstance.py:2076} INFO - Dependencies all met for dep_context=requeueable deps ti=<TaskInstance: process_gold_layer.run_gold_spark_job manual__2026-09-05T15:22:52.165465+00:00 [queued]>
[2026-09-05T15:30:35.292+0000] {taskinstance.py:2306} INFO - Starting attempt 3 of 4
[2026-09-05T15:30:35.339+0000] {taskinstance.py:2330} INFO - Executing <Task(BashOperator): run_gold_spark_job> on 2026-09-05 15:22:52.165465+00:00
[2026-09-05T15:30:35.365+0000] {standard_task_runner.py:90} INFO - Running: ['***', 'tasks', 'run', 'process_gold_layer', 'run_gold_spark_job', 'manual__2026-09-05T15:22:52.165465+00:00', '--job-id', '282', '--raw', '--subdir', 'DAGS_FOLDER/gold_processing_dag.py', '--cfg-path', '/tmp/tmphhuvvht4']
[2026-09-05T15:30:35.376+0000] {standard_task_runner.py:91} INFO - Job 282: Subtask run_gold_spark_job
[2026-09-05T15:30:35.411+0000] {logging_mixin.py:188} WARNING - /home/***/.local/lib/python3.12/site-packages/***/task/task_runner/standard_task_runner.py:61 DeprecationWarning: This process (pid=2675) is multi-threaded, use of fork() may lead to deadlocks in the child.
[2026-09-05T15:30:35.415+0000] {standard_task_runner.py:63} INFO - Started process 2676 to run task
[2026-09-05T15:30:35.576+0000] {task_command.py:426} INFO - Running <TaskInstance: process_gold_layer.run_gold_spark_job manual__2026-09-05T15:22:52.165465+00:00 [running]> on host 56fad9581aa4
[2026-09-05T15:30:36.087+0000] {taskinstance.py:2648} INFO - Exporting env vars: AIRFLOW_CTX_DAG_OWNER='data_engineer' AIRFLOW_CTX_DAG_ID='process_gold_layer' AIRFLOW_CTX_TASK_ID='run_gold_spark_job' AIRFLOW_CTX_EXECUTION_DATE='2026-09-05T15:22:52.165465+00:00' AIRFLOW_CTX_TRY_NUMBER='3' AIRFLOW_CTX_DAG_RUN_ID='manual__2026-09-05T15:22:52.165465+00:00'
[2026-09-05T15:30:36.091+0000] {taskinstance.py:430} INFO - ::endgroup::
[2026-09-05T15:30:36.169+0000] {subprocess.py:63} INFO - Tmp dir root location: /tmp
[2026-09-05T15:30:36.174+0000] {subprocess.py:75} INFO - Running command: ['/usr/bin/bash', '-c', 'export GOOGLE_APPLICATION_CREDENTIALS=/tmp/gcp_key.json && python /opt/***/jobs/gold_layer_spark_job.py london_bike_data_bronze london-bike-502619']
[2026-09-05T15:30:36.228+0000] {subprocess.py:86} INFO - Output:
[2026-09-05T15:30:36.439+0000] {subprocess.py:93} INFO - python: can't open file '/opt/***/jobs/gold_layer_spark_job.py': [Errno 2] No such file or directory
[2026-09-05T15:30:36.455+0000] {subprocess.py:97} INFO - Command exited with return code 2
[2026-09-05T15:30:36.458+0000] {taskinstance.py:441} INFO - ::group::Post task execution logs
[2026-09-05T15:30:36.496+0000] {taskinstance.py:2905} ERROR - Task failed with exception
Traceback (most recent call last):
  File "/home/airflow/.local/lib/python3.12/site-packages/airflow/models/taskinstance.py", line 465, in _execute_task
    result = _execute_callable(context=context, **execute_callable_kwargs)
             ^^^^^^^^^^^^^^^^^^^^^^^^^^^^^^^^^^^^^^^^^^^^^^^^^^^^^^^^^^^^^
  File "/home/airflow/.local/lib/python3.12/site-packages/airflow/models/taskinstance.py", line 432, in _execute_callable
    return execute_callable(context=context, **execute_callable_kwargs)
           ^^^^^^^^^^^^^^^^^^^^^^^^^^^^^^^^^^^^^^^^^^^^^^^^^^^^^^^^^^^^
  File "/home/airflow/.local/lib/python3.12/site-packages/airflow/models/baseoperator.py", line 401, in wrapper
    return func(self, *args, **kwargs)
           ^^^^^^^^^^^^^^^^^^^^^^^^^^^
  File "/home/airflow/.local/lib/python3.12/site-packages/airflow/operators/bash.py", line 243, in execute
    raise AirflowException(
airflow.exceptions.AirflowException: Bash command failed. The command returned a non-zero exit code 2.
[2026-09-05T15:30:36.521+0000] {taskinstance.py:1206} INFO - Marking task as UP_FOR_RETRY. dag_id=process_gold_layer, task_id=run_gold_spark_job, run_id=manual__2026-09-05T15:22:52.165465+00:00, execution_date=20260905T152252, start_date=20260905T153035, end_date=20260905T153036
[2026-09-05T15:30:36.567+0000] {standard_task_runner.py:110} ERROR - Failed to execute job 282 for task run_gold_spark_job (Bash command failed. The command returned a non-zero exit code 2.; 2676)
[2026-09-05T15:30:36.606+0000] {local_task_job_runner.py:240} INFO - Task exited with return code 1
[2026-09-05T15:30:36.699+0000] {taskinstance.py:3503} INFO - 0 downstream tasks scheduled from follow-on schedule check
[2026-09-05T15:30:36.705+0000] {local_task_job_runner.py:222} INFO - ::endgroup::
