[2026-09-05T15:35:42.141+0000] {local_task_job_runner.py:120} INFO - ::group::Pre task execution logs
[2026-09-05T15:35:43.439+0000] {taskinstance.py:2076} INFO - Dependencies all met for dep_context=non-requeueable deps ti=<TaskInstance: process_gold_layer.run_gold_spark_job manual__2026-09-05T15:22:52.165465+00:00 [queued]>
[2026-09-05T15:35:43.651+0000] {taskinstance.py:2076} INFO - Dependencies all met for dep_context=requeueable deps ti=<TaskInstance: process_gold_layer.run_gold_spark_job manual__2026-09-05T15:22:52.165465+00:00 [queued]>
[2026-09-05T15:35:43.682+0000] {taskinstance.py:2306} INFO - Starting attempt 4 of 4
[2026-09-05T15:35:43.926+0000] {taskinstance.py:2330} INFO - Executing <Task(BashOperator): run_gold_spark_job> on 2026-09-05 15:22:52.165465+00:00
[2026-09-05T15:35:44.112+0000] {standard_task_runner.py:90} INFO - Running: ['***', 'tasks', 'run', 'process_gold_layer', 'run_gold_spark_job', 'manual__2026-09-05T15:22:52.165465+00:00', '--job-id', '284', '--raw', '--subdir', 'DAGS_FOLDER/gold_processing_dag.py', '--cfg-path', '/tmp/tmp9plktg79']
[2026-09-05T15:35:44.203+0000] {standard_task_runner.py:91} INFO - Job 284: Subtask run_gold_spark_job
[2026-09-05T15:35:44.181+0000] {logging_mixin.py:188} WARNING - /home/***/.local/lib/python3.12/site-packages/***/task/task_runner/standard_task_runner.py:61 DeprecationWarning: This process (pid=3191) is multi-threaded, use of fork() may lead to deadlocks in the child.
[2026-09-05T15:35:44.321+0000] {standard_task_runner.py:63} INFO - Started process 3193 to run task
[2026-09-05T15:35:44.908+0000] {task_command.py:426} INFO - Running <TaskInstance: process_gold_layer.run_gold_spark_job manual__2026-09-05T15:22:52.165465+00:00 [running]> on host 56fad9581aa4
[2026-09-05T15:35:46.040+0000] {taskinstance.py:2648} INFO - Exporting env vars: AIRFLOW_CTX_DAG_OWNER='data_engineer' AIRFLOW_CTX_DAG_ID='process_gold_layer' AIRFLOW_CTX_TASK_ID='run_gold_spark_job' AIRFLOW_CTX_EXECUTION_DATE='2026-09-05T15:22:52.165465+00:00' AIRFLOW_CTX_TRY_NUMBER='4' AIRFLOW_CTX_DAG_RUN_ID='manual__2026-09-05T15:22:52.165465+00:00'
[2026-09-05T15:35:46.087+0000] {taskinstance.py:430} INFO - ::endgroup::
[2026-09-05T15:35:46.240+0000] {subprocess.py:63} INFO - Tmp dir root location: /tmp
[2026-09-05T15:35:46.434+0000] {subprocess.py:75} INFO - Running command: ['/usr/bin/bash', '-c', 'export GOOGLE_APPLICATION_CREDENTIALS=/tmp/gcp_key.json && python /opt/***/jobs/gold_layer_spark_job.py london_bike_data_bronze london-bike-502619']
[2026-09-05T15:35:46.646+0000] {subprocess.py:86} INFO - Output:
[2026-09-05T15:35:47.773+0000] {subprocess.py:93} INFO - python: can't open file '/opt/***/jobs/gold_layer_spark_job.py': [Errno 2] No such file or directory
[2026-09-05T15:35:47.787+0000] {subprocess.py:97} INFO - Command exited with return code 2
[2026-09-05T15:35:47.812+0000] {taskinstance.py:441} INFO - ::group::Post task execution logs
[2026-09-05T15:35:47.935+0000] {taskinstance.py:2905} ERROR - Task failed with exception
Traceback (most recent call last):
  File "/home/airflow/.local/lib/python3.12/site-packages/airflow/models/taskinstance.py", line 465, in _execute_task
    result = _execute_callable(context=context, **execute_callable_kwargs)
             ^^^^^^^^^^^^^^^^^^^^^^^^^^^^^^^^^^^^^^^^^^^^^^^^^^^^^^^^^^^^^
  File "/home/airflow/.local/lib/python3.12/site-packages/airflow/models/taskinstance.py", line 432, in _execute_callable
    return execute_callable(context=context, **execute_callable_kwargs)
           ^^^^^^^^^^^^^^^^^^^^^^^^^^^^^^^^^^^^^^^^^^^^^^^^^^^^^^^^^^^^
  File "/home/airflow/.local/lib/python3.12/site-packages/airflow/models/baseoperator.py", line 401, in wrapper
    return func(self, *args, **kwargs)
           ^^^^^^^^^^^^^^^^^^^^^^^^^^^
  File "/home/airflow/.local/lib/python3.12/site-packages/airflow/operators/bash.py", line 243, in execute
    raise AirflowException(
airflow.exceptions.AirflowException: Bash command failed. The command returned a non-zero exit code 2.
[2026-09-05T15:35:48.006+0000] {taskinstance.py:1206} INFO - Marking task as FAILED. dag_id=process_gold_layer, task_id=run_gold_spark_job, run_id=manual__2026-09-05T15:22:52.165465+00:00, execution_date=20260905T152252, start_date=20260905T153543, end_date=20260905T153547
[2026-09-05T15:35:48.164+0000] {standard_task_runner.py:110} ERROR - Failed to execute job 284 for task run_gold_spark_job (Bash command failed. The command returned a non-zero exit code 2.; 3193)
[2026-09-05T15:35:48.326+0000] {local_task_job_runner.py:240} INFO - Task exited with return code 1
[2026-09-05T15:35:48.502+0000] {taskinstance.py:3503} INFO - 0 downstream tasks scheduled from follow-on schedule check
[2026-09-05T15:35:48.537+0000] {local_task_job_runner.py:222} INFO - ::endgroup::
