[2026-09-05T15:28:09.537+0000] {local_task_job_runner.py:120} INFO - ::group::Pre task execution logs
[2026-09-05T15:28:09.986+0000] {taskinstance.py:2076} INFO - Dependencies all met for dep_context=non-requeueable deps ti=<TaskInstance: process_gold_layer.run_gold_spark_job manual__2026-09-05T15:22:52.165465+00:00 [queued]>
[2026-09-05T15:28:10.097+0000] {taskinstance.py:2076} INFO - Dependencies all met for dep_context=requeueable deps ti=<TaskInstance: process_gold_layer.run_gold_spark_job manual__2026-09-05T15:22:52.165465+00:00 [queued]>
[2026-09-05T15:28:10.114+0000] {taskinstance.py:2306} INFO - Starting attempt 2 of 2
[2026-09-05T15:28:10.260+0000] {taskinstance.py:2330} INFO - Executing <Task(BashOperator): run_gold_spark_job> on 2026-09-05 15:22:52.165465+00:00
[2026-09-05T15:28:10.341+0000] {standard_task_runner.py:90} INFO - Running: ['***', 'tasks', 'run', 'process_gold_layer', 'run_gold_spark_job', 'manual__2026-09-05T15:22:52.165465+00:00', '--job-id', '281', '--raw', '--subdir', 'DAGS_FOLDER/gold_processing_dag.py', '--cfg-path', '/tmp/tmpp11r_r4e']
[2026-09-05T15:28:10.369+0000] {standard_task_runner.py:91} INFO - Job 281: Subtask run_gold_spark_job
[2026-09-05T15:28:10.510+0000] {logging_mixin.py:188} WARNING - /home/***/.local/lib/python3.12/site-packages/***/task/task_runner/standard_task_runner.py:61 DeprecationWarning: This process (pid=2580) is multi-threaded, use of fork() may lead to deadlocks in the child.
[2026-09-05T15:28:10.517+0000] {standard_task_runner.py:63} INFO - Started process 2598 to run task
[2026-09-05T15:28:10.742+0000] {task_command.py:426} INFO - Running <TaskInstance: process_gold_layer.run_gold_spark_job manual__2026-09-05T15:22:52.165465+00:00 [running]> on host 56fad9581aa4
[2026-09-05T15:28:12.026+0000] {taskinstance.py:2648} INFO - Exporting env vars: AIRFLOW_CTX_DAG_OWNER='data_engineer' AIRFLOW_CTX_DAG_ID='process_gold_layer' AIRFLOW_CTX_TASK_ID='run_gold_spark_job' AIRFLOW_CTX_EXECUTION_DATE='2026-09-05T15:22:52.165465+00:00' AIRFLOW_CTX_TRY_NUMBER='2' AIRFLOW_CTX_DAG_RUN_ID='manual__2026-09-05T15:22:52.165465+00:00'
[2026-09-05T15:28:12.101+0000] {taskinstance.py:430} INFO - ::endgroup::
[2026-09-05T15:28:12.508+0000] {subprocess.py:63} INFO - Tmp dir root location: /tmp
[2026-09-05T15:28:12.534+0000] {subprocess.py:75} INFO - Running command: ['/usr/bin/bash', '-c', 'export GOOGLE_APPLICATION_CREDENTIALS=/tmp/gcp_key.json && python /opt/***/jobs/gold_layer_spark_job.py london_bike_data_bronze london-bike-502619']
[2026-09-05T15:28:12.613+0000] {subprocess.py:86} INFO - Output:
[2026-09-05T15:28:13.488+0000] {subprocess.py:93} INFO - python: can't open file '/opt/***/jobs/gold_layer_spark_job.py': [Errno 2] No such file or directory
[2026-09-05T15:28:13.517+0000] {subprocess.py:97} INFO - Command exited with return code 2
[2026-09-05T15:28:13.533+0000] {taskinstance.py:441} INFO - ::group::Post task execution logs
[2026-09-05T15:28:13.622+0000] {taskinstance.py:2905} ERROR - Task failed with exception
Traceback (most recent call last):
  File "/home/airflow/.local/lib/python3.12/site-packages/airflow/models/taskinstance.py", line 465, in _execute_task
    result = _execute_callable(context=context, **execute_callable_kwargs)
             ^^^^^^^^^^^^^^^^^^^^^^^^^^^^^^^^^^^^^^^^^^^^^^^^^^^^^^^^^^^^^
  File "/home/airflow/.local/lib/python3.12/site-packages/airflow/models/taskinstance.py", line 432, in _execute_callable
    return execute_callable(context=context, **execute_callable_kwargs)
           ^^^^^^^^^^^^^^^^^^^^^^^^^^^^^^^^^^^^^^^^^^^^^^^^^^^^^^^^^^^^
  File "/home/airflow/.local/lib/python3.12/site-packages/airflow/models/baseoperator.py", line 401, in wrapper
    return func(self, *args, **kwargs)
           ^^^^^^^^^^^^^^^^^^^^^^^^^^^
  File "/home/airflow/.local/lib/python3.12/site-packages/airflow/operators/bash.py", line 243, in execute
    raise AirflowException(
airflow.exceptions.AirflowException: Bash command failed. The command returned a non-zero exit code 2.
[2026-09-05T15:28:13.668+0000] {taskinstance.py:1206} INFO - Marking task as FAILED. dag_id=process_gold_layer, task_id=run_gold_spark_job, run_id=manual__2026-09-05T15:22:52.165465+00:00, execution_date=20260905T152252, start_date=20260905T152810, end_date=20260905T152813
[2026-09-05T15:28:13.771+0000] {standard_task_runner.py:110} ERROR - Failed to execute job 281 for task run_gold_spark_job (Bash command failed. The command returned a non-zero exit code 2.; 2598)
[2026-09-05T15:28:13.847+0000] {local_task_job_runner.py:240} INFO - Task exited with return code 1
[2026-09-05T15:28:13.973+0000] {taskinstance.py:3503} INFO - 0 downstream tasks scheduled from follow-on schedule check
[2026-09-05T15:28:13.996+0000] {local_task_job_runner.py:222} INFO - ::endgroup::
