[2026-09-05T22:00:06.368+0000] {local_task_job_runner.py:120} INFO - ::group::Pre task execution logs
[2026-09-05T22:00:06.444+0000] {taskinstance.py:2076} INFO - Dependencies all met for dep_context=non-requeueable deps ti=<TaskInstance: ingest_bronze_layer.weather_ingest scheduled__2026-09-05T21:00:00+00:00 [queued]>
[2026-09-05T22:00:06.473+0000] {taskinstance.py:2076} INFO - Dependencies all met for dep_context=requeueable deps ti=<TaskInstance: ingest_bronze_layer.weather_ingest scheduled__2026-09-05T21:00:00+00:00 [queued]>
[2026-09-05T22:00:06.481+0000] {taskinstance.py:2306} INFO - Starting attempt 1 of 1
[2026-09-05T22:00:06.565+0000] {taskinstance.py:2330} INFO - Executing <Task(PythonOperator): weather_ingest> on 2026-09-05 21:00:00+00:00
[2026-09-05T22:00:06.600+0000] {logging_mixin.py:188} WARNING - /home/***/.local/lib/python3.12/site-packages/***/task/task_runner/standard_task_runner.py:61 DeprecationWarning: This process (pid=10809) is multi-threaded, use of fork() may lead to deadlocks in the child.
[2026-09-05T22:00:06.605+0000] {standard_task_runner.py:63} INFO - Started process 10811 to run task
[2026-09-05T22:00:06.617+0000] {standard_task_runner.py:90} INFO - Running: ['***', 'tasks', 'run', 'ingest_bronze_layer', 'weather_ingest', 'scheduled__2026-09-05T21:00:00+00:00', '--job-id', '328', '--raw', '--subdir', 'DAGS_FOLDER/bronze_ingestion_dag.py', '--cfg-path', '/tmp/tmp2yvh7owl']
[2026-09-05T22:00:06.641+0000] {standard_task_runner.py:91} INFO - Job 328: Subtask weather_ingest
[2026-09-05T22:00:07.034+0000] {task_command.py:426} INFO - Running <TaskInstance: ingest_bronze_layer.weather_ingest scheduled__2026-09-05T21:00:00+00:00 [running]> on host bdc8f6caa133
[2026-09-05T22:00:07.674+0000] {taskinstance.py:2648} INFO - Exporting env vars: AIRFLOW_CTX_DAG_OWNER='***' AIRFLOW_CTX_DAG_ID='ingest_bronze_layer' AIRFLOW_CTX_TASK_ID='weather_ingest' AIRFLOW_CTX_EXECUTION_DATE='2026-09-05T21:00:00+00:00' AIRFLOW_CTX_TRY_NUMBER='1' AIRFLOW_CTX_DAG_RUN_ID='scheduled__2026-09-05T21:00:00+00:00'
[2026-09-05T22:00:07.682+0000] {taskinstance.py:430} INFO - ::endgroup::
[2026-09-05T22:00:09.560+0000] {connection.py:274} WARNING - Connection schemes (type: google_cloud_platform) shall not contain '_' according to RFC3986.
[2026-09-05T22:00:09.634+0000] {base.py:84} INFO - Using connection ID 'google_cloud_default' for task execution.
[2026-09-05T22:00:11.848+0000] {gcs.py:574} INFO - Data stream uploaded to bronze/weather/20260905/data_20260905T210000.json in london_bike_data_bronze bucket
[2026-09-05T22:00:11.857+0000] {python.py:237} INFO - Done. Returned value was: None
[2026-09-05T22:00:11.860+0000] {taskinstance.py:441} INFO - ::group::Post task execution logs
[2026-09-05T22:00:11.887+0000] {taskinstance.py:1206} INFO - Marking task as SUCCESS. dag_id=ingest_bronze_layer, task_id=weather_ingest, run_id=scheduled__2026-09-05T21:00:00+00:00, execution_date=20260905T210000, start_date=20260905T220006, end_date=20260905T220011
[2026-09-05T22:00:11.944+0000] {local_task_job_runner.py:240} INFO - Task exited with return code 0
[2026-09-05T22:00:11.998+0000] {taskinstance.py:3503} INFO - 0 downstream tasks scheduled from follow-on schedule check
[2026-09-05T22:00:12.002+0000] {local_task_job_runner.py:222} INFO - ::endgroup::
