[2026-07-24T00:26:59.519+0000] {local_task_job_runner.py:120} INFO - ::group::Pre task execution logs
[2026-07-24T00:26:59.585+0000] {taskinstance.py:2076} INFO - Dependencies all met for dep_context=non-requeueable deps ti=<TaskInstance: process_silver_layer.prepare_gcp_key manual__2026-07-24T00:26:58.527681+00:00 [queued]>
[2026-07-24T00:26:59.604+0000] {taskinstance.py:2076} INFO - Dependencies all met for dep_context=requeueable deps ti=<TaskInstance: process_silver_layer.prepare_gcp_key manual__2026-07-24T00:26:58.527681+00:00 [queued]>
[2026-07-24T00:26:59.606+0000] {taskinstance.py:2306} INFO - Starting attempt 1 of 1
[2026-07-24T00:26:59.635+0000] {taskinstance.py:2330} INFO - Executing <Task(PythonOperator): prepare_gcp_key> on 2026-07-24 00:26:58.527681+00:00
[2026-07-24T00:26:59.652+0000] {standard_task_runner.py:90} INFO - Running: ['***', 'tasks', 'run', 'process_silver_layer', 'prepare_gcp_key', 'manual__2026-07-24T00:26:58.527681+00:00', '--job-id', '57', '--raw', '--subdir', 'DAGS_FOLDER/silver_processing_dag.py', '--cfg-path', '/tmp/tmpnqu8ihs2']
[2026-07-24T00:26:59.673+0000] {standard_task_runner.py:91} INFO - Job 57: Subtask prepare_gcp_key
[2026-07-24T00:26:59.671+0000] {logging_mixin.py:188} WARNING - /home/***/.local/lib/python3.12/site-packages/***/task/task_runner/standard_task_runner.py:61 DeprecationWarning: This process (pid=180) is multi-threaded, use of fork() may lead to deadlocks in the child.
[2026-07-24T00:26:59.677+0000] {standard_task_runner.py:63} INFO - Started process 181 to run task
[2026-07-24T00:26:59.806+0000] {task_command.py:426} INFO - Running <TaskInstance: process_silver_layer.prepare_gcp_key manual__2026-07-24T00:26:58.527681+00:00 [running]> on host 3ecd9e5075f2
[2026-07-24T00:27:00.122+0000] {taskinstance.py:2648} INFO - Exporting env vars: AIRFLOW_CTX_DAG_OWNER='data_engineer' AIRFLOW_CTX_DAG_ID='process_silver_layer' AIRFLOW_CTX_TASK_ID='prepare_gcp_key' AIRFLOW_CTX_EXECUTION_DATE='2026-07-24T00:26:58.527681+00:00' AIRFLOW_CTX_TRY_NUMBER='1' AIRFLOW_CTX_DAG_RUN_ID='manual__2026-07-24T00:26:58.527681+00:00'
[2026-07-24T00:27:00.128+0000] {taskinstance.py:430} INFO - ::endgroup::
[2026-07-24T00:27:00.156+0000] {logging_mixin.py:188} INFO - Extracting GCP Service Account key from Airflow Connections...
[2026-07-24T00:27:00.177+0000] {connection.py:274} WARNING - Connection schemes (type: google_cloud_platform) shall not contain '_' according to RFC3986.
[2026-07-24T00:27:00.194+0000] {base.py:84} INFO - Using connection ID 'google_cloud_default' for task execution.
[2026-07-24T00:27:00.199+0000] {logging_mixin.py:188} INFO - Credentials saved temporarily to /tmp/gcp_key.json
[2026-07-24T00:27:00.202+0000] {python.py:237} INFO - Done. Returned value was: None
[2026-07-24T00:27:00.204+0000] {taskinstance.py:441} INFO - ::group::Post task execution logs
[2026-07-24T00:27:00.226+0000] {taskinstance.py:1206} INFO - Marking task as SUCCESS. dag_id=process_silver_layer, task_id=prepare_gcp_key, run_id=manual__2026-07-24T00:26:58.527681+00:00, execution_date=20260724T002658, start_date=20260724T002659, end_date=20260724T002700
[2026-07-24T00:27:00.282+0000] {local_task_job_runner.py:240} INFO - Task exited with return code 0
[2026-07-24T00:27:00.346+0000] {taskinstance.py:3503} INFO - 1 downstream tasks scheduled from follow-on schedule check
[2026-07-24T00:27:00.363+0000] {local_task_job_runner.py:222} INFO - ::endgroup::
