[2026-07-28T19:02:16.621+0000] {local_task_job_runner.py:120} INFO - ::group::Pre task execution logs
[2026-07-28T19:02:16.747+0000] {taskinstance.py:2076} INFO - Dependencies all met for dep_context=non-requeueable deps ti=<TaskInstance: ingest_bronze_layer.trigger_silver_layer scheduled__2026-07-28T18:00:00+00:00 [queued]>
[2026-07-28T19:02:17.020+0000] {taskinstance.py:2076} INFO - Dependencies all met for dep_context=requeueable deps ti=<TaskInstance: ingest_bronze_layer.trigger_silver_layer scheduled__2026-07-28T18:00:00+00:00 [queued]>
[2026-07-28T19:02:17.168+0000] {taskinstance.py:2306} INFO - Starting attempt 1 of 1
[2026-07-28T19:02:17.330+0000] {taskinstance.py:2330} INFO - Executing <Task(TriggerDagRunOperator): trigger_silver_layer> on 2026-07-28 18:00:00+00:00
[2026-07-28T19:02:17.399+0000] {standard_task_runner.py:90} INFO - Running: ['***', 'tasks', 'run', 'ingest_bronze_layer', 'trigger_silver_layer', 'scheduled__2026-07-28T18:00:00+00:00', '--job-id', '157', '--raw', '--subdir', 'DAGS_FOLDER/bronze_ingestion_dag.py', '--cfg-path', '/tmp/tmpv_zazwlx']
[2026-07-28T19:02:17.572+0000] {logging_mixin.py:188} WARNING - /home/***/.local/lib/python3.12/site-packages/***/task/task_runner/standard_task_runner.py:61 DeprecationWarning: This process (pid=198) is multi-threaded, use of fork() may lead to deadlocks in the child.
[2026-07-28T19:02:17.606+0000] {standard_task_runner.py:91} INFO - Job 157: Subtask trigger_silver_layer
[2026-07-28T19:02:17.666+0000] {standard_task_runner.py:63} INFO - Started process 204 to run task
[2026-07-28T19:02:20.105+0000] {task_command.py:426} INFO - Running <TaskInstance: ingest_bronze_layer.trigger_silver_layer scheduled__2026-07-28T18:00:00+00:00 [running]> on host 21f1a12a00bc
[2026-07-28T19:02:21.527+0000] {taskinstance.py:2648} INFO - Exporting env vars: AIRFLOW_CTX_DAG_OWNER='***' AIRFLOW_CTX_DAG_ID='ingest_bronze_layer' AIRFLOW_CTX_TASK_ID='trigger_silver_layer' AIRFLOW_CTX_EXECUTION_DATE='2026-07-28T18:00:00+00:00' AIRFLOW_CTX_TRY_NUMBER='1' AIRFLOW_CTX_DAG_RUN_ID='scheduled__2026-07-28T18:00:00+00:00'
[2026-07-28T19:02:21.556+0000] {taskinstance.py:430} INFO - ::endgroup::
[2026-07-28T19:02:43.966+0000] {logging_mixin.py:188} WARNING - /home/***/.local/lib/python3.12/site-packages/azure/synapse/artifacts/models/_models_py3.py:175 SyntaxWarning: invalid escape sequence '\d'
[2026-07-28T19:02:43.969+0000] {logging_mixin.py:188} WARNING - /home/***/.local/lib/python3.12/site-packages/azure/synapse/artifacts/models/_models_py3.py:222 SyntaxWarning: invalid escape sequence '\d'
[2026-07-28T19:02:43.977+0000] {logging_mixin.py:188} WARNING - /home/***/.local/lib/python3.12/site-packages/azure/synapse/artifacts/models/_models_py3.py:1151 SyntaxWarning: invalid escape sequence '\d'
[2026-07-28T19:02:43.980+0000] {logging_mixin.py:188} WARNING - /home/***/.local/lib/python3.12/site-packages/azure/synapse/artifacts/models/_models_py3.py:1248 SyntaxWarning: invalid escape sequence '\d'
[2026-07-28T19:02:43.983+0000] {logging_mixin.py:188} WARNING - /home/***/.local/lib/python3.12/site-packages/azure/synapse/artifacts/models/_models_py3.py:1271 SyntaxWarning: invalid escape sequence '\d'
[2026-07-28T19:02:43.986+0000] {logging_mixin.py:188} WARNING - /home/***/.local/lib/python3.12/site-packages/azure/synapse/artifacts/models/_models_py3.py:1406 SyntaxWarning: invalid escape sequence '\d'
[2026-07-28T19:02:43.990+0000] {logging_mixin.py:188} WARNING - /home/***/.local/lib/python3.12/site-packages/azure/synapse/artifacts/models/_models_py3.py:1439 SyntaxWarning: invalid escape sequence '\d'
[2026-07-28T19:02:43.993+0000] {logging_mixin.py:188} WARNING - /home/***/.local/lib/python3.12/site-packages/azure/synapse/artifacts/models/_models_py3.py:1495 SyntaxWarning: invalid escape sequence '\d'
[2026-07-28T19:02:43.997+0000] {logging_mixin.py:188} WARNING - /home/***/.local/lib/python3.12/site-packages/azure/synapse/artifacts/models/_models_py3.py:1683 SyntaxWarning: invalid escape sequence '\d'
[2026-07-28T19:02:44.001+0000] {logging_mixin.py:188} WARNING - /home/***/.local/lib/python3.12/site-packages/azure/synapse/artifacts/models/_models_py3.py:1750 SyntaxWarning: invalid escape sequence '\d'
[2026-07-28T19:02:44.008+0000] {logging_mixin.py:188} WARNING - /home/***/.local/lib/python3.12/site-packages/azure/synapse/artifacts/models/_models_py3.py:2025 SyntaxWarning: invalid escape sequence '\d'
[2026-07-28T19:02:44.011+0000] {logging_mixin.py:188} WARNING - /home/***/.local/lib/python3.12/site-packages/azure/synapse/artifacts/models/_models_py3.py:2110 SyntaxWarning: invalid escape sequence '\d'
[2026-07-28T19:02:44.015+0000] {logging_mixin.py:188} WARNING - /home/***/.local/lib/python3.12/site-packages/azure/synapse/artifacts/models/_models_py3.py:2407 SyntaxWarning: invalid escape sequence '\d'
[2026-07-28T19:02:44.018+0000] {logging_mixin.py:188} WARNING - /home/***/.local/lib/python3.12/site-packages/azure/synapse/artifacts/models/_models_py3.py:2468 SyntaxWarning: invalid escape sequence '\d'
[2026-07-28T19:02:44.026+0000] {logging_mixin.py:188} WARNING - /home/***/.local/lib/python3.12/site-packages/azure/synapse/artifacts/models/_models_py3.py:3987 SyntaxWarning: invalid escape sequence '\d'
[2026-07-28T19:02:44.029+0000] {logging_mixin.py:188} WARNING - /home/***/.local/lib/python3.12/site-packages/azure/synapse/artifacts/models/_models_py3.py:4096 SyntaxWarning: invalid escape sequence '\d'
[2026-07-28T19:02:44.032+0000] {logging_mixin.py:188} WARNING - /home/***/.local/lib/python3.12/site-packages/azure/synapse/artifacts/models/_models_py3.py:4127 SyntaxWarning: invalid escape sequence '\d'
[2026-07-28T19:02:44.035+0000] {logging_mixin.py:188} WARNING - /home/***/.local/lib/python3.12/site-packages/azure/synapse/artifacts/models/_models_py3.py:4186 SyntaxWarning: invalid escape sequence '\d'
[2026-07-28T19:02:44.038+0000] {logging_mixin.py:188} WARNING - /home/***/.local/lib/python3.12/site-packages/azure/synapse/artifacts/models/_models_py3.py:4225 SyntaxWarning: invalid escape sequence '\d'
[2026-07-28T19:02:44.042+0000] {logging_mixin.py:188} WARNING - /home/***/.local/lib/python3.12/site-packages/azure/synapse/artifacts/models/_models_py3.py:4275 SyntaxWarning: invalid escape sequence '\d'
[2026-07-28T19:02:44.048+0000] {logging_mixin.py:188} WARNING - /home/***/.local/lib/python3.12/site-packages/azure/synapse/artifacts/models/_models_py3.py:5209 SyntaxWarning: invalid escape sequence '\d'
[2026-07-28T19:02:44.054+0000] {logging_mixin.py:188} WARNING - /home/***/.local/lib/python3.12/site-packages/azure/synapse/artifacts/models/_models_py3.py:5265 SyntaxWarning: invalid escape sequence '\d'
[2026-07-28T19:02:44.059+0000] {logging_mixin.py:188} WARNING - /home/***/.local/lib/python3.12/site-packages/azure/synapse/artifacts/models/_models_py3.py:5302 SyntaxWarning: invalid escape sequence '\d'
[2026-07-28T19:02:44.064+0000] {logging_mixin.py:188} WARNING - /home/***/.local/lib/python3.12/site-packages/azure/synapse/artifacts/models/_models_py3.py:5358 SyntaxWarning: invalid escape sequence '\d'
[2026-07-28T19:02:44.071+0000] {logging_mixin.py:188} WARNING - /home/***/.local/lib/python3.12/site-packages/azure/synapse/artifacts/models/_models_py3.py:6437 SyntaxWarning: invalid escape sequence '\d'
[2026-07-28T19:02:44.078+0000] {logging_mixin.py:188} WARNING - /home/***/.local/lib/python3.12/site-packages/azure/synapse/artifacts/models/_models_py3.py:6497 SyntaxWarning: invalid escape sequence '\d'
[2026-07-28T19:02:44.081+0000] {logging_mixin.py:188} WARNING - /home/***/.local/lib/python3.12/site-packages/azure/synapse/artifacts/models/_models_py3.py:6538 SyntaxWarning: invalid escape sequence '\d'
[2026-07-28T19:02:44.084+0000] {logging_mixin.py:188} WARNING - /home/***/.local/lib/python3.12/site-packages/azure/synapse/artifacts/models/_models_py3.py:6588 SyntaxWarning: invalid escape sequence '\d'
[2026-07-28T19:02:44.089+0000] {logging_mixin.py:188} WARNING - /home/***/.local/lib/python3.12/site-packages/azure/synapse/artifacts/models/_models_py3.py:7023 SyntaxWarning: invalid escape sequence '\d'
[2026-07-28T19:02:44.092+0000] {logging_mixin.py:188} WARNING - /home/***/.local/lib/python3.12/site-packages/azure/synapse/artifacts/models/_models_py3.py:7096 SyntaxWarning: invalid escape sequence '\d'
[2026-07-28T19:02:44.099+0000] {logging_mixin.py:188} WARNING - /home/***/.local/lib/python3.12/site-packages/azure/synapse/artifacts/models/_models_py3.py:7267 SyntaxWarning: invalid escape sequence '\d'
[2026-07-28T19:02:44.103+0000] {logging_mixin.py:188} WARNING - /home/***/.local/lib/python3.12/site-packages/azure/synapse/artifacts/models/_models_py3.py:7333 SyntaxWarning: invalid escape sequence '\d'
[2026-07-28T19:02:44.107+0000] {logging_mixin.py:188} WARNING - /home/***/.local/lib/python3.12/site-packages/azure/synapse/artifacts/models/_models_py3.py:7378 SyntaxWarning: invalid escape sequence '\d'
[2026-07-28T19:02:44.110+0000] {logging_mixin.py:188} WARNING - /home/***/.local/lib/python3.12/site-packages/azure/synapse/artifacts/models/_models_py3.py:7440 SyntaxWarning: invalid escape sequence '\d'
[2026-07-28T19:02:44.116+0000] {logging_mixin.py:188} WARNING - /home/***/.local/lib/python3.12/site-packages/azure/synapse/artifacts/models/_models_py3.py:8222 SyntaxWarning: invalid escape sequence '\d'
[2026-07-28T19:02:44.119+0000] {logging_mixin.py:188} WARNING - /home/***/.local/lib/python3.12/site-packages/azure/synapse/artifacts/models/_models_py3.py:8282 SyntaxWarning: invalid escape sequence '\d'
[2026-07-28T19:02:44.122+0000] {logging_mixin.py:188} WARNING - /home/***/.local/lib/python3.12/site-packages/azure/synapse/artifacts/models/_models_py3.py:8322 SyntaxWarning: invalid escape sequence '\d'
[2026-07-28T19:02:44.125+0000] {logging_mixin.py:188} WARNING - /home/***/.local/lib/python3.12/site-packages/azure/synapse/artifacts/models/_models_py3.py:8368 SyntaxWarning: invalid escape sequence '\d'
[2026-07-28T19:02:44.132+0000] {logging_mixin.py:188} WARNING - /home/***/.local/lib/python3.12/site-packages/azure/synapse/artifacts/models/_models_py3.py:9475 SyntaxWarning: invalid escape sequence '\d'
[2026-07-28T19:02:44.135+0000] {logging_mixin.py:188} WARNING - /home/***/.local/lib/python3.12/site-packages/azure/synapse/artifacts/models/_models_py3.py:9531 SyntaxWarning: invalid escape sequence '\d'
[2026-07-28T19:02:44.141+0000] {logging_mixin.py:188} WARNING - /home/***/.local/lib/python3.12/site-packages/azure/synapse/artifacts/models/_models_py3.py:10532 SyntaxWarning: invalid escape sequence '\d'
[2026-07-28T19:02:44.143+0000] {logging_mixin.py:188} WARNING - /home/***/.local/lib/python3.12/site-packages/azure/synapse/artifacts/models/_models_py3.py:10588 SyntaxWarning: invalid escape sequence '\d'
[2026-07-28T19:02:44.146+0000] {logging_mixin.py:188} WARNING - /home/***/.local/lib/python3.12/site-packages/azure/synapse/artifacts/models/_models_py3.py:10625 SyntaxWarning: invalid escape sequence '\d'
[2026-07-28T19:02:44.151+0000] {logging_mixin.py:188} WARNING - /home/***/.local/lib/python3.12/site-packages/azure/synapse/artifacts/models/_models_py3.py:10680 SyntaxWarning: invalid escape sequence '\d'
[2026-07-28T19:02:44.157+0000] {logging_mixin.py:188} WARNING - /home/***/.local/lib/python3.12/site-packages/azure/synapse/artifacts/models/_models_py3.py:10923 SyntaxWarning: invalid escape sequence '\d'
[2026-07-28T19:02:44.160+0000] {logging_mixin.py:188} WARNING - /home/***/.local/lib/python3.12/site-packages/azure/synapse/artifacts/models/_models_py3.py:10979 SyntaxWarning: invalid escape sequence '\d'
[2026-07-28T19:02:44.162+0000] {logging_mixin.py:188} WARNING - /home/***/.local/lib/python3.12/site-packages/azure/synapse/artifacts/models/_models_py3.py:11016 SyntaxWarning: invalid escape sequence '\d'
[2026-07-28T19:02:44.164+0000] {logging_mixin.py:188} WARNING - /home/***/.local/lib/python3.12/site-packages/azure/synapse/artifacts/models/_models_py3.py:11072 SyntaxWarning: invalid escape sequence '\d'
[2026-07-28T19:02:44.168+0000] {logging_mixin.py:188} WARNING - /home/***/.local/lib/python3.12/site-packages/azure/synapse/artifacts/models/_models_py3.py:11231 SyntaxWarning: invalid escape sequence '\d'
[2026-07-28T19:02:44.171+0000] {logging_mixin.py:188} WARNING - /home/***/.local/lib/python3.12/site-packages/azure/synapse/artifacts/models/_models_py3.py:11282 SyntaxWarning: invalid escape sequence '\d'
[2026-07-28T19:02:44.175+0000] {logging_mixin.py:188} WARNING - /home/***/.local/lib/python3.12/site-packages/azure/synapse/artifacts/models/_models_py3.py:11420 SyntaxWarning: invalid escape sequence '\d'
[2026-07-28T19:02:44.178+0000] {logging_mixin.py:188} WARNING - /home/***/.local/lib/python3.12/site-packages/azure/synapse/artifacts/models/_models_py3.py:11477 SyntaxWarning: invalid escape sequence '\d'
[2026-07-28T19:02:44.183+0000] {logging_mixin.py:188} WARNING - /home/***/.local/lib/python3.12/site-packages/azure/synapse/artifacts/models/_models_py3.py:12300 SyntaxWarning: invalid escape sequence '\d'
[2026-07-28T19:02:44.187+0000] {logging_mixin.py:188} WARNING - /home/***/.local/lib/python3.12/site-packages/azure/synapse/artifacts/models/_models_py3.py:12383 SyntaxWarning: invalid escape sequence '\d'
[2026-07-28T19:02:44.189+0000] {logging_mixin.py:188} WARNING - /home/***/.local/lib/python3.12/site-packages/azure/synapse/artifacts/models/_models_py3.py:12439 SyntaxWarning: invalid escape sequence '\d'
[2026-07-28T19:02:44.193+0000] {logging_mixin.py:188} WARNING - /home/***/.local/lib/python3.12/site-packages/azure/synapse/artifacts/models/_models_py3.py:12524 SyntaxWarning: invalid escape sequence '\d'
[2026-07-28T19:02:44.196+0000] {logging_mixin.py:188} WARNING - /home/***/.local/lib/python3.12/site-packages/azure/synapse/artifacts/models/_models_py3.py:13019 SyntaxWarning: invalid escape sequence '\d'
[2026-07-28T19:02:44.199+0000] {logging_mixin.py:188} WARNING - /home/***/.local/lib/python3.12/site-packages/azure/synapse/artifacts/models/_models_py3.py:13090 SyntaxWarning: invalid escape sequence '\d'
[2026-07-28T19:02:44.202+0000] {logging_mixin.py:188} WARNING - /home/***/.local/lib/python3.12/site-packages/azure/synapse/artifacts/models/_models_py3.py:13139 SyntaxWarning: invalid escape sequence '\d'
[2026-07-28T19:02:44.206+0000] {logging_mixin.py:188} WARNING - /home/***/.local/lib/python3.12/site-packages/azure/synapse/artifacts/models/_models_py3.py:13200 SyntaxWarning: invalid escape sequence '\d'
[2026-07-28T19:02:44.212+0000] {logging_mixin.py:188} WARNING - /home/***/.local/lib/python3.12/site-packages/azure/synapse/artifacts/models/_models_py3.py:13886 SyntaxWarning: invalid escape sequence '\d'
[2026-07-28T19:02:44.215+0000] {logging_mixin.py:188} WARNING - /home/***/.local/lib/python3.12/site-packages/azure/synapse/artifacts/models/_models_py3.py:13941 SyntaxWarning: invalid escape sequence '\d'
[2026-07-28T19:02:44.217+0000] {logging_mixin.py:188} WARNING - /home/***/.local/lib/python3.12/site-packages/azure/synapse/artifacts/models/_models_py3.py:13977 SyntaxWarning: invalid escape sequence '\d'
[2026-07-28T19:02:44.220+0000] {logging_mixin.py:188} WARNING - /home/***/.local/lib/python3.12/site-packages/azure/synapse/artifacts/models/_models_py3.py:14026 SyntaxWarning: invalid escape sequence '\d'
[2026-07-28T19:02:44.224+0000] {logging_mixin.py:188} WARNING - /home/***/.local/lib/python3.12/site-packages/azure/synapse/artifacts/models/_models_py3.py:14318 SyntaxWarning: invalid escape sequence '\d'
[2026-07-28T19:02:44.230+0000] {logging_mixin.py:188} WARNING - /home/***/.local/lib/python3.12/site-packages/azure/synapse/artifacts/models/_models_py3.py:14388 SyntaxWarning: invalid escape sequence '\d'
[2026-07-28T19:02:44.233+0000] {logging_mixin.py:188} WARNING - /home/***/.local/lib/python3.12/site-packages/azure/synapse/artifacts/models/_models_py3.py:14436 SyntaxWarning: invalid escape sequence '\d'
[2026-07-28T19:02:44.236+0000] {logging_mixin.py:188} WARNING - /home/***/.local/lib/python3.12/site-packages/azure/synapse/artifacts/models/_models_py3.py:14492 SyntaxWarning: invalid escape sequence '\d'
[2026-07-28T19:02:44.241+0000] {logging_mixin.py:188} WARNING - /home/***/.local/lib/python3.12/site-packages/azure/synapse/artifacts/models/_models_py3.py:14744 SyntaxWarning: invalid escape sequence '\d'
[2026-07-28T19:02:44.244+0000] {logging_mixin.py:188} WARNING - /home/***/.local/lib/python3.12/site-packages/azure/synapse/artifacts/models/_models_py3.py:14810 SyntaxWarning: invalid escape sequence '\d'
[2026-07-28T19:02:44.250+0000] {logging_mixin.py:188} WARNING - /home/***/.local/lib/python3.12/site-packages/azure/synapse/artifacts/models/_models_py3.py:15415 SyntaxWarning: invalid escape sequence '\d'
[2026-07-28T19:02:44.253+0000] {logging_mixin.py:188} WARNING - /home/***/.local/lib/python3.12/site-packages/azure/synapse/artifacts/models/_models_py3.py:15482 SyntaxWarning: invalid escape sequence '\d'
[2026-07-28T19:02:44.257+0000] {logging_mixin.py:188} WARNING - /home/***/.local/lib/python3.12/site-packages/azure/synapse/artifacts/models/_models_py3.py:15527 SyntaxWarning: invalid escape sequence '\d'
[2026-07-28T19:02:44.261+0000] {logging_mixin.py:188} WARNING - /home/***/.local/lib/python3.12/site-packages/azure/synapse/artifacts/models/_models_py3.py:15578 SyntaxWarning: invalid escape sequence '\d'
[2026-07-28T19:02:44.265+0000] {logging_mixin.py:188} WARNING - /home/***/.local/lib/python3.12/site-packages/azure/synapse/artifacts/models/_models_py3.py:15897 SyntaxWarning: invalid escape sequence '\d'
[2026-07-28T19:02:44.269+0000] {logging_mixin.py:188} WARNING - /home/***/.local/lib/python3.12/site-packages/azure/synapse/artifacts/models/_models_py3.py:15953 SyntaxWarning: invalid escape sequence '\d'
[2026-07-28T19:02:44.275+0000] {logging_mixin.py:188} WARNING - /home/***/.local/lib/python3.12/site-packages/azure/synapse/artifacts/models/_models_py3.py:16617 SyntaxWarning: invalid escape sequence '\d'
[2026-07-28T19:02:44.281+0000] {logging_mixin.py:188} WARNING - /home/***/.local/lib/python3.12/site-packages/azure/synapse/artifacts/models/_models_py3.py:16674 SyntaxWarning: invalid escape sequence '\d'
[2026-07-28T19:02:44.285+0000] {logging_mixin.py:188} WARNING - /home/***/.local/lib/python3.12/site-packages/azure/synapse/artifacts/models/_models_py3.py:16712 SyntaxWarning: invalid escape sequence '\d'
[2026-07-28T19:02:44.289+0000] {logging_mixin.py:188} WARNING - /home/***/.local/lib/python3.12/site-packages/azure/synapse/artifacts/models/_models_py3.py:16780 SyntaxWarning: invalid escape sequence '\d'
[2026-07-28T19:02:44.292+0000] {logging_mixin.py:188} WARNING - /home/***/.local/lib/python3.12/site-packages/azure/synapse/artifacts/models/_models_py3.py:16932 SyntaxWarning: invalid escape sequence '\d'
[2026-07-28T19:02:44.298+0000] {logging_mixin.py:188} WARNING - /home/***/.local/lib/python3.12/site-packages/azure/synapse/artifacts/models/_models_py3.py:16988 SyntaxWarning: invalid escape sequence '\d'
[2026-07-28T19:02:44.301+0000] {logging_mixin.py:188} WARNING - /home/***/.local/lib/python3.12/site-packages/azure/synapse/artifacts/models/_models_py3.py:17025 SyntaxWarning: invalid escape sequence '\d'
[2026-07-28T19:02:44.305+0000] {logging_mixin.py:188} WARNING - /home/***/.local/lib/python3.12/site-packages/azure/synapse/artifacts/models/_models_py3.py:17090 SyntaxWarning: invalid escape sequence '\d'
[2026-07-28T19:02:44.310+0000] {logging_mixin.py:188} WARNING - /home/***/.local/lib/python3.12/site-packages/azure/synapse/artifacts/models/_models_py3.py:17228 SyntaxWarning: invalid escape sequence '\d'
[2026-07-28T19:02:44.314+0000] {logging_mixin.py:188} WARNING - /home/***/.local/lib/python3.12/site-packages/azure/synapse/artifacts/models/_models_py3.py:17284 SyntaxWarning: invalid escape sequence '\d'
[2026-07-28T19:02:44.327+0000] {logging_mixin.py:188} WARNING - /home/***/.local/lib/python3.12/site-packages/azure/synapse/artifacts/models/_models_py3.py:20234 SyntaxWarning: invalid escape sequence '\d'
[2026-07-28T19:02:44.331+0000] {logging_mixin.py:188} WARNING - /home/***/.local/lib/python3.12/site-packages/azure/synapse/artifacts/models/_models_py3.py:20289 SyntaxWarning: invalid escape sequence '\d'
[2026-07-28T19:02:44.339+0000] {logging_mixin.py:188} WARNING - /home/***/.local/lib/python3.12/site-packages/azure/synapse/artifacts/models/_models_py3.py:20862 SyntaxWarning: invalid escape sequence '\d'
[2026-07-28T19:02:44.342+0000] {logging_mixin.py:188} WARNING - /home/***/.local/lib/python3.12/site-packages/azure/synapse/artifacts/models/_models_py3.py:20921 SyntaxWarning: invalid escape sequence '\d'
[2026-07-28T19:02:44.345+0000] {logging_mixin.py:188} WARNING - /home/***/.local/lib/python3.12/site-packages/azure/synapse/artifacts/models/_models_py3.py:20960 SyntaxWarning: invalid escape sequence '\d'
[2026-07-28T19:02:44.350+0000] {logging_mixin.py:188} WARNING - /home/***/.local/lib/python3.12/site-packages/azure/synapse/artifacts/models/_models_py3.py:21014 SyntaxWarning: invalid escape sequence '\d'
[2026-07-28T19:02:44.368+0000] {logging_mixin.py:188} WARNING - /home/***/.local/lib/python3.12/site-packages/azure/synapse/artifacts/models/_models_py3.py:21316 SyntaxWarning: invalid escape sequence '\d'
[2026-07-28T19:02:44.373+0000] {logging_mixin.py:188} WARNING - /home/***/.local/lib/python3.12/site-packages/azure/synapse/artifacts/models/_models_py3.py:21377 SyntaxWarning: invalid escape sequence '\d'
[2026-07-28T19:02:44.377+0000] {logging_mixin.py:188} WARNING - /home/***/.local/lib/python3.12/site-packages/azure/synapse/artifacts/models/_models_py3.py:21418 SyntaxWarning: invalid escape sequence '\d'
[2026-07-28T19:02:44.380+0000] {logging_mixin.py:188} WARNING - /home/***/.local/lib/python3.12/site-packages/azure/synapse/artifacts/models/_models_py3.py:21478 SyntaxWarning: invalid escape sequence '\d'
[2026-07-28T19:02:44.384+0000] {logging_mixin.py:188} WARNING - /home/***/.local/lib/python3.12/site-packages/azure/synapse/artifacts/models/_models_py3.py:21612 SyntaxWarning: invalid escape sequence '\d'
[2026-07-28T19:02:44.387+0000] {logging_mixin.py:188} WARNING - /home/***/.local/lib/python3.12/site-packages/azure/synapse/artifacts/models/_models_py3.py:21668 SyntaxWarning: invalid escape sequence '\d'
[2026-07-28T19:02:44.394+0000] {logging_mixin.py:188} WARNING - /home/***/.local/lib/python3.12/site-packages/azure/synapse/artifacts/models/_models_py3.py:22155 SyntaxWarning: invalid escape sequence '\d'
[2026-07-28T19:02:44.397+0000] {logging_mixin.py:188} WARNING - /home/***/.local/lib/python3.12/site-packages/azure/synapse/artifacts/models/_models_py3.py:22218 SyntaxWarning: invalid escape sequence '\d'
[2026-07-28T19:02:44.401+0000] {logging_mixin.py:188} WARNING - /home/***/.local/lib/python3.12/site-packages/azure/synapse/artifacts/models/_models_py3.py:22559 SyntaxWarning: invalid escape sequence '\d'
[2026-07-28T19:02:44.404+0000] {logging_mixin.py:188} WARNING - /home/***/.local/lib/python3.12/site-packages/azure/synapse/artifacts/models/_models_py3.py:22626 SyntaxWarning: invalid escape sequence '\d'
[2026-07-28T19:02:44.409+0000] {logging_mixin.py:188} WARNING - /home/***/.local/lib/python3.12/site-packages/azure/synapse/artifacts/models/_models_py3.py:22671 SyntaxWarning: invalid escape sequence '\d'
[2026-07-28T19:02:44.413+0000] {logging_mixin.py:188} WARNING - /home/***/.local/lib/python3.12/site-packages/azure/synapse/artifacts/models/_models_py3.py:22722 SyntaxWarning: invalid escape sequence '\d'
[2026-07-28T19:02:44.419+0000] {logging_mixin.py:188} WARNING - /home/***/.local/lib/python3.12/site-packages/azure/synapse/artifacts/models/_models_py3.py:23061 SyntaxWarning: invalid escape sequence '\d'
[2026-07-28T19:02:44.423+0000] {logging_mixin.py:188} WARNING - /home/***/.local/lib/python3.12/site-packages/azure/synapse/artifacts/models/_models_py3.py:23128 SyntaxWarning: invalid escape sequence '\d'
[2026-07-28T19:02:44.428+0000] {logging_mixin.py:188} WARNING - /home/***/.local/lib/python3.12/site-packages/azure/synapse/artifacts/models/_models_py3.py:23173 SyntaxWarning: invalid escape sequence '\d'
[2026-07-28T19:02:44.432+0000] {logging_mixin.py:188} WARNING - /home/***/.local/lib/python3.12/site-packages/azure/synapse/artifacts/models/_models_py3.py:23224 SyntaxWarning: invalid escape sequence '\d'
[2026-07-28T19:02:44.437+0000] {logging_mixin.py:188} WARNING - /home/***/.local/lib/python3.12/site-packages/azure/synapse/artifacts/models/_models_py3.py:23511 SyntaxWarning: invalid escape sequence '\d'
[2026-07-28T19:02:44.441+0000] {logging_mixin.py:188} WARNING - /home/***/.local/lib/python3.12/site-packages/azure/synapse/artifacts/models/_models_py3.py:23567 SyntaxWarning: invalid escape sequence '\d'
[2026-07-28T19:02:44.446+0000] {logging_mixin.py:188} WARNING - /home/***/.local/lib/python3.12/site-packages/azure/synapse/artifacts/models/_models_py3.py:23968 SyntaxWarning: invalid escape sequence '\d'
[2026-07-28T19:02:44.450+0000] {logging_mixin.py:188} WARNING - /home/***/.local/lib/python3.12/site-packages/azure/synapse/artifacts/models/_models_py3.py:24018 SyntaxWarning: invalid escape sequence '\d'
[2026-07-28T19:02:44.458+0000] {logging_mixin.py:188} WARNING - /home/***/.local/lib/python3.12/site-packages/azure/synapse/artifacts/models/_models_py3.py:25343 SyntaxWarning: invalid escape sequence '\d'
[2026-07-28T19:02:44.462+0000] {logging_mixin.py:188} WARNING - /home/***/.local/lib/python3.12/site-packages/azure/synapse/artifacts/models/_models_py3.py:25398 SyntaxWarning: invalid escape sequence '\d'
[2026-07-28T19:02:44.468+0000] {logging_mixin.py:188} WARNING - /home/***/.local/lib/python3.12/site-packages/azure/synapse/artifacts/models/_models_py3.py:25434 SyntaxWarning: invalid escape sequence '\d'
[2026-07-28T19:02:44.473+0000] {logging_mixin.py:188} WARNING - /home/***/.local/lib/python3.12/site-packages/azure/synapse/artifacts/models/_models_py3.py:25485 SyntaxWarning: invalid escape sequence '\d'
[2026-07-28T19:02:44.484+0000] {logging_mixin.py:188} WARNING - /home/***/.local/lib/python3.12/site-packages/azure/synapse/artifacts/models/_models_py3.py:26723 SyntaxWarning: invalid escape sequence '\d'
[2026-07-28T19:02:44.488+0000] {logging_mixin.py:188} WARNING - /home/***/.local/lib/python3.12/site-packages/azure/synapse/artifacts/models/_models_py3.py:26779 SyntaxWarning: invalid escape sequence '\d'
[2026-07-28T19:02:44.494+0000] {logging_mixin.py:188} WARNING - /home/***/.local/lib/python3.12/site-packages/azure/synapse/artifacts/models/_models_py3.py:27121 SyntaxWarning: invalid escape sequence '\d'
[2026-07-28T19:02:44.499+0000] {logging_mixin.py:188} WARNING - /home/***/.local/lib/python3.12/site-packages/azure/synapse/artifacts/models/_models_py3.py:27177 SyntaxWarning: invalid escape sequence '\d'
[2026-07-28T19:02:44.504+0000] {logging_mixin.py:188} WARNING - /home/***/.local/lib/python3.12/site-packages/azure/synapse/artifacts/models/_models_py3.py:27461 SyntaxWarning: invalid escape sequence '\d'
[2026-07-28T19:02:44.508+0000] {logging_mixin.py:188} WARNING - /home/***/.local/lib/python3.12/site-packages/azure/synapse/artifacts/models/_models_py3.py:27517 SyntaxWarning: invalid escape sequence '\d'
[2026-07-28T19:02:44.515+0000] {logging_mixin.py:188} WARNING - /home/***/.local/lib/python3.12/site-packages/azure/synapse/artifacts/models/_models_py3.py:28053 SyntaxWarning: invalid escape sequence '\d'
[2026-07-28T19:02:44.520+0000] {logging_mixin.py:188} WARNING - /home/***/.local/lib/python3.12/site-packages/azure/synapse/artifacts/models/_models_py3.py:28109 SyntaxWarning: invalid escape sequence '\d'
[2026-07-28T19:02:44.524+0000] {logging_mixin.py:188} WARNING - /home/***/.local/lib/python3.12/site-packages/azure/synapse/artifacts/models/_models_py3.py:28536 SyntaxWarning: invalid escape sequence '\d'
[2026-07-28T19:02:44.528+0000] {logging_mixin.py:188} WARNING - /home/***/.local/lib/python3.12/site-packages/azure/synapse/artifacts/models/_models_py3.py:28592 SyntaxWarning: invalid escape sequence '\d'
[2026-07-28T19:02:44.533+0000] {logging_mixin.py:188} WARNING - /home/***/.local/lib/python3.12/site-packages/azure/synapse/artifacts/models/_models_py3.py:28932 SyntaxWarning: invalid escape sequence '\d'
[2026-07-28T19:02:44.536+0000] {logging_mixin.py:188} WARNING - /home/***/.local/lib/python3.12/site-packages/azure/synapse/artifacts/models/_models_py3.py:28982 SyntaxWarning: invalid escape sequence '\d'
[2026-07-28T19:02:44.546+0000] {logging_mixin.py:188} WARNING - /home/***/.local/lib/python3.12/site-packages/azure/synapse/artifacts/models/_models_py3.py:30727 SyntaxWarning: invalid escape sequence '\d'
[2026-07-28T19:02:44.550+0000] {logging_mixin.py:188} WARNING - /home/***/.local/lib/python3.12/site-packages/azure/synapse/artifacts/models/_models_py3.py:30783 SyntaxWarning: invalid escape sequence '\d'
[2026-07-28T19:02:44.556+0000] {logging_mixin.py:188} WARNING - /home/***/.local/lib/python3.12/site-packages/azure/synapse/artifacts/models/_models_py3.py:31296 SyntaxWarning: invalid escape sequence '\d'
[2026-07-28T19:02:44.560+0000] {logging_mixin.py:188} WARNING - /home/***/.local/lib/python3.12/site-packages/azure/synapse/artifacts/models/_models_py3.py:31344 SyntaxWarning: invalid escape sequence '\d'
[2026-07-28T19:02:44.567+0000] {logging_mixin.py:188} WARNING - /home/***/.local/lib/python3.12/site-packages/azure/synapse/artifacts/models/_models_py3.py:31617 SyntaxWarning: invalid escape sequence '\d'
[2026-07-28T19:02:44.571+0000] {logging_mixin.py:188} WARNING - /home/***/.local/lib/python3.12/site-packages/azure/synapse/artifacts/models/_models_py3.py:31673 SyntaxWarning: invalid escape sequence '\d'
[2026-07-28T19:02:44.576+0000] {logging_mixin.py:188} WARNING - /home/***/.local/lib/python3.12/site-packages/azure/synapse/artifacts/models/_models_py3.py:32120 SyntaxWarning: invalid escape sequence '\d'
[2026-07-28T19:02:44.579+0000] {logging_mixin.py:188} WARNING - /home/***/.local/lib/python3.12/site-packages/azure/synapse/artifacts/models/_models_py3.py:32176 SyntaxWarning: invalid escape sequence '\d'
[2026-07-28T19:02:44.589+0000] {logging_mixin.py:188} WARNING - /home/***/.local/lib/python3.12/site-packages/azure/synapse/artifacts/models/_models_py3.py:32339 SyntaxWarning: invalid escape sequence '\d'
[2026-07-28T19:02:44.592+0000] {logging_mixin.py:188} WARNING - /home/***/.local/lib/python3.12/site-packages/azure/synapse/artifacts/models/_models_py3.py:32395 SyntaxWarning: invalid escape sequence '\d'
[2026-07-28T19:02:44.596+0000] {logging_mixin.py:188} WARNING - /home/***/.local/lib/python3.12/site-packages/azure/synapse/artifacts/models/_models_py3.py:32432 SyntaxWarning: invalid escape sequence '\d'
[2026-07-28T19:02:44.599+0000] {logging_mixin.py:188} WARNING - /home/***/.local/lib/python3.12/site-packages/azure/synapse/artifacts/models/_models_py3.py:32487 SyntaxWarning: invalid escape sequence '\d'
[2026-07-28T19:02:44.608+0000] {logging_mixin.py:188} WARNING - /home/***/.local/lib/python3.12/site-packages/azure/synapse/artifacts/models/_models_py3.py:33502 SyntaxWarning: invalid escape sequence '\d'
[2026-07-28T19:02:44.612+0000] {logging_mixin.py:188} WARNING - /home/***/.local/lib/python3.12/site-packages/azure/synapse/artifacts/models/_models_py3.py:33558 SyntaxWarning: invalid escape sequence '\d'
[2026-07-28T19:02:44.619+0000] {logging_mixin.py:188} WARNING - /home/***/.local/lib/python3.12/site-packages/azure/synapse/artifacts/models/_models_py3.py:33869 SyntaxWarning: invalid escape sequence '\d'
[2026-07-28T19:02:44.625+0000] {logging_mixin.py:188} WARNING - /home/***/.local/lib/python3.12/site-packages/azure/synapse/artifacts/models/_models_py3.py:33928 SyntaxWarning: invalid escape sequence '\d'
[2026-07-28T19:02:44.628+0000] {logging_mixin.py:188} WARNING - /home/***/.local/lib/python3.12/site-packages/azure/synapse/artifacts/models/_models_py3.py:33967 SyntaxWarning: invalid escape sequence '\d'
[2026-07-28T19:02:44.632+0000] {logging_mixin.py:188} WARNING - /home/***/.local/lib/python3.12/site-packages/azure/synapse/artifacts/models/_models_py3.py:34021 SyntaxWarning: invalid escape sequence '\d'
[2026-07-28T19:02:44.637+0000] {logging_mixin.py:188} WARNING - /home/***/.local/lib/python3.12/site-packages/azure/synapse/artifacts/models/_models_py3.py:34739 SyntaxWarning: invalid escape sequence '\d'
[2026-07-28T19:02:44.641+0000] {logging_mixin.py:188} WARNING - /home/***/.local/lib/python3.12/site-packages/azure/synapse/artifacts/models/_models_py3.py:34806 SyntaxWarning: invalid escape sequence '\d'
[2026-07-28T19:02:44.644+0000] {logging_mixin.py:188} WARNING - /home/***/.local/lib/python3.12/site-packages/azure/synapse/artifacts/models/_models_py3.py:34852 SyntaxWarning: invalid escape sequence '\d'
[2026-07-28T19:02:44.648+0000] {logging_mixin.py:188} WARNING - /home/***/.local/lib/python3.12/site-packages/azure/synapse/artifacts/models/_models_py3.py:34908 SyntaxWarning: invalid escape sequence '\d'
[2026-07-28T19:02:44.656+0000] {logging_mixin.py:188} WARNING - /home/***/.local/lib/python3.12/site-packages/azure/synapse/artifacts/models/_models_py3.py:36915 SyntaxWarning: invalid escape sequence '\d'
[2026-07-28T19:02:44.659+0000] {logging_mixin.py:188} WARNING - /home/***/.local/lib/python3.12/site-packages/azure/synapse/artifacts/models/_models_py3.py:36971 SyntaxWarning: invalid escape sequence '\d'
[2026-07-28T19:02:44.663+0000] {logging_mixin.py:188} WARNING - /home/***/.local/lib/python3.12/site-packages/azure/synapse/artifacts/models/_models_py3.py:37417 SyntaxWarning: invalid escape sequence '\d'
[2026-07-28T19:02:44.665+0000] {logging_mixin.py:188} WARNING - /home/***/.local/lib/python3.12/site-packages/azure/synapse/artifacts/models/_models_py3.py:37473 SyntaxWarning: invalid escape sequence '\d'
[2026-07-28T19:02:44.669+0000] {logging_mixin.py:188} WARNING - /home/***/.local/lib/python3.12/site-packages/azure/synapse/artifacts/models/_models_py3.py:37845 SyntaxWarning: invalid escape sequence '\d'
[2026-07-28T19:02:44.673+0000] {logging_mixin.py:188} WARNING - /home/***/.local/lib/python3.12/site-packages/azure/synapse/artifacts/models/_models_py3.py:37901 SyntaxWarning: invalid escape sequence '\d'
[2026-07-28T19:02:44.678+0000] {logging_mixin.py:188} WARNING - /home/***/.local/lib/python3.12/site-packages/azure/synapse/artifacts/models/_models_py3.py:38208 SyntaxWarning: invalid escape sequence '\d'
[2026-07-28T19:02:44.681+0000] {logging_mixin.py:188} WARNING - /home/***/.local/lib/python3.12/site-packages/azure/synapse/artifacts/models/_models_py3.py:38264 SyntaxWarning: invalid escape sequence '\d'
[2026-07-28T19:02:44.683+0000] {logging_mixin.py:188} WARNING - /home/***/.local/lib/python3.12/site-packages/azure/synapse/artifacts/models/_models_py3.py:38301 SyntaxWarning: invalid escape sequence '\d'
[2026-07-28T19:02:44.686+0000] {logging_mixin.py:188} WARNING - /home/***/.local/lib/python3.12/site-packages/azure/synapse/artifacts/models/_models_py3.py:38351 SyntaxWarning: invalid escape sequence '\d'
[2026-07-28T19:02:44.690+0000] {logging_mixin.py:188} WARNING - /home/***/.local/lib/python3.12/site-packages/azure/synapse/artifacts/models/_models_py3.py:38690 SyntaxWarning: invalid escape sequence '\d'
[2026-07-28T19:02:44.693+0000] {logging_mixin.py:188} WARNING - /home/***/.local/lib/python3.12/site-packages/azure/synapse/artifacts/models/_models_py3.py:38758 SyntaxWarning: invalid escape sequence '\d'
[2026-07-28T19:02:44.696+0000] {logging_mixin.py:188} WARNING - /home/***/.local/lib/python3.12/site-packages/azure/synapse/artifacts/models/_models_py3.py:39141 SyntaxWarning: invalid escape sequence '\d'
[2026-07-28T19:02:44.699+0000] {logging_mixin.py:188} WARNING - /home/***/.local/lib/python3.12/site-packages/azure/synapse/artifacts/models/_models_py3.py:39192 SyntaxWarning: invalid escape sequence '\d'
[2026-07-28T19:02:44.704+0000] {logging_mixin.py:188} WARNING - /home/***/.local/lib/python3.12/site-packages/azure/synapse/artifacts/models/_models_py3.py:39419 SyntaxWarning: invalid escape sequence '\d'
[2026-07-28T19:02:44.707+0000] {logging_mixin.py:188} WARNING - /home/***/.local/lib/python3.12/site-packages/azure/synapse/artifacts/models/_models_py3.py:39487 SyntaxWarning: invalid escape sequence '\d'
[2026-07-28T19:02:44.710+0000] {logging_mixin.py:188} WARNING - /home/***/.local/lib/python3.12/site-packages/azure/synapse/artifacts/models/_models_py3.py:39683 SyntaxWarning: invalid escape sequence '\d'
[2026-07-28T19:02:44.713+0000] {logging_mixin.py:188} WARNING - /home/***/.local/lib/python3.12/site-packages/azure/synapse/artifacts/models/_models_py3.py:39738 SyntaxWarning: invalid escape sequence '\d'
[2026-07-28T19:02:44.717+0000] {logging_mixin.py:188} WARNING - /home/***/.local/lib/python3.12/site-packages/azure/synapse/artifacts/models/_models_py3.py:40019 SyntaxWarning: invalid escape sequence '\d'
[2026-07-28T19:02:44.759+0000] {logging_mixin.py:188} WARNING - /home/***/.local/lib/python3.12/site-packages/azure/synapse/artifacts/models/_models_py3.py:40084 SyntaxWarning: invalid escape sequence '\d'
[2026-07-28T19:02:44.767+0000] {logging_mixin.py:188} WARNING - /home/***/.local/lib/python3.12/site-packages/azure/synapse/artifacts/models/_models_py3.py:41138 SyntaxWarning: invalid escape sequence '\d'
[2026-07-28T19:02:44.769+0000] {logging_mixin.py:188} WARNING - /home/***/.local/lib/python3.12/site-packages/azure/synapse/artifacts/models/_models_py3.py:41196 SyntaxWarning: invalid escape sequence '\d'
[2026-07-28T19:02:44.772+0000] {logging_mixin.py:188} WARNING - /home/***/.local/lib/python3.12/site-packages/azure/synapse/artifacts/models/_models_py3.py:41359 SyntaxWarning: invalid escape sequence '\d'
[2026-07-28T19:02:44.776+0000] {logging_mixin.py:188} WARNING - /home/***/.local/lib/python3.12/site-packages/azure/synapse/artifacts/models/_models_py3.py:41415 SyntaxWarning: invalid escape sequence '\d'
[2026-07-28T19:02:44.779+0000] {logging_mixin.py:188} WARNING - /home/***/.local/lib/python3.12/site-packages/azure/synapse/artifacts/models/_models_py3.py:41452 SyntaxWarning: invalid escape sequence '\d'
[2026-07-28T19:02:44.782+0000] {logging_mixin.py:188} WARNING - /home/***/.local/lib/python3.12/site-packages/azure/synapse/artifacts/models/_models_py3.py:41507 SyntaxWarning: invalid escape sequence '\d'
[2026-07-28T19:02:44.785+0000] {logging_mixin.py:188} WARNING - /home/***/.local/lib/python3.12/site-packages/azure/synapse/artifacts/models/_models_py3.py:41875 SyntaxWarning: invalid escape sequence '\d'
[2026-07-28T19:02:44.788+0000] {logging_mixin.py:188} WARNING - /home/***/.local/lib/python3.12/site-packages/azure/synapse/artifacts/models/_models_py3.py:41947 SyntaxWarning: invalid escape sequence '\d'
[2026-07-28T19:02:44.907+0000] {logging_mixin.py:188} WARNING - /home/***/.local/lib/python3.12/site-packages/azure/synapse/artifacts/models/_models_py3.py:42441 SyntaxWarning: invalid escape sequence '\d'
[2026-07-28T19:02:44.912+0000] {logging_mixin.py:188} WARNING - /home/***/.local/lib/python3.12/site-packages/azure/synapse/artifacts/models/_models_py3.py:42497 SyntaxWarning: invalid escape sequence '\d'
[2026-07-28T19:02:44.916+0000] {logging_mixin.py:188} WARNING - /home/***/.local/lib/python3.12/site-packages/azure/synapse/artifacts/models/_models_py3.py:42534 SyntaxWarning: invalid escape sequence '\d'
[2026-07-28T19:02:44.939+0000] {logging_mixin.py:188} WARNING - /home/***/.local/lib/python3.12/site-packages/azure/synapse/artifacts/models/_models_py3.py:42590 SyntaxWarning: invalid escape sequence '\d'
[2026-07-28T19:02:44.967+0000] {logging_mixin.py:188} WARNING - /home/***/.local/lib/python3.12/site-packages/azure/synapse/artifacts/models/_models_py3.py:42627 SyntaxWarning: invalid escape sequence '\d'
[2026-07-28T19:02:44.971+0000] {logging_mixin.py:188} WARNING - /home/***/.local/lib/python3.12/site-packages/azure/synapse/artifacts/models/_models_py3.py:42692 SyntaxWarning: invalid escape sequence '\d'
[2026-07-28T19:02:44.982+0000] {logging_mixin.py:188} WARNING - /home/***/.local/lib/python3.12/site-packages/azure/synapse/artifacts/models/_models_py3.py:43020 SyntaxWarning: invalid escape sequence '\d'
[2026-07-28T19:02:44.986+0000] {logging_mixin.py:188} WARNING - /home/***/.local/lib/python3.12/site-packages/azure/synapse/artifacts/models/_models_py3.py:43079 SyntaxWarning: invalid escape sequence '\d'
[2026-07-28T19:02:44.989+0000] {logging_mixin.py:188} WARNING - /home/***/.local/lib/python3.12/site-packages/azure/synapse/artifacts/models/_models_py3.py:43118 SyntaxWarning: invalid escape sequence '\d'
[2026-07-28T19:02:44.993+0000] {logging_mixin.py:188} WARNING - /home/***/.local/lib/python3.12/site-packages/azure/synapse/artifacts/models/_models_py3.py:43168 SyntaxWarning: invalid escape sequence '\d'
[2026-07-28T19:02:44.997+0000] {logging_mixin.py:188} WARNING - /home/***/.local/lib/python3.12/site-packages/azure/synapse/artifacts/models/_models_py3.py:43514 SyntaxWarning: invalid escape sequence '\d'
[2026-07-28T19:02:45.000+0000] {logging_mixin.py:188} WARNING - /home/***/.local/lib/python3.12/site-packages/azure/synapse/artifacts/models/_models_py3.py:43573 SyntaxWarning: invalid escape sequence '\d'
[2026-07-28T19:02:45.005+0000] {logging_mixin.py:188} WARNING - /home/***/.local/lib/python3.12/site-packages/azure/synapse/artifacts/models/_models_py3.py:43612 SyntaxWarning: invalid escape sequence '\d'
[2026-07-28T19:02:45.008+0000] {logging_mixin.py:188} WARNING - /home/***/.local/lib/python3.12/site-packages/azure/synapse/artifacts/models/_models_py3.py:43666 SyntaxWarning: invalid escape sequence '\d'
[2026-07-28T19:02:45.011+0000] {logging_mixin.py:188} WARNING - /home/***/.local/lib/python3.12/site-packages/azure/synapse/artifacts/models/_models_py3.py:43989 SyntaxWarning: invalid escape sequence '\d'
[2026-07-28T19:02:45.014+0000] {logging_mixin.py:188} WARNING - /home/***/.local/lib/python3.12/site-packages/azure/synapse/artifacts/models/_models_py3.py:44045 SyntaxWarning: invalid escape sequence '\d'
[2026-07-28T19:02:45.020+0000] {logging_mixin.py:188} WARNING - /home/***/.local/lib/python3.12/site-packages/azure/synapse/artifacts/models/_models_py3.py:44386 SyntaxWarning: invalid escape sequence '\d'
[2026-07-28T19:02:45.023+0000] {logging_mixin.py:188} WARNING - /home/***/.local/lib/python3.12/site-packages/azure/synapse/artifacts/models/_models_py3.py:44442 SyntaxWarning: invalid escape sequence '\d'
[2026-07-28T19:02:45.030+0000] {logging_mixin.py:188} WARNING - /home/***/.local/lib/python3.12/site-packages/azure/synapse/artifacts/models/_models_py3.py:45003 SyntaxWarning: invalid escape sequence '\d'
[2026-07-28T19:02:45.034+0000] {logging_mixin.py:188} WARNING - /home/***/.local/lib/python3.12/site-packages/azure/synapse/artifacts/models/_models_py3.py:45058 SyntaxWarning: invalid escape sequence '\d'
[2026-07-28T19:02:45.039+0000] {logging_mixin.py:188} WARNING - /home/***/.local/lib/python3.12/site-packages/azure/synapse/artifacts/models/_models_py3.py:45444 SyntaxWarning: invalid escape sequence '\d'
[2026-07-28T19:02:45.042+0000] {logging_mixin.py:188} WARNING - /home/***/.local/lib/python3.12/site-packages/azure/synapse/artifacts/models/_models_py3.py:45499 SyntaxWarning: invalid escape sequence '\d'
[2026-07-28T19:02:45.048+0000] {logging_mixin.py:188} WARNING - /home/***/.local/lib/python3.12/site-packages/azure/synapse/artifacts/models/_models_py3.py:46042 SyntaxWarning: invalid escape sequence '\d'
[2026-07-28T19:02:45.052+0000] {logging_mixin.py:188} WARNING - /home/***/.local/lib/python3.12/site-packages/azure/synapse/artifacts/models/_models_py3.py:46098 SyntaxWarning: invalid escape sequence '\d'
[2026-07-28T19:02:45.058+0000] {logging_mixin.py:188} WARNING - /home/***/.local/lib/python3.12/site-packages/azure/synapse/artifacts/models/_models_py3.py:46702 SyntaxWarning: invalid escape sequence '\d'
[2026-07-28T19:02:45.062+0000] {logging_mixin.py:188} WARNING - /home/***/.local/lib/python3.12/site-packages/azure/synapse/artifacts/models/_models_py3.py:46758 SyntaxWarning: invalid escape sequence '\d'
[2026-07-28T19:02:45.067+0000] {logging_mixin.py:188} WARNING - /home/***/.local/lib/python3.12/site-packages/azure/synapse/artifacts/models/_models_py3.py:47000 SyntaxWarning: invalid escape sequence '\d'
[2026-07-28T19:02:45.072+0000] {logging_mixin.py:188} WARNING - /home/***/.local/lib/python3.12/site-packages/azure/synapse/artifacts/models/_models_py3.py:47050 SyntaxWarning: invalid escape sequence '\d'
[2026-07-28T19:02:45.078+0000] {logging_mixin.py:188} WARNING - /home/***/.local/lib/python3.12/site-packages/azure/synapse/artifacts/models/_models_py3.py:47648 SyntaxWarning: invalid escape sequence '\d'
[2026-07-28T19:02:45.082+0000] {logging_mixin.py:188} WARNING - /home/***/.local/lib/python3.12/site-packages/azure/synapse/artifacts/models/_models_py3.py:47704 SyntaxWarning: invalid escape sequence '\d'
[2026-07-28T19:02:45.086+0000] {logging_mixin.py:188} WARNING - /home/***/.local/lib/python3.12/site-packages/azure/synapse/artifacts/models/_models_py3.py:48113 SyntaxWarning: invalid escape sequence '\d'
[2026-07-28T19:02:45.089+0000] {logging_mixin.py:188} WARNING - /home/***/.local/lib/python3.12/site-packages/azure/synapse/artifacts/models/_models_py3.py:48190 SyntaxWarning: invalid escape sequence '\d'
[2026-07-28T19:02:45.093+0000] {logging_mixin.py:188} WARNING - /home/***/.local/lib/python3.12/site-packages/azure/synapse/artifacts/models/_models_py3.py:48244 SyntaxWarning: invalid escape sequence '\d'
[2026-07-28T19:02:45.096+0000] {logging_mixin.py:188} WARNING - /home/***/.local/lib/python3.12/site-packages/azure/synapse/artifacts/models/_models_py3.py:48321 SyntaxWarning: invalid escape sequence '\d'
[2026-07-28T19:02:45.103+0000] {logging_mixin.py:188} WARNING - /home/***/.local/lib/python3.12/site-packages/azure/synapse/artifacts/models/_models_py3.py:49499 SyntaxWarning: invalid escape sequence '\d'
[2026-07-28T19:02:45.107+0000] {logging_mixin.py:188} WARNING - /home/***/.local/lib/python3.12/site-packages/azure/synapse/artifacts/models/_models_py3.py:49555 SyntaxWarning: invalid escape sequence '\d'
[2026-07-28T19:02:45.111+0000] {logging_mixin.py:188} WARNING - /home/***/.local/lib/python3.12/site-packages/azure/synapse/artifacts/models/_models_py3.py:49932 SyntaxWarning: invalid escape sequence '\d'
[2026-07-28T19:02:45.114+0000] {logging_mixin.py:188} WARNING - /home/***/.local/lib/python3.12/site-packages/azure/synapse/artifacts/models/_models_py3.py:50002 SyntaxWarning: invalid escape sequence '\d'
[2026-07-28T19:02:45.118+0000] {logging_mixin.py:188} WARNING - /home/***/.local/lib/python3.12/site-packages/azure/synapse/artifacts/models/_models_py3.py:50052 SyntaxWarning: invalid escape sequence '\d'
[2026-07-28T19:02:45.122+0000] {logging_mixin.py:188} WARNING - /home/***/.local/lib/python3.12/site-packages/azure/synapse/artifacts/models/_models_py3.py:50107 SyntaxWarning: invalid escape sequence '\d'
[2026-07-28T19:02:45.126+0000] {logging_mixin.py:188} WARNING - /home/***/.local/lib/python3.12/site-packages/azure/synapse/artifacts/models/_models_py3.py:50379 SyntaxWarning: invalid escape sequence '\d'
[2026-07-28T19:02:45.130+0000] {logging_mixin.py:188} WARNING - /home/***/.local/lib/python3.12/site-packages/azure/synapse/artifacts/models/_models_py3.py:50449 SyntaxWarning: invalid escape sequence '\d'
[2026-07-28T19:02:45.133+0000] {logging_mixin.py:188} WARNING - /home/***/.local/lib/python3.12/site-packages/azure/synapse/artifacts/models/_models_py3.py:50499 SyntaxWarning: invalid escape sequence '\d'
[2026-07-28T19:02:45.136+0000] {logging_mixin.py:188} WARNING - /home/***/.local/lib/python3.12/site-packages/azure/synapse/artifacts/models/_models_py3.py:50554 SyntaxWarning: invalid escape sequence '\d'
[2026-07-28T19:02:45.139+0000] {logging_mixin.py:188} WARNING - /home/***/.local/lib/python3.12/site-packages/azure/synapse/artifacts/models/_models_py3.py:50590 SyntaxWarning: invalid escape sequence '\d'
[2026-07-28T19:02:45.142+0000] {logging_mixin.py:188} WARNING - /home/***/.local/lib/python3.12/site-packages/azure/synapse/artifacts/models/_models_py3.py:50660 SyntaxWarning: invalid escape sequence '\d'
[2026-07-28T19:02:45.181+0000] {logging_mixin.py:188} WARNING - /home/***/.local/lib/python3.12/site-packages/azure/synapse/artifacts/models/_models_py3.py:50710 SyntaxWarning: invalid escape sequence '\d'
[2026-07-28T19:02:45.184+0000] {logging_mixin.py:188} WARNING - /home/***/.local/lib/python3.12/site-packages/azure/synapse/artifacts/models/_models_py3.py:50770 SyntaxWarning: invalid escape sequence '\d'
[2026-07-28T19:02:45.187+0000] {logging_mixin.py:188} WARNING - /home/***/.local/lib/python3.12/site-packages/azure/synapse/artifacts/models/_models_py3.py:51046 SyntaxWarning: invalid escape sequence '\d'
[2026-07-28T19:02:45.191+0000] {logging_mixin.py:188} WARNING - /home/***/.local/lib/python3.12/site-packages/azure/synapse/artifacts/models/_models_py3.py:51116 SyntaxWarning: invalid escape sequence '\d'
[2026-07-28T19:02:45.196+0000] {logging_mixin.py:188} WARNING - /home/***/.local/lib/python3.12/site-packages/azure/synapse/artifacts/models/_models_py3.py:51166 SyntaxWarning: invalid escape sequence '\d'
[2026-07-28T19:02:45.199+0000] {logging_mixin.py:188} WARNING - /home/***/.local/lib/python3.12/site-packages/azure/synapse/artifacts/models/_models_py3.py:51226 SyntaxWarning: invalid escape sequence '\d'
[2026-07-28T19:02:45.203+0000] {logging_mixin.py:188} WARNING - /home/***/.local/lib/python3.12/site-packages/azure/synapse/artifacts/models/_models_py3.py:51485 SyntaxWarning: invalid escape sequence '\d'
[2026-07-28T19:02:45.206+0000] {logging_mixin.py:188} WARNING - /home/***/.local/lib/python3.12/site-packages/azure/synapse/artifacts/models/_models_py3.py:51540 SyntaxWarning: invalid escape sequence '\d'
[2026-07-28T19:02:45.210+0000] {logging_mixin.py:188} WARNING - /home/***/.local/lib/python3.12/site-packages/azure/synapse/artifacts/models/_models_py3.py:51787 SyntaxWarning: invalid escape sequence '\d'
[2026-07-28T19:02:45.213+0000] {logging_mixin.py:188} WARNING - /home/***/.local/lib/python3.12/site-packages/azure/synapse/artifacts/models/_models_py3.py:51851 SyntaxWarning: invalid escape sequence '\d'
[2026-07-28T19:02:45.217+0000] {logging_mixin.py:188} WARNING - /home/***/.local/lib/python3.12/site-packages/azure/synapse/artifacts/models/_models_py3.py:51895 SyntaxWarning: invalid escape sequence '\d'
[2026-07-28T19:02:45.220+0000] {logging_mixin.py:188} WARNING - /home/***/.local/lib/python3.12/site-packages/azure/synapse/artifacts/models/_models_py3.py:51958 SyntaxWarning: invalid escape sequence '\d'
[2026-07-28T19:02:45.224+0000] {logging_mixin.py:188} WARNING - /home/***/.local/lib/python3.12/site-packages/azure/synapse/artifacts/models/_models_py3.py:52212 SyntaxWarning: invalid escape sequence '\d'
[2026-07-28T19:02:45.231+0000] {logging_mixin.py:188} WARNING - /home/***/.local/lib/python3.12/site-packages/azure/synapse/artifacts/models/_models_py3.py:52275 SyntaxWarning: invalid escape sequence '\d'
[2026-07-28T19:02:45.235+0000] {logging_mixin.py:188} WARNING - /home/***/.local/lib/python3.12/site-packages/azure/synapse/artifacts/models/_models_py3.py:52463 SyntaxWarning: invalid escape sequence '\d'
[2026-07-28T19:02:45.240+0000] {logging_mixin.py:188} WARNING - /home/***/.local/lib/python3.12/site-packages/azure/synapse/artifacts/models/_models_py3.py:52532 SyntaxWarning: invalid escape sequence '\d'
[2026-07-28T19:02:45.245+0000] {logging_mixin.py:188} WARNING - /home/***/.local/lib/python3.12/site-packages/azure/synapse/artifacts/models/_models_py3.py:53040 SyntaxWarning: invalid escape sequence '\d'
[2026-07-28T19:02:45.250+0000] {logging_mixin.py:188} WARNING - /home/***/.local/lib/python3.12/site-packages/azure/synapse/artifacts/models/_models_py3.py:53111 SyntaxWarning: invalid escape sequence '\d'
[2026-07-28T19:02:45.255+0000] {logging_mixin.py:188} WARNING - /home/***/.local/lib/python3.12/site-packages/azure/synapse/artifacts/models/_models_py3.py:53334 SyntaxWarning: invalid escape sequence '\d'
[2026-07-28T19:02:45.260+0000] {logging_mixin.py:188} WARNING - /home/***/.local/lib/python3.12/site-packages/azure/synapse/artifacts/models/_models_py3.py:53407 SyntaxWarning: invalid escape sequence '\d'
[2026-07-28T19:02:45.265+0000] {logging_mixin.py:188} WARNING - /home/***/.local/lib/python3.12/site-packages/azure/synapse/artifacts/models/_models_py3.py:53961 SyntaxWarning: invalid escape sequence '\d'
[2026-07-28T19:02:45.270+0000] {logging_mixin.py:188} WARNING - /home/***/.local/lib/python3.12/site-packages/azure/synapse/artifacts/models/_models_py3.py:54059 SyntaxWarning: invalid escape sequence '\d'
[2026-07-28T19:02:45.279+0000] {logging_mixin.py:188} WARNING - /home/***/.local/lib/python3.12/site-packages/azure/synapse/artifacts/models/_models_py3.py:54322 SyntaxWarning: invalid escape sequence '\d'
[2026-07-28T19:02:45.283+0000] {logging_mixin.py:188} WARNING - /home/***/.local/lib/python3.12/site-packages/azure/synapse/artifacts/models/_models_py3.py:54398 SyntaxWarning: invalid escape sequence '\d'
[2026-07-28T19:02:45.293+0000] {logging_mixin.py:188} WARNING - /home/***/.local/lib/python3.12/site-packages/azure/synapse/artifacts/models/_models_py3.py:55022 SyntaxWarning: invalid escape sequence '\d'
[2026-07-28T19:02:45.298+0000] {logging_mixin.py:188} WARNING - /home/***/.local/lib/python3.12/site-packages/azure/synapse/artifacts/models/_models_py3.py:55078 SyntaxWarning: invalid escape sequence '\d'
[2026-07-28T19:02:45.304+0000] {logging_mixin.py:188} WARNING - /home/***/.local/lib/python3.12/site-packages/azure/synapse/artifacts/models/_models_py3.py:55310 SyntaxWarning: invalid escape sequence '\d'
[2026-07-28T19:02:45.308+0000] {logging_mixin.py:188} WARNING - /home/***/.local/lib/python3.12/site-packages/azure/synapse/artifacts/models/_models_py3.py:55365 SyntaxWarning: invalid escape sequence '\d'
[2026-07-28T19:02:45.318+0000] {logging_mixin.py:188} WARNING - /home/***/.local/lib/python3.12/site-packages/azure/synapse/artifacts/models/_models_py3.py:56196 SyntaxWarning: invalid escape sequence '\d'
[2026-07-28T19:02:45.322+0000] {logging_mixin.py:188} WARNING - /home/***/.local/lib/python3.12/site-packages/azure/synapse/artifacts/models/_models_py3.py:56248 SyntaxWarning: invalid escape sequence '\d'
[2026-07-28T19:02:45.326+0000] {logging_mixin.py:188} WARNING - /home/***/.local/lib/python3.12/site-packages/azure/synapse/artifacts/models/_models_py3.py:56508 SyntaxWarning: invalid escape sequence '\d'
[2026-07-28T19:02:45.332+0000] {logging_mixin.py:188} WARNING - /home/***/.local/lib/python3.12/site-packages/azure/synapse/artifacts/models/_models_py3.py:56564 SyntaxWarning: invalid escape sequence '\d'
[2026-07-28T19:02:45.340+0000] {logging_mixin.py:188} WARNING - /home/***/.local/lib/python3.12/site-packages/azure/synapse/artifacts/models/_models_py3.py:57087 SyntaxWarning: invalid escape sequence '\d'
[2026-07-28T19:02:45.348+0000] {logging_mixin.py:188} WARNING - /home/***/.local/lib/python3.12/site-packages/azure/synapse/artifacts/models/_models_py3.py:57147 SyntaxWarning: invalid escape sequence '\d'
[2026-07-28T19:02:45.351+0000] {logging_mixin.py:188} WARNING - /home/***/.local/lib/python3.12/site-packages/azure/synapse/artifacts/models/_models_py3.py:57187 SyntaxWarning: invalid escape sequence '\d'
[2026-07-28T19:02:45.357+0000] {logging_mixin.py:188} WARNING - /home/***/.local/lib/python3.12/site-packages/azure/synapse/artifacts/models/_models_py3.py:57237 SyntaxWarning: invalid escape sequence '\d'
[2026-07-28T19:02:45.361+0000] {logging_mixin.py:188} WARNING - /home/***/.local/lib/python3.12/site-packages/azure/synapse/artifacts/models/_models_py3.py:57560 SyntaxWarning: invalid escape sequence '\d'
[2026-07-28T19:02:45.364+0000] {logging_mixin.py:188} WARNING - /home/***/.local/lib/python3.12/site-packages/azure/synapse/artifacts/models/_models_py3.py:57620 SyntaxWarning: invalid escape sequence '\d'
[2026-07-28T19:02:45.367+0000] {logging_mixin.py:188} WARNING - /home/***/.local/lib/python3.12/site-packages/azure/synapse/artifacts/models/_models_py3.py:57660 SyntaxWarning: invalid escape sequence '\d'
[2026-07-28T19:02:45.371+0000] {logging_mixin.py:188} WARNING - /home/***/.local/lib/python3.12/site-packages/azure/synapse/artifacts/models/_models_py3.py:57710 SyntaxWarning: invalid escape sequence '\d'
[2026-07-28T19:02:45.396+0000] {logging_mixin.py:188} WARNING - /home/***/.local/lib/python3.12/site-packages/azure/synapse/artifacts/models/_models_py3.py:59106 SyntaxWarning: invalid escape sequence '\d'
[2026-07-28T19:02:45.404+0000] {logging_mixin.py:188} WARNING - /home/***/.local/lib/python3.12/site-packages/azure/synapse/artifacts/models/_models_py3.py:59162 SyntaxWarning: invalid escape sequence '\d'
[2026-07-28T19:02:45.409+0000] {logging_mixin.py:188} WARNING - /home/***/.local/lib/python3.12/site-packages/azure/synapse/artifacts/models/_models_py3.py:59316 SyntaxWarning: invalid escape sequence '\d'
[2026-07-28T19:02:45.417+0000] {logging_mixin.py:188} WARNING - /home/***/.local/lib/python3.12/site-packages/azure/synapse/artifacts/models/_models_py3.py:59396 SyntaxWarning: invalid escape sequence '\d'
[2026-07-28T19:02:45.421+0000] {logging_mixin.py:188} WARNING - /home/***/.local/lib/python3.12/site-packages/azure/synapse/artifacts/models/_models_py3.py:59452 SyntaxWarning: invalid escape sequence '\d'
[2026-07-28T19:02:45.427+0000] {logging_mixin.py:188} WARNING - /home/***/.local/lib/python3.12/site-packages/azure/synapse/artifacts/models/_models_py3.py:59535 SyntaxWarning: invalid escape sequence '\d'
[2026-07-28T19:02:45.435+0000] {logging_mixin.py:188} WARNING - /home/***/.local/lib/python3.12/site-packages/azure/synapse/artifacts/models/_models_py3.py:59594 SyntaxWarning: invalid escape sequence '\d'
[2026-07-28T19:02:45.442+0000] {logging_mixin.py:188} WARNING - /home/***/.local/lib/python3.12/site-packages/azure/synapse/artifacts/models/_models_py3.py:59677 SyntaxWarning: invalid escape sequence '\d'
[2026-07-28T19:02:45.446+0000] {logging_mixin.py:188} WARNING - /home/***/.local/lib/python3.12/site-packages/azure/synapse/artifacts/models/_models_py3.py:59733 SyntaxWarning: invalid escape sequence '\d'
[2026-07-28T19:02:45.454+0000] {logging_mixin.py:188} WARNING - /home/***/.local/lib/python3.12/site-packages/azure/synapse/artifacts/models/_models_py3.py:59818 SyntaxWarning: invalid escape sequence '\d'
[2026-07-28T19:02:45.461+0000] {logging_mixin.py:188} WARNING - /home/***/.local/lib/python3.12/site-packages/azure/synapse/artifacts/models/_models_py3.py:60639 SyntaxWarning: invalid escape sequence '\d'
[2026-07-28T19:02:45.466+0000] {logging_mixin.py:188} WARNING - /home/***/.local/lib/python3.12/site-packages/azure/synapse/artifacts/models/_models_py3.py:60722 SyntaxWarning: invalid escape sequence '\d'
[2026-07-28T19:02:45.471+0000] {logging_mixin.py:188} WARNING - /home/***/.local/lib/python3.12/site-packages/azure/synapse/artifacts/models/_models_py3.py:60778 SyntaxWarning: invalid escape sequence '\d'
[2026-07-28T19:02:45.476+0000] {logging_mixin.py:188} WARNING - /home/***/.local/lib/python3.12/site-packages/azure/synapse/artifacts/models/_models_py3.py:60863 SyntaxWarning: invalid escape sequence '\d'
[2026-07-28T19:02:45.483+0000] {logging_mixin.py:188} WARNING - /home/***/.local/lib/python3.12/site-packages/azure/synapse/artifacts/models/_models_py3.py:61167 SyntaxWarning: invalid escape sequence '\d'
[2026-07-28T19:02:45.488+0000] {logging_mixin.py:188} WARNING - /home/***/.local/lib/python3.12/site-packages/azure/synapse/artifacts/models/_models_py3.py:61250 SyntaxWarning: invalid escape sequence '\d'
[2026-07-28T19:02:45.494+0000] {logging_mixin.py:188} WARNING - /home/***/.local/lib/python3.12/site-packages/azure/synapse/artifacts/models/_models_py3.py:61306 SyntaxWarning: invalid escape sequence '\d'
[2026-07-28T19:02:45.497+0000] {logging_mixin.py:188} WARNING - /home/***/.local/lib/python3.12/site-packages/azure/synapse/artifacts/models/_models_py3.py:61387 SyntaxWarning: invalid escape sequence '\d'
[2026-07-28T19:02:45.503+0000] {logging_mixin.py:188} WARNING - /home/***/.local/lib/python3.12/site-packages/azure/synapse/artifacts/models/_models_py3.py:61696 SyntaxWarning: invalid escape sequence '\d'
[2026-07-28T19:02:45.507+0000] {logging_mixin.py:188} WARNING - /home/***/.local/lib/python3.12/site-packages/azure/synapse/artifacts/models/_models_py3.py:61752 SyntaxWarning: invalid escape sequence '\d'
[2026-07-28T19:02:45.513+0000] {logging_mixin.py:188} WARNING - /home/***/.local/lib/python3.12/site-packages/azure/synapse/artifacts/models/_models_py3.py:61954 SyntaxWarning: invalid escape sequence '\d'
[2026-07-28T19:02:45.517+0000] {logging_mixin.py:188} WARNING - /home/***/.local/lib/python3.12/site-packages/azure/synapse/artifacts/models/_models_py3.py:61992 SyntaxWarning: invalid escape sequence '\d'
[2026-07-28T19:02:45.526+0000] {logging_mixin.py:188} WARNING - /home/***/.local/lib/python3.12/site-packages/azure/synapse/artifacts/models/_models_py3.py:62660 SyntaxWarning: invalid escape sequence '\d'
[2026-07-28T19:02:45.536+0000] {logging_mixin.py:188} WARNING - /home/***/.local/lib/python3.12/site-packages/azure/synapse/artifacts/models/_models_py3.py:62715 SyntaxWarning: invalid escape sequence '\d'
[2026-07-28T19:02:45.549+0000] {logging_mixin.py:188} WARNING - /home/***/.local/lib/python3.12/site-packages/azure/synapse/artifacts/models/_models_py3.py:63882 SyntaxWarning: invalid escape sequence '\d'
[2026-07-28T19:02:45.554+0000] {logging_mixin.py:188} WARNING - /home/***/.local/lib/python3.12/site-packages/azure/synapse/artifacts/models/_models_py3.py:63946 SyntaxWarning: invalid escape sequence '\d'
[2026-07-28T19:02:45.562+0000] {logging_mixin.py:188} WARNING - /home/***/.local/lib/python3.12/site-packages/azure/synapse/artifacts/models/_models_py3.py:64582 SyntaxWarning: invalid escape sequence '\d'
[2026-07-28T19:02:45.566+0000] {logging_mixin.py:188} WARNING - /home/***/.local/lib/python3.12/site-packages/azure/synapse/artifacts/models/_models_py3.py:64674 SyntaxWarning: invalid escape sequence '\d'
[2026-07-28T19:02:45.577+0000] {logging_mixin.py:188} WARNING - /home/***/.local/lib/python3.12/site-packages/azure/synapse/artifacts/models/_models_py3.py:64940 SyntaxWarning: invalid escape sequence '\d'
[2026-07-28T19:02:45.581+0000] {logging_mixin.py:188} WARNING - /home/***/.local/lib/python3.12/site-packages/azure/synapse/artifacts/models/_models_py3.py:65014 SyntaxWarning: invalid escape sequence '\d'
[2026-07-28T19:02:45.584+0000] {logging_mixin.py:188} WARNING - /home/***/.local/lib/python3.12/site-packages/azure/synapse/artifacts/models/_models_py3.py:65117 SyntaxWarning: invalid escape sequence '\d'
[2026-07-28T19:02:45.588+0000] {logging_mixin.py:188} WARNING - /home/***/.local/lib/python3.12/site-packages/azure/synapse/artifacts/models/_models_py3.py:65199 SyntaxWarning: invalid escape sequence '\d'
[2026-07-28T19:02:45.591+0000] {logging_mixin.py:188} WARNING - /home/***/.local/lib/python3.12/site-packages/azure/synapse/artifacts/models/_models_py3.py:65385 SyntaxWarning: invalid escape sequence '\d'
[2026-07-28T19:02:45.594+0000] {logging_mixin.py:188} WARNING - /home/***/.local/lib/python3.12/site-packages/azure/synapse/artifacts/models/_models_py3.py:65441 SyntaxWarning: invalid escape sequence '\d'
[2026-07-28T19:02:45.599+0000] {logging_mixin.py:188} WARNING - /home/***/.local/lib/python3.12/site-packages/azure/synapse/artifacts/models/_models_py3.py:65874 SyntaxWarning: invalid escape sequence '\d'
[2026-07-28T19:02:45.603+0000] {logging_mixin.py:188} WARNING - /home/***/.local/lib/python3.12/site-packages/azure/synapse/artifacts/models/_models_py3.py:65950 SyntaxWarning: invalid escape sequence '\d'
[2026-07-28T19:02:45.606+0000] {logging_mixin.py:188} WARNING - /home/***/.local/lib/python3.12/site-packages/azure/synapse/artifacts/models/_models_py3.py:66003 SyntaxWarning: invalid escape sequence '\d'
[2026-07-28T19:02:45.609+0000] {logging_mixin.py:188} WARNING - /home/***/.local/lib/python3.12/site-packages/azure/synapse/artifacts/models/_models_py3.py:66087 SyntaxWarning: invalid escape sequence '\d'
[2026-07-28T19:02:45.614+0000] {logging_mixin.py:188} WARNING - /home/***/.local/lib/python3.12/site-packages/azure/synapse/artifacts/models/_models_py3.py:66686 SyntaxWarning: invalid escape sequence '\d'
[2026-07-28T19:02:45.617+0000] {logging_mixin.py:188} WARNING - /home/***/.local/lib/python3.12/site-packages/azure/synapse/artifacts/models/_models_py3.py:66779 SyntaxWarning: invalid escape sequence '\d'
[2026-07-28T19:02:45.621+0000] {logging_mixin.py:188} WARNING - /home/***/.local/lib/python3.12/site-packages/azure/synapse/artifacts/models/_models_py3.py:66918 SyntaxWarning: invalid escape sequence '\d'
[2026-07-28T19:02:45.625+0000] {logging_mixin.py:188} WARNING - /home/***/.local/lib/python3.12/site-packages/azure/synapse/artifacts/models/_models_py3.py:66964 SyntaxWarning: invalid escape sequence '\d'
[2026-07-28T19:02:45.632+0000] {logging_mixin.py:188} WARNING - /home/***/.local/lib/python3.12/site-packages/azure/synapse/artifacts/models/_models_py3.py:67735 SyntaxWarning: invalid escape sequence '\d'
[2026-07-28T19:02:45.639+0000] {logging_mixin.py:188} WARNING - /home/***/.local/lib/python3.12/site-packages/azure/synapse/artifacts/models/_models_py3.py:67791 SyntaxWarning: invalid escape sequence '\d'
[2026-07-28T19:02:45.646+0000] {logging_mixin.py:188} WARNING - /home/***/.local/lib/python3.12/site-packages/azure/synapse/artifacts/models/_models_py3.py:68043 SyntaxWarning: invalid escape sequence '\d'
[2026-07-28T19:02:45.650+0000] {logging_mixin.py:188} WARNING - /home/***/.local/lib/python3.12/site-packages/azure/synapse/artifacts/models/_models_py3.py:68097 SyntaxWarning: invalid escape sequence '\d'
[2026-07-28T19:02:45.655+0000] {logging_mixin.py:188} WARNING - /home/***/.local/lib/python3.12/site-packages/azure/synapse/artifacts/models/_models_py3.py:68532 SyntaxWarning: invalid escape sequence '\d'
[2026-07-28T19:02:45.658+0000] {logging_mixin.py:188} WARNING - /home/***/.local/lib/python3.12/site-packages/azure/synapse/artifacts/models/_models_py3.py:68588 SyntaxWarning: invalid escape sequence '\d'
[2026-07-28T19:02:46.813+0000] {taskinstance.py:441} INFO - ::group::Post task execution logs
[2026-07-28T19:02:46.832+0000] {taskinstance.py:1206} INFO - Marking task as SUCCESS. dag_id=ingest_bronze_layer, task_id=trigger_silver_layer, run_id=scheduled__2026-07-28T18:00:00+00:00, execution_date=20260728T180000, start_date=20260728T190216, end_date=20260728T190246
[2026-07-28T19:02:46.985+0000] {local_task_job_runner.py:240} INFO - Task exited with return code 0
[2026-07-28T19:02:47.012+0000] {taskinstance.py:3503} INFO - 0 downstream tasks scheduled from follow-on schedule check
[2026-07-28T19:02:47.115+0000] {local_task_job_runner.py:222} INFO - ::endgroup::
