[2026-07-24T00:34:57.120+0000] {local_task_job_runner.py:120} INFO - ::group::Pre task execution logs
[2026-07-24T00:34:57.404+0000] {taskinstance.py:2076} INFO - Dependencies all met for dep_context=non-requeueable deps ti=<TaskInstance: process_gold_layer.run_gold_spark_job scheduled__2026-07-23T23:00:00+00:00 [queued]>
[2026-07-24T00:34:57.427+0000] {taskinstance.py:2076} INFO - Dependencies all met for dep_context=requeueable deps ti=<TaskInstance: process_gold_layer.run_gold_spark_job scheduled__2026-07-23T23:00:00+00:00 [queued]>
[2026-07-24T00:34:57.429+0000] {taskinstance.py:2306} INFO - Starting attempt 1 of 2
[2026-07-24T00:34:57.468+0000] {taskinstance.py:2330} INFO - Executing <Task(BashOperator): run_gold_spark_job> on 2026-07-23 23:00:00+00:00
[2026-07-24T00:34:57.515+0000] {standard_task_runner.py:90} INFO - Running: ['***', 'tasks', 'run', 'process_gold_layer', 'run_gold_spark_job', 'scheduled__2026-07-23T23:00:00+00:00', '--job-id', '59', '--raw', '--subdir', 'DAGS_FOLDER/gold_processing_dag.py', '--cfg-path', '/tmp/tmpic3s0mpy']
[2026-07-24T00:34:57.538+0000] {standard_task_runner.py:91} INFO - Job 59: Subtask run_gold_spark_job
[2026-07-24T00:34:57.537+0000] {logging_mixin.py:188} WARNING - /home/***/.local/lib/python3.12/site-packages/***/task/task_runner/standard_task_runner.py:61 DeprecationWarning: This process (pid=918) is multi-threaded, use of fork() may lead to deadlocks in the child.
[2026-07-24T00:34:57.542+0000] {standard_task_runner.py:63} INFO - Started process 919 to run task
[2026-07-24T00:34:57.750+0000] {task_command.py:426} INFO - Running <TaskInstance: process_gold_layer.run_gold_spark_job scheduled__2026-07-23T23:00:00+00:00 [running]> on host 3ecd9e5075f2
[2026-07-24T00:34:58.079+0000] {taskinstance.py:2648} INFO - Exporting env vars: AIRFLOW_CTX_DAG_OWNER='data_engineer' AIRFLOW_CTX_DAG_ID='process_gold_layer' AIRFLOW_CTX_TASK_ID='run_gold_spark_job' AIRFLOW_CTX_EXECUTION_DATE='2026-07-23T23:00:00+00:00' AIRFLOW_CTX_TRY_NUMBER='1' AIRFLOW_CTX_DAG_RUN_ID='scheduled__2026-07-23T23:00:00+00:00'
[2026-07-24T00:34:58.084+0000] {taskinstance.py:430} INFO - ::endgroup::
[2026-07-24T00:34:58.269+0000] {subprocess.py:63} INFO - Tmp dir root location: /tmp
[2026-07-24T00:34:58.277+0000] {subprocess.py:75} INFO - Running command: ['/usr/bin/bash', '-c', 'export GOOGLE_APPLICATION_CREDENTIALS=/tmp/gcp_key.json && python /opt/***/jobs/gold_layer_spark_job.py london_bike_data_bronze london-bike-502619']
[2026-07-24T00:34:58.341+0000] {subprocess.py:86} INFO - Output:
[2026-07-24T00:35:02.415+0000] {subprocess.py:93} INFO - /home/***/.local/lib/python3.12/site-packages/pyspark/bin/load-spark-env.sh: line 68: ps: command not found
[2026-07-24T00:35:10.865+0000] {subprocess.py:93} INFO - :: loading settings :: url = jar:file:/home/***/.local/lib/python3.12/site-packages/pyspark/jars/ivy-2.5.1.jar!/org/apache/ivy/core/settings/ivysettings.xml
[2026-07-24T00:35:11.190+0000] {subprocess.py:93} INFO - Ivy Default Cache set to: /home/***/.ivy2/cache
[2026-07-24T00:35:11.191+0000] {subprocess.py:93} INFO - The jars for the packages stored in: /home/***/.ivy2/jars
[2026-07-24T00:35:11.203+0000] {subprocess.py:93} INFO - com.google.cloud.bigdataoss#gcs-connector added as a dependency
[2026-07-24T00:35:11.205+0000] {subprocess.py:93} INFO - com.google.cloud.spark#spark-bigquery-with-dependencies_2.12 added as a dependency
[2026-07-24T00:35:11.208+0000] {subprocess.py:93} INFO - :: resolving dependencies :: org.apache.spark#spark-submit-parent-42ea1ab8-a413-481d-966e-784689215aff;1.0
[2026-07-24T00:35:11.210+0000] {subprocess.py:93} INFO - 	confs: [default]
[2026-07-24T00:35:22.780+0000] {subprocess.py:93} INFO - 	found com.google.cloud.bigdataoss#gcs-connector;hadoop3-2.2.22 in central
[2026-07-24T00:35:27.884+0000] {subprocess.py:93} INFO - 	found com.google.api-client#google-api-client-jackson2;2.0.1 in central
[2026-07-24T00:35:28.628+0000] {subprocess.py:93} INFO - 	found com.google.api-client#google-api-client;2.0.1 in central
[2026-07-24T00:35:32.078+0000] {subprocess.py:93} INFO - 	found com.google.oauth-client#google-oauth-client;1.34.1 in central
[2026-07-24T00:35:34.269+0000] {subprocess.py:93} INFO - 	found com.google.http-client#google-http-client;1.42.3 in central
[2026-07-24T00:35:38.635+0000] {subprocess.py:93} INFO - 	found org.apache.httpcomponents#httpclient;4.5.13 in central
[2026-07-24T00:35:40.628+0000] {subprocess.py:93} INFO - 	found org.apache.httpcomponents#httpcore;4.4.15 in central
[2026-07-24T00:35:43.905+0000] {subprocess.py:93} INFO - 	found commons-logging#commons-logging;1.2 in central
[2026-07-24T00:35:46.340+0000] {subprocess.py:93} INFO - 	found commons-codec#commons-codec;1.15 in central
[2026-07-24T00:35:47.633+0000] {subprocess.py:93} INFO - 	found com.google.code.findbugs#jsr305;3.0.2 in central
[2026-07-24T00:35:50.317+0000] {subprocess.py:93} INFO - 	found com.google.errorprone#error_prone_annotations;2.16 in central
[2026-07-24T00:35:52.485+0000] {subprocess.py:93} INFO - 	found com.google.guava#guava;33.1.0-jre in central
[2026-07-24T00:35:55.978+0000] {subprocess.py:93} INFO - 	found com.google.guava#failureaccess;1.0.2 in central
[2026-07-24T00:35:56.514+0000] {subprocess.py:93} INFO - 	found com.google.guava#listenablefuture;9999.0-empty-to-avoid-conflict-with-guava in central
[2026-07-24T00:35:57.046+0000] {subprocess.py:93} INFO - 	found org.checkerframework#checker-qual;3.42.0 in central
[2026-07-24T00:35:57.566+0000] {subprocess.py:93} INFO - 	found com.google.j2objc#j2objc-annotations;1.3 in central
[2026-07-24T00:35:58.085+0000] {subprocess.py:93} INFO - 	found io.opencensus#opencensus-api;0.31.1 in central
[2026-07-24T00:35:58.575+0000] {subprocess.py:93} INFO - 	found io.grpc#grpc-context;1.62.2 in central
[2026-07-24T00:35:59.075+0000] {subprocess.py:93} INFO - 	found io.opencensus#opencensus-contrib-http-util;0.31.1 in central
[2026-07-24T00:35:59.587+0000] {subprocess.py:93} INFO - 	found com.google.http-client#google-http-client-gson;1.42.3 in central
[2026-07-24T00:36:01.434+0000] {subprocess.py:93} INFO - 	found com.google.code.gson#gson;2.8.9 in central
[2026-07-24T00:36:01.954+0000] {subprocess.py:93} INFO - 	found io.grpc#grpc-api;1.62.2 in central
[2026-07-24T00:36:02.604+0000] {subprocess.py:93} INFO - 	found com.google.http-client#google-http-client-apache-v2;1.42.3 in central
[2026-07-24T00:36:03.101+0000] {subprocess.py:93} INFO - 	found com.google.cloud.bigdataoss#util;2.2.22 in central
[2026-07-24T00:36:03.576+0000] {subprocess.py:93} INFO - 	found com.google.http-client#google-http-client-jackson2;1.42.3 in central
[2026-07-24T00:36:09.568+0000] {subprocess.py:93} INFO - 	found com.fasterxml.jackson.core#jackson-core;2.13.4 in central
[2026-07-24T00:36:10.124+0000] {subprocess.py:93} INFO - 	found com.google.apis#google-api-services-iamcredentials;v1-rev20211203-2.0.0 in central
[2026-07-24T00:36:10.637+0000] {subprocess.py:93} INFO - 	found com.google.apis#google-api-services-storage;v1-rev20240105-2.0.0 in central
[2026-07-24T00:36:12.542+0000] {subprocess.py:93} INFO - 	found com.google.api-client#google-api-client;2.2.0 in central
[2026-07-24T00:36:14.356+0000] {subprocess.py:93} INFO - 	found org.apache.httpcomponents#httpcore;4.4.16 in central
[2026-07-24T00:36:16.223+0000] {subprocess.py:93} INFO - 	found com.google.auto.value#auto-value-annotations;1.10.4 in central
[2026-07-24T00:36:21.625+0000] {subprocess.py:93} INFO - 	found com.google.auth#google-auth-library-oauth2-http;1.22.0 in central
[2026-07-24T00:36:22.101+0000] {subprocess.py:93} INFO - 	found com.google.auth#google-auth-library-credentials;1.22.0 in central
[2026-07-24T00:36:24.044+0000] {subprocess.py:93} INFO - 	found com.google.http-client#google-http-client;1.43.3 in central
[2026-07-24T00:36:25.774+0000] {subprocess.py:93} INFO - 	found com.google.errorprone#error_prone_annotations;2.18.0 in central
[2026-07-24T00:36:26.272+0000] {subprocess.py:93} INFO - 	found com.google.j2objc#j2objc-annotations;2.8 in central
[2026-07-24T00:36:26.799+0000] {subprocess.py:93} INFO - 	found com.google.http-client#google-http-client-gson;1.43.3 in central
[2026-07-24T00:36:27.286+0000] {subprocess.py:93} INFO - 	found com.google.flogger#google-extensions;0.7.1 in central
[2026-07-24T00:36:27.763+0000] {subprocess.py:93} INFO - 	found com.google.flogger#flogger;0.7.1 in central
[2026-07-24T00:36:28.251+0000] {subprocess.py:93} INFO - 	found org.checkerframework#checker-compat-qual;2.5.3 in central
[2026-07-24T00:36:28.728+0000] {subprocess.py:93} INFO - 	found com.google.flogger#flogger-system-backend;0.7.1 in central
[2026-07-24T00:36:29.231+0000] {subprocess.py:93} INFO - 	found com.google.cloud.bigdataoss#util-hadoop;hadoop3-2.2.22 in central
[2026-07-24T00:36:29.768+0000] {subprocess.py:93} INFO - 	found com.google.cloud.bigdataoss#gcsio;2.2.22 in central
[2026-07-24T00:36:30.288+0000] {subprocess.py:93} INFO - 	found io.grpc#grpc-alts;1.62.2 in central
[2026-07-24T00:36:30.767+0000] {subprocess.py:93} INFO - 	found io.grpc#grpc-auth;1.62.2 in central
[2026-07-24T00:36:31.251+0000] {subprocess.py:93} INFO - 	found io.grpc#grpc-core;1.62.2 in central
[2026-07-24T00:36:31.741+0000] {subprocess.py:93} INFO - 	found io.grpc#grpc-grpclb;1.62.2 in central
[2026-07-24T00:36:32.250+0000] {subprocess.py:93} INFO - 	found io.grpc#grpc-protobuf;1.62.2 in central
[2026-07-24T00:36:35.856+0000] {subprocess.py:93} INFO - 	found com.google.protobuf#protobuf-java;3.25.3 in central
[2026-07-24T00:36:36.333+0000] {subprocess.py:93} INFO - 	found com.google.api.grpc#proto-google-common-protos;2.29.0 in central
[2026-07-24T00:36:36.862+0000] {subprocess.py:93} INFO - 	found io.grpc#grpc-stub;1.62.2 in central
[2026-07-24T00:36:37.377+0000] {subprocess.py:93} INFO - 	found org.conscrypt#conscrypt-openjdk-uber;2.5.2 in central
[2026-07-24T00:36:37.872+0000] {subprocess.py:93} INFO - 	found io.grpc#grpc-netty-shaded;1.62.2 in central
[2026-07-24T00:36:38.332+0000] {subprocess.py:93} INFO - 	found io.grpc#grpc-census;1.62.2 in central
[2026-07-24T00:36:38.859+0000] {subprocess.py:93} INFO - 	found com.google.cloud#google-cloud-storage;2.37.0 in central
[2026-07-24T00:36:40.901+0000] {subprocess.py:93} INFO - 	found com.google.errorprone#error_prone_annotations;2.26.1 in central
[2026-07-24T00:36:41.365+0000] {subprocess.py:93} INFO - 	found com.google.j2objc#j2objc-annotations;3.0.0 in central
[2026-07-24T00:36:44.825+0000] {subprocess.py:93} INFO - 	found com.google.http-client#google-http-client;1.44.1 in central
[2026-07-24T00:36:45.282+0000] {subprocess.py:93} INFO - 	found com.google.http-client#google-http-client-gson;1.44.1 in central
[2026-07-24T00:36:51.467+0000] {subprocess.py:93} INFO - 	found com.google.api-client#google-api-client;2.4.0 in central
[2026-07-24T00:36:56.179+0000] {subprocess.py:93} INFO - 	found commons-codec#commons-codec;1.16.1 in central
[2026-07-24T00:36:56.694+0000] {subprocess.py:93} INFO - 	found com.google.http-client#google-http-client-apache-v2;1.44.1 in central
[2026-07-24T00:37:10.037+0000] {subprocess.py:93} INFO - 	found com.google.cloud#google-cloud-core;2.5.4 in central
[2026-07-24T00:37:10.533+0000] {subprocess.py:93} INFO - 	found com.google.protobuf#protobuf-java-util;3.25.3 in central
[2026-07-24T00:37:10.989+0000] {subprocess.py:93} INFO - 	found com.google.api.grpc#proto-google-iam-v1;1.1.7 in central
[2026-07-24T00:37:34.818+0000] {subprocess.py:93} INFO - 	found com.google.cloud#google-cloud-core-http;2.37.0 in central
[2026-07-24T00:37:35.305+0000] {subprocess.py:93} INFO - 	found com.google.http-client#google-http-client-appengine;1.44.1 in central
[2026-07-24T00:37:37.140+0000] {subprocess.py:93} INFO - 	found com.google.api#gax-httpjson;2.47.0 in central
[2026-07-24T00:37:37.730+0000] {subprocess.py:93} INFO - 	found com.google.cloud#google-cloud-core-grpc;2.37.0 in central
[2026-07-24T00:37:38.264+0000] {subprocess.py:93} INFO - 	found com.google.api#gax;2.47.0 in central
[2026-07-24T00:37:38.782+0000] {subprocess.py:93} INFO - 	found io.opentelemetry#opentelemetry-api;1.37.0 in central
[2026-07-24T00:37:39.292+0000] {subprocess.py:93} INFO - 	found io.opentelemetry#opentelemetry-context;1.37.0 in central
[2026-07-24T00:37:48.239+0000] {subprocess.py:93} INFO - 	found com.google.api#gax-grpc;2.42.0 in central
[2026-07-24T00:37:48.728+0000] {subprocess.py:93} INFO - 	found io.grpc#grpc-inprocess;1.62.2 in central
[2026-07-24T00:37:49.310+0000] {subprocess.py:93} INFO - 	found com.google.api#api-common;2.30.0 in central
[2026-07-24T00:37:52.439+0000] {subprocess.py:93} INFO - 	found javax.annotation#javax.annotation-api;1.3.2 in central
[2026-07-24T00:37:53.075+0000] {subprocess.py:93} INFO - 	found com.google.api.grpc#proto-google-common-protos;2.38.0 in central
[2026-07-24T00:37:53.568+0000] {subprocess.py:93} INFO - 	found org.threeten#threetenbp;1.6.9 in central
[2026-07-24T00:37:55.801+0000] {subprocess.py:93} INFO - 	found com.google.api.grpc#proto-google-cloud-storage-v2;2.37.0-alpha in central
[2026-07-24T00:37:56.231+0000] {subprocess.py:93} INFO - 	found com.google.api.grpc#grpc-google-cloud-storage-v2;2.37.0-alpha in central
[2026-07-24T00:37:56.694+0000] {subprocess.py:93} INFO - 	found com.google.api.grpc#gapic-google-cloud-storage-v2;2.37.0-alpha in central
[2026-07-24T00:37:59.430+0000] {subprocess.py:93} INFO - 	found com.fasterxml.jackson.core#jackson-core;2.17.0 in central
[2026-07-24T00:38:00.131+0000] {subprocess.py:93} INFO - 	found com.google.cloud#google-cloud-storage-control;2.37.0-alpha in central
[2026-07-24T00:38:00.645+0000] {subprocess.py:93} INFO - 	found com.google.api.grpc#proto-google-cloud-storage-control-v2;2.37.0-alpha in central
[2026-07-24T00:38:01.202+0000] {subprocess.py:93} INFO - 	found io.grpc#grpc-xds;1.62.2 in central
[2026-07-24T00:38:01.636+0000] {subprocess.py:93} INFO - 	found io.opencensus#opencensus-proto;0.2.0 in central
[2026-07-24T00:38:02.124+0000] {subprocess.py:93} INFO - 	found io.grpc#grpc-util;1.62.2 in central
[2026-07-24T00:38:02.563+0000] {subprocess.py:93} INFO - 	found io.grpc#grpc-services;1.62.2 in central
[2026-07-24T00:38:03.029+0000] {subprocess.py:93} INFO - 	found com.google.re2j#re2j;1.7 in central
[2026-07-24T00:38:03.468+0000] {subprocess.py:93} INFO - 	found io.opencensus#opencensus-impl;0.31.0 in central
[2026-07-24T00:38:03.944+0000] {subprocess.py:93} INFO - 	found io.opencensus#opencensus-impl-core;0.31.0 in central
[2026-07-24T00:38:04.365+0000] {subprocess.py:93} INFO - 	found com.lmax#disruptor;3.4.2 in central
[2026-07-24T00:38:04.836+0000] {subprocess.py:93} INFO - 	found io.opencensus#opencensus-exporter-stats-stackdriver;0.31.0 in central
[2026-07-24T00:38:05.291+0000] {subprocess.py:93} INFO - 	found io.opencensus#opencensus-contrib-exemplar-util;0.31.0 in central
[2026-07-24T00:38:05.731+0000] {subprocess.py:93} INFO - 	found io.opencensus#opencensus-contrib-resource-util;0.31.0 in central
[2026-07-24T00:38:06.203+0000] {subprocess.py:93} INFO - 	found io.opencensus#opencensus-exporter-metrics-util;0.31.0 in central
[2026-07-24T00:38:16.779+0000] {subprocess.py:93} INFO - 	found com.google.cloud#google-cloud-monitoring;1.82.0 in central
[2026-07-24T00:38:19.018+0000] {subprocess.py:93} INFO - 	found com.google.api.grpc#proto-google-cloud-monitoring-v3;1.64.0 in central
[2026-07-24T00:38:19.460+0000] {subprocess.py:93} INFO - 	found io.opencensus#opencensus-contrib-grpc-metrics;0.31.0 in central
[2026-07-24T00:38:19.922+0000] {subprocess.py:93} INFO - 	found com.google.android#annotations;4.1.1.4 in central
[2026-07-24T00:38:27.076+0000] {subprocess.py:93} INFO - 	found org.codehaus.mojo#animal-sniffer-annotations;1.23 in central
[2026-07-24T00:38:27.616+0000] {subprocess.py:93} INFO - 	found io.perfmark#perfmark-api;0.26.0 in central
[2026-07-24T00:38:28.134+0000] {subprocess.py:93} INFO - 	found io.grpc#grpc-protobuf-lite;1.62.2 in central
[2026-07-24T00:38:28.794+0000] {subprocess.py:93} INFO - 	found io.perfmark#perfmark-api;0.27.0 in central
[2026-07-24T00:38:29.670+0000] {subprocess.py:93} INFO - 	found io.grpc#grpc-googleapis;1.62.2 in central
[2026-07-24T00:38:30.572+0000] {subprocess.py:93} INFO - 	found io.grpc#grpc-rls;1.62.2 in central
[2026-07-24T00:38:51.347+0000] {subprocess.py:93} INFO - 	found com.google.cloud.spark#spark-bigquery-with-dependencies_2.12;0.34.0 in central
[2026-07-24T00:38:51.583+0000] {subprocess.py:93} INFO - downloading https://repo1.maven.org/maven2/com/google/cloud/bigdataoss/gcs-connector/hadoop3-2.2.22/gcs-connector-hadoop3-2.2.22.jar ...
[2026-07-24T00:38:52.057+0000] {subprocess.py:93} INFO - 	[SUCCESSFUL ] com.google.cloud.bigdataoss#gcs-connector;hadoop3-2.2.22!gcs-connector.jar (674ms)
[2026-07-24T00:38:52.258+0000] {subprocess.py:93} INFO - downloading https://repo1.maven.org/maven2/com/google/cloud/spark/spark-bigquery-with-dependencies_2.12/0.34.0/spark-bigquery-with-dependencies_2.12-0.34.0.jar ...
[2026-07-24T00:39:11.433+0000] {subprocess.py:93} INFO - 	[SUCCESSFUL ] com.google.cloud.spark#spark-bigquery-with-dependencies_2.12;0.34.0!spark-bigquery-with-dependencies_2.12.jar (19375ms)
[2026-07-24T00:39:11.675+0000] {subprocess.py:93} INFO - downloading https://repo1.maven.org/maven2/com/google/api-client/google-api-client-jackson2/2.0.1/google-api-client-jackson2-2.0.1.jar ...
[2026-07-24T00:39:11.919+0000] {subprocess.py:93} INFO - 	[SUCCESSFUL ] com.google.api-client#google-api-client-jackson2;2.0.1!google-api-client-jackson2.jar (483ms)
[2026-07-24T00:39:12.133+0000] {subprocess.py:93} INFO - downloading https://repo1.maven.org/maven2/com/google/guava/guava/33.1.0-jre/guava-33.1.0-jre.jar ...
[2026-07-24T00:39:14.968+0000] {subprocess.py:93} INFO - 	[SUCCESSFUL ] com.google.guava#guava;33.1.0-jre!guava.jar(bundle) (3049ms)
[2026-07-24T00:39:15.171+0000] {subprocess.py:93} INFO - downloading https://repo1.maven.org/maven2/com/google/oauth-client/google-oauth-client/1.34.1/google-oauth-client-1.34.1.jar ...
[2026-07-24T00:39:15.590+0000] {subprocess.py:93} INFO - 	[SUCCESSFUL ] com.google.oauth-client#google-oauth-client;1.34.1!google-oauth-client.jar (614ms)
[2026-07-24T00:39:15.815+0000] {subprocess.py:93} INFO - downloading https://repo1.maven.org/maven2/com/google/cloud/bigdataoss/util/2.2.22/util-2.2.22.jar ...
[2026-07-24T00:39:16.080+0000] {subprocess.py:93} INFO - 	[SUCCESSFUL ] com.google.cloud.bigdataoss#util;2.2.22!util.jar (488ms)
[2026-07-24T00:39:16.274+0000] {subprocess.py:93} INFO - downloading https://repo1.maven.org/maven2/com/google/cloud/bigdataoss/util-hadoop/hadoop3-2.2.22/util-hadoop-hadoop3-2.2.22.jar ...
[2026-07-24T00:39:16.481+0000] {subprocess.py:93} INFO - 	[SUCCESSFUL ] com.google.cloud.bigdataoss#util-hadoop;hadoop3-2.2.22!util-hadoop.jar (399ms)
[2026-07-24T00:39:16.686+0000] {subprocess.py:93} INFO - downloading https://repo1.maven.org/maven2/com/google/cloud/bigdataoss/gcsio/2.2.22/gcsio-2.2.22.jar ...
[2026-07-24T00:39:17.015+0000] {subprocess.py:93} INFO - 	[SUCCESSFUL ] com.google.cloud.bigdataoss#gcsio;2.2.22!gcsio.jar (532ms)
[2026-07-24T00:39:17.210+0000] {subprocess.py:93} INFO - downloading https://repo1.maven.org/maven2/com/google/auto/value/auto-value-annotations/1.10.4/auto-value-annotations-1.10.4.jar ...
[2026-07-24T00:39:17.425+0000] {subprocess.py:93} INFO - 	[SUCCESSFUL ] com.google.auto.value#auto-value-annotations;1.10.4!auto-value-annotations.jar (406ms)
[2026-07-24T00:39:17.687+0000] {subprocess.py:93} INFO - downloading https://repo1.maven.org/maven2/com/google/flogger/flogger/0.7.1/flogger-0.7.1.jar ...
[2026-07-24T00:39:18.212+0000] {subprocess.py:93} INFO - 	[SUCCESSFUL ] com.google.flogger#flogger;0.7.1!flogger.jar (788ms)
[2026-07-24T00:39:18.508+0000] {subprocess.py:93} INFO - downloading https://repo1.maven.org/maven2/com/google/flogger/google-extensions/0.7.1/google-extensions-0.7.1.jar ...
[2026-07-24T00:39:18.754+0000] {subprocess.py:93} INFO - 	[SUCCESSFUL ] com.google.flogger#google-extensions;0.7.1!google-extensions.jar (472ms)
[2026-07-24T00:39:18.975+0000] {subprocess.py:93} INFO - downloading https://repo1.maven.org/maven2/com/google/code/gson/gson/2.8.9/gson-2.8.9.jar ...
[2026-07-24T00:39:19.325+0000] {subprocess.py:93} INFO - 	[SUCCESSFUL ] com.google.code.gson#gson;2.8.9!gson.jar (570ms)
[2026-07-24T00:39:19.525+0000] {subprocess.py:93} INFO - downloading https://repo1.maven.org/maven2/org/apache/httpcomponents/httpclient/4.5.13/httpclient-4.5.13.jar ...
[2026-07-24T00:39:20.063+0000] {subprocess.py:93} INFO - 	[SUCCESSFUL ] org.apache.httpcomponents#httpclient;4.5.13!httpclient.jar (737ms)
[2026-07-24T00:39:20.281+0000] {subprocess.py:93} INFO - downloading https://repo1.maven.org/maven2/com/google/code/findbugs/jsr305/3.0.2/jsr305-3.0.2.jar ...
[2026-07-24T00:39:20.505+0000] {subprocess.py:93} INFO - 	[SUCCESSFUL ] com.google.code.findbugs#jsr305;3.0.2!jsr305.jar (441ms)
[2026-07-24T00:39:20.757+0000] {subprocess.py:93} INFO - downloading https://repo1.maven.org/maven2/io/opencensus/opencensus-api/0.31.1/opencensus-api-0.31.1.jar ...
[2026-07-24T00:39:21.102+0000] {subprocess.py:93} INFO - 	[SUCCESSFUL ] io.opencensus#opencensus-api;0.31.1!opencensus-api.jar (596ms)
[2026-07-24T00:39:21.308+0000] {subprocess.py:93} INFO - downloading https://repo1.maven.org/maven2/io/opencensus/opencensus-contrib-http-util/0.31.1/opencensus-contrib-http-util-0.31.1.jar ...
[2026-07-24T00:39:21.544+0000] {subprocess.py:93} INFO - 	[SUCCESSFUL ] io.opencensus#opencensus-contrib-http-util;0.31.1!opencensus-contrib-http-util.jar (440ms)
[2026-07-24T00:39:21.748+0000] {subprocess.py:93} INFO - downloading https://repo1.maven.org/maven2/commons-logging/commons-logging/1.2/commons-logging-1.2.jar ...
[2026-07-24T00:39:21.981+0000] {subprocess.py:93} INFO - 	[SUCCESSFUL ] commons-logging#commons-logging;1.2!commons-logging.jar (436ms)
[2026-07-24T00:39:22.190+0000] {subprocess.py:93} INFO - downloading https://repo1.maven.org/maven2/com/google/guava/failureaccess/1.0.2/failureaccess-1.0.2.jar ...
[2026-07-24T00:39:22.417+0000] {subprocess.py:93} INFO - 	[SUCCESSFUL ] com.google.guava#failureaccess;1.0.2!failureaccess.jar(bundle) (434ms)
[2026-07-24T00:39:22.628+0000] {subprocess.py:93} INFO - downloading https://repo1.maven.org/maven2/com/google/guava/listenablefuture/9999.0-empty-to-avoid-conflict-with-guava/listenablefuture-9999.0-empty-to-avoid-conflict-with-guava.jar ...
[2026-07-24T00:39:22.854+0000] {subprocess.py:93} INFO - 	[SUCCESSFUL ] com.google.guava#listenablefuture;9999.0-empty-to-avoid-conflict-with-guava!listenablefuture.jar (437ms)
[2026-07-24T00:39:23.069+0000] {subprocess.py:93} INFO - downloading https://repo1.maven.org/maven2/org/checkerframework/checker-qual/3.42.0/checker-qual-3.42.0.jar ...
[2026-07-24T00:39:23.390+0000] {subprocess.py:93} INFO - 	[SUCCESSFUL ] org.checkerframework#checker-qual;3.42.0!checker-qual.jar (532ms)
[2026-07-24T00:39:23.624+0000] {subprocess.py:93} INFO - downloading https://repo1.maven.org/maven2/io/grpc/grpc-context/1.62.2/grpc-context-1.62.2.jar ...
[2026-07-24T00:39:23.830+0000] {subprocess.py:93} INFO - 	[SUCCESSFUL ] io.grpc#grpc-context;1.62.2!grpc-context.jar (439ms)
[2026-07-24T00:39:24.042+0000] {subprocess.py:93} INFO - downloading https://repo1.maven.org/maven2/io/grpc/grpc-api/1.62.2/grpc-api-1.62.2.jar ...
[2026-07-24T00:38:37.364+0000] {subprocess.py:93} INFO - 	[SUCCESSFUL ] io.grpc#grpc-api;1.62.2!grpc-api.jar (-46468ms)
[2026-07-24T00:39:26.809+0000] {subprocess.py:93} INFO - downloading https://repo1.maven.org/maven2/com/google/http-client/google-http-client-jackson2/1.42.3/google-http-client-jackson2-1.42.3.jar ...
[2026-07-24T00:39:27.059+0000] {subprocess.py:93} INFO - 	[SUCCESSFUL ] com.google.http-client#google-http-client-jackson2;1.42.3!google-http-client-jackson2.jar (49695ms)
[2026-07-24T00:39:27.290+0000] {subprocess.py:93} INFO - downloading https://repo1.maven.org/maven2/com/google/apis/google-api-services-iamcredentials/v1-rev20211203-2.0.0/google-api-services-iamcredentials-v1-rev20211203-2.0.0.jar ...
[2026-07-24T00:39:27.602+0000] {subprocess.py:93} INFO - 	[SUCCESSFUL ] com.google.apis#google-api-services-iamcredentials;v1-rev20211203-2.0.0!google-api-services-iamcredentials.jar (539ms)
[2026-07-24T00:39:27.880+0000] {subprocess.py:93} INFO - downloading https://repo1.maven.org/maven2/com/google/apis/google-api-services-storage/v1-rev20240105-2.0.0/google-api-services-storage-v1-rev20240105-2.0.0.jar ...
[2026-07-24T00:39:28.272+0000] {subprocess.py:93} INFO - 	[SUCCESSFUL ] com.google.apis#google-api-services-storage;v1-rev20240105-2.0.0!google-api-services-storage.jar (669ms)
[2026-07-24T00:39:28.523+0000] {subprocess.py:93} INFO - downloading https://repo1.maven.org/maven2/com/google/auth/google-auth-library-oauth2-http/1.22.0/google-auth-library-oauth2-http-1.22.0.jar ...
[2026-07-24T00:39:29.770+0000] {subprocess.py:93} INFO - 	[SUCCESSFUL ] com.google.auth#google-auth-library-oauth2-http;1.22.0!google-auth-library-oauth2-http.jar (1493ms)
[2026-07-24T00:39:30.089+0000] {subprocess.py:93} INFO - downloading https://repo1.maven.org/maven2/org/apache/httpcomponents/httpcore/4.4.16/httpcore-4.4.16.jar ...
[2026-07-24T00:39:31.034+0000] {subprocess.py:93} INFO - 	[SUCCESSFUL ] org.apache.httpcomponents#httpcore;4.4.16!httpcore.jar (1266ms)
[2026-07-24T00:39:31.389+0000] {subprocess.py:93} INFO - downloading https://repo1.maven.org/maven2/com/google/auth/google-auth-library-credentials/1.22.0/google-auth-library-credentials-1.22.0.jar ...
[2026-07-24T00:39:31.737+0000] {subprocess.py:93} INFO - 	[SUCCESSFUL ] com.google.auth#google-auth-library-credentials;1.22.0!google-auth-library-credentials.jar (702ms)
[2026-07-24T00:39:32.052+0000] {subprocess.py:93} INFO - downloading https://repo1.maven.org/maven2/com/google/flogger/flogger-system-backend/0.7.1/flogger-system-backend-0.7.1.jar ...
[2026-07-24T00:39:32.402+0000] {subprocess.py:93} INFO - 	[SUCCESSFUL ] com.google.flogger#flogger-system-backend;0.7.1!flogger-system-backend.jar (652ms)
[2026-07-24T00:39:32.734+0000] {subprocess.py:93} INFO - downloading https://repo1.maven.org/maven2/org/checkerframework/checker-compat-qual/2.5.3/checker-compat-qual-2.5.3.jar ...
[2026-07-24T00:39:33.011+0000] {subprocess.py:93} INFO - 	[SUCCESSFUL ] org.checkerframework#checker-compat-qual;2.5.3!checker-compat-qual.jar (575ms)
[2026-07-24T00:39:33.230+0000] {subprocess.py:93} INFO - downloading https://repo1.maven.org/maven2/io/grpc/grpc-alts/1.62.2/grpc-alts-1.62.2.jar ...
[2026-07-24T00:39:33.595+0000] {subprocess.py:93} INFO - 	[SUCCESSFUL ] io.grpc#grpc-alts;1.62.2!grpc-alts.jar (582ms)
[2026-07-24T00:39:33.839+0000] {subprocess.py:93} INFO - downloading https://repo1.maven.org/maven2/io/grpc/grpc-core/1.62.2/grpc-core-1.62.2.jar ...
[2026-07-24T00:39:34.332+0000] {subprocess.py:93} INFO - 	[SUCCESSFUL ] io.grpc#grpc-core;1.62.2!grpc-core.jar (736ms)
[2026-07-24T00:39:34.542+0000] {subprocess.py:93} INFO - downloading https://repo1.maven.org/maven2/io/grpc/grpc-census/1.62.2/grpc-census-1.62.2.jar ...
[2026-07-24T00:39:34.793+0000] {subprocess.py:93} INFO - 	[SUCCESSFUL ] io.grpc#grpc-census;1.62.2!grpc-census.jar (460ms)
[2026-07-24T00:39:35.006+0000] {subprocess.py:93} INFO - downloading https://repo1.maven.org/maven2/io/grpc/grpc-protobuf/1.62.2/grpc-protobuf-1.62.2.jar ...
[2026-07-24T00:39:35.267+0000] {subprocess.py:93} INFO - 	[SUCCESSFUL ] io.grpc#grpc-protobuf;1.62.2!grpc-protobuf.jar (472ms)
[2026-07-24T00:39:35.506+0000] {subprocess.py:93} INFO - downloading https://repo1.maven.org/maven2/com/google/cloud/google-cloud-storage/2.37.0/google-cloud-storage-2.37.0.jar ...
[2026-07-24T00:39:36.435+0000] {subprocess.py:93} INFO - 	[SUCCESSFUL ] com.google.cloud#google-cloud-storage;2.37.0!google-cloud-storage.jar (1166ms)
[2026-07-24T00:39:36.679+0000] {subprocess.py:93} INFO - downloading https://repo1.maven.org/maven2/com/google/cloud/google-cloud-storage-control/2.37.0-alpha/google-cloud-storage-control-2.37.0-alpha.jar ...
[2026-07-24T00:39:36.951+0000] {subprocess.py:93} INFO - 	[SUCCESSFUL ] com.google.cloud#google-cloud-storage-control;2.37.0-alpha!google-cloud-storage-control.jar (516ms)
[2026-07-24T00:39:37.214+0000] {subprocess.py:93} INFO - downloading https://repo1.maven.org/maven2/com/google/api/grpc/grpc-google-cloud-storage-v2/2.37.0-alpha/grpc-google-cloud-storage-v2-2.37.0-alpha.jar ...
[2026-07-24T00:39:37.545+0000] {subprocess.py:93} INFO - 	[SUCCESSFUL ] com.google.api.grpc#grpc-google-cloud-storage-v2;2.37.0-alpha!grpc-google-cloud-storage-v2.jar (592ms)
[2026-07-24T00:39:37.799+0000] {subprocess.py:93} INFO - downloading https://repo1.maven.org/maven2/io/grpc/grpc-stub/1.62.2/grpc-stub-1.62.2.jar ...
[2026-07-24T00:39:38.117+0000] {subprocess.py:93} INFO - 	[SUCCESSFUL ] io.grpc#grpc-stub;1.62.2!grpc-stub.jar (571ms)
[2026-07-24T00:39:38.397+0000] {subprocess.py:93} INFO - downloading https://repo1.maven.org/maven2/io/grpc/grpc-xds/1.62.2/grpc-xds-1.62.2.jar ...
[2026-07-24T00:39:46.574+0000] {subprocess.py:93} INFO - 	[SUCCESSFUL ] io.grpc#grpc-xds;1.62.2!grpc-xds.jar (8455ms)
[2026-07-24T00:39:46.807+0000] {subprocess.py:93} INFO - downloading https://repo1.maven.org/maven2/com/google/api/grpc/proto-google-iam-v1/1.1.7/proto-google-iam-v1-1.1.7.jar ...
[2026-07-24T00:39:47.082+0000] {subprocess.py:93} INFO - 	[SUCCESSFUL ] com.google.api.grpc#proto-google-iam-v1;1.1.7!proto-google-iam-v1.jar (506ms)
[2026-07-24T00:39:47.319+0000] {subprocess.py:93} INFO - downloading https://repo1.maven.org/maven2/com/google/protobuf/protobuf-java/3.25.3/protobuf-java-3.25.3.jar ...
[2026-07-24T00:39:48.742+0000] {subprocess.py:93} INFO - 	[SUCCESSFUL ] com.google.protobuf#protobuf-java;3.25.3!protobuf-java.jar (1658ms)
[2026-07-24T00:39:48.948+0000] {subprocess.py:93} INFO - downloading https://repo1.maven.org/maven2/com/google/protobuf/protobuf-java-util/3.25.3/protobuf-java-util-3.25.3.jar ...
[2026-07-24T00:39:49.166+0000] {subprocess.py:93} INFO - 	[SUCCESSFUL ] com.google.protobuf#protobuf-java-util;3.25.3!protobuf-java-util.jar (422ms)
[2026-07-24T00:39:49.390+0000] {subprocess.py:93} INFO - downloading https://repo1.maven.org/maven2/io/opencensus/opencensus-impl/0.31.0/opencensus-impl-0.31.0.jar ...
[2026-07-24T00:39:49.620+0000] {subprocess.py:93} INFO - 	[SUCCESSFUL ] io.opencensus#opencensus-impl;0.31.0!opencensus-impl.jar (453ms)
[2026-07-24T00:39:49.829+0000] {subprocess.py:93} INFO - downloading https://repo1.maven.org/maven2/io/opencensus/opencensus-exporter-stats-stackdriver/0.31.0/opencensus-exporter-stats-stackdriver-0.31.0.jar ...
[2026-07-24T00:39:50.158+0000] {subprocess.py:93} INFO - 	[SUCCESSFUL ] io.opencensus#opencensus-exporter-stats-stackdriver;0.31.0!opencensus-exporter-stats-stackdriver.jar (538ms)
[2026-07-24T00:39:50.386+0000] {subprocess.py:93} INFO - downloading https://repo1.maven.org/maven2/io/opencensus/opencensus-contrib-grpc-metrics/0.31.0/opencensus-contrib-grpc-metrics-0.31.0.jar ...
[2026-07-24T00:39:50.616+0000] {subprocess.py:93} INFO - 	[SUCCESSFUL ] io.opencensus#opencensus-contrib-grpc-metrics;0.31.0!opencensus-contrib-grpc-metrics.jar (457ms)
[2026-07-24T00:39:50.822+0000] {subprocess.py:93} INFO - downloading https://repo1.maven.org/maven2/com/google/cloud/google-cloud-core/2.5.4/google-cloud-core-2.5.4.jar ...
[2026-07-24T00:39:51.117+0000] {subprocess.py:93} INFO - 	[SUCCESSFUL ] com.google.cloud#google-cloud-core;2.5.4!google-cloud-core.jar (499ms)
[2026-07-24T00:39:51.320+0000] {subprocess.py:93} INFO - downloading https://repo1.maven.org/maven2/com/google/api/gax-grpc/2.42.0/gax-grpc-2.42.0.jar ...
[2026-07-24T00:39:51.626+0000] {subprocess.py:93} INFO - 	[SUCCESSFUL ] com.google.api#gax-grpc;2.42.0!gax-grpc.jar (507ms)
[2026-07-24T00:39:51.955+0000] {subprocess.py:93} INFO - downloading https://repo1.maven.org/maven2/io/grpc/grpc-auth/1.62.2/grpc-auth-1.62.2.jar ...
[2026-07-24T00:39:52.200+0000] {subprocess.py:93} INFO - 	[SUCCESSFUL ] io.grpc#grpc-auth;1.62.2!grpc-auth.jar (572ms)
[2026-07-24T00:39:52.431+0000] {subprocess.py:93} INFO - downloading https://repo1.maven.org/maven2/io/grpc/grpc-grpclb/1.62.2/grpc-grpclb-1.62.2.jar ...
[2026-07-24T00:39:52.709+0000] {subprocess.py:93} INFO - 	[SUCCESSFUL ] io.grpc#grpc-grpclb;1.62.2!grpc-grpclb.jar (506ms)
[2026-07-24T00:39:52.951+0000] {subprocess.py:93} INFO - downloading https://repo1.maven.org/maven2/org/conscrypt/conscrypt-openjdk-uber/2.5.2/conscrypt-openjdk-uber-2.5.2.jar ...
[2026-07-24T00:39:54.724+0000] {subprocess.py:93} INFO - 	[SUCCESSFUL ] org.conscrypt#conscrypt-openjdk-uber;2.5.2!conscrypt-openjdk-uber.jar (2015ms)
[2026-07-24T00:39:54.957+0000] {subprocess.py:93} INFO - downloading https://repo1.maven.org/maven2/io/grpc/grpc-netty-shaded/1.62.2/grpc-netty-shaded-1.62.2.jar ...
[2026-07-24T00:40:02.081+0000] {subprocess.py:93} INFO - 	[SUCCESSFUL ] io.grpc#grpc-netty-shaded;1.62.2!grpc-netty-shaded.jar (7354ms)
[2026-07-24T00:40:02.347+0000] {subprocess.py:93} INFO - downloading https://repo1.maven.org/maven2/com/google/errorprone/error_prone_annotations/2.26.1/error_prone_annotations-2.26.1.jar ...
[2026-07-24T00:40:02.597+0000] {subprocess.py:93} INFO - 	[SUCCESSFUL ] com.google.errorprone#error_prone_annotations;2.26.1!error_prone_annotations.jar (513ms)
[2026-07-24T00:40:02.825+0000] {subprocess.py:93} INFO - downloading https://repo1.maven.org/maven2/com/google/j2objc/j2objc-annotations/3.0.0/j2objc-annotations-3.0.0.jar ...
[2026-07-24T00:40:03.044+0000] {subprocess.py:93} INFO - 	[SUCCESSFUL ] com.google.j2objc#j2objc-annotations;3.0.0!j2objc-annotations.jar (445ms)
[2026-07-24T00:40:03.254+0000] {subprocess.py:93} INFO - downloading https://repo1.maven.org/maven2/com/google/http-client/google-http-client/1.44.1/google-http-client-1.44.1.jar ...
[2026-07-24T00:40:03.580+0000] {subprocess.py:93} INFO - 	[SUCCESSFUL ] com.google.http-client#google-http-client;1.44.1!google-http-client.jar (534ms)
[2026-07-24T00:40:03.794+0000] {subprocess.py:93} INFO - downloading https://repo1.maven.org/maven2/com/google/http-client/google-http-client-gson/1.44.1/google-http-client-gson-1.44.1.jar ...
[2026-07-24T00:40:04.030+0000] {subprocess.py:93} INFO - 	[SUCCESSFUL ] com.google.http-client#google-http-client-gson;1.44.1!google-http-client-gson.jar (449ms)
[2026-07-24T00:40:04.264+0000] {subprocess.py:93} INFO - downloading https://repo1.maven.org/maven2/com/google/api-client/google-api-client/2.4.0/google-api-client-2.4.0.jar ...
[2026-07-24T00:40:04.601+0000] {subprocess.py:93} INFO - 	[SUCCESSFUL ] com.google.api-client#google-api-client;2.4.0!google-api-client.jar (564ms)
[2026-07-24T00:40:04.868+0000] {subprocess.py:93} INFO - downloading https://repo1.maven.org/maven2/commons-codec/commons-codec/1.16.1/commons-codec-1.16.1.jar ...
[2026-07-24T00:40:05.280+0000] {subprocess.py:93} INFO - 	[SUCCESSFUL ] commons-codec#commons-codec;1.16.1!commons-codec.jar (679ms)
[2026-07-24T00:40:05.525+0000] {subprocess.py:93} INFO - downloading https://repo1.maven.org/maven2/com/google/http-client/google-http-client-apache-v2/1.44.1/google-http-client-apache-v2-1.44.1.jar ...
[2026-07-24T00:40:05.751+0000] {subprocess.py:93} INFO - 	[SUCCESSFUL ] com.google.http-client#google-http-client-apache-v2;1.44.1!google-http-client-apache-v2.jar (465ms)
[2026-07-24T00:40:05.988+0000] {subprocess.py:93} INFO - downloading https://repo1.maven.org/maven2/com/google/cloud/google-cloud-core-http/2.37.0/google-cloud-core-http-2.37.0.jar ...
[2026-07-24T00:40:06.237+0000] {subprocess.py:93} INFO - 	[SUCCESSFUL ] com.google.cloud#google-cloud-core-http;2.37.0!google-cloud-core-http.jar (484ms)
[2026-07-24T00:40:06.465+0000] {subprocess.py:93} INFO - downloading https://repo1.maven.org/maven2/com/google/http-client/google-http-client-appengine/1.44.1/google-http-client-appengine-1.44.1.jar ...
[2026-07-24T00:40:06.703+0000] {subprocess.py:93} INFO - 	[SUCCESSFUL ] com.google.http-client#google-http-client-appengine;1.44.1!google-http-client-appengine.jar (464ms)
[2026-07-24T00:40:06.947+0000] {subprocess.py:93} INFO - downloading https://repo1.maven.org/maven2/com/google/api/gax-httpjson/2.47.0/gax-httpjson-2.47.0.jar ...
[2026-07-24T00:40:07.251+0000] {subprocess.py:93} INFO - 	[SUCCESSFUL ] com.google.api#gax-httpjson;2.47.0!gax-httpjson.jar (546ms)
[2026-07-24T00:40:07.465+0000] {subprocess.py:93} INFO - downloading https://repo1.maven.org/maven2/com/google/cloud/google-cloud-core-grpc/2.37.0/google-cloud-core-grpc-2.37.0.jar ...
[2026-07-24T00:40:07.920+0000] {subprocess.py:93} INFO - 	[SUCCESSFUL ] com.google.cloud#google-cloud-core-grpc;2.37.0!google-cloud-core-grpc.jar (668ms)
[2026-07-24T00:40:08.185+0000] {subprocess.py:93} INFO - downloading https://repo1.maven.org/maven2/com/google/api/gax/2.47.0/gax-2.47.0.jar ...
[2026-07-24T00:40:08.687+0000] {subprocess.py:93} INFO - 	[SUCCESSFUL ] com.google.api#gax;2.47.0!gax.jar (766ms)
[2026-07-24T00:40:08.905+0000] {subprocess.py:93} INFO - downloading https://repo1.maven.org/maven2/io/opentelemetry/opentelemetry-api/1.37.0/opentelemetry-api-1.37.0.jar ...
[2026-07-24T00:40:09.215+0000] {subprocess.py:93} INFO - 	[SUCCESSFUL ] io.opentelemetry#opentelemetry-api;1.37.0!opentelemetry-api.jar (526ms)
[2026-07-24T00:40:09.466+0000] {subprocess.py:93} INFO - downloading https://repo1.maven.org/maven2/io/opentelemetry/opentelemetry-context/1.37.0/opentelemetry-context-1.37.0.jar ...
[2026-07-24T00:40:09.724+0000] {subprocess.py:93} INFO - 	[SUCCESSFUL ] io.opentelemetry#opentelemetry-context;1.37.0!opentelemetry-context.jar (505ms)
[2026-07-24T00:40:09.986+0000] {subprocess.py:93} INFO - downloading https://repo1.maven.org/maven2/io/grpc/grpc-inprocess/1.62.2/grpc-inprocess-1.62.2.jar ...
[2026-07-24T00:40:10.238+0000] {subprocess.py:93} INFO - 	[SUCCESSFUL ] io.grpc#grpc-inprocess;1.62.2!grpc-inprocess.jar (514ms)
[2026-07-24T00:40:10.467+0000] {subprocess.py:93} INFO - downloading https://repo1.maven.org/maven2/com/google/api/api-common/2.30.0/api-common-2.30.0.jar ...
[2026-07-24T00:40:10.703+0000] {subprocess.py:93} INFO - 	[SUCCESSFUL ] com.google.api#api-common;2.30.0!api-common.jar (464ms)
[2026-07-24T00:40:10.970+0000] {subprocess.py:93} INFO - downloading https://repo1.maven.org/maven2/javax/annotation/javax.annotation-api/1.3.2/javax.annotation-api-1.3.2.jar ...
[2026-07-24T00:40:12.033+0000] {subprocess.py:93} INFO - 	[SUCCESSFUL ] javax.annotation#javax.annotation-api;1.3.2!javax.annotation-api.jar (1329ms)
[2026-07-24T00:40:12.274+0000] {subprocess.py:93} INFO - downloading https://repo1.maven.org/maven2/com/google/api/grpc/proto-google-common-protos/2.38.0/proto-google-common-protos-2.38.0.jar ...
[2026-07-24T00:40:14.004+0000] {subprocess.py:93} INFO - 	[SUCCESSFUL ] com.google.api.grpc#proto-google-common-protos;2.38.0!proto-google-common-protos.jar (1970ms)
[2026-07-24T00:40:14.237+0000] {subprocess.py:93} INFO - downloading https://repo1.maven.org/maven2/org/threeten/threetenbp/1.6.9/threetenbp-1.6.9.jar ...
[2026-07-24T00:40:14.622+0000] {subprocess.py:93} INFO - 	[SUCCESSFUL ] org.threeten#threetenbp;1.6.9!threetenbp.jar (617ms)
[2026-07-24T00:40:14.843+0000] {subprocess.py:93} INFO - downloading https://repo1.maven.org/maven2/com/google/api/grpc/proto-google-cloud-storage-v2/2.37.0-alpha/proto-google-cloud-storage-v2-2.37.0-alpha.jar ...
[2026-07-24T00:40:15.405+0000] {subprocess.py:93} INFO - 	[SUCCESSFUL ] com.google.api.grpc#proto-google-cloud-storage-v2;2.37.0-alpha!proto-google-cloud-storage-v2.jar (779ms)
[2026-07-24T00:40:15.631+0000] {subprocess.py:93} INFO - downloading https://repo1.maven.org/maven2/com/google/api/grpc/gapic-google-cloud-storage-v2/2.37.0-alpha/gapic-google-cloud-storage-v2-2.37.0-alpha.jar ...
[2026-07-24T00:40:15.881+0000] {subprocess.py:93} INFO - 	[SUCCESSFUL ] com.google.api.grpc#gapic-google-cloud-storage-v2;2.37.0-alpha!gapic-google-cloud-storage-v2.jar (475ms)
[2026-07-24T00:40:16.104+0000] {subprocess.py:93} INFO - downloading https://repo1.maven.org/maven2/com/fasterxml/jackson/core/jackson-core/2.17.0/jackson-core-2.17.0.jar ...
[2026-07-24T00:40:16.618+0000] {subprocess.py:93} INFO - 	[SUCCESSFUL ] com.fasterxml.jackson.core#jackson-core;2.17.0!jackson-core.jar (736ms)
[2026-07-24T00:40:16.849+0000] {subprocess.py:93} INFO - downloading https://repo1.maven.org/maven2/com/google/api/grpc/proto-google-cloud-storage-control-v2/2.37.0-alpha/proto-google-cloud-storage-control-v2-2.37.0-alpha.jar ...
[2026-07-24T00:40:17.168+0000] {subprocess.py:93} INFO - 	[SUCCESSFUL ] com.google.api.grpc#proto-google-cloud-storage-control-v2;2.37.0-alpha!proto-google-cloud-storage-control-v2.jar (546ms)
[2026-07-24T00:40:17.424+0000] {subprocess.py:93} INFO - downloading https://repo1.maven.org/maven2/io/opencensus/opencensus-proto/0.2.0/opencensus-proto-0.2.0.jar ...
[2026-07-24T00:40:17.878+0000] {subprocess.py:93} INFO - 	[SUCCESSFUL ] io.opencensus#opencensus-proto;0.2.0!opencensus-proto.jar (705ms)
[2026-07-24T00:40:18.108+0000] {subprocess.py:93} INFO - downloading https://repo1.maven.org/maven2/io/grpc/grpc-util/1.62.2/grpc-util-1.62.2.jar ...
[2026-07-24T00:40:18.538+0000] {subprocess.py:93} INFO - 	[SUCCESSFUL ] io.grpc#grpc-util;1.62.2!grpc-util.jar (661ms)
[2026-07-24T00:40:18.784+0000] {subprocess.py:93} INFO - downloading https://repo1.maven.org/maven2/io/grpc/grpc-services/1.62.2/grpc-services-1.62.2.jar ...
[2026-07-24T00:40:19.468+0000] {subprocess.py:93} INFO - 	[SUCCESSFUL ] io.grpc#grpc-services;1.62.2!grpc-services.jar (928ms)
[2026-07-24T00:40:19.710+0000] {subprocess.py:93} INFO - downloading https://repo1.maven.org/maven2/com/google/re2j/re2j/1.7/re2j-1.7.jar ...
[2026-07-24T00:40:19.983+0000] {subprocess.py:93} INFO - 	[SUCCESSFUL ] com.google.re2j#re2j;1.7!re2j.jar (515ms)
[2026-07-24T00:40:20.224+0000] {subprocess.py:93} INFO - downloading https://repo1.maven.org/maven2/io/opencensus/opencensus-impl-core/0.31.0/opencensus-impl-core-0.31.0.jar ...
[2026-07-24T00:40:20.584+0000] {subprocess.py:93} INFO - 	[SUCCESSFUL ] io.opencensus#opencensus-impl-core;0.31.0!opencensus-impl-core.jar (599ms)
[2026-07-24T00:40:20.827+0000] {subprocess.py:93} INFO - downloading https://repo1.maven.org/maven2/com/lmax/disruptor/3.4.2/disruptor-3.4.2.jar ...
[2026-07-24T00:40:21.086+0000] {subprocess.py:93} INFO - 	[SUCCESSFUL ] com.lmax#disruptor;3.4.2!disruptor.jar (500ms)
[2026-07-24T00:40:21.336+0000] {subprocess.py:93} INFO - downloading https://repo1.maven.org/maven2/io/opencensus/opencensus-contrib-exemplar-util/0.31.0/opencensus-contrib-exemplar-util-0.31.0.jar ...
[2026-07-24T00:40:21.647+0000] {subprocess.py:93} INFO - 	[SUCCESSFUL ] io.opencensus#opencensus-contrib-exemplar-util;0.31.0!opencensus-contrib-exemplar-util.jar (561ms)
[2026-07-24T00:40:21.865+0000] {subprocess.py:93} INFO - downloading https://repo1.maven.org/maven2/io/opencensus/opencensus-contrib-resource-util/0.31.0/opencensus-contrib-resource-util-0.31.0.jar ...
[2026-07-24T00:40:22.081+0000] {subprocess.py:93} INFO - 	[SUCCESSFUL ] io.opencensus#opencensus-contrib-resource-util;0.31.0!opencensus-contrib-resource-util.jar (433ms)
[2026-07-24T00:40:22.314+0000] {subprocess.py:93} INFO - downloading https://repo1.maven.org/maven2/io/opencensus/opencensus-exporter-metrics-util/0.31.0/opencensus-exporter-metrics-util-0.31.0.jar ...
[2026-07-24T00:40:22.534+0000] {subprocess.py:93} INFO - 	[SUCCESSFUL ] io.opencensus#opencensus-exporter-metrics-util;0.31.0!opencensus-exporter-metrics-util.jar (451ms)
[2026-07-24T00:40:22.745+0000] {subprocess.py:93} INFO - downloading https://repo1.maven.org/maven2/com/google/cloud/google-cloud-monitoring/1.82.0/google-cloud-monitoring-1.82.0.jar ...
[2026-07-24T00:40:23.026+0000] {subprocess.py:93} INFO - 	[SUCCESSFUL ] com.google.cloud#google-cloud-monitoring;1.82.0!google-cloud-monitoring.jar (491ms)
[2026-07-24T00:40:23.225+0000] {subprocess.py:93} INFO - downloading https://repo1.maven.org/maven2/com/google/api/grpc/proto-google-cloud-monitoring-v3/1.64.0/proto-google-cloud-monitoring-v3-1.64.0.jar ...
[2026-07-24T00:40:23.896+0000] {subprocess.py:93} INFO - 	[SUCCESSFUL ] com.google.api.grpc#proto-google-cloud-monitoring-v3;1.64.0!proto-google-cloud-monitoring-v3.jar (869ms)
[2026-07-24T00:40:24.138+0000] {subprocess.py:93} INFO - downloading https://repo1.maven.org/maven2/com/google/android/annotations/4.1.1.4/annotations-4.1.1.4.jar ...
[2026-07-24T00:40:24.363+0000] {subprocess.py:93} INFO - 	[SUCCESSFUL ] com.google.android#annotations;4.1.1.4!annotations.jar (464ms)
[2026-07-24T00:40:24.578+0000] {subprocess.py:93} INFO - downloading https://repo1.maven.org/maven2/org/codehaus/mojo/animal-sniffer-annotations/1.23/animal-sniffer-annotations-1.23.jar ...
[2026-07-24T00:40:24.815+0000] {subprocess.py:93} INFO - 	[SUCCESSFUL ] org.codehaus.mojo#animal-sniffer-annotations;1.23!animal-sniffer-annotations.jar (451ms)
[2026-07-24T00:40:25.019+0000] {subprocess.py:93} INFO - downloading https://repo1.maven.org/maven2/io/grpc/grpc-protobuf-lite/1.62.2/grpc-protobuf-lite-1.62.2.jar ...
[2026-07-24T00:40:25.250+0000] {subprocess.py:93} INFO - 	[SUCCESSFUL ] io.grpc#grpc-protobuf-lite;1.62.2!grpc-protobuf-lite.jar (435ms)
[2026-07-24T00:40:25.542+0000] {subprocess.py:93} INFO - downloading https://repo1.maven.org/maven2/io/perfmark/perfmark-api/0.27.0/perfmark-api-0.27.0.jar ...
[2026-07-24T00:40:25.806+0000] {subprocess.py:93} INFO - 	[SUCCESSFUL ] io.perfmark#perfmark-api;0.27.0!perfmark-api.jar (555ms)
[2026-07-24T00:40:26.141+0000] {subprocess.py:93} INFO - downloading https://repo1.maven.org/maven2/io/grpc/grpc-googleapis/1.62.2/grpc-googleapis-1.62.2.jar ...
[2026-07-24T00:40:26.463+0000] {subprocess.py:93} INFO - 	[SUCCESSFUL ] io.grpc#grpc-googleapis;1.62.2!grpc-googleapis.jar (655ms)
[2026-07-24T00:40:26.668+0000] {subprocess.py:93} INFO - downloading https://repo1.maven.org/maven2/io/grpc/grpc-rls/1.62.2/grpc-rls-1.62.2.jar ...
[2026-07-24T00:40:27.043+0000] {subprocess.py:93} INFO - 	[SUCCESSFUL ] io.grpc#grpc-rls;1.62.2!grpc-rls.jar (580ms)
[2026-07-24T00:40:27.049+0000] {subprocess.py:93} INFO - :: resolution report :: resolve 220174ms :: artifacts dl 95663ms
[2026-07-24T00:40:27.053+0000] {subprocess.py:93} INFO - 	:: modules in use:
[2026-07-24T00:40:27.055+0000] {subprocess.py:93} INFO - 	com.fasterxml.jackson.core#jackson-core;2.17.0 from central in [default]
[2026-07-24T00:40:27.057+0000] {subprocess.py:93} INFO - 	com.google.android#annotations;4.1.1.4 from central in [default]
[2026-07-24T00:40:27.066+0000] {subprocess.py:93} INFO - 	com.google.api#api-common;2.30.0 from central in [default]
[2026-07-24T00:40:27.069+0000] {subprocess.py:93} INFO - 	com.google.api#gax;2.47.0 from central in [default]
[2026-07-24T00:40:27.071+0000] {subprocess.py:93} INFO - 	com.google.api#gax-grpc;2.42.0 from central in [default]
[2026-07-24T00:40:27.087+0000] {subprocess.py:93} INFO - 	com.google.api#gax-httpjson;2.47.0 from central in [default]
[2026-07-24T00:40:27.103+0000] {subprocess.py:93} INFO - 	com.google.api-client#google-api-client;2.4.0 from central in [default]
[2026-07-24T00:40:27.120+0000] {subprocess.py:93} INFO - 	com.google.api-client#google-api-client-jackson2;2.0.1 from central in [default]
[2026-07-24T00:40:27.131+0000] {subprocess.py:93} INFO - 	com.google.api.grpc#gapic-google-cloud-storage-v2;2.37.0-alpha from central in [default]
[2026-07-24T00:40:27.154+0000] {subprocess.py:93} INFO - 	com.google.api.grpc#grpc-google-cloud-storage-v2;2.37.0-alpha from central in [default]
[2026-07-24T00:40:27.155+0000] {subprocess.py:93} INFO - 	com.google.api.grpc#proto-google-cloud-monitoring-v3;1.64.0 from central in [default]
[2026-07-24T00:40:27.158+0000] {subprocess.py:93} INFO - 	com.google.api.grpc#proto-google-cloud-storage-control-v2;2.37.0-alpha from central in [default]
[2026-07-24T00:40:27.160+0000] {subprocess.py:93} INFO - 	com.google.api.grpc#proto-google-cloud-storage-v2;2.37.0-alpha from central in [default]
[2026-07-24T00:40:27.166+0000] {subprocess.py:93} INFO - 	com.google.api.grpc#proto-google-common-protos;2.38.0 from central in [default]
[2026-07-24T00:40:27.169+0000] {subprocess.py:93} INFO - 	com.google.api.grpc#proto-google-iam-v1;1.1.7 from central in [default]
[2026-07-24T00:40:27.171+0000] {subprocess.py:93} INFO - 	com.google.apis#google-api-services-iamcredentials;v1-rev20211203-2.0.0 from central in [default]
[2026-07-24T00:40:27.173+0000] {subprocess.py:93} INFO - 	com.google.apis#google-api-services-storage;v1-rev20240105-2.0.0 from central in [default]
[2026-07-24T00:40:27.175+0000] {subprocess.py:93} INFO - 	com.google.auth#google-auth-library-credentials;1.22.0 from central in [default]
[2026-07-24T00:40:27.183+0000] {subprocess.py:93} INFO - 	com.google.auth#google-auth-library-oauth2-http;1.22.0 from central in [default]
[2026-07-24T00:40:27.186+0000] {subprocess.py:93} INFO - 	com.google.auto.value#auto-value-annotations;1.10.4 from central in [default]
[2026-07-24T00:40:27.188+0000] {subprocess.py:93} INFO - 	com.google.cloud#google-cloud-core;2.5.4 from central in [default]
[2026-07-24T00:40:27.193+0000] {subprocess.py:93} INFO - 	com.google.cloud#google-cloud-core-grpc;2.37.0 from central in [default]
[2026-07-24T00:40:27.195+0000] {subprocess.py:93} INFO - 	com.google.cloud#google-cloud-core-http;2.37.0 from central in [default]
[2026-07-24T00:40:27.201+0000] {subprocess.py:93} INFO - 	com.google.cloud#google-cloud-monitoring;1.82.0 from central in [default]
[2026-07-24T00:40:27.208+0000] {subprocess.py:93} INFO - 	com.google.cloud#google-cloud-storage;2.37.0 from central in [default]
[2026-07-24T00:40:27.210+0000] {subprocess.py:93} INFO - 	com.google.cloud#google-cloud-storage-control;2.37.0-alpha from central in [default]
[2026-07-24T00:40:27.212+0000] {subprocess.py:93} INFO - 	com.google.cloud.bigdataoss#gcs-connector;hadoop3-2.2.22 from central in [default]
[2026-07-24T00:40:27.223+0000] {subprocess.py:93} INFO - 	com.google.cloud.bigdataoss#gcsio;2.2.22 from central in [default]
[2026-07-24T00:40:27.225+0000] {subprocess.py:93} INFO - 	com.google.cloud.bigdataoss#util;2.2.22 from central in [default]
[2026-07-24T00:40:27.229+0000] {subprocess.py:93} INFO - 	com.google.cloud.bigdataoss#util-hadoop;hadoop3-2.2.22 from central in [default]
[2026-07-24T00:40:27.232+0000] {subprocess.py:93} INFO - 	com.google.cloud.spark#spark-bigquery-with-dependencies_2.12;0.34.0 from central in [default]
[2026-07-24T00:40:27.238+0000] {subprocess.py:93} INFO - 	com.google.code.findbugs#jsr305;3.0.2 from central in [default]
[2026-07-24T00:40:27.245+0000] {subprocess.py:93} INFO - 	com.google.code.gson#gson;2.8.9 from central in [default]
[2026-07-24T00:40:27.249+0000] {subprocess.py:93} INFO - 	com.google.errorprone#error_prone_annotations;2.26.1 from central in [default]
[2026-07-24T00:39:38.801+0000] {subprocess.py:93} INFO - 	com.google.flogger#flogger;0.7.1 from central in [default]
[2026-07-24T00:39:38.817+0000] {subprocess.py:93} INFO - 	com.google.flogger#flogger-system-backend;0.7.1 from central in [default]
[2026-07-24T00:39:38.832+0000] {subprocess.py:93} INFO - 	com.google.flogger#google-extensions;0.7.1 from central in [default]
[2026-07-24T00:39:38.834+0000] {subprocess.py:93} INFO - 	com.google.guava#failureaccess;1.0.2 from central in [default]
[2026-07-24T00:39:38.839+0000] {subprocess.py:93} INFO - 	com.google.guava#guava;33.1.0-jre from central in [default]
[2026-07-24T00:39:38.858+0000] {subprocess.py:93} INFO - 	com.google.guava#listenablefuture;9999.0-empty-to-avoid-conflict-with-guava from central in [default]
[2026-07-24T00:39:38.866+0000] {subprocess.py:93} INFO - 	com.google.http-client#google-http-client;1.44.1 from central in [default]
[2026-07-24T00:39:38.885+0000] {subprocess.py:93} INFO - 	com.google.http-client#google-http-client-apache-v2;1.44.1 from central in [default]
[2026-07-24T00:39:38.890+0000] {subprocess.py:93} INFO - 	com.google.http-client#google-http-client-appengine;1.44.1 from central in [default]
[2026-07-24T00:39:38.896+0000] {subprocess.py:93} INFO - 	com.google.http-client#google-http-client-gson;1.44.1 from central in [default]
[2026-07-24T00:39:38.901+0000] {subprocess.py:93} INFO - 	com.google.http-client#google-http-client-jackson2;1.42.3 from central in [default]
[2026-07-24T00:39:38.904+0000] {subprocess.py:93} INFO - 	com.google.j2objc#j2objc-annotations;3.0.0 from central in [default]
[2026-07-24T00:39:38.907+0000] {subprocess.py:93} INFO - 	com.google.oauth-client#google-oauth-client;1.34.1 from central in [default]
[2026-07-24T00:39:38.910+0000] {subprocess.py:93} INFO - 	com.google.protobuf#protobuf-java;3.25.3 from central in [default]
[2026-07-24T00:39:38.914+0000] {subprocess.py:93} INFO - 	com.google.protobuf#protobuf-java-util;3.25.3 from central in [default]
[2026-07-24T00:39:38.917+0000] {subprocess.py:93} INFO - 	com.google.re2j#re2j;1.7 from central in [default]
[2026-07-24T00:39:38.921+0000] {subprocess.py:93} INFO - 	com.lmax#disruptor;3.4.2 from central in [default]
[2026-07-24T00:39:38.923+0000] {subprocess.py:93} INFO - 	commons-codec#commons-codec;1.16.1 from central in [default]
[2026-07-24T00:39:38.925+0000] {subprocess.py:93} INFO - 	commons-logging#commons-logging;1.2 from central in [default]
[2026-07-24T00:39:38.927+0000] {subprocess.py:93} INFO - 	io.grpc#grpc-alts;1.62.2 from central in [default]
[2026-07-24T00:39:38.929+0000] {subprocess.py:93} INFO - 	io.grpc#grpc-api;1.62.2 from central in [default]
[2026-07-24T00:39:38.932+0000] {subprocess.py:93} INFO - 	io.grpc#grpc-auth;1.62.2 from central in [default]
[2026-07-24T00:39:38.935+0000] {subprocess.py:93} INFO - 	io.grpc#grpc-census;1.62.2 from central in [default]
[2026-07-24T00:39:38.937+0000] {subprocess.py:93} INFO - 	io.grpc#grpc-context;1.62.2 from central in [default]
[2026-07-24T00:39:38.941+0000] {subprocess.py:93} INFO - 	io.grpc#grpc-core;1.62.2 from central in [default]
[2026-07-24T00:39:38.944+0000] {subprocess.py:93} INFO - 	io.grpc#grpc-googleapis;1.62.2 from central in [default]
[2026-07-24T00:39:38.947+0000] {subprocess.py:93} INFO - 	io.grpc#grpc-grpclb;1.62.2 from central in [default]
[2026-07-24T00:39:38.949+0000] {subprocess.py:93} INFO - 	io.grpc#grpc-inprocess;1.62.2 from central in [default]
[2026-07-24T00:39:38.952+0000] {subprocess.py:93} INFO - 	io.grpc#grpc-netty-shaded;1.62.2 from central in [default]
[2026-07-24T00:39:38.954+0000] {subprocess.py:93} INFO - 	io.grpc#grpc-protobuf;1.62.2 from central in [default]
[2026-07-24T00:39:38.957+0000] {subprocess.py:93} INFO - 	io.grpc#grpc-protobuf-lite;1.62.2 from central in [default]
[2026-07-24T00:39:38.959+0000] {subprocess.py:93} INFO - 	io.grpc#grpc-rls;1.62.2 from central in [default]
[2026-07-24T00:39:38.962+0000] {subprocess.py:93} INFO - 	io.grpc#grpc-services;1.62.2 from central in [default]
[2026-07-24T00:39:38.964+0000] {subprocess.py:93} INFO - 	io.grpc#grpc-stub;1.62.2 from central in [default]
[2026-07-24T00:39:38.968+0000] {subprocess.py:93} INFO - 	io.grpc#grpc-util;1.62.2 from central in [default]
[2026-07-24T00:39:38.970+0000] {subprocess.py:93} INFO - 	io.grpc#grpc-xds;1.62.2 from central in [default]
[2026-07-24T00:39:38.974+0000] {subprocess.py:93} INFO - 	io.opencensus#opencensus-api;0.31.1 from central in [default]
[2026-07-24T00:39:38.977+0000] {subprocess.py:93} INFO - 	io.opencensus#opencensus-contrib-exemplar-util;0.31.0 from central in [default]
[2026-07-24T00:39:38.984+0000] {subprocess.py:93} INFO - 	io.opencensus#opencensus-contrib-grpc-metrics;0.31.0 from central in [default]
[2026-07-24T00:39:38.989+0000] {subprocess.py:93} INFO - 	io.opencensus#opencensus-contrib-http-util;0.31.1 from central in [default]
[2026-07-24T00:39:38.992+0000] {subprocess.py:93} INFO - 	io.opencensus#opencensus-contrib-resource-util;0.31.0 from central in [default]
[2026-07-24T00:39:38.996+0000] {subprocess.py:93} INFO - 	io.opencensus#opencensus-exporter-metrics-util;0.31.0 from central in [default]
[2026-07-24T00:39:38.999+0000] {subprocess.py:93} INFO - 	io.opencensus#opencensus-exporter-stats-stackdriver;0.31.0 from central in [default]
[2026-07-24T00:39:39.002+0000] {subprocess.py:93} INFO - 	io.opencensus#opencensus-impl;0.31.0 from central in [default]
[2026-07-24T00:39:39.004+0000] {subprocess.py:93} INFO - 	io.opencensus#opencensus-impl-core;0.31.0 from central in [default]
[2026-07-24T00:39:39.006+0000] {subprocess.py:93} INFO - 	io.opencensus#opencensus-proto;0.2.0 from central in [default]
[2026-07-24T00:39:39.009+0000] {subprocess.py:93} INFO - 	io.opentelemetry#opentelemetry-api;1.37.0 from central in [default]
[2026-07-24T00:39:39.012+0000] {subprocess.py:93} INFO - 	io.opentelemetry#opentelemetry-context;1.37.0 from central in [default]
[2026-07-24T00:39:39.014+0000] {subprocess.py:93} INFO - 	io.perfmark#perfmark-api;0.27.0 from central in [default]
[2026-07-24T00:39:39.016+0000] {subprocess.py:93} INFO - 	javax.annotation#javax.annotation-api;1.3.2 from central in [default]
[2026-07-24T00:39:39.018+0000] {subprocess.py:93} INFO - 	org.apache.httpcomponents#httpclient;4.5.13 from central in [default]
[2026-07-24T00:39:39.021+0000] {subprocess.py:93} INFO - 	org.apache.httpcomponents#httpcore;4.4.16 from central in [default]
[2026-07-24T00:40:28.184+0000] {subprocess.py:93} INFO - 	org.checkerframework#checker-compat-qual;2.5.3 from central in [default]
[2026-07-24T00:40:28.189+0000] {subprocess.py:93} INFO - 	org.checkerframework#checker-qual;3.42.0 from central in [default]
[2026-07-24T00:40:28.199+0000] {subprocess.py:93} INFO - 	org.codehaus.mojo#animal-sniffer-annotations;1.23 from central in [default]
[2026-07-24T00:40:28.203+0000] {subprocess.py:93} INFO - 	org.conscrypt#conscrypt-openjdk-uber;2.5.2 from central in [default]
[2026-07-24T00:40:28.205+0000] {subprocess.py:93} INFO - 	org.threeten#threetenbp;1.6.9 from central in [default]
[2026-07-24T00:40:28.212+0000] {subprocess.py:93} INFO - 	:: evicted modules:
[2026-07-24T00:40:28.216+0000] {subprocess.py:93} INFO - 	com.google.api-client#google-api-client;2.0.1 by [com.google.api-client#google-api-client;2.2.0] in [default]
[2026-07-24T00:40:28.219+0000] {subprocess.py:93} INFO - 	com.google.http-client#google-http-client;1.42.3 by [com.google.http-client#google-http-client;1.43.3] in [default]
[2026-07-24T00:40:28.221+0000] {subprocess.py:93} INFO - 	org.apache.httpcomponents#httpcore;4.4.15 by [org.apache.httpcomponents#httpcore;4.4.16] in [default]
[2026-07-24T00:40:28.224+0000] {subprocess.py:93} INFO - 	commons-codec#commons-codec;1.15 by [commons-codec#commons-codec;1.16.1] in [default]
[2026-07-24T00:40:28.230+0000] {subprocess.py:93} INFO - 	com.google.errorprone#error_prone_annotations;2.16 by [com.google.errorprone#error_prone_annotations;2.18.0] in [default]
[2026-07-24T00:40:28.233+0000] {subprocess.py:93} INFO - 	com.google.j2objc#j2objc-annotations;1.3 by [com.google.j2objc#j2objc-annotations;2.8] in [default]
[2026-07-24T00:40:28.236+0000] {subprocess.py:93} INFO - 	com.google.http-client#google-http-client-gson;1.42.3 by [com.google.http-client#google-http-client-gson;1.43.3] in [default]
[2026-07-24T00:40:28.239+0000] {subprocess.py:93} INFO - 	com.google.http-client#google-http-client-apache-v2;1.42.3 by [com.google.http-client#google-http-client-apache-v2;1.44.1] in [default]
[2026-07-24T00:40:28.244+0000] {subprocess.py:93} INFO - 	com.fasterxml.jackson.core#jackson-core;2.13.4 by [com.fasterxml.jackson.core#jackson-core;2.17.0] in [default]
[2026-07-24T00:40:28.250+0000] {subprocess.py:93} INFO - 	com.google.api-client#google-api-client;2.0.0 by [com.google.api-client#google-api-client;2.2.0] in [default]
[2026-07-24T00:40:28.255+0000] {subprocess.py:93} INFO - 	com.google.api-client#google-api-client;2.2.0 by [com.google.api-client#google-api-client;2.4.0] in [default]
[2026-07-24T00:40:28.272+0000] {subprocess.py:93} INFO - 	com.google.http-client#google-http-client;1.43.3 by [com.google.http-client#google-http-client;1.44.1] in [default]
[2026-07-24T00:40:28.279+0000] {subprocess.py:93} INFO - 	com.google.errorprone#error_prone_annotations;2.18.0 by [com.google.errorprone#error_prone_annotations;2.26.1] in [default]
[2026-07-24T00:40:28.281+0000] {subprocess.py:93} INFO - 	com.google.j2objc#j2objc-annotations;2.8 by [com.google.j2objc#j2objc-annotations;3.0.0] in [default]
[2026-07-24T00:40:28.284+0000] {subprocess.py:93} INFO - 	com.google.http-client#google-http-client-gson;1.43.3 by [com.google.http-client#google-http-client-gson;1.44.1] in [default]
[2026-07-24T00:40:28.293+0000] {subprocess.py:93} INFO - 	com.google.api.grpc#proto-google-common-protos;2.29.0 by [com.google.api.grpc#proto-google-common-protos;2.38.0] in [default]
[2026-07-24T00:40:28.297+0000] {subprocess.py:93} INFO - 	com.google.api#gax;2.12.2 by [com.google.api#gax;2.47.0] in [default]
[2026-07-24T00:40:28.323+0000] {subprocess.py:93} INFO - 	com.google.errorprone#error_prone_annotations;2.11.0 by [com.google.errorprone#error_prone_annotations;2.18.0] in [default]
[2026-07-24T00:40:28.335+0000] {subprocess.py:93} INFO - 	com.google.api.grpc#proto-google-common-protos;2.7.3 by [com.google.api.grpc#proto-google-common-protos;2.38.0] in [default]
[2026-07-24T00:40:28.337+0000] {subprocess.py:93} INFO - 	org.threeten#threetenbp;1.5.2 by [org.threeten#threetenbp;1.6.9] in [default]
[2026-07-24T00:40:28.339+0000] {subprocess.py:93} INFO - 	com.google.api#api-common;2.1.4 by [com.google.api#api-common;2.30.0] in [default]
[2026-07-24T00:40:28.343+0000] {subprocess.py:93} INFO - 	com.google.http-client#google-http-client;1.41.3 by [com.google.http-client#google-http-client;1.44.1] in [default]
[2026-07-24T00:40:28.345+0000] {subprocess.py:93} INFO - 	com.google.http-client#google-http-client-gson;1.41.3 by [com.google.http-client#google-http-client-gson;1.44.1] in [default]
[2026-07-24T00:40:28.348+0000] {subprocess.py:93} INFO - 	com.google.api#gax;2.42.0 by [com.google.api#gax;2.47.0] in [default]
[2026-07-24T00:40:28.351+0000] {subprocess.py:93} INFO - 	com.google.api#api-common;2.25.0 by [com.google.api#api-common;2.30.0] in [default]
[2026-07-24T00:40:28.353+0000] {subprocess.py:93} INFO - 	com.google.api.grpc#proto-google-common-protos;2.33.0 by [com.google.api.grpc#proto-google-common-protos;2.38.0] in [default]
[2026-07-24T00:40:28.355+0000] {subprocess.py:93} INFO - 	io.grpc#grpc-inprocess;1.61.0 by [io.grpc#grpc-inprocess;1.62.2] in [default]
[2026-07-24T00:40:28.357+0000] {subprocess.py:93} INFO - 	org.threeten#threetenbp;1.6.8 by [org.threeten#threetenbp;1.6.9] in [default]
[2026-07-24T00:40:28.359+0000] {subprocess.py:93} INFO - 	io.opencensus#opencensus-api;0.31.0 by [io.opencensus#opencensus-api;0.31.1] in [default]
[2026-07-24T00:40:28.361+0000] {subprocess.py:93} INFO - 	com.google.cloud#google-cloud-core-grpc;1.82.0 by [com.google.cloud#google-cloud-core-grpc;2.37.0] in [default]
[2026-07-24T00:40:28.363+0000] {subprocess.py:93} INFO - 	com.google.api#api-common;1.8.1 by [com.google.api#api-common;2.30.0] in [default]
[2026-07-24T00:40:28.367+0000] {subprocess.py:93} INFO - 	com.google.api.grpc#proto-google-common-protos;1.16.0 by [com.google.api.grpc#proto-google-common-protos;2.38.0] in [default]
[2026-07-24T00:40:28.374+0000] {subprocess.py:93} INFO - 	com.google.errorprone#error_prone_annotations;2.23.0 by [com.google.errorprone#error_prone_annotations;2.26.1] in [default]
[2026-07-24T00:40:28.378+0000] {subprocess.py:93} INFO - 	io.perfmark#perfmark-api;0.26.0 by [io.perfmark#perfmark-api;0.27.0] in [default]
[2026-07-24T00:40:28.381+0000] {subprocess.py:93} INFO - 	io.grpc#grpc-googleapis;1.61.0 by [io.grpc#grpc-googleapis;1.62.2] in [default]
[2026-07-24T00:40:28.385+0000] {subprocess.py:93} INFO - 	---------------------------------------------------------------------
[2026-07-24T00:40:28.387+0000] {subprocess.py:93} INFO - 	|                  |            modules            ||   artifacts   |
[2026-07-24T00:40:28.390+0000] {subprocess.py:93} INFO - 	|       conf       | number| search|dwnlded|evicted|| number|dwnlded|
[2026-07-24T00:40:28.395+0000] {subprocess.py:93} INFO - 	---------------------------------------------------------------------
[2026-07-24T00:40:28.397+0000] {subprocess.py:93} INFO - 	|      default     |  126  |  107  |  107  |   35  ||   91  |   91  |
[2026-07-24T00:40:28.401+0000] {subprocess.py:93} INFO - 	---------------------------------------------------------------------
[2026-07-24T00:40:28.404+0000] {subprocess.py:93} INFO - :: retrieving :: org.apache.spark#spark-submit-parent-42ea1ab8-a413-481d-966e-784689215aff
[2026-07-24T00:40:28.406+0000] {subprocess.py:93} INFO - 	confs: [default]
[2026-07-24T00:40:29.585+0000] {subprocess.py:93} INFO - 	91 artifacts copied, 0 already retrieved (86891kB/2384ms)
[2026-07-24T00:40:31.625+0000] {subprocess.py:93} INFO - 26/07/24 00:40:31 WARN NativeCodeLoader: Unable to load native-hadoop library for your platform... using builtin-java classes where applicable
[2026-07-24T00:40:35.843+0000] {subprocess.py:93} INFO - Setting default log level to "WARN".
[2026-07-24T00:40:35.874+0000] {subprocess.py:93} INFO - To adjust logging level use sc.setLogLevel(newLevel). For SparkR, use setLogLevel(newLevel).
[2026-07-24T00:42:55.499+0000] {subprocess.py:93} INFO - [Stage 3:>                                                          (0 + 3) / 3]                                                                                Building Gold Layer: Aggregating & Joining Data...
[2026-07-24T00:42:55.573+0000] {subprocess.py:93} INFO - Gold layer data loaded into london-bike-502619.london_bike_gold.station_weather_metrics
[2026-07-24T00:42:58.607+0000] {subprocess.py:97} INFO - Command exited with return code 0
[2026-07-24T00:42:58.654+0000] {taskinstance.py:441} INFO - ::group::Post task execution logs
[2026-07-24T00:42:59.617+0000] {taskinstance.py:1206} INFO - Marking task as SUCCESS. dag_id=process_gold_layer, task_id=run_gold_spark_job, run_id=scheduled__2026-07-23T23:00:00+00:00, execution_date=20260723T230000, start_date=20260724T003457, end_date=20260724T004259
[2026-07-24T00:42:59.842+0000] {local_task_job_runner.py:240} INFO - Task exited with return code 0
[2026-07-24T00:43:00.121+0000] {taskinstance.py:3503} INFO - 0 downstream tasks scheduled from follow-on schedule check
[2026-07-24T00:43:00.131+0000] {local_task_job_runner.py:222} INFO - ::endgroup::
