[2026-07-26T02:01:18.381+0000] {local_task_job_runner.py:120} INFO - ::group::Pre task execution logs
[2026-07-26T02:01:27.075+0000] {taskinstance.py:2076} INFO - Dependencies all met for dep_context=non-requeueable deps ti=<TaskInstance: process_silver_layer.prepare_gcp_key manual__2026-07-26T02:00:48.153584+00:00 [queued]>
[2026-07-26T02:01:28.153+0000] {taskinstance.py:2076} INFO - Dependencies all met for dep_context=requeueable deps ti=<TaskInstance: process_silver_layer.prepare_gcp_key manual__2026-07-26T02:00:48.153584+00:00 [queued]>
[2026-07-26T02:01:28.450+0000] {taskinstance.py:2306} INFO - Starting attempt 1 of 1
[2026-07-26T02:01:31.969+0000] {taskinstance.py:2330} INFO - Executing <Task(PythonOperator): prepare_gcp_key> on 2026-07-26 02:00:48.153584+00:00
[2026-07-26T02:01:34.446+0000] {logging_mixin.py:188} WARNING - /home/***/.local/lib/python3.12/site-packages/***/task/task_runner/standard_task_runner.py:61 DeprecationWarning: This process (pid=4860) is multi-threaded, use of fork() may lead to deadlocks in the child.
[2026-07-26T02:01:34.530+0000] {standard_task_runner.py:63} INFO - Started process 4861 to run task
[2026-07-26T02:01:34.445+0000] {standard_task_runner.py:90} INFO - Running: ['***', 'tasks', 'run', 'process_silver_layer', 'prepare_gcp_key', 'manual__2026-07-26T02:00:48.153584+00:00', '--job-id', '81', '--raw', '--subdir', 'DAGS_FOLDER/silver_processing_dag.py', '--cfg-path', '/tmp/tmpwouzud47']
[2026-07-26T02:01:34.618+0000] {standard_task_runner.py:91} INFO - Job 81: Subtask prepare_gcp_key
[2026-07-26T02:01:36.044+0000] {task_command.py:426} INFO - Running <TaskInstance: process_silver_layer.prepare_gcp_key manual__2026-07-26T02:00:48.153584+00:00 [running]> on host 27aa5114c95c
[2026-07-26T02:01:37.266+0000] {taskinstance.py:2648} INFO - Exporting env vars: AIRFLOW_CTX_DAG_OWNER='data_engineer' AIRFLOW_CTX_DAG_ID='process_silver_layer' AIRFLOW_CTX_TASK_ID='prepare_gcp_key' AIRFLOW_CTX_EXECUTION_DATE='2026-07-26T02:00:48.153584+00:00' AIRFLOW_CTX_TRY_NUMBER='1' AIRFLOW_CTX_DAG_RUN_ID='manual__2026-07-26T02:00:48.153584+00:00'
[2026-07-26T02:01:37.317+0000] {taskinstance.py:430} INFO - ::endgroup::
[2026-07-26T02:01:37.618+0000] {logging_mixin.py:188} INFO - Extracting GCP Service Account key from Airflow Connections...
[2026-07-26T02:01:37.746+0000] {connection.py:274} WARNING - Connection schemes (type: google_cloud_platform) shall not contain '_' according to RFC3986.
[2026-07-26T02:01:37.895+0000] {base.py:84} INFO - Using connection ID 'google_cloud_default' for task execution.
[2026-07-26T02:01:37.908+0000] {logging_mixin.py:188} INFO - Credentials saved temporarily to /tmp/gcp_key.json
[2026-07-26T02:01:37.915+0000] {python.py:237} INFO - Done. Returned value was: None
[2026-07-26T02:01:37.917+0000] {taskinstance.py:441} INFO - ::group::Post task execution logs
[2026-07-26T02:01:37.955+0000] {taskinstance.py:1206} INFO - Marking task as SUCCESS. dag_id=process_silver_layer, task_id=prepare_gcp_key, run_id=manual__2026-07-26T02:00:48.153584+00:00, execution_date=20260726T020048, start_date=20260726T020127, end_date=20260726T020137
[2026-07-26T02:01:38.069+0000] {local_task_job_runner.py:240} INFO - Task exited with return code 0
[2026-07-26T02:01:38.235+0000] {taskinstance.py:3503} INFO - 1 downstream tasks scheduled from follow-on schedule check
[2026-07-26T02:01:38.250+0000] {local_task_job_runner.py:222} INFO - ::endgroup::
