[2026-07-30T17:55:48.092+0000] {local_task_job_runner.py:120} INFO - ::group::Pre task execution logs
[2026-07-30T17:55:48.266+0000] {taskinstance.py:2066} INFO - Dependencies not met for <TaskInstance: process_silver_layer.run_silver_spark_job manual__2026-07-30T17:56:29.671138+00:00 [queued]>, dependency 'Execution Date' FAILED: Execution date 2026-07-30T17:56:29.671138+00:00 is in the future (the current date is 2026-07-30T17:55:48.265870+00:00).
[2026-07-30T17:55:48.351+0000] {local_task_job_runner.py:163} INFO - Task is not able to be run
[2026-07-30T17:57:42.170+0000] {local_task_job_runner.py:120} INFO - ::group::Pre task execution logs
[2026-07-30T17:57:42.258+0000] {taskinstance.py:2076} INFO - Dependencies all met for dep_context=non-requeueable deps ti=<TaskInstance: process_silver_layer.run_silver_spark_job manual__2026-07-30T17:56:29.671138+00:00 [queued]>
[2026-07-30T17:57:42.275+0000] {taskinstance.py:2076} INFO - Dependencies all met for dep_context=requeueable deps ti=<TaskInstance: process_silver_layer.run_silver_spark_job manual__2026-07-30T17:56:29.671138+00:00 [queued]>
[2026-07-30T17:57:42.276+0000] {taskinstance.py:2306} INFO - Starting attempt 1 of 1
[2026-07-30T17:57:42.375+0000] {taskinstance.py:2330} INFO - Executing <Task(BashOperator): run_silver_spark_job> on 2026-07-30 17:56:29.671138+00:00
[2026-07-30T17:57:42.396+0000] {standard_task_runner.py:90} INFO - Running: ['***', 'tasks', 'run', 'process_silver_layer', 'run_silver_spark_job', 'manual__2026-07-30T17:56:29.671138+00:00', '--job-id', '253', '--raw', '--subdir', 'DAGS_FOLDER/silver_processing_dag.py', '--cfg-path', '/tmp/tmpqa7mpugl']
[2026-07-30T17:57:42.402+0000] {standard_task_runner.py:91} INFO - Job 253: Subtask run_silver_spark_job
[2026-07-30T17:57:42.403+0000] {logging_mixin.py:188} WARNING - /home/***/.local/lib/python3.12/site-packages/***/task/task_runner/standard_task_runner.py:61 DeprecationWarning: This process (pid=3274) is multi-threaded, use of fork() may lead to deadlocks in the child.
[2026-07-30T17:57:42.405+0000] {standard_task_runner.py:63} INFO - Started process 3275 to run task
[2026-07-30T17:57:42.628+0000] {task_command.py:426} INFO - Running <TaskInstance: process_silver_layer.run_silver_spark_job manual__2026-07-30T17:56:29.671138+00:00 [running]> on host 21f1a12a00bc
[2026-07-30T17:57:43.076+0000] {taskinstance.py:2648} INFO - Exporting env vars: AIRFLOW_CTX_DAG_OWNER='data_engineer' AIRFLOW_CTX_DAG_ID='process_silver_layer' AIRFLOW_CTX_TASK_ID='run_silver_spark_job' AIRFLOW_CTX_EXECUTION_DATE='2026-07-30T17:56:29.671138+00:00' AIRFLOW_CTX_TRY_NUMBER='1' AIRFLOW_CTX_DAG_RUN_ID='manual__2026-07-30T17:56:29.671138+00:00'
[2026-07-30T17:57:43.078+0000] {taskinstance.py:430} INFO - ::endgroup::
[2026-07-30T17:57:43.124+0000] {subprocess.py:63} INFO - Tmp dir root location: /tmp
[2026-07-30T17:57:43.152+0000] {subprocess.py:75} INFO - Running command: ['/usr/bin/bash', '-c', 'export GOOGLE_APPLICATION_CREDENTIALS=/tmp/gcp_key.json && python /opt/***/jobs/silver_layer_spark_job.py london_bike_data_bronze']
[2026-07-30T17:57:43.180+0000] {subprocess.py:86} INFO - Output:
[2026-07-30T17:57:45.870+0000] {subprocess.py:93} INFO - /home/***/.local/lib/python3.12/site-packages/pyspark/bin/load-spark-env.sh: line 68: ps: command not found
[2026-07-30T17:57:58.023+0000] {subprocess.py:93} INFO - Setting default log level to "WARN".
[2026-07-30T17:57:58.025+0000] {subprocess.py:93} INFO - To adjust logging level use sc.setLogLevel(newLevel). For SparkR, use setLogLevel(newLevel).
[2026-07-30T17:57:59.107+0000] {subprocess.py:93} INFO - 26/07/30 17:57:59 WARN NativeCodeLoader: Unable to load native-hadoop library for your platform... using builtin-java classes where applicable
[2026-07-30T18:04:00.572+0000] {local_task_job_runner.py:310} WARNING - State of this instance has been externally set to None. Terminating instance.
[2026-07-30T18:04:00.989+0000] {local_task_job_runner.py:222} INFO - ::endgroup::
[2026-07-30T18:04:01.160+0000] {process_utils.py:132} INFO - Sending 15 to group 3275. PIDs of all processes in the group: [3276, 3280, 3275]
[2026-07-30T18:04:01.198+0000] {process_utils.py:87} INFO - Sending the signal 15 to group 3275
[2026-07-30T18:04:01.321+0000] {taskinstance.py:2611} ERROR - Received SIGTERM. Terminating subprocesses.
[2026-07-30T18:04:01.720+0000] {subprocess.py:104} INFO - Sending SIGTERM signal to process group
[2026-07-30T18:04:01.973+0000] {taskinstance.py:441} INFO - ::group::Post task execution logs
[2026-07-30T18:04:03.095+0000] {taskinstance.py:2905} ERROR - Task failed with exception
Traceback (most recent call last):
  File "/home/airflow/.local/lib/python3.12/site-packages/airflow/models/taskinstance.py", line 465, in _execute_task
    result = _execute_callable(context=context, **execute_callable_kwargs)
             ^^^^^^^^^^^^^^^^^^^^^^^^^^^^^^^^^^^^^^^^^^^^^^^^^^^^^^^^^^^^^
  File "/home/airflow/.local/lib/python3.12/site-packages/airflow/models/taskinstance.py", line 432, in _execute_callable
    return execute_callable(context=context, **execute_callable_kwargs)
           ^^^^^^^^^^^^^^^^^^^^^^^^^^^^^^^^^^^^^^^^^^^^^^^^^^^^^^^^^^^^
  File "/home/airflow/.local/lib/python3.12/site-packages/airflow/models/baseoperator.py", line 401, in wrapper
    return func(self, *args, **kwargs)
           ^^^^^^^^^^^^^^^^^^^^^^^^^^^
  File "/home/airflow/.local/lib/python3.12/site-packages/airflow/operators/bash.py", line 234, in execute
    result = self.subprocess_hook.run_command(
             ^^^^^^^^^^^^^^^^^^^^^^^^^^^^^^^^^
  File "/home/airflow/.local/lib/python3.12/site-packages/airflow/hooks/subprocess.py", line 91, in run_command
    for raw_line in iter(self.sub_process.stdout.readline, b""):
  File "/home/airflow/.local/lib/python3.12/site-packages/airflow/models/taskinstance.py", line 2613, in signal_handler
    raise AirflowTaskTerminated("Task received SIGTERM signal")
airflow.exceptions.AirflowTaskTerminated: Task received SIGTERM signal
[2026-07-30T18:04:03.414+0000] {taskinstance.py:1206} INFO - Marking task as FAILED. dag_id=process_silver_layer, task_id=run_silver_spark_job, run_id=manual__2026-07-30T17:56:29.671138+00:00, execution_date=20260730T175629, start_date=20260730T175742, end_date=20260730T180403
[2026-07-30T18:04:04.407+0000] {standard_task_runner.py:110} ERROR - Failed to execute job 253 for task run_silver_spark_job ((psycopg2.errors.ForeignKeyViolation) insert or update on table "task_fail" violates foreign key constraint "task_fail_ti_fkey"
DETAIL:  Key (dag_id, task_id, run_id, map_index)=(process_silver_layer, run_silver_spark_job, manual__2026-07-30T17:56:29.671138+00:00, -1) is not present in table "task_instance".

[SQL: INSERT INTO task_fail (task_id, dag_id, run_id, map_index, start_date, end_date, duration) VALUES (%(task_id)s, %(dag_id)s, %(run_id)s, %(map_index)s, %(start_date)s, %(end_date)s, %(duration)s) RETURNING task_fail.id]
[parameters: {'task_id': 'run_silver_spark_job', 'dag_id': 'process_silver_layer', 'run_id': 'manual__2026-07-30T17:56:29.671138+00:00', 'map_index': -1, 'start_date': datetime.datetime(2026, 7, 30, 17, 57, 42, 260238, tzinfo=Timezone('UTC')), 'end_date': datetime.datetime(2026, 7, 30, 18, 4, 3, 319633, tzinfo=Timezone('UTC')), 'duration': 381}]
(Background on this error at: https://sqlalche.me/e/14/gkpj); 3275)
[2026-07-30T18:04:04.719+0000] {process_utils.py:80} INFO - Process psutil.Process(pid=3275, status='terminated', exitcode=1, started='17:57:42') (3275) terminated with exit code 1
[2026-07-30T18:04:04.772+0000] {process_utils.py:80} INFO - Process psutil.Process(pid=3276, status='terminated', started='17:57:42') (3276) terminated with exit code None
[2026-07-30T18:04:08.354+0000] {process_utils.py:80} INFO - Process psutil.Process(pid=3280, status='terminated', started='17:57:45') (3280) terminated with exit code None
