[2026-07-28T20:59:14.620+0000] {local_task_job_runner.py:120} INFO - ::group::Pre task execution logs
[2026-07-28T20:59:14.654+0000] {taskinstance.py:2076} INFO - Dependencies all met for dep_context=non-requeueable deps ti=<TaskInstance: ingest_bronze_layer.weather_ingest scheduled__2026-07-28T20:00:00+00:00 [queued]>
[2026-07-28T20:59:14.675+0000] {taskinstance.py:2076} INFO - Dependencies all met for dep_context=requeueable deps ti=<TaskInstance: ingest_bronze_layer.weather_ingest scheduled__2026-07-28T20:00:00+00:00 [queued]>
[2026-07-28T20:59:14.677+0000] {taskinstance.py:2306} INFO - Starting attempt 1 of 1
[2026-07-28T20:59:14.715+0000] {taskinstance.py:2330} INFO - Executing <Task(PythonOperator): weather_ingest> on 2026-07-28 20:00:00+00:00
[2026-07-28T20:59:14.748+0000] {standard_task_runner.py:90} INFO - Running: ['***', 'tasks', 'run', 'ingest_bronze_layer', 'weather_ingest', 'scheduled__2026-07-28T20:00:00+00:00', '--job-id', '164', '--raw', '--subdir', 'DAGS_FOLDER/bronze_ingestion_dag.py', '--cfg-path', '/tmp/tmpagfpqlpw']
[2026-07-28T20:59:14.780+0000] {standard_task_runner.py:91} INFO - Job 164: Subtask weather_ingest
[2026-07-28T20:59:14.790+0000] {logging_mixin.py:188} WARNING - /home/***/.local/lib/python3.12/site-packages/***/task/task_runner/standard_task_runner.py:61 DeprecationWarning: This process (pid=4981) is multi-threaded, use of fork() may lead to deadlocks in the child.
[2026-07-28T20:59:14.805+0000] {standard_task_runner.py:63} INFO - Started process 4992 to run task
[2026-07-28T20:59:15.043+0000] {task_command.py:426} INFO - Running <TaskInstance: ingest_bronze_layer.weather_ingest scheduled__2026-07-28T20:00:00+00:00 [running]> on host 21f1a12a00bc
[2026-07-28T20:59:15.389+0000] {taskinstance.py:2648} INFO - Exporting env vars: AIRFLOW_CTX_DAG_OWNER='***' AIRFLOW_CTX_DAG_ID='ingest_bronze_layer' AIRFLOW_CTX_TASK_ID='weather_ingest' AIRFLOW_CTX_EXECUTION_DATE='2026-07-28T20:00:00+00:00' AIRFLOW_CTX_TRY_NUMBER='1' AIRFLOW_CTX_DAG_RUN_ID='scheduled__2026-07-28T20:00:00+00:00'
[2026-07-28T20:59:15.396+0000] {taskinstance.py:430} INFO - ::endgroup::
[2026-07-28T20:59:18.197+0000] {connection.py:274} WARNING - Connection schemes (type: google_cloud_platform) shall not contain '_' according to RFC3986.
[2026-07-28T20:59:18.230+0000] {base.py:84} INFO - Using connection ID 'google_cloud_default' for task execution.
[2026-07-28T21:00:42.333+0000] {connectionpool.py:874} WARNING - Retrying (Retry(total=2, connect=None, read=None, redirect=None, status=None)) after connection broken by 'SSLError(SSLEOFError(8, '[SSL: UNEXPECTED_EOF_WHILE_READING] EOF occurred in violation of protocol (_ssl.c:1000)'))': /token
[2026-07-28T21:00:46.452+0000] {gcs.py:574} INFO - Data stream uploaded to bronze/weather/20260728/data_20260728T200000.json in london_bike_data_bronze bucket
[2026-07-28T21:00:46.455+0000] {python.py:237} INFO - Done. Returned value was: None
[2026-07-28T21:00:46.460+0000] {taskinstance.py:441} INFO - ::group::Post task execution logs
[2026-07-28T21:00:46.489+0000] {taskinstance.py:1206} INFO - Marking task as SUCCESS. dag_id=ingest_bronze_layer, task_id=weather_ingest, run_id=scheduled__2026-07-28T20:00:00+00:00, execution_date=20260728T200000, start_date=20260728T205914, end_date=20260728T210046
[2026-07-28T21:00:46.550+0000] {local_task_job_runner.py:240} INFO - Task exited with return code 0
[2026-07-28T21:00:46.597+0000] {taskinstance.py:3503} INFO - 0 downstream tasks scheduled from follow-on schedule check
[2026-07-28T21:00:46.616+0000] {local_task_job_runner.py:222} INFO - ::endgroup::
