[2026-07-30T16:55:50.617+0000] {local_task_job_runner.py:120} INFO - ::group::Pre task execution logs
[2026-07-30T16:55:53.217+0000] {taskinstance.py:2076} INFO - Dependencies all met for dep_context=non-requeueable deps ti=<TaskInstance: process_silver_layer.run_silver_spark_job manual__2026-07-29T07:01:31.738126+00:00 [queued]>
[2026-07-30T16:55:53.478+0000] {taskinstance.py:2076} INFO - Dependencies all met for dep_context=requeueable deps ti=<TaskInstance: process_silver_layer.run_silver_spark_job manual__2026-07-29T07:01:31.738126+00:00 [queued]>
[2026-07-30T16:55:53.487+0000] {taskinstance.py:2306} INFO - Starting attempt 2 of 1
[2026-07-30T16:55:53.753+0000] {taskinstance.py:2330} INFO - Executing <Task(BashOperator): run_silver_spark_job> on 2026-07-29 07:01:31.738126+00:00
[2026-07-30T16:55:54.088+0000] {standard_task_runner.py:90} INFO - Running: ['***', 'tasks', 'run', 'process_silver_layer', 'run_silver_spark_job', 'manual__2026-07-29T07:01:31.738126+00:00', '--job-id', '240', '--raw', '--subdir', 'DAGS_FOLDER/silver_processing_dag.py', '--cfg-path', '/tmp/tmpavbdon9r']
[2026-07-30T16:55:54.237+0000] {standard_task_runner.py:91} INFO - Job 240: Subtask run_silver_spark_job
[2026-07-30T16:55:54.193+0000] {logging_mixin.py:188} WARNING - /home/***/.local/lib/python3.12/site-packages/***/task/task_runner/standard_task_runner.py:61 DeprecationWarning: This process (pid=160) is multi-threaded, use of fork() may lead to deadlocks in the child.
[2026-07-30T16:55:54.307+0000] {standard_task_runner.py:63} INFO - Started process 173 to run task
[2026-07-30T16:55:58.460+0000] {task_command.py:426} INFO - Running <TaskInstance: process_silver_layer.run_silver_spark_job manual__2026-07-29T07:01:31.738126+00:00 [running]> on host 21f1a12a00bc
[2026-07-30T16:56:02.201+0000] {taskinstance.py:2648} INFO - Exporting env vars: AIRFLOW_CTX_DAG_OWNER='data_engineer' AIRFLOW_CTX_DAG_ID='process_silver_layer' AIRFLOW_CTX_TASK_ID='run_silver_spark_job' AIRFLOW_CTX_EXECUTION_DATE='2026-07-29T07:01:31.738126+00:00' AIRFLOW_CTX_TRY_NUMBER='2' AIRFLOW_CTX_DAG_RUN_ID='manual__2026-07-29T07:01:31.738126+00:00'
[2026-07-30T16:56:02.864+0000] {taskinstance.py:430} INFO - ::endgroup::
[2026-07-30T16:56:05.292+0000] {subprocess.py:63} INFO - Tmp dir root location: /tmp
[2026-07-30T16:56:05.582+0000] {subprocess.py:75} INFO - Running command: ['/usr/bin/bash', '-c', 'export GOOGLE_APPLICATION_CREDENTIALS=/tmp/gcp_key.json && python /opt/***/jobs/silver_layer_spark_job.py london_bike_data_bronze']
[2026-07-30T16:56:06.950+0000] {subprocess.py:86} INFO - Output:
[2026-07-30T16:56:24.922+0000] {subprocess.py:93} INFO - /home/***/.local/lib/python3.12/site-packages/pyspark/bin/load-spark-env.sh: line 68: ps: command not found
[2026-07-30T16:55:54.597+0000] {subprocess.py:93} INFO - Setting default log level to "WARN".
[2026-07-30T16:55:54.940+0000] {subprocess.py:93} INFO - To adjust logging level use sc.setLogLevel(newLevel). For SparkR, use setLogLevel(newLevel).
[2026-07-30T16:55:58.000+0000] {subprocess.py:93} INFO - 26/07/30 16:55:57 WARN NativeCodeLoader: Unable to load native-hadoop library for your platform... using builtin-java classes where applicable
[2026-07-30T17:15:12.834+0000] {local_task_job_runner.py:310} WARNING - State of this instance has been externally set to restarting. Terminating instance.
[2026-07-30T17:15:13.068+0000] {local_task_job_runner.py:222} INFO - ::endgroup::
[2026-07-30T17:15:13.147+0000] {process_utils.py:132} INFO - Sending 15 to group 173. PIDs of all processes in the group: [174, 178, 173]
[2026-07-30T17:15:13.160+0000] {process_utils.py:87} INFO - Sending the signal 15 to group 173
[2026-07-30T17:15:13.202+0000] {taskinstance.py:2611} ERROR - Received SIGTERM. Terminating subprocesses.
[2026-07-30T17:15:13.283+0000] {subprocess.py:104} INFO - Sending SIGTERM signal to process group
[2026-07-30T17:15:13.457+0000] {taskinstance.py:441} INFO - ::group::Post task execution logs
[2026-07-30T17:15:15.755+0000] {taskinstance.py:2905} ERROR - Task failed with exception
Traceback (most recent call last):
  File "/home/airflow/.local/lib/python3.12/site-packages/airflow/models/taskinstance.py", line 465, in _execute_task
    result = _execute_callable(context=context, **execute_callable_kwargs)
             ^^^^^^^^^^^^^^^^^^^^^^^^^^^^^^^^^^^^^^^^^^^^^^^^^^^^^^^^^^^^^
  File "/home/airflow/.local/lib/python3.12/site-packages/airflow/models/taskinstance.py", line 432, in _execute_callable
    return execute_callable(context=context, **execute_callable_kwargs)
           ^^^^^^^^^^^^^^^^^^^^^^^^^^^^^^^^^^^^^^^^^^^^^^^^^^^^^^^^^^^^
  File "/home/airflow/.local/lib/python3.12/site-packages/airflow/models/baseoperator.py", line 401, in wrapper
    return func(self, *args, **kwargs)
           ^^^^^^^^^^^^^^^^^^^^^^^^^^^
  File "/home/airflow/.local/lib/python3.12/site-packages/airflow/operators/bash.py", line 234, in execute
    result = self.subprocess_hook.run_command(
             ^^^^^^^^^^^^^^^^^^^^^^^^^^^^^^^^^
  File "/home/airflow/.local/lib/python3.12/site-packages/airflow/hooks/subprocess.py", line 91, in run_command
    for raw_line in iter(self.sub_process.stdout.readline, b""):
  File "/home/airflow/.local/lib/python3.12/site-packages/airflow/models/taskinstance.py", line 2613, in signal_handler
    raise AirflowTaskTerminated("Task received SIGTERM signal")
airflow.exceptions.AirflowTaskTerminated: Task received SIGTERM signal
[2026-07-30T17:15:16.128+0000] {taskinstance.py:1206} INFO - Marking task as UP_FOR_RETRY. dag_id=process_silver_layer, task_id=run_silver_spark_job, run_id=manual__2026-07-29T07:01:31.738126+00:00, execution_date=20260729T070131, start_date=20260730T165553, end_date=20260730T171515
[2026-07-30T17:15:18.221+0000] {process_utils.py:80} INFO - Process psutil.Process(pid=174, status='terminated', started='16:56:05') (174) terminated with exit code None
[2026-07-30T17:15:18.245+0000] {process_utils.py:80} INFO - Process psutil.Process(pid=173, status='terminated', exitcode=2, started='16:55:53') (173) terminated with exit code 2
[2026-07-30T17:15:28.757+0000] {process_utils.py:80} INFO - Process psutil.Process(pid=178, status='terminated', started='16:56:22') (178) terminated with exit code None
