[2026-07-30T17:20:19.508+0000] {local_task_job_runner.py:120} INFO - ::group::Pre task execution logs
[2026-07-30T17:20:20.366+0000] {taskinstance.py:2076} INFO - Dependencies all met for dep_context=non-requeueable deps ti=<TaskInstance: process_silver_layer.run_silver_spark_job manual__2026-07-29T07:01:31.738126+00:00 [queued]>
[2026-07-30T17:20:20.392+0000] {taskinstance.py:2076} INFO - Dependencies all met for dep_context=requeueable deps ti=<TaskInstance: process_silver_layer.run_silver_spark_job manual__2026-07-29T07:01:31.738126+00:00 [queued]>
[2026-07-30T17:20:20.434+0000] {taskinstance.py:2306} INFO - Starting attempt 3 of 1
[2026-07-30T17:20:20.702+0000] {taskinstance.py:2330} INFO - Executing <Task(BashOperator): run_silver_spark_job> on 2026-07-29 07:01:31.738126+00:00
[2026-07-30T17:20:20.740+0000] {logging_mixin.py:188} WARNING - /home/***/.local/lib/python3.12/site-packages/***/task/task_runner/standard_task_runner.py:61 DeprecationWarning: This process (pid=1186) is multi-threaded, use of fork() may lead to deadlocks in the child.
[2026-07-30T17:20:20.743+0000] {standard_task_runner.py:63} INFO - Started process 1187 to run task
[2026-07-30T17:20:20.763+0000] {standard_task_runner.py:90} INFO - Running: ['***', 'tasks', 'run', 'process_silver_layer', 'run_silver_spark_job', 'manual__2026-07-29T07:01:31.738126+00:00', '--job-id', '244', '--raw', '--subdir', 'DAGS_FOLDER/silver_processing_dag.py', '--cfg-path', '/tmp/tmpnhzci32n']
[2026-07-30T17:20:20.815+0000] {standard_task_runner.py:91} INFO - Job 244: Subtask run_silver_spark_job
[2026-07-30T17:20:21.237+0000] {task_command.py:426} INFO - Running <TaskInstance: process_silver_layer.run_silver_spark_job manual__2026-07-29T07:01:31.738126+00:00 [running]> on host 21f1a12a00bc
[2026-07-30T17:20:21.774+0000] {taskinstance.py:2648} INFO - Exporting env vars: AIRFLOW_CTX_DAG_OWNER='data_engineer' AIRFLOW_CTX_DAG_ID='process_silver_layer' AIRFLOW_CTX_TASK_ID='run_silver_spark_job' AIRFLOW_CTX_EXECUTION_DATE='2026-07-29T07:01:31.738126+00:00' AIRFLOW_CTX_TRY_NUMBER='3' AIRFLOW_CTX_DAG_RUN_ID='manual__2026-07-29T07:01:31.738126+00:00'
[2026-07-30T17:20:21.777+0000] {taskinstance.py:430} INFO - ::endgroup::
[2026-07-30T17:20:21.854+0000] {subprocess.py:63} INFO - Tmp dir root location: /tmp
[2026-07-30T17:20:21.892+0000] {subprocess.py:75} INFO - Running command: ['/usr/bin/bash', '-c', 'export GOOGLE_APPLICATION_CREDENTIALS=/tmp/gcp_key.json && python /opt/***/jobs/silver_layer_spark_job.py london_bike_data_bronze']
[2026-07-30T17:20:22.002+0000] {subprocess.py:86} INFO - Output:
[2026-07-30T17:20:37.709+0000] {subprocess.py:93} INFO - /home/***/.local/lib/python3.12/site-packages/pyspark/bin/load-spark-env.sh: line 68: ps: command not found
[2026-07-30T17:21:02.232+0000] {subprocess.py:93} INFO - Setting default log level to "WARN".
[2026-07-30T17:21:02.237+0000] {subprocess.py:93} INFO - To adjust logging level use sc.setLogLevel(newLevel). For SparkR, use setLogLevel(newLevel).
[2026-07-30T17:21:05.280+0000] {subprocess.py:93} INFO - 26/07/30 17:21:05 WARN NativeCodeLoader: Unable to load native-hadoop library for your platform... using builtin-java classes where applicable
[2026-07-30T17:50:18.299+0000] {local_task_job_runner.py:310} WARNING - State of this instance has been externally set to restarting. Terminating instance.
[2026-07-30T17:50:19.306+0000] {local_task_job_runner.py:222} INFO - ::endgroup::
[2026-07-30T17:50:19.560+0000] {process_utils.py:132} INFO - Sending 15 to group 1187. PIDs of all processes in the group: [1188, 1192, 1187]
[2026-07-30T17:50:19.636+0000] {process_utils.py:87} INFO - Sending the signal 15 to group 1187
[2026-07-30T17:50:20.211+0000] {taskinstance.py:2611} ERROR - Received SIGTERM. Terminating subprocesses.
[2026-07-30T17:50:21.563+0000] {subprocess.py:104} INFO - Sending SIGTERM signal to process group
[2026-07-30T17:50:21.814+0000] {taskinstance.py:441} INFO - ::group::Post task execution logs
[2026-07-30T17:50:22.997+0000] {taskinstance.py:2905} ERROR - Task failed with exception
Traceback (most recent call last):
  File "/home/airflow/.local/lib/python3.12/site-packages/airflow/models/taskinstance.py", line 465, in _execute_task
    result = _execute_callable(context=context, **execute_callable_kwargs)
             ^^^^^^^^^^^^^^^^^^^^^^^^^^^^^^^^^^^^^^^^^^^^^^^^^^^^^^^^^^^^^
  File "/home/airflow/.local/lib/python3.12/site-packages/airflow/models/taskinstance.py", line 432, in _execute_callable
    return execute_callable(context=context, **execute_callable_kwargs)
           ^^^^^^^^^^^^^^^^^^^^^^^^^^^^^^^^^^^^^^^^^^^^^^^^^^^^^^^^^^^^
  File "/home/airflow/.local/lib/python3.12/site-packages/airflow/models/baseoperator.py", line 401, in wrapper
    return func(self, *args, **kwargs)
           ^^^^^^^^^^^^^^^^^^^^^^^^^^^
  File "/home/airflow/.local/lib/python3.12/site-packages/airflow/operators/bash.py", line 234, in execute
    result = self.subprocess_hook.run_command(
             ^^^^^^^^^^^^^^^^^^^^^^^^^^^^^^^^^
  File "/home/airflow/.local/lib/python3.12/site-packages/airflow/hooks/subprocess.py", line 91, in run_command
    for raw_line in iter(self.sub_process.stdout.readline, b""):
  File "/home/airflow/.local/lib/python3.12/site-packages/airflow/models/taskinstance.py", line 2613, in signal_handler
    raise AirflowTaskTerminated("Task received SIGTERM signal")
airflow.exceptions.AirflowTaskTerminated: Task received SIGTERM signal
[2026-07-30T17:50:23.461+0000] {taskinstance.py:1206} INFO - Marking task as UP_FOR_RETRY. dag_id=process_silver_layer, task_id=run_silver_spark_job, run_id=manual__2026-07-29T07:01:31.738126+00:00, execution_date=20260729T070131, start_date=20260730T172020, end_date=20260730T175023
[2026-07-30T17:50:24.502+0000] {process_utils.py:80} INFO - Process psutil.Process(pid=1192, status='terminated', started='17:20:36') (1192) terminated with exit code None
[2026-07-30T17:50:24.507+0000] {process_utils.py:80} INFO - Process psutil.Process(pid=1187, status='terminated', exitcode=2, started='17:20:20') (1187) terminated with exit code 2
[2026-07-30T17:50:24.512+0000] {process_utils.py:80} INFO - Process psutil.Process(pid=1188, status='terminated', started='17:20:21') (1188) terminated with exit code None
