[2026-07-30T17:55:37.528+0000] {local_task_job_runner.py:120} INFO - ::group::Pre task execution logs
[2026-07-30T17:55:38.315+0000] {taskinstance.py:2076} INFO - Dependencies all met for dep_context=non-requeueable deps ti=<TaskInstance: process_silver_layer.run_silver_spark_job manual__2026-07-29T07:01:31.738126+00:00 [queued]>
[2026-07-30T17:55:38.373+0000] {taskinstance.py:2076} INFO - Dependencies all met for dep_context=requeueable deps ti=<TaskInstance: process_silver_layer.run_silver_spark_job manual__2026-07-29T07:01:31.738126+00:00 [queued]>
[2026-07-30T17:55:38.379+0000] {taskinstance.py:2306} INFO - Starting attempt 4 of 4
[2026-07-30T17:55:38.476+0000] {taskinstance.py:2330} INFO - Executing <Task(BashOperator): run_silver_spark_job> on 2026-07-29 07:01:31.738126+00:00
[2026-07-30T17:55:38.507+0000] {standard_task_runner.py:90} INFO - Running: ['***', 'tasks', 'run', 'process_silver_layer', 'run_silver_spark_job', 'manual__2026-07-29T07:01:31.738126+00:00', '--job-id', '250', '--raw', '--subdir', 'DAGS_FOLDER/silver_processing_dag.py', '--cfg-path', '/tmp/tmp2r7trkg3']
[2026-07-30T17:55:38.549+0000] {standard_task_runner.py:91} INFO - Job 250: Subtask run_silver_spark_job
[2026-07-30T17:55:38.544+0000] {logging_mixin.py:188} WARNING - /home/***/.local/lib/python3.12/site-packages/***/task/task_runner/standard_task_runner.py:61 DeprecationWarning: This process (pid=3160) is multi-threaded, use of fork() may lead to deadlocks in the child.
[2026-07-30T17:55:38.558+0000] {standard_task_runner.py:63} INFO - Started process 3166 to run task
[2026-07-30T17:55:38.815+0000] {task_command.py:426} INFO - Running <TaskInstance: process_silver_layer.run_silver_spark_job manual__2026-07-29T07:01:31.738126+00:00 [running]> on host 21f1a12a00bc
[2026-07-30T17:55:39.802+0000] {taskinstance.py:2648} INFO - Exporting env vars: AIRFLOW_CTX_DAG_OWNER='data_engineer' AIRFLOW_CTX_DAG_ID='process_silver_layer' AIRFLOW_CTX_TASK_ID='run_silver_spark_job' AIRFLOW_CTX_EXECUTION_DATE='2026-07-29T07:01:31.738126+00:00' AIRFLOW_CTX_TRY_NUMBER='4' AIRFLOW_CTX_DAG_RUN_ID='manual__2026-07-29T07:01:31.738126+00:00'
[2026-07-30T17:55:39.806+0000] {taskinstance.py:430} INFO - ::endgroup::
[2026-07-30T17:55:40.176+0000] {subprocess.py:63} INFO - Tmp dir root location: /tmp
[2026-07-30T17:55:40.258+0000] {subprocess.py:75} INFO - Running command: ['/usr/bin/bash', '-c', 'export GOOGLE_APPLICATION_CREDENTIALS=/tmp/gcp_key.json && python /opt/***/jobs/silver_layer_spark_job.py london_bike_data_bronze']
[2026-07-30T17:55:40.375+0000] {subprocess.py:86} INFO - Output:
[2026-07-30T17:55:49.890+0000] {subprocess.py:93} INFO - /home/***/.local/lib/python3.12/site-packages/pyspark/bin/load-spark-env.sh: line 68: ps: command not found
[2026-07-30T17:56:07.779+0000] {local_task_job_runner.py:310} WARNING - State of this instance has been externally set to failed. Terminating instance.
[2026-07-30T17:56:07.903+0000] {local_task_job_runner.py:222} INFO - ::endgroup::
[2026-07-30T17:56:07.970+0000] {process_utils.py:132} INFO - Sending 15 to group 3166. PIDs of all processes in the group: [3167, 3181, 3166]
[2026-07-30T17:56:07.975+0000] {process_utils.py:87} INFO - Sending the signal 15 to group 3166
[2026-07-30T17:56:07.990+0000] {taskinstance.py:2611} ERROR - Received SIGTERM. Terminating subprocesses.
[2026-07-30T17:56:08.011+0000] {subprocess.py:104} INFO - Sending SIGTERM signal to process group
[2026-07-30T17:56:08.032+0000] {taskinstance.py:441} INFO - ::group::Post task execution logs
[2026-07-30T17:56:08.317+0000] {process_utils.py:80} INFO - Process psutil.Process(pid=3181, status='terminated', started='17:55:49') (3181) terminated with exit code None
[2026-07-30T17:56:10.526+0000] {process_utils.py:80} INFO - Process psutil.Process(pid=3166, status='terminated', exitcode=0, started='17:55:38') (3166) terminated with exit code 0
[2026-07-30T17:56:10.715+0000] {process_utils.py:80} INFO - Process psutil.Process(pid=3167, status='terminated', started='17:55:40') (3167) terminated with exit code None
