[2026-09-06T00:00:08.596+0000] {local_task_job_runner.py:120} INFO - ::group::Pre task execution logs
[2026-09-06T00:00:08.635+0000] {taskinstance.py:2076} INFO - Dependencies all met for dep_context=non-requeueable deps ti=<TaskInstance: ingest_bronze_layer.weather_ingest scheduled__2026-09-05T23:00:00+00:00 [queued]>
[2026-09-06T00:00:08.662+0000] {taskinstance.py:2076} INFO - Dependencies all met for dep_context=requeueable deps ti=<TaskInstance: ingest_bronze_layer.weather_ingest scheduled__2026-09-05T23:00:00+00:00 [queued]>
[2026-09-06T00:00:08.665+0000] {taskinstance.py:2306} INFO - Starting attempt 1 of 1
[2026-09-06T00:00:08.706+0000] {taskinstance.py:2330} INFO - Executing <Task(PythonOperator): weather_ingest> on 2026-09-05 23:00:00+00:00
[2026-09-06T00:00:08.751+0000] {standard_task_runner.py:90} INFO - Running: ['***', 'tasks', 'run', 'ingest_bronze_layer', 'weather_ingest', 'scheduled__2026-09-05T23:00:00+00:00', '--job-id', '342', '--raw', '--subdir', 'DAGS_FOLDER/bronze_ingestion_dag.py', '--cfg-path', '/tmp/tmp23j26f68']
[2026-09-06T00:00:08.760+0000] {logging_mixin.py:188} WARNING - /home/***/.local/lib/python3.12/site-packages/***/task/task_runner/standard_task_runner.py:61 DeprecationWarning: This process (pid=17375) is multi-threaded, use of fork() may lead to deadlocks in the child.
[2026-09-06T00:00:08.777+0000] {standard_task_runner.py:63} INFO - Started process 17376 to run task
[2026-09-06T00:00:08.774+0000] {standard_task_runner.py:91} INFO - Job 342: Subtask weather_ingest
[2026-09-06T00:00:09.208+0000] {task_command.py:426} INFO - Running <TaskInstance: ingest_bronze_layer.weather_ingest scheduled__2026-09-05T23:00:00+00:00 [running]> on host bdc8f6caa133
[2026-09-06T00:00:10.463+0000] {taskinstance.py:2648} INFO - Exporting env vars: AIRFLOW_CTX_DAG_OWNER='***' AIRFLOW_CTX_DAG_ID='ingest_bronze_layer' AIRFLOW_CTX_TASK_ID='weather_ingest' AIRFLOW_CTX_EXECUTION_DATE='2026-09-05T23:00:00+00:00' AIRFLOW_CTX_TRY_NUMBER='1' AIRFLOW_CTX_DAG_RUN_ID='scheduled__2026-09-05T23:00:00+00:00'
[2026-09-06T00:00:10.497+0000] {taskinstance.py:430} INFO - ::endgroup::
[2026-09-06T00:00:12.791+0000] {connection.py:274} WARNING - Connection schemes (type: google_cloud_platform) shall not contain '_' according to RFC3986.
[2026-09-06T00:00:12.832+0000] {base.py:84} INFO - Using connection ID 'google_cloud_default' for task execution.
[2026-09-06T00:00:15.607+0000] {gcs.py:574} INFO - Data stream uploaded to bronze/weather/20260905/data_20260905T230000.json in london_bike_data_bronze bucket
[2026-09-06T00:00:15.632+0000] {python.py:237} INFO - Done. Returned value was: None
[2026-09-06T00:00:15.663+0000] {taskinstance.py:441} INFO - ::group::Post task execution logs
[2026-09-06T00:00:15.726+0000] {taskinstance.py:1206} INFO - Marking task as SUCCESS. dag_id=ingest_bronze_layer, task_id=weather_ingest, run_id=scheduled__2026-09-05T23:00:00+00:00, execution_date=20260905T230000, start_date=20260906T000008, end_date=20260906T000015
[2026-09-06T00:00:15.824+0000] {local_task_job_runner.py:240} INFO - Task exited with return code 0
[2026-09-06T00:00:16.007+0000] {taskinstance.py:3503} INFO - 0 downstream tasks scheduled from follow-on schedule check
[2026-09-06T00:00:16.059+0000] {local_task_job_runner.py:222} INFO - ::endgroup::
