[2026-07-29T02:00:32.694+0000] {local_task_job_runner.py:120} INFO - ::group::Pre task execution logs
[2026-07-29T02:00:32.752+0000] {taskinstance.py:2076} INFO - Dependencies all met for dep_context=non-requeueable deps ti=<TaskInstance: process_silver_layer.run_silver_spark_job manual__2026-07-29T02:00:22.767762+00:00 [queued]>
[2026-07-29T02:00:32.770+0000] {taskinstance.py:2076} INFO - Dependencies all met for dep_context=requeueable deps ti=<TaskInstance: process_silver_layer.run_silver_spark_job manual__2026-07-29T02:00:22.767762+00:00 [queued]>
[2026-07-29T02:00:32.772+0000] {taskinstance.py:2306} INFO - Starting attempt 1 of 1
[2026-07-29T02:00:32.801+0000] {taskinstance.py:2330} INFO - Executing <Task(BashOperator): run_silver_spark_job> on 2026-07-29 02:00:22.767762+00:00
[2026-07-29T02:00:32.819+0000] {standard_task_runner.py:90} INFO - Running: ['***', 'tasks', 'run', 'process_silver_layer', 'run_silver_spark_job', 'manual__2026-07-29T02:00:22.767762+00:00', '--job-id', '203', '--raw', '--subdir', 'DAGS_FOLDER/silver_processing_dag.py', '--cfg-path', '/tmp/tmpes3o723g']
[2026-07-29T02:00:32.832+0000] {standard_task_runner.py:91} INFO - Job 203: Subtask run_silver_spark_job
[2026-07-29T02:00:32.839+0000] {logging_mixin.py:188} WARNING - /home/***/.local/lib/python3.12/site-packages/***/task/task_runner/standard_task_runner.py:61 DeprecationWarning: This process (pid=20869) is multi-threaded, use of fork() may lead to deadlocks in the child.
[2026-07-29T02:00:32.844+0000] {standard_task_runner.py:63} INFO - Started process 20870 to run task
[2026-07-29T02:00:32.917+0000] {task_command.py:426} INFO - Running <TaskInstance: process_silver_layer.run_silver_spark_job manual__2026-07-29T02:00:22.767762+00:00 [running]> on host 21f1a12a00bc
[2026-07-29T02:00:33.074+0000] {taskinstance.py:2648} INFO - Exporting env vars: AIRFLOW_CTX_DAG_OWNER='data_engineer' AIRFLOW_CTX_DAG_ID='process_silver_layer' AIRFLOW_CTX_TASK_ID='run_silver_spark_job' AIRFLOW_CTX_EXECUTION_DATE='2026-07-29T02:00:22.767762+00:00' AIRFLOW_CTX_TRY_NUMBER='1' AIRFLOW_CTX_DAG_RUN_ID='manual__2026-07-29T02:00:22.767762+00:00'
[2026-07-29T02:00:33.076+0000] {taskinstance.py:430} INFO - ::endgroup::
[2026-07-29T02:00:33.102+0000] {subprocess.py:63} INFO - Tmp dir root location: /tmp
[2026-07-29T02:00:33.113+0000] {subprocess.py:75} INFO - Running command: ['/usr/bin/bash', '-c', 'export GOOGLE_APPLICATION_CREDENTIALS=/tmp/gcp_key.json && python /opt/***/jobs/silver_layer_spark_job.py london_bike_data_bronze']
[2026-07-29T02:00:33.131+0000] {subprocess.py:86} INFO - Output:
[2026-07-29T02:00:35.008+0000] {subprocess.py:93} INFO - /home/***/.local/lib/python3.12/site-packages/pyspark/bin/load-spark-env.sh: line 68: ps: command not found
[2026-07-29T02:00:40.153+0000] {subprocess.py:93} INFO - Setting default log level to "WARN".
[2026-07-29T02:00:40.155+0000] {subprocess.py:93} INFO - To adjust logging level use sc.setLogLevel(newLevel). For SparkR, use setLogLevel(newLevel).
[2026-07-29T02:00:40.660+0000] {subprocess.py:93} INFO - 26/07/29 02:00:40 WARN NativeCodeLoader: Unable to load native-hadoop library for your platform... using builtin-java classes where applicable
[2026-07-29T02:03:41.771+0000] {subprocess.py:93} INFO - [Stage 5:>                                                          (0 + 4) / 4]                                                                                Processing Weather Data...
[2026-07-29T02:03:41.868+0000] {subprocess.py:93} INFO - Weather data processed and saved to gs://london_bike_data_bronze/silver/weather/
[2026-07-29T02:03:41.873+0000] {subprocess.py:93} INFO - Processing Bike Data...
[2026-07-29T02:03:41.877+0000] {subprocess.py:93} INFO - Bike data processed and saved to gs://london_bike_data_bronze/silver/bike/
[2026-07-29T02:03:43.382+0000] {subprocess.py:97} INFO - Command exited with return code 0
[2026-07-29T02:03:43.410+0000] {taskinstance.py:441} INFO - ::group::Post task execution logs
[2026-07-29T02:03:43.786+0000] {taskinstance.py:1206} INFO - Marking task as SUCCESS. dag_id=process_silver_layer, task_id=run_silver_spark_job, run_id=manual__2026-07-29T02:00:22.767762+00:00, execution_date=20260729T020022, start_date=20260729T020032, end_date=20260729T020343
[2026-07-29T02:03:44.019+0000] {local_task_job_runner.py:240} INFO - Task exited with return code 0
[2026-07-29T02:03:44.203+0000] {taskinstance.py:3503} INFO - 1 downstream tasks scheduled from follow-on schedule check
[2026-07-29T02:03:44.207+0000] {local_task_job_runner.py:222} INFO - ::endgroup::
