[2026-07-24T00:26:26.381+0000] {processor.py:161} INFO - Started process (PID=161) to work on /opt/airflow/dags/bronze_ingestion_dag.py
[2026-07-24T00:26:26.420+0000] {processor.py:830} INFO - Processing file /opt/airflow/dags/bronze_ingestion_dag.py for tasks to queue
[2026-07-24T00:26:26.505+0000] {logging_mixin.py:188} INFO - [2026-07-24T00:26:26.468+0000] {dagbag.py:545} INFO - Filling up the DagBag from /opt/airflow/dags/bronze_ingestion_dag.py
[2026-07-24T00:26:28.538+0000] {processor.py:840} INFO - DAG(s) 'ingest_bronze_layer' retrieved from /opt/airflow/dags/bronze_ingestion_dag.py
[2026-07-24T00:26:28.886+0000] {logging_mixin.py:188} INFO - [2026-07-24T00:26:28.885+0000] {dag.py:3096} INFO - Sync 1 DAGs
[2026-07-24T00:26:29.491+0000] {logging_mixin.py:188} INFO - [2026-07-24T00:26:29.490+0000] {dag.py:3954} INFO - Setting next_dagrun for ingest_bronze_layer to 2026-07-24 00:00:00+00:00, run_after=2026-07-24 01:00:00+00:00
[2026-07-24T00:26:30.755+0000] {processor.py:183} INFO - Processing /opt/airflow/dags/bronze_ingestion_dag.py took 4.468 seconds
[2026-07-24T00:27:01.464+0000] {processor.py:161} INFO - Started process (PID=183) to work on /opt/airflow/dags/bronze_ingestion_dag.py
[2026-07-24T00:27:01.468+0000] {processor.py:830} INFO - Processing file /opt/airflow/dags/bronze_ingestion_dag.py for tasks to queue
[2026-07-24T00:27:01.479+0000] {logging_mixin.py:188} INFO - [2026-07-24T00:27:01.478+0000] {dagbag.py:545} INFO - Filling up the DagBag from /opt/airflow/dags/bronze_ingestion_dag.py
[2026-07-24T00:27:01.546+0000] {processor.py:840} INFO - DAG(s) 'ingest_bronze_layer' retrieved from /opt/airflow/dags/bronze_ingestion_dag.py
[2026-07-24T00:27:02.833+0000] {logging_mixin.py:188} INFO - [2026-07-24T00:27:02.832+0000] {dag.py:3096} INFO - Sync 1 DAGs
[2026-07-24T00:27:03.062+0000] {logging_mixin.py:188} INFO - [2026-07-24T00:27:03.061+0000] {dag.py:3954} INFO - Setting next_dagrun for ingest_bronze_layer to 2026-07-24 00:00:00+00:00, run_after=2026-07-24 01:00:00+00:00
[2026-07-24T00:27:03.177+0000] {processor.py:183} INFO - Processing /opt/airflow/dags/bronze_ingestion_dag.py took 1.249 seconds
[2026-07-24T00:27:35.361+0000] {processor.py:161} INFO - Started process (PID=301) to work on /opt/airflow/dags/bronze_ingestion_dag.py
[2026-07-24T00:27:35.397+0000] {processor.py:830} INFO - Processing file /opt/airflow/dags/bronze_ingestion_dag.py for tasks to queue
[2026-07-24T00:27:35.463+0000] {logging_mixin.py:188} INFO - [2026-07-24T00:27:35.447+0000] {dagbag.py:545} INFO - Filling up the DagBag from /opt/airflow/dags/bronze_ingestion_dag.py
[2026-07-24T00:27:36.117+0000] {processor.py:840} INFO - DAG(s) 'ingest_bronze_layer' retrieved from /opt/airflow/dags/bronze_ingestion_dag.py
[2026-07-24T00:27:36.713+0000] {logging_mixin.py:188} INFO - [2026-07-24T00:27:36.705+0000] {dag.py:3096} INFO - Sync 1 DAGs
[2026-07-24T00:27:37.304+0000] {logging_mixin.py:188} INFO - [2026-07-24T00:27:37.303+0000] {dag.py:3954} INFO - Setting next_dagrun for ingest_bronze_layer to 2026-07-24 00:00:00+00:00, run_after=2026-07-24 01:00:00+00:00
[2026-07-24T00:27:38.095+0000] {processor.py:183} INFO - Processing /opt/airflow/dags/bronze_ingestion_dag.py took 2.974 seconds
[2026-07-24T00:28:08.925+0000] {processor.py:161} INFO - Started process (PID=337) to work on /opt/airflow/dags/bronze_ingestion_dag.py
[2026-07-24T00:28:08.930+0000] {processor.py:830} INFO - Processing file /opt/airflow/dags/bronze_ingestion_dag.py for tasks to queue
[2026-07-24T00:28:08.951+0000] {logging_mixin.py:188} INFO - [2026-07-24T00:28:08.948+0000] {dagbag.py:545} INFO - Filling up the DagBag from /opt/airflow/dags/bronze_ingestion_dag.py
[2026-07-24T00:28:09.067+0000] {processor.py:840} INFO - DAG(s) 'ingest_bronze_layer' retrieved from /opt/airflow/dags/bronze_ingestion_dag.py
[2026-07-24T00:28:09.376+0000] {logging_mixin.py:188} INFO - [2026-07-24T00:28:09.373+0000] {dag.py:3096} INFO - Sync 1 DAGs
[2026-07-24T00:28:09.679+0000] {logging_mixin.py:188} INFO - [2026-07-24T00:28:09.678+0000] {dag.py:3954} INFO - Setting next_dagrun for ingest_bronze_layer to 2026-07-24 00:00:00+00:00, run_after=2026-07-24 01:00:00+00:00
[2026-07-24T00:28:14.956+0000] {processor.py:183} INFO - Processing /opt/airflow/dags/bronze_ingestion_dag.py took 6.083 seconds
[2026-07-24T00:28:45.436+0000] {processor.py:161} INFO - Started process (PID=389) to work on /opt/airflow/dags/bronze_ingestion_dag.py
[2026-07-24T00:28:45.450+0000] {processor.py:830} INFO - Processing file /opt/airflow/dags/bronze_ingestion_dag.py for tasks to queue
[2026-07-24T00:28:45.461+0000] {logging_mixin.py:188} INFO - [2026-07-24T00:28:45.460+0000] {dagbag.py:545} INFO - Filling up the DagBag from /opt/airflow/dags/bronze_ingestion_dag.py
[2026-07-24T00:28:45.615+0000] {processor.py:840} INFO - DAG(s) 'ingest_bronze_layer' retrieved from /opt/airflow/dags/bronze_ingestion_dag.py
[2026-07-24T00:28:45.711+0000] {logging_mixin.py:188} INFO - [2026-07-24T00:28:45.710+0000] {dag.py:3096} INFO - Sync 1 DAGs
[2026-07-24T00:28:49.479+0000] {logging_mixin.py:188} INFO - [2026-07-24T00:28:49.478+0000] {dag.py:3954} INFO - Setting next_dagrun for ingest_bronze_layer to 2026-07-24 00:00:00+00:00, run_after=2026-07-24 01:00:00+00:00
[2026-07-24T00:28:49.561+0000] {processor.py:183} INFO - Processing /opt/airflow/dags/bronze_ingestion_dag.py took 4.179 seconds
[2026-07-24T00:29:19.859+0000] {processor.py:161} INFO - Started process (PID=502) to work on /opt/airflow/dags/bronze_ingestion_dag.py
[2026-07-24T00:29:19.863+0000] {processor.py:830} INFO - Processing file /opt/airflow/dags/bronze_ingestion_dag.py for tasks to queue
[2026-07-24T00:29:19.873+0000] {logging_mixin.py:188} INFO - [2026-07-24T00:29:19.871+0000] {dagbag.py:545} INFO - Filling up the DagBag from /opt/airflow/dags/bronze_ingestion_dag.py
[2026-07-24T00:29:19.953+0000] {processor.py:840} INFO - DAG(s) 'ingest_bronze_layer' retrieved from /opt/airflow/dags/bronze_ingestion_dag.py
[2026-07-24T00:29:21.874+0000] {logging_mixin.py:188} INFO - [2026-07-24T00:29:21.869+0000] {dag.py:3096} INFO - Sync 1 DAGs
[2026-07-24T00:29:22.007+0000] {logging_mixin.py:188} INFO - [2026-07-24T00:29:22.005+0000] {dag.py:3954} INFO - Setting next_dagrun for ingest_bronze_layer to 2026-07-24 00:00:00+00:00, run_after=2026-07-24 01:00:00+00:00
[2026-07-24T00:29:22.111+0000] {processor.py:183} INFO - Processing /opt/airflow/dags/bronze_ingestion_dag.py took 2.274 seconds
[2026-07-24T00:29:53.432+0000] {processor.py:161} INFO - Started process (PID=546) to work on /opt/airflow/dags/bronze_ingestion_dag.py
[2026-07-24T00:29:53.435+0000] {processor.py:830} INFO - Processing file /opt/airflow/dags/bronze_ingestion_dag.py for tasks to queue
[2026-07-24T00:29:53.453+0000] {logging_mixin.py:188} INFO - [2026-07-24T00:29:53.452+0000] {dagbag.py:545} INFO - Filling up the DagBag from /opt/airflow/dags/bronze_ingestion_dag.py
[2026-07-24T00:29:53.548+0000] {processor.py:840} INFO - DAG(s) 'ingest_bronze_layer' retrieved from /opt/airflow/dags/bronze_ingestion_dag.py
[2026-07-24T00:29:53.683+0000] {logging_mixin.py:188} INFO - [2026-07-24T00:29:53.682+0000] {dag.py:3096} INFO - Sync 1 DAGs
[2026-07-24T00:29:53.830+0000] {logging_mixin.py:188} INFO - [2026-07-24T00:29:53.829+0000] {dag.py:3954} INFO - Setting next_dagrun for ingest_bronze_layer to 2026-07-24 00:00:00+00:00, run_after=2026-07-24 01:00:00+00:00
[2026-07-24T00:29:53.932+0000] {processor.py:183} INFO - Processing /opt/airflow/dags/bronze_ingestion_dag.py took 0.585 seconds
[2026-07-24T00:30:24.350+0000] {processor.py:161} INFO - Started process (PID=579) to work on /opt/airflow/dags/bronze_ingestion_dag.py
[2026-07-24T00:30:24.366+0000] {processor.py:830} INFO - Processing file /opt/airflow/dags/bronze_ingestion_dag.py for tasks to queue
[2026-07-24T00:30:24.415+0000] {logging_mixin.py:188} INFO - [2026-07-24T00:30:24.413+0000] {dagbag.py:545} INFO - Filling up the DagBag from /opt/airflow/dags/bronze_ingestion_dag.py
[2026-07-24T00:30:24.861+0000] {processor.py:840} INFO - DAG(s) 'ingest_bronze_layer' retrieved from /opt/airflow/dags/bronze_ingestion_dag.py
[2026-07-24T00:30:25.344+0000] {logging_mixin.py:188} INFO - [2026-07-24T00:30:25.340+0000] {dag.py:3096} INFO - Sync 1 DAGs
[2026-07-24T00:30:25.858+0000] {logging_mixin.py:188} INFO - [2026-07-24T00:30:25.857+0000] {dag.py:3954} INFO - Setting next_dagrun for ingest_bronze_layer to 2026-07-24 00:00:00+00:00, run_after=2026-07-24 01:00:00+00:00
[2026-07-24T00:30:26.537+0000] {processor.py:183} INFO - Processing /opt/airflow/dags/bronze_ingestion_dag.py took 2.277 seconds
[2026-07-24T00:30:57.375+0000] {processor.py:161} INFO - Started process (PID=623) to work on /opt/airflow/dags/bronze_ingestion_dag.py
[2026-07-24T00:30:57.378+0000] {processor.py:830} INFO - Processing file /opt/airflow/dags/bronze_ingestion_dag.py for tasks to queue
[2026-07-24T00:30:57.397+0000] {logging_mixin.py:188} INFO - [2026-07-24T00:30:57.396+0000] {dagbag.py:545} INFO - Filling up the DagBag from /opt/airflow/dags/bronze_ingestion_dag.py
[2026-07-24T00:30:57.543+0000] {processor.py:840} INFO - DAG(s) 'ingest_bronze_layer' retrieved from /opt/airflow/dags/bronze_ingestion_dag.py
[2026-07-24T00:30:57.710+0000] {logging_mixin.py:188} INFO - [2026-07-24T00:30:57.708+0000] {dag.py:3096} INFO - Sync 1 DAGs
[2026-07-24T00:30:57.885+0000] {logging_mixin.py:188} INFO - [2026-07-24T00:30:57.885+0000] {dag.py:3954} INFO - Setting next_dagrun for ingest_bronze_layer to 2026-07-24 00:00:00+00:00, run_after=2026-07-24 01:00:00+00:00
[2026-07-24T00:30:58.019+0000] {processor.py:183} INFO - Processing /opt/airflow/dags/bronze_ingestion_dag.py took 0.735 seconds
[2026-07-24T00:31:29.319+0000] {processor.py:161} INFO - Started process (PID=729) to work on /opt/airflow/dags/bronze_ingestion_dag.py
[2026-07-24T00:31:29.475+0000] {processor.py:830} INFO - Processing file /opt/airflow/dags/bronze_ingestion_dag.py for tasks to queue
[2026-07-24T00:31:29.698+0000] {logging_mixin.py:188} INFO - [2026-07-24T00:31:29.686+0000] {dagbag.py:545} INFO - Filling up the DagBag from /opt/airflow/dags/bronze_ingestion_dag.py
[2026-07-24T00:31:30.252+0000] {processor.py:840} INFO - DAG(s) 'ingest_bronze_layer' retrieved from /opt/airflow/dags/bronze_ingestion_dag.py
[2026-07-24T00:31:30.767+0000] {logging_mixin.py:188} INFO - [2026-07-24T00:31:30.765+0000] {dag.py:3096} INFO - Sync 1 DAGs
[2026-07-24T00:31:31.282+0000] {logging_mixin.py:188} INFO - [2026-07-24T00:31:31.281+0000] {dag.py:3954} INFO - Setting next_dagrun for ingest_bronze_layer to 2026-07-24 00:00:00+00:00, run_after=2026-07-24 01:00:00+00:00
[2026-07-24T00:31:31.937+0000] {processor.py:183} INFO - Processing /opt/airflow/dags/bronze_ingestion_dag.py took 2.887 seconds
[2026-07-24T00:32:02.739+0000] {processor.py:161} INFO - Started process (PID=771) to work on /opt/airflow/dags/bronze_ingestion_dag.py
[2026-07-24T00:32:02.747+0000] {processor.py:830} INFO - Processing file /opt/airflow/dags/bronze_ingestion_dag.py for tasks to queue
[2026-07-24T00:32:02.774+0000] {logging_mixin.py:188} INFO - [2026-07-24T00:32:02.771+0000] {dagbag.py:545} INFO - Filling up the DagBag from /opt/airflow/dags/bronze_ingestion_dag.py
[2026-07-24T00:32:02.910+0000] {processor.py:840} INFO - DAG(s) 'ingest_bronze_layer' retrieved from /opt/airflow/dags/bronze_ingestion_dag.py
[2026-07-24T00:32:03.055+0000] {logging_mixin.py:188} INFO - [2026-07-24T00:32:03.054+0000] {dag.py:3096} INFO - Sync 1 DAGs
[2026-07-24T00:32:03.311+0000] {logging_mixin.py:188} INFO - [2026-07-24T00:32:03.308+0000] {dag.py:3954} INFO - Setting next_dagrun for ingest_bronze_layer to 2026-07-24 00:00:00+00:00, run_after=2026-07-24 01:00:00+00:00
[2026-07-24T00:32:03.562+0000] {processor.py:183} INFO - Processing /opt/airflow/dags/bronze_ingestion_dag.py took 0.857 seconds
[2026-07-24T00:32:34.383+0000] {processor.py:161} INFO - Started process (PID=835) to work on /opt/airflow/dags/bronze_ingestion_dag.py
[2026-07-24T00:32:34.395+0000] {processor.py:830} INFO - Processing file /opt/airflow/dags/bronze_ingestion_dag.py for tasks to queue
[2026-07-24T00:32:34.415+0000] {logging_mixin.py:188} INFO - [2026-07-24T00:32:34.406+0000] {dagbag.py:545} INFO - Filling up the DagBag from /opt/airflow/dags/bronze_ingestion_dag.py
[2026-07-24T00:32:34.576+0000] {processor.py:840} INFO - DAG(s) 'ingest_bronze_layer' retrieved from /opt/airflow/dags/bronze_ingestion_dag.py
[2026-07-24T00:32:34.681+0000] {logging_mixin.py:188} INFO - [2026-07-24T00:32:34.680+0000] {dag.py:3096} INFO - Sync 1 DAGs
[2026-07-24T00:32:34.871+0000] {logging_mixin.py:188} INFO - [2026-07-24T00:32:34.870+0000] {dag.py:3954} INFO - Setting next_dagrun for ingest_bronze_layer to 2026-07-24 00:00:00+00:00, run_after=2026-07-24 01:00:00+00:00
[2026-07-24T00:32:35.018+0000] {processor.py:183} INFO - Processing /opt/airflow/dags/bronze_ingestion_dag.py took 0.711 seconds
[2026-07-24T00:33:05.270+0000] {processor.py:161} INFO - Started process (PID=861) to work on /opt/airflow/dags/bronze_ingestion_dag.py
[2026-07-24T00:33:05.274+0000] {processor.py:830} INFO - Processing file /opt/airflow/dags/bronze_ingestion_dag.py for tasks to queue
[2026-07-24T00:33:05.281+0000] {logging_mixin.py:188} INFO - [2026-07-24T00:33:05.280+0000] {dagbag.py:545} INFO - Filling up the DagBag from /opt/airflow/dags/bronze_ingestion_dag.py
[2026-07-24T00:33:05.357+0000] {processor.py:840} INFO - DAG(s) 'ingest_bronze_layer' retrieved from /opt/airflow/dags/bronze_ingestion_dag.py
[2026-07-24T00:33:05.426+0000] {logging_mixin.py:188} INFO - [2026-07-24T00:33:05.426+0000] {dag.py:3096} INFO - Sync 1 DAGs
[2026-07-24T00:33:05.483+0000] {logging_mixin.py:188} INFO - [2026-07-24T00:33:05.482+0000] {dag.py:3954} INFO - Setting next_dagrun for ingest_bronze_layer to 2026-07-24 00:00:00+00:00, run_after=2026-07-24 01:00:00+00:00
[2026-07-24T00:33:05.529+0000] {processor.py:183} INFO - Processing /opt/airflow/dags/bronze_ingestion_dag.py took 0.283 seconds
[2026-07-24T00:33:36.016+0000] {processor.py:161} INFO - Started process (PID=873) to work on /opt/airflow/dags/bronze_ingestion_dag.py
[2026-07-24T00:33:36.018+0000] {processor.py:830} INFO - Processing file /opt/airflow/dags/bronze_ingestion_dag.py for tasks to queue
[2026-07-24T00:33:36.025+0000] {logging_mixin.py:188} INFO - [2026-07-24T00:33:36.024+0000] {dagbag.py:545} INFO - Filling up the DagBag from /opt/airflow/dags/bronze_ingestion_dag.py
[2026-07-24T00:33:36.103+0000] {processor.py:840} INFO - DAG(s) 'ingest_bronze_layer' retrieved from /opt/airflow/dags/bronze_ingestion_dag.py
[2026-07-24T00:33:36.209+0000] {logging_mixin.py:188} INFO - [2026-07-24T00:33:36.208+0000] {dag.py:3096} INFO - Sync 1 DAGs
[2026-07-24T00:33:36.290+0000] {logging_mixin.py:188} INFO - [2026-07-24T00:33:36.289+0000] {dag.py:3954} INFO - Setting next_dagrun for ingest_bronze_layer to 2026-07-24 00:00:00+00:00, run_after=2026-07-24 01:00:00+00:00
[2026-07-24T00:33:36.340+0000] {processor.py:183} INFO - Processing /opt/airflow/dags/bronze_ingestion_dag.py took 0.343 seconds
[2026-07-24T00:34:06.703+0000] {processor.py:161} INFO - Started process (PID=888) to work on /opt/airflow/dags/bronze_ingestion_dag.py
[2026-07-24T00:34:06.706+0000] {processor.py:830} INFO - Processing file /opt/airflow/dags/bronze_ingestion_dag.py for tasks to queue
[2026-07-24T00:34:06.716+0000] {logging_mixin.py:188} INFO - [2026-07-24T00:34:06.715+0000] {dagbag.py:545} INFO - Filling up the DagBag from /opt/airflow/dags/bronze_ingestion_dag.py
[2026-07-24T00:34:06.775+0000] {processor.py:840} INFO - DAG(s) 'ingest_bronze_layer' retrieved from /opt/airflow/dags/bronze_ingestion_dag.py
[2026-07-24T00:34:06.849+0000] {logging_mixin.py:188} INFO - [2026-07-24T00:34:06.848+0000] {dag.py:3096} INFO - Sync 1 DAGs
[2026-07-24T00:34:06.916+0000] {logging_mixin.py:188} INFO - [2026-07-24T00:34:06.915+0000] {dag.py:3954} INFO - Setting next_dagrun for ingest_bronze_layer to 2026-07-24 00:00:00+00:00, run_after=2026-07-24 01:00:00+00:00
[2026-07-24T00:34:06.971+0000] {processor.py:183} INFO - Processing /opt/airflow/dags/bronze_ingestion_dag.py took 0.289 seconds
[2026-07-24T00:34:37.240+0000] {processor.py:161} INFO - Started process (PID=903) to work on /opt/airflow/dags/bronze_ingestion_dag.py
[2026-07-24T00:34:37.257+0000] {processor.py:830} INFO - Processing file /opt/airflow/dags/bronze_ingestion_dag.py for tasks to queue
[2026-07-24T00:34:37.289+0000] {logging_mixin.py:188} INFO - [2026-07-24T00:34:37.287+0000] {dagbag.py:545} INFO - Filling up the DagBag from /opt/airflow/dags/bronze_ingestion_dag.py
[2026-07-24T00:34:37.479+0000] {processor.py:840} INFO - DAG(s) 'ingest_bronze_layer' retrieved from /opt/airflow/dags/bronze_ingestion_dag.py
[2026-07-24T00:34:37.725+0000] {logging_mixin.py:188} INFO - [2026-07-24T00:34:37.724+0000] {dag.py:3096} INFO - Sync 1 DAGs
[2026-07-24T00:34:37.913+0000] {logging_mixin.py:188} INFO - [2026-07-24T00:34:37.912+0000] {dag.py:3954} INFO - Setting next_dagrun for ingest_bronze_layer to 2026-07-24 00:00:00+00:00, run_after=2026-07-24 01:00:00+00:00
[2026-07-24T00:34:38.058+0000] {processor.py:183} INFO - Processing /opt/airflow/dags/bronze_ingestion_dag.py took 0.874 seconds
[2026-07-24T00:35:08.802+0000] {processor.py:161} INFO - Started process (PID=974) to work on /opt/airflow/dags/bronze_ingestion_dag.py
[2026-07-24T00:35:08.812+0000] {processor.py:830} INFO - Processing file /opt/airflow/dags/bronze_ingestion_dag.py for tasks to queue
[2026-07-24T00:35:08.833+0000] {logging_mixin.py:188} INFO - [2026-07-24T00:35:08.830+0000] {dagbag.py:545} INFO - Filling up the DagBag from /opt/airflow/dags/bronze_ingestion_dag.py
[2026-07-24T00:35:09.046+0000] {processor.py:840} INFO - DAG(s) 'ingest_bronze_layer' retrieved from /opt/airflow/dags/bronze_ingestion_dag.py
[2026-07-24T00:35:09.282+0000] {logging_mixin.py:188} INFO - [2026-07-24T00:35:09.281+0000] {dag.py:3096} INFO - Sync 1 DAGs
[2026-07-24T00:35:09.547+0000] {logging_mixin.py:188} INFO - [2026-07-24T00:35:09.545+0000] {dag.py:3954} INFO - Setting next_dagrun for ingest_bronze_layer to 2026-07-24 00:00:00+00:00, run_after=2026-07-24 01:00:00+00:00
[2026-07-24T00:35:09.739+0000] {processor.py:183} INFO - Processing /opt/airflow/dags/bronze_ingestion_dag.py took 1.021 seconds
[2026-07-24T00:35:40.032+0000] {processor.py:161} INFO - Started process (PID=1005) to work on /opt/airflow/dags/bronze_ingestion_dag.py
[2026-07-24T00:35:40.041+0000] {processor.py:830} INFO - Processing file /opt/airflow/dags/bronze_ingestion_dag.py for tasks to queue
[2026-07-24T00:35:40.058+0000] {logging_mixin.py:188} INFO - [2026-07-24T00:35:40.055+0000] {dagbag.py:545} INFO - Filling up the DagBag from /opt/airflow/dags/bronze_ingestion_dag.py
[2026-07-24T00:35:40.168+0000] {processor.py:840} INFO - DAG(s) 'ingest_bronze_layer' retrieved from /opt/airflow/dags/bronze_ingestion_dag.py
[2026-07-24T00:35:40.383+0000] {logging_mixin.py:188} INFO - [2026-07-24T00:35:40.312+0000] {dag.py:3096} INFO - Sync 1 DAGs
[2026-07-24T00:35:40.705+0000] {logging_mixin.py:188} INFO - [2026-07-24T00:35:40.704+0000] {dag.py:3954} INFO - Setting next_dagrun for ingest_bronze_layer to 2026-07-24 00:00:00+00:00, run_after=2026-07-24 01:00:00+00:00
[2026-07-24T00:35:40.885+0000] {processor.py:183} INFO - Processing /opt/airflow/dags/bronze_ingestion_dag.py took 0.940 seconds
[2026-07-24T00:36:11.328+0000] {processor.py:161} INFO - Started process (PID=1032) to work on /opt/airflow/dags/bronze_ingestion_dag.py
[2026-07-24T00:36:11.334+0000] {processor.py:830} INFO - Processing file /opt/airflow/dags/bronze_ingestion_dag.py for tasks to queue
[2026-07-24T00:36:11.355+0000] {logging_mixin.py:188} INFO - [2026-07-24T00:36:11.353+0000] {dagbag.py:545} INFO - Filling up the DagBag from /opt/airflow/dags/bronze_ingestion_dag.py
[2026-07-24T00:36:11.444+0000] {processor.py:840} INFO - DAG(s) 'ingest_bronze_layer' retrieved from /opt/airflow/dags/bronze_ingestion_dag.py
[2026-07-24T00:36:11.521+0000] {logging_mixin.py:188} INFO - [2026-07-24T00:36:11.520+0000] {dag.py:3096} INFO - Sync 1 DAGs
[2026-07-24T00:36:11.596+0000] {logging_mixin.py:188} INFO - [2026-07-24T00:36:11.596+0000] {dag.py:3954} INFO - Setting next_dagrun for ingest_bronze_layer to 2026-07-24 00:00:00+00:00, run_after=2026-07-24 01:00:00+00:00
[2026-07-24T00:36:11.672+0000] {processor.py:183} INFO - Processing /opt/airflow/dags/bronze_ingestion_dag.py took 0.384 seconds
[2026-07-24T00:36:41.902+0000] {processor.py:161} INFO - Started process (PID=1051) to work on /opt/airflow/dags/bronze_ingestion_dag.py
[2026-07-24T00:36:41.905+0000] {processor.py:830} INFO - Processing file /opt/airflow/dags/bronze_ingestion_dag.py for tasks to queue
[2026-07-24T00:36:41.922+0000] {logging_mixin.py:188} INFO - [2026-07-24T00:36:41.918+0000] {dagbag.py:545} INFO - Filling up the DagBag from /opt/airflow/dags/bronze_ingestion_dag.py
[2026-07-24T00:36:42.029+0000] {processor.py:840} INFO - DAG(s) 'ingest_bronze_layer' retrieved from /opt/airflow/dags/bronze_ingestion_dag.py
[2026-07-24T00:36:42.251+0000] {logging_mixin.py:188} INFO - [2026-07-24T00:36:42.250+0000] {dag.py:3096} INFO - Sync 1 DAGs
[2026-07-24T00:36:42.381+0000] {logging_mixin.py:188} INFO - [2026-07-24T00:36:42.380+0000] {dag.py:3954} INFO - Setting next_dagrun for ingest_bronze_layer to 2026-07-24 00:00:00+00:00, run_after=2026-07-24 01:00:00+00:00
[2026-07-24T00:36:42.464+0000] {processor.py:183} INFO - Processing /opt/airflow/dags/bronze_ingestion_dag.py took 0.585 seconds
[2026-07-24T00:37:12.711+0000] {processor.py:161} INFO - Started process (PID=1066) to work on /opt/airflow/dags/bronze_ingestion_dag.py
[2026-07-24T00:37:12.714+0000] {processor.py:830} INFO - Processing file /opt/airflow/dags/bronze_ingestion_dag.py for tasks to queue
[2026-07-24T00:37:12.726+0000] {logging_mixin.py:188} INFO - [2026-07-24T00:37:12.725+0000] {dagbag.py:545} INFO - Filling up the DagBag from /opt/airflow/dags/bronze_ingestion_dag.py
[2026-07-24T00:37:12.842+0000] {processor.py:840} INFO - DAG(s) 'ingest_bronze_layer' retrieved from /opt/airflow/dags/bronze_ingestion_dag.py
[2026-07-24T00:37:13.012+0000] {logging_mixin.py:188} INFO - [2026-07-24T00:37:13.002+0000] {dag.py:3096} INFO - Sync 1 DAGs
[2026-07-24T00:37:13.101+0000] {logging_mixin.py:188} INFO - [2026-07-24T00:37:13.101+0000] {dag.py:3954} INFO - Setting next_dagrun for ingest_bronze_layer to 2026-07-24 00:00:00+00:00, run_after=2026-07-24 01:00:00+00:00
[2026-07-24T00:37:13.146+0000] {processor.py:183} INFO - Processing /opt/airflow/dags/bronze_ingestion_dag.py took 0.493 seconds
[2026-07-24T00:37:43.914+0000] {processor.py:161} INFO - Started process (PID=1082) to work on /opt/airflow/dags/bronze_ingestion_dag.py
[2026-07-24T00:37:43.917+0000] {processor.py:830} INFO - Processing file /opt/airflow/dags/bronze_ingestion_dag.py for tasks to queue
[2026-07-24T00:37:43.924+0000] {logging_mixin.py:188} INFO - [2026-07-24T00:37:43.923+0000] {dagbag.py:545} INFO - Filling up the DagBag from /opt/airflow/dags/bronze_ingestion_dag.py
[2026-07-24T00:37:44.019+0000] {processor.py:840} INFO - DAG(s) 'ingest_bronze_layer' retrieved from /opt/airflow/dags/bronze_ingestion_dag.py
[2026-07-24T00:37:44.100+0000] {logging_mixin.py:188} INFO - [2026-07-24T00:37:44.099+0000] {dag.py:3096} INFO - Sync 1 DAGs
[2026-07-24T00:37:44.156+0000] {logging_mixin.py:188} INFO - [2026-07-24T00:37:44.155+0000] {dag.py:3954} INFO - Setting next_dagrun for ingest_bronze_layer to 2026-07-24 00:00:00+00:00, run_after=2026-07-24 01:00:00+00:00
[2026-07-24T00:37:44.213+0000] {processor.py:183} INFO - Processing /opt/airflow/dags/bronze_ingestion_dag.py took 0.329 seconds
[2026-07-24T00:38:14.376+0000] {processor.py:161} INFO - Started process (PID=1101) to work on /opt/airflow/dags/bronze_ingestion_dag.py
[2026-07-24T00:38:14.378+0000] {processor.py:830} INFO - Processing file /opt/airflow/dags/bronze_ingestion_dag.py for tasks to queue
[2026-07-24T00:38:14.385+0000] {logging_mixin.py:188} INFO - [2026-07-24T00:38:14.384+0000] {dagbag.py:545} INFO - Filling up the DagBag from /opt/airflow/dags/bronze_ingestion_dag.py
[2026-07-24T00:38:14.434+0000] {processor.py:840} INFO - DAG(s) 'ingest_bronze_layer' retrieved from /opt/airflow/dags/bronze_ingestion_dag.py
[2026-07-24T00:38:14.518+0000] {logging_mixin.py:188} INFO - [2026-07-24T00:38:14.516+0000] {dag.py:3096} INFO - Sync 1 DAGs
[2026-07-24T00:38:14.644+0000] {logging_mixin.py:188} INFO - [2026-07-24T00:38:14.643+0000] {dag.py:3954} INFO - Setting next_dagrun for ingest_bronze_layer to 2026-07-24 00:00:00+00:00, run_after=2026-07-24 01:00:00+00:00
[2026-07-24T00:38:14.794+0000] {processor.py:183} INFO - Processing /opt/airflow/dags/bronze_ingestion_dag.py took 0.439 seconds
[2026-07-24T00:38:45.315+0000] {processor.py:161} INFO - Started process (PID=1117) to work on /opt/airflow/dags/bronze_ingestion_dag.py
[2026-07-24T00:38:45.319+0000] {processor.py:830} INFO - Processing file /opt/airflow/dags/bronze_ingestion_dag.py for tasks to queue
[2026-07-24T00:38:45.329+0000] {logging_mixin.py:188} INFO - [2026-07-24T00:38:45.328+0000] {dagbag.py:545} INFO - Filling up the DagBag from /opt/airflow/dags/bronze_ingestion_dag.py
[2026-07-24T00:38:45.443+0000] {processor.py:840} INFO - DAG(s) 'ingest_bronze_layer' retrieved from /opt/airflow/dags/bronze_ingestion_dag.py
[2026-07-24T00:38:45.649+0000] {logging_mixin.py:188} INFO - [2026-07-24T00:38:45.648+0000] {dag.py:3096} INFO - Sync 1 DAGs
[2026-07-24T00:38:45.802+0000] {logging_mixin.py:188} INFO - [2026-07-24T00:38:45.802+0000] {dag.py:3954} INFO - Setting next_dagrun for ingest_bronze_layer to 2026-07-24 00:00:00+00:00, run_after=2026-07-24 01:00:00+00:00
[2026-07-24T00:38:45.933+0000] {processor.py:183} INFO - Processing /opt/airflow/dags/bronze_ingestion_dag.py took 0.651 seconds
[2026-07-24T00:39:17.133+0000] {processor.py:161} INFO - Started process (PID=1135) to work on /opt/airflow/dags/bronze_ingestion_dag.py
[2026-07-24T00:39:17.140+0000] {processor.py:830} INFO - Processing file /opt/airflow/dags/bronze_ingestion_dag.py for tasks to queue
[2026-07-24T00:39:17.169+0000] {logging_mixin.py:188} INFO - [2026-07-24T00:39:17.166+0000] {dagbag.py:545} INFO - Filling up the DagBag from /opt/airflow/dags/bronze_ingestion_dag.py
[2026-07-24T00:39:17.305+0000] {processor.py:840} INFO - DAG(s) 'ingest_bronze_layer' retrieved from /opt/airflow/dags/bronze_ingestion_dag.py
[2026-07-24T00:39:17.486+0000] {logging_mixin.py:188} INFO - [2026-07-24T00:39:17.485+0000] {dag.py:3096} INFO - Sync 1 DAGs
[2026-07-24T00:39:17.575+0000] {logging_mixin.py:188} INFO - [2026-07-24T00:39:17.575+0000] {dag.py:3954} INFO - Setting next_dagrun for ingest_bronze_layer to 2026-07-24 00:00:00+00:00, run_after=2026-07-24 01:00:00+00:00
[2026-07-24T00:39:17.619+0000] {processor.py:183} INFO - Processing /opt/airflow/dags/bronze_ingestion_dag.py took 0.531 seconds
[2026-07-24T00:39:48.063+0000] {processor.py:161} INFO - Started process (PID=1154) to work on /opt/airflow/dags/bronze_ingestion_dag.py
[2026-07-24T00:39:48.068+0000] {processor.py:830} INFO - Processing file /opt/airflow/dags/bronze_ingestion_dag.py for tasks to queue
[2026-07-24T00:39:48.082+0000] {logging_mixin.py:188} INFO - [2026-07-24T00:39:48.081+0000] {dagbag.py:545} INFO - Filling up the DagBag from /opt/airflow/dags/bronze_ingestion_dag.py
[2026-07-24T00:39:48.151+0000] {processor.py:840} INFO - DAG(s) 'ingest_bronze_layer' retrieved from /opt/airflow/dags/bronze_ingestion_dag.py
[2026-07-24T00:39:48.303+0000] {logging_mixin.py:188} INFO - [2026-07-24T00:39:48.299+0000] {dag.py:3096} INFO - Sync 1 DAGs
[2026-07-24T00:39:48.429+0000] {logging_mixin.py:188} INFO - [2026-07-24T00:39:48.428+0000] {dag.py:3954} INFO - Setting next_dagrun for ingest_bronze_layer to 2026-07-24 00:00:00+00:00, run_after=2026-07-24 01:00:00+00:00
[2026-07-24T00:39:48.554+0000] {processor.py:183} INFO - Processing /opt/airflow/dags/bronze_ingestion_dag.py took 0.513 seconds
[2026-07-24T00:40:19.761+0000] {processor.py:161} INFO - Started process (PID=1179) to work on /opt/airflow/dags/bronze_ingestion_dag.py
[2026-07-24T00:40:19.782+0000] {processor.py:830} INFO - Processing file /opt/airflow/dags/bronze_ingestion_dag.py for tasks to queue
[2026-07-24T00:40:19.814+0000] {logging_mixin.py:188} INFO - [2026-07-24T00:40:19.811+0000] {dagbag.py:545} INFO - Filling up the DagBag from /opt/airflow/dags/bronze_ingestion_dag.py
[2026-07-24T00:40:19.975+0000] {processor.py:840} INFO - DAG(s) 'ingest_bronze_layer' retrieved from /opt/airflow/dags/bronze_ingestion_dag.py
[2026-07-24T00:40:20.122+0000] {logging_mixin.py:188} INFO - [2026-07-24T00:40:20.121+0000] {dag.py:3096} INFO - Sync 1 DAGs
[2026-07-24T00:40:20.230+0000] {logging_mixin.py:188} INFO - [2026-07-24T00:40:20.229+0000] {dag.py:3954} INFO - Setting next_dagrun for ingest_bronze_layer to 2026-07-24 00:00:00+00:00, run_after=2026-07-24 01:00:00+00:00
[2026-07-24T00:40:20.413+0000] {processor.py:183} INFO - Processing /opt/airflow/dags/bronze_ingestion_dag.py took 0.771 seconds
[2026-07-24T00:40:50.638+0000] {processor.py:161} INFO - Started process (PID=1790) to work on /opt/airflow/dags/bronze_ingestion_dag.py
[2026-07-24T00:40:50.642+0000] {processor.py:830} INFO - Processing file /opt/airflow/dags/bronze_ingestion_dag.py for tasks to queue
[2026-07-24T00:40:50.649+0000] {logging_mixin.py:188} INFO - [2026-07-24T00:40:50.648+0000] {dagbag.py:545} INFO - Filling up the DagBag from /opt/airflow/dags/bronze_ingestion_dag.py
[2026-07-24T00:40:50.710+0000] {processor.py:840} INFO - DAG(s) 'ingest_bronze_layer' retrieved from /opt/airflow/dags/bronze_ingestion_dag.py
[2026-07-24T00:40:50.851+0000] {logging_mixin.py:188} INFO - [2026-07-24T00:40:50.849+0000] {dag.py:3096} INFO - Sync 1 DAGs
[2026-07-24T00:40:51.004+0000] {logging_mixin.py:188} INFO - [2026-07-24T00:40:50.998+0000] {dag.py:3954} INFO - Setting next_dagrun for ingest_bronze_layer to 2026-07-24 00:00:00+00:00, run_after=2026-07-24 01:00:00+00:00
[2026-07-24T00:40:51.109+0000] {processor.py:183} INFO - Processing /opt/airflow/dags/bronze_ingestion_dag.py took 0.489 seconds
[2026-07-24T00:41:21.308+0000] {processor.py:161} INFO - Started process (PID=1846) to work on /opt/airflow/dags/bronze_ingestion_dag.py
[2026-07-24T00:41:21.311+0000] {processor.py:830} INFO - Processing file /opt/airflow/dags/bronze_ingestion_dag.py for tasks to queue
[2026-07-24T00:41:21.318+0000] {logging_mixin.py:188} INFO - [2026-07-24T00:41:21.317+0000] {dagbag.py:545} INFO - Filling up the DagBag from /opt/airflow/dags/bronze_ingestion_dag.py
[2026-07-24T00:41:21.384+0000] {processor.py:840} INFO - DAG(s) 'ingest_bronze_layer' retrieved from /opt/airflow/dags/bronze_ingestion_dag.py
[2026-07-24T00:41:21.512+0000] {logging_mixin.py:188} INFO - [2026-07-24T00:41:21.510+0000] {dag.py:3096} INFO - Sync 1 DAGs
[2026-07-24T00:41:21.780+0000] {logging_mixin.py:188} INFO - [2026-07-24T00:41:21.779+0000] {dag.py:3954} INFO - Setting next_dagrun for ingest_bronze_layer to 2026-07-24 00:00:00+00:00, run_after=2026-07-24 01:00:00+00:00
[2026-07-24T00:41:22.071+0000] {processor.py:183} INFO - Processing /opt/airflow/dags/bronze_ingestion_dag.py took 0.778 seconds
[2026-07-24T00:41:52.655+0000] {processor.py:161} INFO - Started process (PID=1915) to work on /opt/airflow/dags/bronze_ingestion_dag.py
[2026-07-24T00:41:52.659+0000] {processor.py:830} INFO - Processing file /opt/airflow/dags/bronze_ingestion_dag.py for tasks to queue
[2026-07-24T00:41:52.668+0000] {logging_mixin.py:188} INFO - [2026-07-24T00:41:52.667+0000] {dagbag.py:545} INFO - Filling up the DagBag from /opt/airflow/dags/bronze_ingestion_dag.py
[2026-07-24T00:41:52.777+0000] {processor.py:840} INFO - DAG(s) 'ingest_bronze_layer' retrieved from /opt/airflow/dags/bronze_ingestion_dag.py
[2026-07-24T00:41:52.867+0000] {logging_mixin.py:188} INFO - [2026-07-24T00:41:52.865+0000] {dag.py:3096} INFO - Sync 1 DAGs
[2026-07-24T00:41:53.095+0000] {logging_mixin.py:188} INFO - [2026-07-24T00:41:53.094+0000] {dag.py:3954} INFO - Setting next_dagrun for ingest_bronze_layer to 2026-07-24 00:00:00+00:00, run_after=2026-07-24 01:00:00+00:00
[2026-07-24T00:41:53.205+0000] {processor.py:183} INFO - Processing /opt/airflow/dags/bronze_ingestion_dag.py took 0.607 seconds
[2026-07-24T00:42:23.351+0000] {processor.py:161} INFO - Started process (PID=1960) to work on /opt/airflow/dags/bronze_ingestion_dag.py
[2026-07-24T00:42:23.353+0000] {processor.py:830} INFO - Processing file /opt/airflow/dags/bronze_ingestion_dag.py for tasks to queue
[2026-07-24T00:42:23.364+0000] {logging_mixin.py:188} INFO - [2026-07-24T00:42:23.363+0000] {dagbag.py:545} INFO - Filling up the DagBag from /opt/airflow/dags/bronze_ingestion_dag.py
[2026-07-24T00:42:23.416+0000] {processor.py:840} INFO - DAG(s) 'ingest_bronze_layer' retrieved from /opt/airflow/dags/bronze_ingestion_dag.py
[2026-07-24T00:42:23.529+0000] {logging_mixin.py:188} INFO - [2026-07-24T00:42:23.527+0000] {dag.py:3096} INFO - Sync 1 DAGs
[2026-07-24T00:42:23.637+0000] {logging_mixin.py:188} INFO - [2026-07-24T00:42:23.636+0000] {dag.py:3954} INFO - Setting next_dagrun for ingest_bronze_layer to 2026-07-24 00:00:00+00:00, run_after=2026-07-24 01:00:00+00:00
[2026-07-24T00:42:23.693+0000] {processor.py:183} INFO - Processing /opt/airflow/dags/bronze_ingestion_dag.py took 0.364 seconds
[2026-07-24T00:42:54.152+0000] {processor.py:161} INFO - Started process (PID=2003) to work on /opt/airflow/dags/bronze_ingestion_dag.py
[2026-07-24T00:42:54.163+0000] {processor.py:830} INFO - Processing file /opt/airflow/dags/bronze_ingestion_dag.py for tasks to queue
[2026-07-24T00:42:54.193+0000] {logging_mixin.py:188} INFO - [2026-07-24T00:42:54.187+0000] {dagbag.py:545} INFO - Filling up the DagBag from /opt/airflow/dags/bronze_ingestion_dag.py
[2026-07-24T00:42:54.340+0000] {processor.py:840} INFO - DAG(s) 'ingest_bronze_layer' retrieved from /opt/airflow/dags/bronze_ingestion_dag.py
[2026-07-24T00:42:54.585+0000] {logging_mixin.py:188} INFO - [2026-07-24T00:42:54.583+0000] {dag.py:3096} INFO - Sync 1 DAGs
[2026-07-24T00:42:55.375+0000] {logging_mixin.py:188} INFO - [2026-07-24T00:42:55.375+0000] {dag.py:3954} INFO - Setting next_dagrun for ingest_bronze_layer to 2026-07-24 00:00:00+00:00, run_after=2026-07-24 01:00:00+00:00
[2026-07-24T00:42:55.623+0000] {processor.py:183} INFO - Processing /opt/airflow/dags/bronze_ingestion_dag.py took 1.498 seconds
[2026-07-24T00:43:26.646+0000] {processor.py:161} INFO - Started process (PID=2046) to work on /opt/airflow/dags/bronze_ingestion_dag.py
[2026-07-24T00:43:26.669+0000] {processor.py:830} INFO - Processing file /opt/airflow/dags/bronze_ingestion_dag.py for tasks to queue
[2026-07-24T00:43:26.693+0000] {logging_mixin.py:188} INFO - [2026-07-24T00:43:26.689+0000] {dagbag.py:545} INFO - Filling up the DagBag from /opt/airflow/dags/bronze_ingestion_dag.py
[2026-07-24T00:43:26.838+0000] {processor.py:840} INFO - DAG(s) 'ingest_bronze_layer' retrieved from /opt/airflow/dags/bronze_ingestion_dag.py
[2026-07-24T00:43:27.040+0000] {logging_mixin.py:188} INFO - [2026-07-24T00:43:27.039+0000] {dag.py:3096} INFO - Sync 1 DAGs
[2026-07-24T00:43:27.359+0000] {logging_mixin.py:188} INFO - [2026-07-24T00:43:27.358+0000] {dag.py:3954} INFO - Setting next_dagrun for ingest_bronze_layer to 2026-07-24 00:00:00+00:00, run_after=2026-07-24 01:00:00+00:00
[2026-07-24T00:43:27.591+0000] {processor.py:183} INFO - Processing /opt/airflow/dags/bronze_ingestion_dag.py took 1.040 seconds
[2026-07-24T00:43:58.603+0000] {processor.py:161} INFO - Started process (PID=2061) to work on /opt/airflow/dags/bronze_ingestion_dag.py
[2026-07-24T00:43:58.606+0000] {processor.py:830} INFO - Processing file /opt/airflow/dags/bronze_ingestion_dag.py for tasks to queue
[2026-07-24T00:43:58.616+0000] {logging_mixin.py:188} INFO - [2026-07-24T00:43:58.615+0000] {dagbag.py:545} INFO - Filling up the DagBag from /opt/airflow/dags/bronze_ingestion_dag.py
[2026-07-24T00:43:58.672+0000] {processor.py:840} INFO - DAG(s) 'ingest_bronze_layer' retrieved from /opt/airflow/dags/bronze_ingestion_dag.py
[2026-07-24T00:43:58.761+0000] {logging_mixin.py:188} INFO - [2026-07-24T00:43:58.760+0000] {dag.py:3096} INFO - Sync 1 DAGs
[2026-07-24T00:43:58.887+0000] {logging_mixin.py:188} INFO - [2026-07-24T00:43:58.887+0000] {dag.py:3954} INFO - Setting next_dagrun for ingest_bronze_layer to 2026-07-24 00:00:00+00:00, run_after=2026-07-24 01:00:00+00:00
[2026-07-24T00:43:58.996+0000] {processor.py:183} INFO - Processing /opt/airflow/dags/bronze_ingestion_dag.py took 0.411 seconds
[2026-07-24T00:44:30.056+0000] {processor.py:161} INFO - Started process (PID=2076) to work on /opt/airflow/dags/bronze_ingestion_dag.py
[2026-07-24T00:44:30.061+0000] {processor.py:830} INFO - Processing file /opt/airflow/dags/bronze_ingestion_dag.py for tasks to queue
[2026-07-24T00:44:30.069+0000] {logging_mixin.py:188} INFO - [2026-07-24T00:44:30.068+0000] {dagbag.py:545} INFO - Filling up the DagBag from /opt/airflow/dags/bronze_ingestion_dag.py
[2026-07-24T00:44:30.249+0000] {processor.py:840} INFO - DAG(s) 'ingest_bronze_layer' retrieved from /opt/airflow/dags/bronze_ingestion_dag.py
[2026-07-24T00:44:30.339+0000] {logging_mixin.py:188} INFO - [2026-07-24T00:44:30.335+0000] {dag.py:3096} INFO - Sync 1 DAGs
[2026-07-24T00:44:30.424+0000] {logging_mixin.py:188} INFO - [2026-07-24T00:44:30.423+0000] {dag.py:3954} INFO - Setting next_dagrun for ingest_bronze_layer to 2026-07-24 00:00:00+00:00, run_after=2026-07-24 01:00:00+00:00
[2026-07-24T00:44:30.533+0000] {processor.py:183} INFO - Processing /opt/airflow/dags/bronze_ingestion_dag.py took 0.518 seconds
[2026-07-24T00:45:01.513+0000] {processor.py:161} INFO - Started process (PID=2091) to work on /opt/airflow/dags/bronze_ingestion_dag.py
[2026-07-24T00:45:01.516+0000] {processor.py:830} INFO - Processing file /opt/airflow/dags/bronze_ingestion_dag.py for tasks to queue
[2026-07-24T00:45:01.528+0000] {logging_mixin.py:188} INFO - [2026-07-24T00:45:01.527+0000] {dagbag.py:545} INFO - Filling up the DagBag from /opt/airflow/dags/bronze_ingestion_dag.py
[2026-07-24T00:45:01.586+0000] {processor.py:840} INFO - DAG(s) 'ingest_bronze_layer' retrieved from /opt/airflow/dags/bronze_ingestion_dag.py
[2026-07-24T00:45:01.774+0000] {logging_mixin.py:188} INFO - [2026-07-24T00:45:01.773+0000] {dag.py:3096} INFO - Sync 1 DAGs
[2026-07-24T00:45:01.960+0000] {logging_mixin.py:188} INFO - [2026-07-24T00:45:01.959+0000] {dag.py:3954} INFO - Setting next_dagrun for ingest_bronze_layer to 2026-07-24 00:00:00+00:00, run_after=2026-07-24 01:00:00+00:00
[2026-07-24T00:45:02.159+0000] {processor.py:183} INFO - Processing /opt/airflow/dags/bronze_ingestion_dag.py took 0.679 seconds
[2026-07-24T00:45:33.481+0000] {processor.py:161} INFO - Started process (PID=2106) to work on /opt/airflow/dags/bronze_ingestion_dag.py
[2026-07-24T00:45:33.485+0000] {processor.py:830} INFO - Processing file /opt/airflow/dags/bronze_ingestion_dag.py for tasks to queue
[2026-07-24T00:45:33.512+0000] {logging_mixin.py:188} INFO - [2026-07-24T00:45:33.512+0000] {dagbag.py:545} INFO - Filling up the DagBag from /opt/airflow/dags/bronze_ingestion_dag.py
[2026-07-24T00:45:33.653+0000] {processor.py:840} INFO - DAG(s) 'ingest_bronze_layer' retrieved from /opt/airflow/dags/bronze_ingestion_dag.py
[2026-07-24T00:45:33.918+0000] {logging_mixin.py:188} INFO - [2026-07-24T00:45:33.917+0000] {dag.py:3096} INFO - Sync 1 DAGs
[2026-07-24T00:45:34.076+0000] {logging_mixin.py:188} INFO - [2026-07-24T00:45:34.076+0000] {dag.py:3954} INFO - Setting next_dagrun for ingest_bronze_layer to 2026-07-24 00:00:00+00:00, run_after=2026-07-24 01:00:00+00:00
[2026-07-24T00:45:34.420+0000] {processor.py:183} INFO - Processing /opt/airflow/dags/bronze_ingestion_dag.py took 0.971 seconds
[2026-07-24T00:46:05.200+0000] {processor.py:161} INFO - Started process (PID=2121) to work on /opt/airflow/dags/bronze_ingestion_dag.py
[2026-07-24T00:46:05.210+0000] {processor.py:830} INFO - Processing file /opt/airflow/dags/bronze_ingestion_dag.py for tasks to queue
[2026-07-24T00:46:05.223+0000] {logging_mixin.py:188} INFO - [2026-07-24T00:46:05.222+0000] {dagbag.py:545} INFO - Filling up the DagBag from /opt/airflow/dags/bronze_ingestion_dag.py
[2026-07-24T00:46:05.371+0000] {processor.py:840} INFO - DAG(s) 'ingest_bronze_layer' retrieved from /opt/airflow/dags/bronze_ingestion_dag.py
[2026-07-24T00:46:05.482+0000] {logging_mixin.py:188} INFO - [2026-07-24T00:46:05.481+0000] {dag.py:3096} INFO - Sync 1 DAGs
[2026-07-24T00:46:05.626+0000] {logging_mixin.py:188} INFO - [2026-07-24T00:46:05.626+0000] {dag.py:3954} INFO - Setting next_dagrun for ingest_bronze_layer to 2026-07-24 00:00:00+00:00, run_after=2026-07-24 01:00:00+00:00
[2026-07-24T00:46:05.757+0000] {processor.py:183} INFO - Processing /opt/airflow/dags/bronze_ingestion_dag.py took 0.600 seconds
[2026-07-24T00:46:36.400+0000] {processor.py:161} INFO - Started process (PID=2136) to work on /opt/airflow/dags/bronze_ingestion_dag.py
[2026-07-24T00:46:36.404+0000] {processor.py:830} INFO - Processing file /opt/airflow/dags/bronze_ingestion_dag.py for tasks to queue
[2026-07-24T00:46:36.412+0000] {logging_mixin.py:188} INFO - [2026-07-24T00:46:36.411+0000] {dagbag.py:545} INFO - Filling up the DagBag from /opt/airflow/dags/bronze_ingestion_dag.py
[2026-07-24T00:46:36.489+0000] {processor.py:840} INFO - DAG(s) 'ingest_bronze_layer' retrieved from /opt/airflow/dags/bronze_ingestion_dag.py
[2026-07-24T00:46:36.567+0000] {logging_mixin.py:188} INFO - [2026-07-24T00:46:36.566+0000] {dag.py:3096} INFO - Sync 1 DAGs
[2026-07-24T00:46:36.634+0000] {logging_mixin.py:188} INFO - [2026-07-24T00:46:36.633+0000] {dag.py:3954} INFO - Setting next_dagrun for ingest_bronze_layer to 2026-07-24 00:00:00+00:00, run_after=2026-07-24 01:00:00+00:00
[2026-07-24T00:46:36.936+0000] {processor.py:183} INFO - Processing /opt/airflow/dags/bronze_ingestion_dag.py took 0.659 seconds
[2026-07-24T00:47:07.632+0000] {processor.py:161} INFO - Started process (PID=2151) to work on /opt/airflow/dags/bronze_ingestion_dag.py
[2026-07-24T00:47:07.637+0000] {processor.py:830} INFO - Processing file /opt/airflow/dags/bronze_ingestion_dag.py for tasks to queue
[2026-07-24T00:47:07.645+0000] {logging_mixin.py:188} INFO - [2026-07-24T00:47:07.644+0000] {dagbag.py:545} INFO - Filling up the DagBag from /opt/airflow/dags/bronze_ingestion_dag.py
[2026-07-24T00:47:07.735+0000] {processor.py:840} INFO - DAG(s) 'ingest_bronze_layer' retrieved from /opt/airflow/dags/bronze_ingestion_dag.py
[2026-07-24T00:47:07.904+0000] {logging_mixin.py:188} INFO - [2026-07-24T00:47:07.903+0000] {dag.py:3096} INFO - Sync 1 DAGs
[2026-07-24T00:47:08.131+0000] {logging_mixin.py:188} INFO - [2026-07-24T00:47:08.130+0000] {dag.py:3954} INFO - Setting next_dagrun for ingest_bronze_layer to 2026-07-24 00:00:00+00:00, run_after=2026-07-24 01:00:00+00:00
[2026-07-24T00:47:08.238+0000] {processor.py:183} INFO - Processing /opt/airflow/dags/bronze_ingestion_dag.py took 0.627 seconds
[2026-07-24T00:47:39.033+0000] {processor.py:161} INFO - Started process (PID=2166) to work on /opt/airflow/dags/bronze_ingestion_dag.py
[2026-07-24T00:47:39.037+0000] {processor.py:830} INFO - Processing file /opt/airflow/dags/bronze_ingestion_dag.py for tasks to queue
[2026-07-24T00:47:39.046+0000] {logging_mixin.py:188} INFO - [2026-07-24T00:47:39.045+0000] {dagbag.py:545} INFO - Filling up the DagBag from /opt/airflow/dags/bronze_ingestion_dag.py
[2026-07-24T00:47:39.120+0000] {processor.py:840} INFO - DAG(s) 'ingest_bronze_layer' retrieved from /opt/airflow/dags/bronze_ingestion_dag.py
[2026-07-24T00:47:39.227+0000] {logging_mixin.py:188} INFO - [2026-07-24T00:47:39.226+0000] {dag.py:3096} INFO - Sync 1 DAGs
[2026-07-24T00:47:39.425+0000] {logging_mixin.py:188} INFO - [2026-07-24T00:47:39.424+0000] {dag.py:3954} INFO - Setting next_dagrun for ingest_bronze_layer to 2026-07-24 00:00:00+00:00, run_after=2026-07-24 01:00:00+00:00
[2026-07-24T00:47:39.558+0000] {processor.py:183} INFO - Processing /opt/airflow/dags/bronze_ingestion_dag.py took 0.550 seconds
[2026-07-24T00:48:09.903+0000] {processor.py:161} INFO - Started process (PID=2181) to work on /opt/airflow/dags/bronze_ingestion_dag.py
[2026-07-24T00:48:09.914+0000] {processor.py:830} INFO - Processing file /opt/airflow/dags/bronze_ingestion_dag.py for tasks to queue
[2026-07-24T00:48:09.927+0000] {logging_mixin.py:188} INFO - [2026-07-24T00:48:09.926+0000] {dagbag.py:545} INFO - Filling up the DagBag from /opt/airflow/dags/bronze_ingestion_dag.py
[2026-07-24T00:48:10.051+0000] {processor.py:840} INFO - DAG(s) 'ingest_bronze_layer' retrieved from /opt/airflow/dags/bronze_ingestion_dag.py
[2026-07-24T00:48:10.181+0000] {logging_mixin.py:188} INFO - [2026-07-24T00:48:10.174+0000] {dag.py:3096} INFO - Sync 1 DAGs
[2026-07-24T00:48:10.330+0000] {logging_mixin.py:188} INFO - [2026-07-24T00:48:10.329+0000] {dag.py:3954} INFO - Setting next_dagrun for ingest_bronze_layer to 2026-07-24 00:00:00+00:00, run_after=2026-07-24 01:00:00+00:00
[2026-07-24T00:48:10.427+0000] {processor.py:183} INFO - Processing /opt/airflow/dags/bronze_ingestion_dag.py took 0.556 seconds
[2026-07-24T00:48:41.155+0000] {processor.py:161} INFO - Started process (PID=2196) to work on /opt/airflow/dags/bronze_ingestion_dag.py
[2026-07-24T00:48:41.158+0000] {processor.py:830} INFO - Processing file /opt/airflow/dags/bronze_ingestion_dag.py for tasks to queue
[2026-07-24T00:48:41.170+0000] {logging_mixin.py:188} INFO - [2026-07-24T00:48:41.169+0000] {dagbag.py:545} INFO - Filling up the DagBag from /opt/airflow/dags/bronze_ingestion_dag.py
[2026-07-24T00:48:41.253+0000] {processor.py:840} INFO - DAG(s) 'ingest_bronze_layer' retrieved from /opt/airflow/dags/bronze_ingestion_dag.py
[2026-07-24T00:48:41.345+0000] {logging_mixin.py:188} INFO - [2026-07-24T00:48:41.344+0000] {dag.py:3096} INFO - Sync 1 DAGs
[2026-07-24T00:48:41.491+0000] {logging_mixin.py:188} INFO - [2026-07-24T00:48:41.490+0000] {dag.py:3954} INFO - Setting next_dagrun for ingest_bronze_layer to 2026-07-24 00:00:00+00:00, run_after=2026-07-24 01:00:00+00:00
[2026-07-24T00:48:41.679+0000] {processor.py:183} INFO - Processing /opt/airflow/dags/bronze_ingestion_dag.py took 0.547 seconds
[2026-07-24T00:49:12.553+0000] {processor.py:161} INFO - Started process (PID=2211) to work on /opt/airflow/dags/bronze_ingestion_dag.py
[2026-07-24T00:49:12.560+0000] {processor.py:830} INFO - Processing file /opt/airflow/dags/bronze_ingestion_dag.py for tasks to queue
[2026-07-24T00:49:12.570+0000] {logging_mixin.py:188} INFO - [2026-07-24T00:49:12.569+0000] {dagbag.py:545} INFO - Filling up the DagBag from /opt/airflow/dags/bronze_ingestion_dag.py
[2026-07-24T00:49:12.713+0000] {processor.py:840} INFO - DAG(s) 'ingest_bronze_layer' retrieved from /opt/airflow/dags/bronze_ingestion_dag.py
[2026-07-24T00:49:12.774+0000] {logging_mixin.py:188} INFO - [2026-07-24T00:49:12.773+0000] {dag.py:3096} INFO - Sync 1 DAGs
[2026-07-24T00:49:12.829+0000] {logging_mixin.py:188} INFO - [2026-07-24T00:49:12.828+0000] {dag.py:3954} INFO - Setting next_dagrun for ingest_bronze_layer to 2026-07-24 00:00:00+00:00, run_after=2026-07-24 01:00:00+00:00
[2026-07-24T00:49:12.877+0000] {processor.py:183} INFO - Processing /opt/airflow/dags/bronze_ingestion_dag.py took 0.356 seconds
[2026-07-24T00:49:44.024+0000] {processor.py:161} INFO - Started process (PID=2229) to work on /opt/airflow/dags/bronze_ingestion_dag.py
[2026-07-24T00:49:44.028+0000] {processor.py:830} INFO - Processing file /opt/airflow/dags/bronze_ingestion_dag.py for tasks to queue
[2026-07-24T00:49:44.037+0000] {logging_mixin.py:188} INFO - [2026-07-24T00:49:44.035+0000] {dagbag.py:545} INFO - Filling up the DagBag from /opt/airflow/dags/bronze_ingestion_dag.py
[2026-07-24T00:49:44.097+0000] {processor.py:840} INFO - DAG(s) 'ingest_bronze_layer' retrieved from /opt/airflow/dags/bronze_ingestion_dag.py
[2026-07-24T00:49:44.164+0000] {logging_mixin.py:188} INFO - [2026-07-24T00:49:44.163+0000] {dag.py:3096} INFO - Sync 1 DAGs
[2026-07-24T00:49:44.235+0000] {logging_mixin.py:188} INFO - [2026-07-24T00:49:44.235+0000] {dag.py:3954} INFO - Setting next_dagrun for ingest_bronze_layer to 2026-07-24 00:00:00+00:00, run_after=2026-07-24 01:00:00+00:00
[2026-07-24T00:49:44.331+0000] {processor.py:183} INFO - Processing /opt/airflow/dags/bronze_ingestion_dag.py took 0.328 seconds
[2026-07-24T00:50:15.029+0000] {processor.py:161} INFO - Started process (PID=2241) to work on /opt/airflow/dags/bronze_ingestion_dag.py
[2026-07-24T00:50:15.033+0000] {processor.py:830} INFO - Processing file /opt/airflow/dags/bronze_ingestion_dag.py for tasks to queue
[2026-07-24T00:50:15.043+0000] {logging_mixin.py:188} INFO - [2026-07-24T00:50:15.042+0000] {dagbag.py:545} INFO - Filling up the DagBag from /opt/airflow/dags/bronze_ingestion_dag.py
[2026-07-24T00:50:15.095+0000] {processor.py:840} INFO - DAG(s) 'ingest_bronze_layer' retrieved from /opt/airflow/dags/bronze_ingestion_dag.py
[2026-07-24T00:50:15.158+0000] {logging_mixin.py:188} INFO - [2026-07-24T00:50:15.157+0000] {dag.py:3096} INFO - Sync 1 DAGs
[2026-07-24T00:50:15.215+0000] {logging_mixin.py:188} INFO - [2026-07-24T00:50:15.214+0000] {dag.py:3954} INFO - Setting next_dagrun for ingest_bronze_layer to 2026-07-24 00:00:00+00:00, run_after=2026-07-24 01:00:00+00:00
[2026-07-24T00:50:15.260+0000] {processor.py:183} INFO - Processing /opt/airflow/dags/bronze_ingestion_dag.py took 0.249 seconds
[2026-07-24T00:50:45.558+0000] {processor.py:161} INFO - Started process (PID=2256) to work on /opt/airflow/dags/bronze_ingestion_dag.py
[2026-07-24T00:50:45.569+0000] {processor.py:830} INFO - Processing file /opt/airflow/dags/bronze_ingestion_dag.py for tasks to queue
[2026-07-24T00:50:45.604+0000] {logging_mixin.py:188} INFO - [2026-07-24T00:50:45.603+0000] {dagbag.py:545} INFO - Filling up the DagBag from /opt/airflow/dags/bronze_ingestion_dag.py
[2026-07-24T00:50:45.824+0000] {processor.py:840} INFO - DAG(s) 'ingest_bronze_layer' retrieved from /opt/airflow/dags/bronze_ingestion_dag.py
[2026-07-24T00:50:45.954+0000] {logging_mixin.py:188} INFO - [2026-07-24T00:50:45.953+0000] {dag.py:3096} INFO - Sync 1 DAGs
[2026-07-24T00:50:46.117+0000] {logging_mixin.py:188} INFO - [2026-07-24T00:50:46.117+0000] {dag.py:3954} INFO - Setting next_dagrun for ingest_bronze_layer to 2026-07-24 00:00:00+00:00, run_after=2026-07-24 01:00:00+00:00
[2026-07-24T00:50:46.208+0000] {processor.py:183} INFO - Processing /opt/airflow/dags/bronze_ingestion_dag.py took 0.695 seconds
[2026-07-24T00:51:17.002+0000] {processor.py:161} INFO - Started process (PID=2271) to work on /opt/airflow/dags/bronze_ingestion_dag.py
[2026-07-24T00:51:17.006+0000] {processor.py:830} INFO - Processing file /opt/airflow/dags/bronze_ingestion_dag.py for tasks to queue
[2026-07-24T00:51:17.014+0000] {logging_mixin.py:188} INFO - [2026-07-24T00:51:17.014+0000] {dagbag.py:545} INFO - Filling up the DagBag from /opt/airflow/dags/bronze_ingestion_dag.py
[2026-07-24T00:51:17.070+0000] {processor.py:840} INFO - DAG(s) 'ingest_bronze_layer' retrieved from /opt/airflow/dags/bronze_ingestion_dag.py
[2026-07-24T00:51:17.132+0000] {logging_mixin.py:188} INFO - [2026-07-24T00:51:17.131+0000] {dag.py:3096} INFO - Sync 1 DAGs
[2026-07-24T00:51:17.227+0000] {logging_mixin.py:188} INFO - [2026-07-24T00:51:17.227+0000] {dag.py:3954} INFO - Setting next_dagrun for ingest_bronze_layer to 2026-07-24 00:00:00+00:00, run_after=2026-07-24 01:00:00+00:00
[2026-07-24T00:51:17.363+0000] {processor.py:183} INFO - Processing /opt/airflow/dags/bronze_ingestion_dag.py took 0.381 seconds
[2026-07-24T00:51:48.298+0000] {processor.py:161} INFO - Started process (PID=2286) to work on /opt/airflow/dags/bronze_ingestion_dag.py
[2026-07-24T00:51:48.305+0000] {processor.py:830} INFO - Processing file /opt/airflow/dags/bronze_ingestion_dag.py for tasks to queue
[2026-07-24T00:51:48.310+0000] {logging_mixin.py:188} INFO - [2026-07-24T00:51:48.310+0000] {dagbag.py:545} INFO - Filling up the DagBag from /opt/airflow/dags/bronze_ingestion_dag.py
[2026-07-24T00:51:48.384+0000] {processor.py:840} INFO - DAG(s) 'ingest_bronze_layer' retrieved from /opt/airflow/dags/bronze_ingestion_dag.py
[2026-07-24T00:51:48.540+0000] {logging_mixin.py:188} INFO - [2026-07-24T00:51:48.539+0000] {dag.py:3096} INFO - Sync 1 DAGs
[2026-07-24T00:51:48.666+0000] {logging_mixin.py:188} INFO - [2026-07-24T00:51:48.666+0000] {dag.py:3954} INFO - Setting next_dagrun for ingest_bronze_layer to 2026-07-24 00:00:00+00:00, run_after=2026-07-24 01:00:00+00:00
[2026-07-24T00:51:48.767+0000] {processor.py:183} INFO - Processing /opt/airflow/dags/bronze_ingestion_dag.py took 0.485 seconds
[2026-07-24T00:52:20.015+0000] {processor.py:161} INFO - Started process (PID=2301) to work on /opt/airflow/dags/bronze_ingestion_dag.py
[2026-07-24T00:52:20.040+0000] {processor.py:830} INFO - Processing file /opt/airflow/dags/bronze_ingestion_dag.py for tasks to queue
[2026-07-24T00:52:20.076+0000] {logging_mixin.py:188} INFO - [2026-07-24T00:52:20.074+0000] {dagbag.py:545} INFO - Filling up the DagBag from /opt/airflow/dags/bronze_ingestion_dag.py
[2026-07-24T00:52:20.242+0000] {processor.py:840} INFO - DAG(s) 'ingest_bronze_layer' retrieved from /opt/airflow/dags/bronze_ingestion_dag.py
[2026-07-24T00:52:20.487+0000] {logging_mixin.py:188} INFO - [2026-07-24T00:52:20.486+0000] {dag.py:3096} INFO - Sync 1 DAGs
[2026-07-24T00:52:20.812+0000] {logging_mixin.py:188} INFO - [2026-07-24T00:52:20.811+0000] {dag.py:3954} INFO - Setting next_dagrun for ingest_bronze_layer to 2026-07-24 00:00:00+00:00, run_after=2026-07-24 01:00:00+00:00
[2026-07-24T00:52:21.137+0000] {processor.py:183} INFO - Processing /opt/airflow/dags/bronze_ingestion_dag.py took 1.169 seconds
[2026-07-24T00:52:51.632+0000] {processor.py:161} INFO - Started process (PID=2321) to work on /opt/airflow/dags/bronze_ingestion_dag.py
[2026-07-24T00:52:51.634+0000] {processor.py:830} INFO - Processing file /opt/airflow/dags/bronze_ingestion_dag.py for tasks to queue
[2026-07-24T00:52:51.642+0000] {logging_mixin.py:188} INFO - [2026-07-24T00:52:51.641+0000] {dagbag.py:545} INFO - Filling up the DagBag from /opt/airflow/dags/bronze_ingestion_dag.py
[2026-07-24T00:52:51.688+0000] {processor.py:840} INFO - DAG(s) 'ingest_bronze_layer' retrieved from /opt/airflow/dags/bronze_ingestion_dag.py
[2026-07-24T00:52:51.736+0000] {logging_mixin.py:188} INFO - [2026-07-24T00:52:51.736+0000] {dag.py:3096} INFO - Sync 1 DAGs
[2026-07-24T00:52:51.791+0000] {logging_mixin.py:188} INFO - [2026-07-24T00:52:51.791+0000] {dag.py:3954} INFO - Setting next_dagrun for ingest_bronze_layer to 2026-07-24 00:00:00+00:00, run_after=2026-07-24 01:00:00+00:00
[2026-07-24T00:52:51.831+0000] {processor.py:183} INFO - Processing /opt/airflow/dags/bronze_ingestion_dag.py took 0.214 seconds
[2026-07-24T00:53:22.424+0000] {processor.py:161} INFO - Started process (PID=2331) to work on /opt/airflow/dags/bronze_ingestion_dag.py
[2026-07-24T00:53:22.431+0000] {processor.py:830} INFO - Processing file /opt/airflow/dags/bronze_ingestion_dag.py for tasks to queue
[2026-07-24T00:53:22.443+0000] {logging_mixin.py:188} INFO - [2026-07-24T00:53:22.441+0000] {dagbag.py:545} INFO - Filling up the DagBag from /opt/airflow/dags/bronze_ingestion_dag.py
[2026-07-24T00:53:22.524+0000] {processor.py:840} INFO - DAG(s) 'ingest_bronze_layer' retrieved from /opt/airflow/dags/bronze_ingestion_dag.py
[2026-07-24T00:53:22.590+0000] {logging_mixin.py:188} INFO - [2026-07-24T00:53:22.589+0000] {dag.py:3096} INFO - Sync 1 DAGs
[2026-07-24T00:53:22.650+0000] {logging_mixin.py:188} INFO - [2026-07-24T00:53:22.650+0000] {dag.py:3954} INFO - Setting next_dagrun for ingest_bronze_layer to 2026-07-24 00:00:00+00:00, run_after=2026-07-24 01:00:00+00:00
[2026-07-24T00:53:22.704+0000] {processor.py:183} INFO - Processing /opt/airflow/dags/bronze_ingestion_dag.py took 0.307 seconds
[2026-07-24T00:53:52.809+0000] {processor.py:161} INFO - Started process (PID=2346) to work on /opt/airflow/dags/bronze_ingestion_dag.py
[2026-07-24T00:53:52.812+0000] {processor.py:830} INFO - Processing file /opt/airflow/dags/bronze_ingestion_dag.py for tasks to queue
[2026-07-24T00:53:52.818+0000] {logging_mixin.py:188} INFO - [2026-07-24T00:53:52.817+0000] {dagbag.py:545} INFO - Filling up the DagBag from /opt/airflow/dags/bronze_ingestion_dag.py
[2026-07-24T00:53:52.870+0000] {processor.py:840} INFO - DAG(s) 'ingest_bronze_layer' retrieved from /opt/airflow/dags/bronze_ingestion_dag.py
[2026-07-24T00:53:52.929+0000] {logging_mixin.py:188} INFO - [2026-07-24T00:53:52.928+0000] {dag.py:3096} INFO - Sync 1 DAGs
[2026-07-24T00:53:52.981+0000] {logging_mixin.py:188} INFO - [2026-07-24T00:53:52.981+0000] {dag.py:3954} INFO - Setting next_dagrun for ingest_bronze_layer to 2026-07-24 00:00:00+00:00, run_after=2026-07-24 01:00:00+00:00
[2026-07-24T00:53:53.025+0000] {processor.py:183} INFO - Processing /opt/airflow/dags/bronze_ingestion_dag.py took 0.235 seconds
[2026-07-24T00:54:23.512+0000] {processor.py:161} INFO - Started process (PID=2361) to work on /opt/airflow/dags/bronze_ingestion_dag.py
[2026-07-24T00:54:23.516+0000] {processor.py:830} INFO - Processing file /opt/airflow/dags/bronze_ingestion_dag.py for tasks to queue
[2026-07-24T00:54:23.520+0000] {logging_mixin.py:188} INFO - [2026-07-24T00:54:23.519+0000] {dagbag.py:545} INFO - Filling up the DagBag from /opt/airflow/dags/bronze_ingestion_dag.py
[2026-07-24T00:54:23.575+0000] {processor.py:840} INFO - DAG(s) 'ingest_bronze_layer' retrieved from /opt/airflow/dags/bronze_ingestion_dag.py
[2026-07-24T00:54:23.639+0000] {logging_mixin.py:188} INFO - [2026-07-24T00:54:23.638+0000] {dag.py:3096} INFO - Sync 1 DAGs
[2026-07-24T00:54:23.692+0000] {logging_mixin.py:188} INFO - [2026-07-24T00:54:23.692+0000] {dag.py:3954} INFO - Setting next_dagrun for ingest_bronze_layer to 2026-07-24 00:00:00+00:00, run_after=2026-07-24 01:00:00+00:00
[2026-07-24T00:54:23.738+0000] {processor.py:183} INFO - Processing /opt/airflow/dags/bronze_ingestion_dag.py took 0.239 seconds
[2026-07-24T00:54:54.197+0000] {processor.py:161} INFO - Started process (PID=2376) to work on /opt/airflow/dags/bronze_ingestion_dag.py
[2026-07-24T00:54:54.199+0000] {processor.py:830} INFO - Processing file /opt/airflow/dags/bronze_ingestion_dag.py for tasks to queue
[2026-07-24T00:54:54.207+0000] {logging_mixin.py:188} INFO - [2026-07-24T00:54:54.206+0000] {dagbag.py:545} INFO - Filling up the DagBag from /opt/airflow/dags/bronze_ingestion_dag.py
[2026-07-24T00:54:54.297+0000] {processor.py:840} INFO - DAG(s) 'ingest_bronze_layer' retrieved from /opt/airflow/dags/bronze_ingestion_dag.py
[2026-07-24T00:54:54.394+0000] {logging_mixin.py:188} INFO - [2026-07-24T00:54:54.393+0000] {dag.py:3096} INFO - Sync 1 DAGs
[2026-07-24T00:54:54.491+0000] {logging_mixin.py:188} INFO - [2026-07-24T00:54:54.481+0000] {dag.py:3954} INFO - Setting next_dagrun for ingest_bronze_layer to 2026-07-24 00:00:00+00:00, run_after=2026-07-24 01:00:00+00:00
[2026-07-24T00:54:54.646+0000] {processor.py:183} INFO - Processing /opt/airflow/dags/bronze_ingestion_dag.py took 0.467 seconds
[2026-07-24T00:55:25.472+0000] {processor.py:161} INFO - Started process (PID=2391) to work on /opt/airflow/dags/bronze_ingestion_dag.py
[2026-07-24T00:55:25.479+0000] {processor.py:830} INFO - Processing file /opt/airflow/dags/bronze_ingestion_dag.py for tasks to queue
[2026-07-24T00:55:25.489+0000] {logging_mixin.py:188} INFO - [2026-07-24T00:55:25.488+0000] {dagbag.py:545} INFO - Filling up the DagBag from /opt/airflow/dags/bronze_ingestion_dag.py
[2026-07-24T00:55:25.626+0000] {processor.py:840} INFO - DAG(s) 'ingest_bronze_layer' retrieved from /opt/airflow/dags/bronze_ingestion_dag.py
[2026-07-24T00:55:25.685+0000] {logging_mixin.py:188} INFO - [2026-07-24T00:55:25.684+0000] {dag.py:3096} INFO - Sync 1 DAGs
[2026-07-24T00:55:25.786+0000] {logging_mixin.py:188} INFO - [2026-07-24T00:55:25.785+0000] {dag.py:3954} INFO - Setting next_dagrun for ingest_bronze_layer to 2026-07-24 00:00:00+00:00, run_after=2026-07-24 01:00:00+00:00
[2026-07-24T00:55:25.897+0000] {processor.py:183} INFO - Processing /opt/airflow/dags/bronze_ingestion_dag.py took 0.446 seconds
[2026-07-24T00:55:56.764+0000] {processor.py:161} INFO - Started process (PID=2406) to work on /opt/airflow/dags/bronze_ingestion_dag.py
[2026-07-24T00:55:56.768+0000] {processor.py:830} INFO - Processing file /opt/airflow/dags/bronze_ingestion_dag.py for tasks to queue
[2026-07-24T00:55:56.775+0000] {logging_mixin.py:188} INFO - [2026-07-24T00:55:56.774+0000] {dagbag.py:545} INFO - Filling up the DagBag from /opt/airflow/dags/bronze_ingestion_dag.py
[2026-07-24T00:55:56.824+0000] {processor.py:840} INFO - DAG(s) 'ingest_bronze_layer' retrieved from /opt/airflow/dags/bronze_ingestion_dag.py
[2026-07-24T00:55:56.888+0000] {logging_mixin.py:188} INFO - [2026-07-24T00:55:56.887+0000] {dag.py:3096} INFO - Sync 1 DAGs
[2026-07-24T00:55:56.957+0000] {logging_mixin.py:188} INFO - [2026-07-24T00:55:56.956+0000] {dag.py:3954} INFO - Setting next_dagrun for ingest_bronze_layer to 2026-07-24 00:00:00+00:00, run_after=2026-07-24 01:00:00+00:00
[2026-07-24T00:55:57.003+0000] {processor.py:183} INFO - Processing /opt/airflow/dags/bronze_ingestion_dag.py took 0.257 seconds
[2026-07-24T00:56:27.273+0000] {processor.py:161} INFO - Started process (PID=2421) to work on /opt/airflow/dags/bronze_ingestion_dag.py
[2026-07-24T00:56:27.276+0000] {processor.py:830} INFO - Processing file /opt/airflow/dags/bronze_ingestion_dag.py for tasks to queue
[2026-07-24T00:56:27.291+0000] {logging_mixin.py:188} INFO - [2026-07-24T00:56:27.290+0000] {dagbag.py:545} INFO - Filling up the DagBag from /opt/airflow/dags/bronze_ingestion_dag.py
[2026-07-24T00:56:27.433+0000] {processor.py:840} INFO - DAG(s) 'ingest_bronze_layer' retrieved from /opt/airflow/dags/bronze_ingestion_dag.py
[2026-07-24T00:56:27.697+0000] {logging_mixin.py:188} INFO - [2026-07-24T00:56:27.695+0000] {dag.py:3096} INFO - Sync 1 DAGs
[2026-07-24T00:56:27.987+0000] {logging_mixin.py:188} INFO - [2026-07-24T00:56:27.986+0000] {dag.py:3954} INFO - Setting next_dagrun for ingest_bronze_layer to 2026-07-24 00:00:00+00:00, run_after=2026-07-24 01:00:00+00:00
[2026-07-24T00:56:28.173+0000] {processor.py:183} INFO - Processing /opt/airflow/dags/bronze_ingestion_dag.py took 0.923 seconds
[2026-07-24T00:56:58.441+0000] {processor.py:161} INFO - Started process (PID=2436) to work on /opt/airflow/dags/bronze_ingestion_dag.py
[2026-07-24T00:56:58.458+0000] {processor.py:830} INFO - Processing file /opt/airflow/dags/bronze_ingestion_dag.py for tasks to queue
[2026-07-24T00:56:58.473+0000] {logging_mixin.py:188} INFO - [2026-07-24T00:56:58.472+0000] {dagbag.py:545} INFO - Filling up the DagBag from /opt/airflow/dags/bronze_ingestion_dag.py
[2026-07-24T00:56:58.576+0000] {processor.py:840} INFO - DAG(s) 'ingest_bronze_layer' retrieved from /opt/airflow/dags/bronze_ingestion_dag.py
[2026-07-24T00:56:58.659+0000] {logging_mixin.py:188} INFO - [2026-07-24T00:56:58.659+0000] {dag.py:3096} INFO - Sync 1 DAGs
[2026-07-24T00:56:58.717+0000] {logging_mixin.py:188} INFO - [2026-07-24T00:56:58.716+0000] {dag.py:3954} INFO - Setting next_dagrun for ingest_bronze_layer to 2026-07-24 00:00:00+00:00, run_after=2026-07-24 01:00:00+00:00
[2026-07-24T00:56:58.761+0000] {processor.py:183} INFO - Processing /opt/airflow/dags/bronze_ingestion_dag.py took 0.365 seconds
[2026-07-24T00:57:29.308+0000] {processor.py:161} INFO - Started process (PID=2451) to work on /opt/airflow/dags/bronze_ingestion_dag.py
[2026-07-24T00:57:29.339+0000] {processor.py:830} INFO - Processing file /opt/airflow/dags/bronze_ingestion_dag.py for tasks to queue
[2026-07-24T00:57:29.359+0000] {logging_mixin.py:188} INFO - [2026-07-24T00:57:29.358+0000] {dagbag.py:545} INFO - Filling up the DagBag from /opt/airflow/dags/bronze_ingestion_dag.py
[2026-07-24T00:57:29.601+0000] {processor.py:840} INFO - DAG(s) 'ingest_bronze_layer' retrieved from /opt/airflow/dags/bronze_ingestion_dag.py
[2026-07-24T00:57:29.789+0000] {logging_mixin.py:188} INFO - [2026-07-24T00:57:29.788+0000] {dag.py:3096} INFO - Sync 1 DAGs
[2026-07-24T00:57:29.940+0000] {logging_mixin.py:188} INFO - [2026-07-24T00:57:29.939+0000] {dag.py:3954} INFO - Setting next_dagrun for ingest_bronze_layer to 2026-07-24 00:00:00+00:00, run_after=2026-07-24 01:00:00+00:00
[2026-07-24T00:57:30.067+0000] {processor.py:183} INFO - Processing /opt/airflow/dags/bronze_ingestion_dag.py took 0.806 seconds
[2026-07-24T00:58:00.317+0000] {processor.py:161} INFO - Started process (PID=2466) to work on /opt/airflow/dags/bronze_ingestion_dag.py
[2026-07-24T00:58:00.322+0000] {processor.py:830} INFO - Processing file /opt/airflow/dags/bronze_ingestion_dag.py for tasks to queue
[2026-07-24T00:58:00.328+0000] {logging_mixin.py:188} INFO - [2026-07-24T00:58:00.327+0000] {dagbag.py:545} INFO - Filling up the DagBag from /opt/airflow/dags/bronze_ingestion_dag.py
[2026-07-24T00:58:00.445+0000] {processor.py:840} INFO - DAG(s) 'ingest_bronze_layer' retrieved from /opt/airflow/dags/bronze_ingestion_dag.py
[2026-07-24T00:58:00.682+0000] {logging_mixin.py:188} INFO - [2026-07-24T00:58:00.681+0000] {dag.py:3096} INFO - Sync 1 DAGs
[2026-07-24T00:58:00.989+0000] {logging_mixin.py:188} INFO - [2026-07-24T00:58:00.988+0000] {dag.py:3954} INFO - Setting next_dagrun for ingest_bronze_layer to 2026-07-24 00:00:00+00:00, run_after=2026-07-24 01:00:00+00:00
[2026-07-24T00:58:01.218+0000] {processor.py:183} INFO - Processing /opt/airflow/dags/bronze_ingestion_dag.py took 0.937 seconds
[2026-07-24T00:58:31.663+0000] {processor.py:161} INFO - Started process (PID=2481) to work on /opt/airflow/dags/bronze_ingestion_dag.py
[2026-07-24T00:58:31.667+0000] {processor.py:830} INFO - Processing file /opt/airflow/dags/bronze_ingestion_dag.py for tasks to queue
[2026-07-24T00:58:31.677+0000] {logging_mixin.py:188} INFO - [2026-07-24T00:58:31.676+0000] {dagbag.py:545} INFO - Filling up the DagBag from /opt/airflow/dags/bronze_ingestion_dag.py
[2026-07-24T00:58:31.746+0000] {processor.py:840} INFO - DAG(s) 'ingest_bronze_layer' retrieved from /opt/airflow/dags/bronze_ingestion_dag.py
[2026-07-24T00:58:31.843+0000] {logging_mixin.py:188} INFO - [2026-07-24T00:58:31.842+0000] {dag.py:3096} INFO - Sync 1 DAGs
[2026-07-24T00:58:31.924+0000] {logging_mixin.py:188} INFO - [2026-07-24T00:58:31.924+0000] {dag.py:3954} INFO - Setting next_dagrun for ingest_bronze_layer to 2026-07-24 00:00:00+00:00, run_after=2026-07-24 01:00:00+00:00
[2026-07-24T00:58:32.005+0000] {processor.py:183} INFO - Processing /opt/airflow/dags/bronze_ingestion_dag.py took 0.360 seconds
[2026-07-24T00:59:02.886+0000] {processor.py:161} INFO - Started process (PID=2496) to work on /opt/airflow/dags/bronze_ingestion_dag.py
[2026-07-24T00:59:02.889+0000] {processor.py:830} INFO - Processing file /opt/airflow/dags/bronze_ingestion_dag.py for tasks to queue
[2026-07-24T00:59:02.895+0000] {logging_mixin.py:188} INFO - [2026-07-24T00:59:02.894+0000] {dagbag.py:545} INFO - Filling up the DagBag from /opt/airflow/dags/bronze_ingestion_dag.py
[2026-07-24T00:59:02.949+0000] {processor.py:840} INFO - DAG(s) 'ingest_bronze_layer' retrieved from /opt/airflow/dags/bronze_ingestion_dag.py
[2026-07-24T00:59:03.014+0000] {logging_mixin.py:188} INFO - [2026-07-24T00:59:03.013+0000] {dag.py:3096} INFO - Sync 1 DAGs
[2026-07-24T00:59:03.079+0000] {logging_mixin.py:188} INFO - [2026-07-24T00:59:03.079+0000] {dag.py:3954} INFO - Setting next_dagrun for ingest_bronze_layer to 2026-07-24 00:00:00+00:00, run_after=2026-07-24 01:00:00+00:00
[2026-07-24T00:59:03.133+0000] {processor.py:183} INFO - Processing /opt/airflow/dags/bronze_ingestion_dag.py took 0.271 seconds
[2026-07-24T00:59:36.514+0000] {processor.py:161} INFO - Started process (PID=2511) to work on /opt/airflow/dags/bronze_ingestion_dag.py
[2026-07-24T00:59:36.531+0000] {processor.py:830} INFO - Processing file /opt/airflow/dags/bronze_ingestion_dag.py for tasks to queue
[2026-07-24T00:59:36.544+0000] {logging_mixin.py:188} INFO - [2026-07-24T00:59:36.543+0000] {dagbag.py:545} INFO - Filling up the DagBag from /opt/airflow/dags/bronze_ingestion_dag.py
[2026-07-24T00:59:37.177+0000] {processor.py:840} INFO - DAG(s) 'ingest_bronze_layer' retrieved from /opt/airflow/dags/bronze_ingestion_dag.py
[2026-07-24T00:59:37.461+0000] {logging_mixin.py:188} INFO - [2026-07-24T00:59:37.460+0000] {dag.py:3096} INFO - Sync 1 DAGs
[2026-07-24T00:59:37.702+0000] {logging_mixin.py:188} INFO - [2026-07-24T00:59:37.701+0000] {dag.py:3954} INFO - Setting next_dagrun for ingest_bronze_layer to 2026-07-24 00:00:00+00:00, run_after=2026-07-24 01:00:00+00:00
[2026-07-24T00:59:37.939+0000] {processor.py:183} INFO - Processing /opt/airflow/dags/bronze_ingestion_dag.py took 1.457 seconds
[2026-07-24T01:00:08.684+0000] {processor.py:161} INFO - Started process (PID=2530) to work on /opt/airflow/dags/bronze_ingestion_dag.py
[2026-07-24T01:00:08.704+0000] {processor.py:830} INFO - Processing file /opt/airflow/dags/bronze_ingestion_dag.py for tasks to queue
[2026-07-24T01:00:08.719+0000] {logging_mixin.py:188} INFO - [2026-07-24T01:00:08.718+0000] {dagbag.py:545} INFO - Filling up the DagBag from /opt/airflow/dags/bronze_ingestion_dag.py
[2026-07-24T01:00:08.930+0000] {processor.py:840} INFO - DAG(s) 'ingest_bronze_layer' retrieved from /opt/airflow/dags/bronze_ingestion_dag.py
[2026-07-24T01:00:09.119+0000] {logging_mixin.py:188} INFO - [2026-07-24T01:00:09.118+0000] {dag.py:3096} INFO - Sync 1 DAGs
[2026-07-24T01:00:09.391+0000] {logging_mixin.py:188} INFO - [2026-07-24T01:00:09.380+0000] {dag.py:3954} INFO - Setting next_dagrun for ingest_bronze_layer to 2026-07-24 01:00:00+00:00, run_after=2026-07-24 02:00:00+00:00
[2026-07-24T01:00:09.596+0000] {processor.py:183} INFO - Processing /opt/airflow/dags/bronze_ingestion_dag.py took 0.985 seconds
[2026-07-24T01:00:40.842+0000] {processor.py:161} INFO - Started process (PID=2602) to work on /opt/airflow/dags/bronze_ingestion_dag.py
[2026-07-24T01:00:40.882+0000] {processor.py:830} INFO - Processing file /opt/airflow/dags/bronze_ingestion_dag.py for tasks to queue
[2026-07-24T01:00:41.062+0000] {logging_mixin.py:188} INFO - [2026-07-24T01:00:41.058+0000] {dagbag.py:545} INFO - Filling up the DagBag from /opt/airflow/dags/bronze_ingestion_dag.py
[2026-07-24T01:00:41.975+0000] {processor.py:840} INFO - DAG(s) 'ingest_bronze_layer' retrieved from /opt/airflow/dags/bronze_ingestion_dag.py
[2026-07-24T01:00:42.542+0000] {logging_mixin.py:188} INFO - [2026-07-24T01:00:42.540+0000] {dag.py:3096} INFO - Sync 1 DAGs
[2026-07-24T01:00:43.047+0000] {logging_mixin.py:188} INFO - [2026-07-24T01:00:43.046+0000] {dag.py:3954} INFO - Setting next_dagrun for ingest_bronze_layer to 2026-07-24 01:00:00+00:00, run_after=2026-07-24 02:00:00+00:00
[2026-07-24T01:00:43.264+0000] {processor.py:183} INFO - Processing /opt/airflow/dags/bronze_ingestion_dag.py took 2.653 seconds
[2026-07-24T01:01:13.796+0000] {processor.py:161} INFO - Started process (PID=3219) to work on /opt/airflow/dags/bronze_ingestion_dag.py
[2026-07-24T01:01:13.806+0000] {processor.py:830} INFO - Processing file /opt/airflow/dags/bronze_ingestion_dag.py for tasks to queue
[2026-07-24T01:01:13.833+0000] {logging_mixin.py:188} INFO - [2026-07-24T01:01:13.828+0000] {dagbag.py:545} INFO - Filling up the DagBag from /opt/airflow/dags/bronze_ingestion_dag.py
[2026-07-24T01:01:14.489+0000] {processor.py:840} INFO - DAG(s) 'ingest_bronze_layer' retrieved from /opt/airflow/dags/bronze_ingestion_dag.py
[2026-07-24T01:01:15.518+0000] {logging_mixin.py:188} INFO - [2026-07-24T01:01:15.514+0000] {dag.py:3096} INFO - Sync 1 DAGs
[2026-07-24T01:01:15.984+0000] {logging_mixin.py:188} INFO - [2026-07-24T01:01:15.967+0000] {dag.py:3954} INFO - Setting next_dagrun for ingest_bronze_layer to 2026-07-24 01:00:00+00:00, run_after=2026-07-24 02:00:00+00:00
[2026-07-24T01:01:16.210+0000] {processor.py:183} INFO - Processing /opt/airflow/dags/bronze_ingestion_dag.py took 2.460 seconds
[2026-07-24T01:01:50.780+0000] {processor.py:161} INFO - Started process (PID=3316) to work on /opt/airflow/dags/bronze_ingestion_dag.py
[2026-07-24T01:01:50.897+0000] {processor.py:830} INFO - Processing file /opt/airflow/dags/bronze_ingestion_dag.py for tasks to queue
[2026-07-24T01:01:51.024+0000] {logging_mixin.py:188} INFO - [2026-07-24T01:01:51.001+0000] {dagbag.py:545} INFO - Filling up the DagBag from /opt/airflow/dags/bronze_ingestion_dag.py
[2026-07-24T01:01:52.597+0000] {processor.py:840} INFO - DAG(s) 'ingest_bronze_layer' retrieved from /opt/airflow/dags/bronze_ingestion_dag.py
[2026-07-24T01:01:53.714+0000] {logging_mixin.py:188} INFO - [2026-07-24T01:01:53.705+0000] {dag.py:3096} INFO - Sync 1 DAGs
[2026-07-24T01:01:54.504+0000] {logging_mixin.py:188} INFO - [2026-07-24T01:01:54.495+0000] {dag.py:3954} INFO - Setting next_dagrun for ingest_bronze_layer to 2026-07-24 01:00:00+00:00, run_after=2026-07-24 02:00:00+00:00
[2026-07-24T01:01:55.104+0000] {processor.py:183} INFO - Processing /opt/airflow/dags/bronze_ingestion_dag.py took 4.879 seconds
[2026-07-24T01:02:26.662+0000] {processor.py:161} INFO - Started process (PID=3416) to work on /opt/airflow/dags/bronze_ingestion_dag.py
[2026-07-24T01:02:26.762+0000] {processor.py:830} INFO - Processing file /opt/airflow/dags/bronze_ingestion_dag.py for tasks to queue
[2026-07-24T01:02:26.889+0000] {logging_mixin.py:188} INFO - [2026-07-24T01:02:26.881+0000] {dagbag.py:545} INFO - Filling up the DagBag from /opt/airflow/dags/bronze_ingestion_dag.py
[2026-07-24T01:02:28.072+0000] {processor.py:840} INFO - DAG(s) 'ingest_bronze_layer' retrieved from /opt/airflow/dags/bronze_ingestion_dag.py
[2026-07-24T01:02:28.794+0000] {logging_mixin.py:188} INFO - [2026-07-24T01:02:28.792+0000] {dag.py:3096} INFO - Sync 1 DAGs
[2026-07-24T01:02:29.460+0000] {logging_mixin.py:188} INFO - [2026-07-24T01:02:29.459+0000] {dag.py:3954} INFO - Setting next_dagrun for ingest_bronze_layer to 2026-07-24 01:00:00+00:00, run_after=2026-07-24 02:00:00+00:00
[2026-07-24T01:02:30.221+0000] {processor.py:183} INFO - Processing /opt/airflow/dags/bronze_ingestion_dag.py took 3.878 seconds
[2026-07-24T01:03:02.905+0000] {processor.py:161} INFO - Started process (PID=3518) to work on /opt/airflow/dags/bronze_ingestion_dag.py
[2026-07-24T01:03:02.946+0000] {processor.py:830} INFO - Processing file /opt/airflow/dags/bronze_ingestion_dag.py for tasks to queue
[2026-07-24T01:03:03.075+0000] {logging_mixin.py:188} INFO - [2026-07-24T01:03:03.060+0000] {dagbag.py:545} INFO - Filling up the DagBag from /opt/airflow/dags/bronze_ingestion_dag.py
[2026-07-24T01:03:05.349+0000] {processor.py:840} INFO - DAG(s) 'ingest_bronze_layer' retrieved from /opt/airflow/dags/bronze_ingestion_dag.py
[2026-07-24T01:03:06.653+0000] {logging_mixin.py:188} INFO - [2026-07-24T01:03:06.645+0000] {dag.py:3096} INFO - Sync 1 DAGs
[2026-07-24T01:03:07.784+0000] {logging_mixin.py:188} INFO - [2026-07-24T01:03:07.758+0000] {dag.py:3954} INFO - Setting next_dagrun for ingest_bronze_layer to 2026-07-24 01:00:00+00:00, run_after=2026-07-24 02:00:00+00:00
[2026-07-24T01:03:08.444+0000] {processor.py:183} INFO - Processing /opt/airflow/dags/bronze_ingestion_dag.py took 6.010 seconds
[2026-07-24T01:03:40.942+0000] {processor.py:161} INFO - Started process (PID=3646) to work on /opt/airflow/dags/bronze_ingestion_dag.py
[2026-07-24T01:03:41.005+0000] {processor.py:830} INFO - Processing file /opt/airflow/dags/bronze_ingestion_dag.py for tasks to queue
[2026-07-24T01:03:41.103+0000] {logging_mixin.py:188} INFO - [2026-07-24T01:03:41.068+0000] {dagbag.py:545} INFO - Filling up the DagBag from /opt/airflow/dags/bronze_ingestion_dag.py
[2026-07-24T01:03:42.181+0000] {processor.py:840} INFO - DAG(s) 'ingest_bronze_layer' retrieved from /opt/airflow/dags/bronze_ingestion_dag.py
[2026-07-24T01:03:45.233+0000] {logging_mixin.py:188} INFO - [2026-07-24T01:03:45.229+0000] {dag.py:3096} INFO - Sync 1 DAGs
[2026-07-24T01:03:46.399+0000] {logging_mixin.py:188} INFO - [2026-07-24T01:03:46.399+0000] {dag.py:3954} INFO - Setting next_dagrun for ingest_bronze_layer to 2026-07-24 01:00:00+00:00, run_after=2026-07-24 02:00:00+00:00
[2026-07-24T01:03:47.151+0000] {processor.py:183} INFO - Processing /opt/airflow/dags/bronze_ingestion_dag.py took 6.824 seconds
[2026-07-24T01:04:18.607+0000] {processor.py:161} INFO - Started process (PID=3757) to work on /opt/airflow/dags/bronze_ingestion_dag.py
[2026-07-24T01:04:18.621+0000] {processor.py:830} INFO - Processing file /opt/airflow/dags/bronze_ingestion_dag.py for tasks to queue
[2026-07-24T01:04:18.665+0000] {logging_mixin.py:188} INFO - [2026-07-24T01:04:18.656+0000] {dagbag.py:545} INFO - Filling up the DagBag from /opt/airflow/dags/bronze_ingestion_dag.py
[2026-07-24T01:04:19.123+0000] {processor.py:840} INFO - DAG(s) 'ingest_bronze_layer' retrieved from /opt/airflow/dags/bronze_ingestion_dag.py
[2026-07-24T01:04:19.430+0000] {logging_mixin.py:188} INFO - [2026-07-24T01:04:19.427+0000] {dag.py:3096} INFO - Sync 1 DAGs
[2026-07-24T01:04:19.696+0000] {logging_mixin.py:188} INFO - [2026-07-24T01:04:19.696+0000] {dag.py:3954} INFO - Setting next_dagrun for ingest_bronze_layer to 2026-07-24 01:00:00+00:00, run_after=2026-07-24 02:00:00+00:00
[2026-07-24T01:04:19.832+0000] {processor.py:183} INFO - Processing /opt/airflow/dags/bronze_ingestion_dag.py took 1.428 seconds
[2026-07-24T01:04:51.015+0000] {processor.py:161} INFO - Started process (PID=3816) to work on /opt/airflow/dags/bronze_ingestion_dag.py
[2026-07-24T01:04:51.038+0000] {processor.py:830} INFO - Processing file /opt/airflow/dags/bronze_ingestion_dag.py for tasks to queue
[2026-07-24T01:04:51.119+0000] {logging_mixin.py:188} INFO - [2026-07-24T01:04:51.118+0000] {dagbag.py:545} INFO - Filling up the DagBag from /opt/airflow/dags/bronze_ingestion_dag.py
[2026-07-24T01:04:51.237+0000] {processor.py:840} INFO - DAG(s) 'ingest_bronze_layer' retrieved from /opt/airflow/dags/bronze_ingestion_dag.py
[2026-07-24T01:04:51.477+0000] {logging_mixin.py:188} INFO - [2026-07-24T01:04:51.476+0000] {dag.py:3096} INFO - Sync 1 DAGs
[2026-07-24T01:04:51.719+0000] {logging_mixin.py:188} INFO - [2026-07-24T01:04:51.719+0000] {dag.py:3954} INFO - Setting next_dagrun for ingest_bronze_layer to 2026-07-24 01:00:00+00:00, run_after=2026-07-24 02:00:00+00:00
[2026-07-24T01:04:51.938+0000] {processor.py:183} INFO - Processing /opt/airflow/dags/bronze_ingestion_dag.py took 0.999 seconds
[2026-07-24T01:05:24.104+0000] {processor.py:161} INFO - Started process (PID=3843) to work on /opt/airflow/dags/bronze_ingestion_dag.py
[2026-07-24T01:05:24.107+0000] {processor.py:830} INFO - Processing file /opt/airflow/dags/bronze_ingestion_dag.py for tasks to queue
[2026-07-24T01:05:24.118+0000] {logging_mixin.py:188} INFO - [2026-07-24T01:05:24.117+0000] {dagbag.py:545} INFO - Filling up the DagBag from /opt/airflow/dags/bronze_ingestion_dag.py
[2026-07-24T01:05:24.207+0000] {processor.py:840} INFO - DAG(s) 'ingest_bronze_layer' retrieved from /opt/airflow/dags/bronze_ingestion_dag.py
[2026-07-24T01:05:24.408+0000] {logging_mixin.py:188} INFO - [2026-07-24T01:05:24.406+0000] {dag.py:3096} INFO - Sync 1 DAGs
[2026-07-24T01:05:24.528+0000] {logging_mixin.py:188} INFO - [2026-07-24T01:05:24.527+0000] {dag.py:3954} INFO - Setting next_dagrun for ingest_bronze_layer to 2026-07-24 01:00:00+00:00, run_after=2026-07-24 02:00:00+00:00
[2026-07-24T01:05:24.657+0000] {processor.py:183} INFO - Processing /opt/airflow/dags/bronze_ingestion_dag.py took 0.582 seconds
[2026-07-24T01:05:55.752+0000] {processor.py:161} INFO - Started process (PID=3870) to work on /opt/airflow/dags/bronze_ingestion_dag.py
[2026-07-24T01:05:55.766+0000] {processor.py:830} INFO - Processing file /opt/airflow/dags/bronze_ingestion_dag.py for tasks to queue
[2026-07-24T01:05:55.791+0000] {logging_mixin.py:188} INFO - [2026-07-24T01:05:55.789+0000] {dagbag.py:545} INFO - Filling up the DagBag from /opt/airflow/dags/bronze_ingestion_dag.py
[2026-07-24T01:05:55.893+0000] {processor.py:840} INFO - DAG(s) 'ingest_bronze_layer' retrieved from /opt/airflow/dags/bronze_ingestion_dag.py
[2026-07-24T01:05:55.976+0000] {logging_mixin.py:188} INFO - [2026-07-24T01:05:55.975+0000] {dag.py:3096} INFO - Sync 1 DAGs
[2026-07-24T01:05:56.104+0000] {logging_mixin.py:188} INFO - [2026-07-24T01:05:56.103+0000] {dag.py:3954} INFO - Setting next_dagrun for ingest_bronze_layer to 2026-07-24 01:00:00+00:00, run_after=2026-07-24 02:00:00+00:00
[2026-07-24T01:05:56.203+0000] {processor.py:183} INFO - Processing /opt/airflow/dags/bronze_ingestion_dag.py took 0.534 seconds
[2026-07-24T01:06:28.439+0000] {processor.py:161} INFO - Started process (PID=3976) to work on /opt/airflow/dags/bronze_ingestion_dag.py
[2026-07-24T01:06:28.467+0000] {processor.py:830} INFO - Processing file /opt/airflow/dags/bronze_ingestion_dag.py for tasks to queue
[2026-07-24T01:06:28.521+0000] {logging_mixin.py:188} INFO - [2026-07-24T01:06:28.519+0000] {dagbag.py:545} INFO - Filling up the DagBag from /opt/airflow/dags/bronze_ingestion_dag.py
[2026-07-24T01:05:42.447+0000] {processor.py:840} INFO - DAG(s) 'ingest_bronze_layer' retrieved from /opt/airflow/dags/bronze_ingestion_dag.py
[2026-07-24T01:06:31.907+0000] {logging_mixin.py:188} INFO - [2026-07-24T01:06:31.894+0000] {dag.py:3096} INFO - Sync 1 DAGs
[2026-07-24T01:06:32.288+0000] {logging_mixin.py:188} INFO - [2026-07-24T01:06:32.254+0000] {dag.py:3954} INFO - Setting next_dagrun for ingest_bronze_layer to 2026-07-24 01:00:00+00:00, run_after=2026-07-24 02:00:00+00:00
[2026-07-24T01:06:32.593+0000] {processor.py:183} INFO - Processing /opt/airflow/dags/bronze_ingestion_dag.py took 1.544 seconds
[2026-07-24T01:07:04.786+0000] {processor.py:161} INFO - Started process (PID=4031) to work on /opt/airflow/dags/bronze_ingestion_dag.py
[2026-07-24T01:07:04.804+0000] {processor.py:830} INFO - Processing file /opt/airflow/dags/bronze_ingestion_dag.py for tasks to queue
[2026-07-24T01:07:04.860+0000] {logging_mixin.py:188} INFO - [2026-07-24T01:07:04.853+0000] {dagbag.py:545} INFO - Filling up the DagBag from /opt/airflow/dags/bronze_ingestion_dag.py
[2026-07-24T01:07:05.151+0000] {processor.py:840} INFO - DAG(s) 'ingest_bronze_layer' retrieved from /opt/airflow/dags/bronze_ingestion_dag.py
[2026-07-24T01:07:05.354+0000] {logging_mixin.py:188} INFO - [2026-07-24T01:07:05.352+0000] {dag.py:3096} INFO - Sync 1 DAGs
[2026-07-24T01:07:05.530+0000] {logging_mixin.py:188} INFO - [2026-07-24T01:07:05.529+0000] {dag.py:3954} INFO - Setting next_dagrun for ingest_bronze_layer to 2026-07-24 01:00:00+00:00, run_after=2026-07-24 02:00:00+00:00
[2026-07-24T01:07:05.669+0000] {processor.py:183} INFO - Processing /opt/airflow/dags/bronze_ingestion_dag.py took 1.320 seconds
[2026-07-24T01:07:36.625+0000] {processor.py:161} INFO - Started process (PID=4101) to work on /opt/airflow/dags/bronze_ingestion_dag.py
[2026-07-24T01:07:36.633+0000] {processor.py:830} INFO - Processing file /opt/airflow/dags/bronze_ingestion_dag.py for tasks to queue
[2026-07-24T01:07:36.653+0000] {logging_mixin.py:188} INFO - [2026-07-24T01:07:36.652+0000] {dagbag.py:545} INFO - Filling up the DagBag from /opt/airflow/dags/bronze_ingestion_dag.py
[2026-07-24T01:07:36.800+0000] {processor.py:840} INFO - DAG(s) 'ingest_bronze_layer' retrieved from /opt/airflow/dags/bronze_ingestion_dag.py
[2026-07-24T01:07:36.952+0000] {logging_mixin.py:188} INFO - [2026-07-24T01:07:36.942+0000] {dag.py:3096} INFO - Sync 1 DAGs
[2026-07-24T01:07:37.169+0000] {logging_mixin.py:188} INFO - [2026-07-24T01:07:37.168+0000] {dag.py:3954} INFO - Setting next_dagrun for ingest_bronze_layer to 2026-07-24 01:00:00+00:00, run_after=2026-07-24 02:00:00+00:00
[2026-07-24T01:07:37.282+0000] {processor.py:183} INFO - Processing /opt/airflow/dags/bronze_ingestion_dag.py took 0.704 seconds
[2026-07-24T01:08:09.569+0000] {processor.py:161} INFO - Started process (PID=4182) to work on /opt/airflow/dags/bronze_ingestion_dag.py
[2026-07-24T01:08:09.593+0000] {processor.py:830} INFO - Processing file /opt/airflow/dags/bronze_ingestion_dag.py for tasks to queue
[2026-07-24T01:08:09.652+0000] {logging_mixin.py:188} INFO - [2026-07-24T01:08:09.641+0000] {dagbag.py:545} INFO - Filling up the DagBag from /opt/airflow/dags/bronze_ingestion_dag.py
[2026-07-24T01:08:09.957+0000] {processor.py:840} INFO - DAG(s) 'ingest_bronze_layer' retrieved from /opt/airflow/dags/bronze_ingestion_dag.py
[2026-07-24T01:08:10.072+0000] {logging_mixin.py:188} INFO - [2026-07-24T01:08:10.071+0000] {dag.py:3096} INFO - Sync 1 DAGs
[2026-07-24T01:08:10.200+0000] {logging_mixin.py:188} INFO - [2026-07-24T01:08:10.199+0000] {dag.py:3954} INFO - Setting next_dagrun for ingest_bronze_layer to 2026-07-24 01:00:00+00:00, run_after=2026-07-24 02:00:00+00:00
[2026-07-24T01:08:10.323+0000] {processor.py:183} INFO - Processing /opt/airflow/dags/bronze_ingestion_dag.py took 0.843 seconds
[2026-07-24T01:08:41.479+0000] {processor.py:161} INFO - Started process (PID=4213) to work on /opt/airflow/dags/bronze_ingestion_dag.py
[2026-07-24T01:08:41.499+0000] {processor.py:830} INFO - Processing file /opt/airflow/dags/bronze_ingestion_dag.py for tasks to queue
[2026-07-24T01:08:41.566+0000] {logging_mixin.py:188} INFO - [2026-07-24T01:08:41.565+0000] {dagbag.py:545} INFO - Filling up the DagBag from /opt/airflow/dags/bronze_ingestion_dag.py
[2026-07-24T01:08:41.870+0000] {processor.py:840} INFO - DAG(s) 'ingest_bronze_layer' retrieved from /opt/airflow/dags/bronze_ingestion_dag.py
[2026-07-24T01:08:41.995+0000] {logging_mixin.py:188} INFO - [2026-07-24T01:08:41.993+0000] {dag.py:3096} INFO - Sync 1 DAGs
[2026-07-24T01:08:42.122+0000] {logging_mixin.py:188} INFO - [2026-07-24T01:08:42.121+0000] {dag.py:3954} INFO - Setting next_dagrun for ingest_bronze_layer to 2026-07-24 01:00:00+00:00, run_after=2026-07-24 02:00:00+00:00
[2026-07-24T01:08:42.271+0000] {processor.py:183} INFO - Processing /opt/airflow/dags/bronze_ingestion_dag.py took 0.847 seconds
[2026-07-24T01:09:15.423+0000] {processor.py:161} INFO - Started process (PID=4850) to work on /opt/airflow/dags/bronze_ingestion_dag.py
[2026-07-24T01:09:15.485+0000] {processor.py:830} INFO - Processing file /opt/airflow/dags/bronze_ingestion_dag.py for tasks to queue
[2026-07-24T01:09:15.524+0000] {logging_mixin.py:188} INFO - [2026-07-24T01:09:15.523+0000] {dagbag.py:545} INFO - Filling up the DagBag from /opt/airflow/dags/bronze_ingestion_dag.py
[2026-07-24T01:09:15.735+0000] {processor.py:840} INFO - DAG(s) 'ingest_bronze_layer' retrieved from /opt/airflow/dags/bronze_ingestion_dag.py
[2026-07-24T01:09:15.979+0000] {logging_mixin.py:188} INFO - [2026-07-24T01:09:15.977+0000] {dag.py:3096} INFO - Sync 1 DAGs
[2026-07-24T01:09:16.335+0000] {logging_mixin.py:188} INFO - [2026-07-24T01:09:16.327+0000] {dag.py:3954} INFO - Setting next_dagrun for ingest_bronze_layer to 2026-07-24 01:00:00+00:00, run_after=2026-07-24 02:00:00+00:00
[2026-07-24T01:09:16.686+0000] {processor.py:183} INFO - Processing /opt/airflow/dags/bronze_ingestion_dag.py took 1.542 seconds
[2026-07-24T01:09:47.526+0000] {processor.py:161} INFO - Started process (PID=4905) to work on /opt/airflow/dags/bronze_ingestion_dag.py
[2026-07-24T01:09:47.545+0000] {processor.py:830} INFO - Processing file /opt/airflow/dags/bronze_ingestion_dag.py for tasks to queue
[2026-07-24T01:09:47.632+0000] {logging_mixin.py:188} INFO - [2026-07-24T01:09:47.623+0000] {dagbag.py:545} INFO - Filling up the DagBag from /opt/airflow/dags/bronze_ingestion_dag.py
[2026-07-24T01:09:47.892+0000] {processor.py:840} INFO - DAG(s) 'ingest_bronze_layer' retrieved from /opt/airflow/dags/bronze_ingestion_dag.py
[2026-07-24T01:09:48.577+0000] {logging_mixin.py:188} INFO - [2026-07-24T01:09:48.566+0000] {dag.py:3096} INFO - Sync 1 DAGs
[2026-07-24T01:09:48.892+0000] {logging_mixin.py:188} INFO - [2026-07-24T01:09:48.880+0000] {dag.py:3954} INFO - Setting next_dagrun for ingest_bronze_layer to 2026-07-24 01:00:00+00:00, run_after=2026-07-24 02:00:00+00:00
[2026-07-24T01:09:49.704+0000] {processor.py:183} INFO - Processing /opt/airflow/dags/bronze_ingestion_dag.py took 2.366 seconds
[2026-07-24T01:10:20.941+0000] {processor.py:161} INFO - Started process (PID=5036) to work on /opt/airflow/dags/bronze_ingestion_dag.py
[2026-07-24T01:10:20.950+0000] {processor.py:830} INFO - Processing file /opt/airflow/dags/bronze_ingestion_dag.py for tasks to queue
[2026-07-24T01:10:20.973+0000] {logging_mixin.py:188} INFO - [2026-07-24T01:10:20.970+0000] {dagbag.py:545} INFO - Filling up the DagBag from /opt/airflow/dags/bronze_ingestion_dag.py
[2026-07-24T01:10:21.150+0000] {processor.py:840} INFO - DAG(s) 'ingest_bronze_layer' retrieved from /opt/airflow/dags/bronze_ingestion_dag.py
[2026-07-24T01:10:21.357+0000] {logging_mixin.py:188} INFO - [2026-07-24T01:10:21.348+0000] {dag.py:3096} INFO - Sync 1 DAGs
[2026-07-24T01:10:21.497+0000] {logging_mixin.py:188} INFO - [2026-07-24T01:10:21.497+0000] {dag.py:3954} INFO - Setting next_dagrun for ingest_bronze_layer to 2026-07-24 01:00:00+00:00, run_after=2026-07-24 02:00:00+00:00
[2026-07-24T01:10:21.586+0000] {processor.py:183} INFO - Processing /opt/airflow/dags/bronze_ingestion_dag.py took 0.714 seconds
[2026-07-24T01:10:52.028+0000] {processor.py:161} INFO - Started process (PID=5109) to work on /opt/airflow/dags/bronze_ingestion_dag.py
[2026-07-24T01:10:52.031+0000] {processor.py:830} INFO - Processing file /opt/airflow/dags/bronze_ingestion_dag.py for tasks to queue
[2026-07-24T01:10:52.038+0000] {logging_mixin.py:188} INFO - [2026-07-24T01:10:52.037+0000] {dagbag.py:545} INFO - Filling up the DagBag from /opt/airflow/dags/bronze_ingestion_dag.py
[2026-07-24T01:10:52.102+0000] {processor.py:840} INFO - DAG(s) 'ingest_bronze_layer' retrieved from /opt/airflow/dags/bronze_ingestion_dag.py
[2026-07-24T01:10:52.173+0000] {logging_mixin.py:188} INFO - [2026-07-24T01:10:52.170+0000] {dag.py:3096} INFO - Sync 1 DAGs
[2026-07-24T01:10:52.246+0000] {logging_mixin.py:188} INFO - [2026-07-24T01:10:52.246+0000] {dag.py:3954} INFO - Setting next_dagrun for ingest_bronze_layer to 2026-07-24 01:00:00+00:00, run_after=2026-07-24 02:00:00+00:00
[2026-07-24T01:10:52.311+0000] {processor.py:183} INFO - Processing /opt/airflow/dags/bronze_ingestion_dag.py took 0.303 seconds
[2026-07-24T01:11:22.532+0000] {processor.py:161} INFO - Started process (PID=5124) to work on /opt/airflow/dags/bronze_ingestion_dag.py
[2026-07-24T01:11:22.544+0000] {processor.py:830} INFO - Processing file /opt/airflow/dags/bronze_ingestion_dag.py for tasks to queue
[2026-07-24T01:11:22.558+0000] {logging_mixin.py:188} INFO - [2026-07-24T01:11:22.550+0000] {dagbag.py:545} INFO - Filling up the DagBag from /opt/airflow/dags/bronze_ingestion_dag.py
[2026-07-24T01:11:22.629+0000] {processor.py:840} INFO - DAG(s) 'ingest_bronze_layer' retrieved from /opt/airflow/dags/bronze_ingestion_dag.py
[2026-07-24T01:11:22.735+0000] {logging_mixin.py:188} INFO - [2026-07-24T01:11:22.734+0000] {dag.py:3096} INFO - Sync 1 DAGs
[2026-07-24T01:11:22.827+0000] {logging_mixin.py:188} INFO - [2026-07-24T01:11:22.826+0000] {dag.py:3954} INFO - Setting next_dagrun for ingest_bronze_layer to 2026-07-24 01:00:00+00:00, run_after=2026-07-24 02:00:00+00:00
[2026-07-24T01:11:22.901+0000] {processor.py:183} INFO - Processing /opt/airflow/dags/bronze_ingestion_dag.py took 0.400 seconds
[2026-07-24T01:11:53.711+0000] {processor.py:161} INFO - Started process (PID=5139) to work on /opt/airflow/dags/bronze_ingestion_dag.py
[2026-07-24T01:11:53.714+0000] {processor.py:830} INFO - Processing file /opt/airflow/dags/bronze_ingestion_dag.py for tasks to queue
[2026-07-24T01:11:53.720+0000] {logging_mixin.py:188} INFO - [2026-07-24T01:11:53.719+0000] {dagbag.py:545} INFO - Filling up the DagBag from /opt/airflow/dags/bronze_ingestion_dag.py
[2026-07-24T01:11:53.784+0000] {processor.py:840} INFO - DAG(s) 'ingest_bronze_layer' retrieved from /opt/airflow/dags/bronze_ingestion_dag.py
[2026-07-24T01:11:53.832+0000] {logging_mixin.py:188} INFO - [2026-07-24T01:11:53.831+0000] {dag.py:3096} INFO - Sync 1 DAGs
[2026-07-24T01:11:53.890+0000] {logging_mixin.py:188} INFO - [2026-07-24T01:11:53.890+0000] {dag.py:3954} INFO - Setting next_dagrun for ingest_bronze_layer to 2026-07-24 01:00:00+00:00, run_after=2026-07-24 02:00:00+00:00
[2026-07-24T01:11:53.938+0000] {processor.py:183} INFO - Processing /opt/airflow/dags/bronze_ingestion_dag.py took 0.242 seconds
[2026-07-24T01:12:24.141+0000] {processor.py:161} INFO - Started process (PID=5154) to work on /opt/airflow/dags/bronze_ingestion_dag.py
[2026-07-24T01:12:24.145+0000] {processor.py:830} INFO - Processing file /opt/airflow/dags/bronze_ingestion_dag.py for tasks to queue
[2026-07-24T01:12:24.151+0000] {logging_mixin.py:188} INFO - [2026-07-24T01:12:24.150+0000] {dagbag.py:545} INFO - Filling up the DagBag from /opt/airflow/dags/bronze_ingestion_dag.py
[2026-07-24T01:12:24.252+0000] {processor.py:840} INFO - DAG(s) 'ingest_bronze_layer' retrieved from /opt/airflow/dags/bronze_ingestion_dag.py
[2026-07-24T01:12:24.358+0000] {logging_mixin.py:188} INFO - [2026-07-24T01:12:24.357+0000] {dag.py:3096} INFO - Sync 1 DAGs
[2026-07-24T01:12:24.461+0000] {logging_mixin.py:188} INFO - [2026-07-24T01:12:24.460+0000] {dag.py:3954} INFO - Setting next_dagrun for ingest_bronze_layer to 2026-07-24 01:00:00+00:00, run_after=2026-07-24 02:00:00+00:00
[2026-07-24T01:12:24.575+0000] {processor.py:183} INFO - Processing /opt/airflow/dags/bronze_ingestion_dag.py took 0.450 seconds
[2026-07-24T01:12:54.744+0000] {processor.py:161} INFO - Started process (PID=5169) to work on /opt/airflow/dags/bronze_ingestion_dag.py
[2026-07-24T01:12:54.748+0000] {processor.py:830} INFO - Processing file /opt/airflow/dags/bronze_ingestion_dag.py for tasks to queue
[2026-07-24T01:12:54.753+0000] {logging_mixin.py:188} INFO - [2026-07-24T01:12:54.752+0000] {dagbag.py:545} INFO - Filling up the DagBag from /opt/airflow/dags/bronze_ingestion_dag.py
[2026-07-24T01:12:54.847+0000] {processor.py:840} INFO - DAG(s) 'ingest_bronze_layer' retrieved from /opt/airflow/dags/bronze_ingestion_dag.py
[2026-07-24T01:12:54.915+0000] {logging_mixin.py:188} INFO - [2026-07-24T01:12:54.913+0000] {dag.py:3096} INFO - Sync 1 DAGs
[2026-07-24T01:12:54.964+0000] {logging_mixin.py:188} INFO - [2026-07-24T01:12:54.963+0000] {dag.py:3954} INFO - Setting next_dagrun for ingest_bronze_layer to 2026-07-24 01:00:00+00:00, run_after=2026-07-24 02:00:00+00:00
[2026-07-24T01:12:55.011+0000] {processor.py:183} INFO - Processing /opt/airflow/dags/bronze_ingestion_dag.py took 0.304 seconds
[2026-07-24T01:13:25.544+0000] {processor.py:161} INFO - Started process (PID=5184) to work on /opt/airflow/dags/bronze_ingestion_dag.py
[2026-07-24T01:13:25.558+0000] {processor.py:830} INFO - Processing file /opt/airflow/dags/bronze_ingestion_dag.py for tasks to queue
[2026-07-24T01:13:25.571+0000] {logging_mixin.py:188} INFO - [2026-07-24T01:13:25.570+0000] {dagbag.py:545} INFO - Filling up the DagBag from /opt/airflow/dags/bronze_ingestion_dag.py
[2026-07-24T01:13:25.657+0000] {processor.py:840} INFO - DAG(s) 'ingest_bronze_layer' retrieved from /opt/airflow/dags/bronze_ingestion_dag.py
[2026-07-24T01:13:25.717+0000] {logging_mixin.py:188} INFO - [2026-07-24T01:13:25.716+0000] {dag.py:3096} INFO - Sync 1 DAGs
[2026-07-24T01:13:25.793+0000] {logging_mixin.py:188} INFO - [2026-07-24T01:13:25.793+0000] {dag.py:3954} INFO - Setting next_dagrun for ingest_bronze_layer to 2026-07-24 01:00:00+00:00, run_after=2026-07-24 02:00:00+00:00
[2026-07-24T01:13:25.849+0000] {processor.py:183} INFO - Processing /opt/airflow/dags/bronze_ingestion_dag.py took 0.329 seconds
[2026-07-24T01:13:56.382+0000] {processor.py:161} INFO - Started process (PID=5199) to work on /opt/airflow/dags/bronze_ingestion_dag.py
[2026-07-24T01:13:56.386+0000] {processor.py:830} INFO - Processing file /opt/airflow/dags/bronze_ingestion_dag.py for tasks to queue
[2026-07-24T01:13:56.400+0000] {logging_mixin.py:188} INFO - [2026-07-24T01:13:56.399+0000] {dagbag.py:545} INFO - Filling up the DagBag from /opt/airflow/dags/bronze_ingestion_dag.py
[2026-07-24T01:13:56.465+0000] {processor.py:840} INFO - DAG(s) 'ingest_bronze_layer' retrieved from /opt/airflow/dags/bronze_ingestion_dag.py
[2026-07-24T01:13:56.532+0000] {logging_mixin.py:188} INFO - [2026-07-24T01:13:56.526+0000] {dag.py:3096} INFO - Sync 1 DAGs
[2026-07-24T01:13:56.588+0000] {logging_mixin.py:188} INFO - [2026-07-24T01:13:56.588+0000] {dag.py:3954} INFO - Setting next_dagrun for ingest_bronze_layer to 2026-07-24 01:00:00+00:00, run_after=2026-07-24 02:00:00+00:00
[2026-07-24T01:13:56.628+0000] {processor.py:183} INFO - Processing /opt/airflow/dags/bronze_ingestion_dag.py took 0.269 seconds
[2026-07-24T01:14:26.949+0000] {processor.py:161} INFO - Started process (PID=5214) to work on /opt/airflow/dags/bronze_ingestion_dag.py
[2026-07-24T01:14:26.952+0000] {processor.py:830} INFO - Processing file /opt/airflow/dags/bronze_ingestion_dag.py for tasks to queue
[2026-07-24T01:14:26.956+0000] {logging_mixin.py:188} INFO - [2026-07-24T01:14:26.956+0000] {dagbag.py:545} INFO - Filling up the DagBag from /opt/airflow/dags/bronze_ingestion_dag.py
[2026-07-24T01:14:26.996+0000] {processor.py:840} INFO - DAG(s) 'ingest_bronze_layer' retrieved from /opt/airflow/dags/bronze_ingestion_dag.py
[2026-07-24T01:14:27.036+0000] {logging_mixin.py:188} INFO - [2026-07-24T01:14:27.035+0000] {dag.py:3096} INFO - Sync 1 DAGs
[2026-07-24T01:14:27.082+0000] {logging_mixin.py:188} INFO - [2026-07-24T01:14:27.081+0000] {dag.py:3954} INFO - Setting next_dagrun for ingest_bronze_layer to 2026-07-24 01:00:00+00:00, run_after=2026-07-24 02:00:00+00:00
[2026-07-24T01:14:27.119+0000] {processor.py:183} INFO - Processing /opt/airflow/dags/bronze_ingestion_dag.py took 0.182 seconds
[2026-07-24T01:14:58.203+0000] {processor.py:161} INFO - Started process (PID=5229) to work on /opt/airflow/dags/bronze_ingestion_dag.py
[2026-07-24T01:14:58.210+0000] {processor.py:830} INFO - Processing file /opt/airflow/dags/bronze_ingestion_dag.py for tasks to queue
[2026-07-24T01:14:58.242+0000] {logging_mixin.py:188} INFO - [2026-07-24T01:14:58.240+0000] {dagbag.py:545} INFO - Filling up the DagBag from /opt/airflow/dags/bronze_ingestion_dag.py
[2026-07-24T01:14:58.299+0000] {processor.py:840} INFO - DAG(s) 'ingest_bronze_layer' retrieved from /opt/airflow/dags/bronze_ingestion_dag.py
[2026-07-24T01:14:58.349+0000] {logging_mixin.py:188} INFO - [2026-07-24T01:14:58.348+0000] {dag.py:3096} INFO - Sync 1 DAGs
[2026-07-24T01:14:58.402+0000] {logging_mixin.py:188} INFO - [2026-07-24T01:14:58.401+0000] {dag.py:3954} INFO - Setting next_dagrun for ingest_bronze_layer to 2026-07-24 01:00:00+00:00, run_after=2026-07-24 02:00:00+00:00
[2026-07-24T01:14:58.442+0000] {processor.py:183} INFO - Processing /opt/airflow/dags/bronze_ingestion_dag.py took 0.266 seconds
