[2026-07-24T00:26:26.537+0000] {processor.py:161} INFO - Started process (PID=164) to work on /opt/airflow/dags/gold_processing_dag.py
[2026-07-24T00:26:26.570+0000] {processor.py:830} INFO - Processing file /opt/airflow/dags/gold_processing_dag.py for tasks to queue
[2026-07-24T00:26:26.641+0000] {logging_mixin.py:188} INFO - [2026-07-24T00:26:26.594+0000] {dagbag.py:545} INFO - Filling up the DagBag from /opt/airflow/dags/gold_processing_dag.py
[2026-07-24T00:26:29.047+0000] {processor.py:840} INFO - DAG(s) 'process_gold_layer' retrieved from /opt/airflow/dags/gold_processing_dag.py
[2026-07-24T00:26:29.364+0000] {logging_mixin.py:188} INFO - [2026-07-24T00:26:29.363+0000] {dag.py:3096} INFO - Sync 1 DAGs
[2026-07-24T00:26:30.245+0000] {logging_mixin.py:188} INFO - [2026-07-24T00:26:30.244+0000] {dag.py:3954} INFO - Setting next_dagrun for process_gold_layer to 2026-07-23 23:00:00+00:00, run_after=2026-07-24 00:00:00+00:00
[2026-07-24T00:26:31.110+0000] {processor.py:183} INFO - Processing /opt/airflow/dags/gold_processing_dag.py took 4.641 seconds
[2026-07-24T00:27:03.242+0000] {processor.py:161} INFO - Started process (PID=187) to work on /opt/airflow/dags/gold_processing_dag.py
[2026-07-24T00:27:03.255+0000] {processor.py:830} INFO - Processing file /opt/airflow/dags/gold_processing_dag.py for tasks to queue
[2026-07-24T00:27:03.264+0000] {logging_mixin.py:188} INFO - [2026-07-24T00:27:03.263+0000] {dagbag.py:545} INFO - Filling up the DagBag from /opt/airflow/dags/gold_processing_dag.py
[2026-07-24T00:27:03.343+0000] {processor.py:840} INFO - DAG(s) 'process_gold_layer' retrieved from /opt/airflow/dags/gold_processing_dag.py
[2026-07-24T00:27:04.422+0000] {logging_mixin.py:188} INFO - [2026-07-24T00:27:04.421+0000] {dag.py:3096} INFO - Sync 1 DAGs
[2026-07-24T00:27:04.469+0000] {logging_mixin.py:188} INFO - [2026-07-24T00:27:04.468+0000] {dag.py:3954} INFO - Setting next_dagrun for process_gold_layer to 2026-07-23 23:00:00+00:00, run_after=2026-07-24 00:00:00+00:00
[2026-07-24T00:27:04.525+0000] {processor.py:183} INFO - Processing /opt/airflow/dags/gold_processing_dag.py took 1.315 seconds
[2026-07-24T00:27:35.669+0000] {processor.py:161} INFO - Started process (PID=304) to work on /opt/airflow/dags/gold_processing_dag.py
[2026-07-24T00:27:35.717+0000] {processor.py:830} INFO - Processing file /opt/airflow/dags/gold_processing_dag.py for tasks to queue
[2026-07-24T00:27:35.830+0000] {logging_mixin.py:188} INFO - [2026-07-24T00:27:35.819+0000] {dagbag.py:545} INFO - Filling up the DagBag from /opt/airflow/dags/gold_processing_dag.py
[2026-07-24T00:27:36.348+0000] {processor.py:840} INFO - DAG(s) 'process_gold_layer' retrieved from /opt/airflow/dags/gold_processing_dag.py
[2026-07-24T00:27:36.849+0000] {logging_mixin.py:188} INFO - [2026-07-24T00:27:36.842+0000] {dag.py:3096} INFO - Sync 1 DAGs
[2026-07-24T00:27:37.641+0000] {logging_mixin.py:188} INFO - [2026-07-24T00:27:37.640+0000] {dag.py:3954} INFO - Setting next_dagrun for process_gold_layer to 2026-07-23 23:00:00+00:00, run_after=2026-07-24 00:00:00+00:00
[2026-07-24T00:27:38.222+0000] {processor.py:183} INFO - Processing /opt/airflow/dags/gold_processing_dag.py took 2.827 seconds
[2026-07-24T00:28:08.922+0000] {processor.py:161} INFO - Started process (PID=340) to work on /opt/airflow/dags/gold_processing_dag.py
[2026-07-24T00:28:08.929+0000] {processor.py:830} INFO - Processing file /opt/airflow/dags/gold_processing_dag.py for tasks to queue
[2026-07-24T00:28:08.950+0000] {logging_mixin.py:188} INFO - [2026-07-24T00:28:08.945+0000] {dagbag.py:545} INFO - Filling up the DagBag from /opt/airflow/dags/gold_processing_dag.py
[2026-07-24T00:28:09.058+0000] {processor.py:840} INFO - DAG(s) 'process_gold_layer' retrieved from /opt/airflow/dags/gold_processing_dag.py
[2026-07-24T00:28:09.292+0000] {logging_mixin.py:188} INFO - [2026-07-24T00:28:09.291+0000] {dag.py:3096} INFO - Sync 1 DAGs
[2026-07-24T00:28:09.675+0000] {logging_mixin.py:188} INFO - [2026-07-24T00:28:09.673+0000] {dag.py:3954} INFO - Setting next_dagrun for process_gold_layer to 2026-07-23 23:00:00+00:00, run_after=2026-07-24 00:00:00+00:00
[2026-07-24T00:28:15.029+0000] {processor.py:183} INFO - Processing /opt/airflow/dags/gold_processing_dag.py took 6.157 seconds
[2026-07-24T00:28:45.577+0000] {processor.py:161} INFO - Started process (PID=392) to work on /opt/airflow/dags/gold_processing_dag.py
[2026-07-24T00:28:45.587+0000] {processor.py:830} INFO - Processing file /opt/airflow/dags/gold_processing_dag.py for tasks to queue
[2026-07-24T00:28:45.599+0000] {logging_mixin.py:188} INFO - [2026-07-24T00:28:45.598+0000] {dagbag.py:545} INFO - Filling up the DagBag from /opt/airflow/dags/gold_processing_dag.py
[2026-07-24T00:28:45.717+0000] {processor.py:840} INFO - DAG(s) 'process_gold_layer' retrieved from /opt/airflow/dags/gold_processing_dag.py
[2026-07-24T00:28:45.861+0000] {logging_mixin.py:188} INFO - [2026-07-24T00:28:45.861+0000] {dag.py:3096} INFO - Sync 1 DAGs
[2026-07-24T00:28:49.360+0000] {logging_mixin.py:188} INFO - [2026-07-24T00:28:49.360+0000] {dag.py:3954} INFO - Setting next_dagrun for process_gold_layer to 2026-07-23 23:00:00+00:00, run_after=2026-07-24 00:00:00+00:00
[2026-07-24T00:28:49.469+0000] {processor.py:183} INFO - Processing /opt/airflow/dags/gold_processing_dag.py took 3.988 seconds
[2026-07-24T00:29:19.894+0000] {processor.py:161} INFO - Started process (PID=505) to work on /opt/airflow/dags/gold_processing_dag.py
[2026-07-24T00:29:19.897+0000] {processor.py:830} INFO - Processing file /opt/airflow/dags/gold_processing_dag.py for tasks to queue
[2026-07-24T00:29:19.910+0000] {logging_mixin.py:188} INFO - [2026-07-24T00:29:19.908+0000] {dagbag.py:545} INFO - Filling up the DagBag from /opt/airflow/dags/gold_processing_dag.py
[2026-07-24T00:29:19.997+0000] {processor.py:840} INFO - DAG(s) 'process_gold_layer' retrieved from /opt/airflow/dags/gold_processing_dag.py
[2026-07-24T00:29:21.891+0000] {logging_mixin.py:188} INFO - [2026-07-24T00:29:21.891+0000] {dag.py:3096} INFO - Sync 1 DAGs
[2026-07-24T00:29:22.024+0000] {logging_mixin.py:188} INFO - [2026-07-24T00:29:22.023+0000] {dag.py:3954} INFO - Setting next_dagrun for process_gold_layer to 2026-07-23 23:00:00+00:00, run_after=2026-07-24 00:00:00+00:00
[2026-07-24T00:29:22.131+0000] {processor.py:183} INFO - Processing /opt/airflow/dags/gold_processing_dag.py took 2.266 seconds
[2026-07-24T00:29:53.447+0000] {processor.py:161} INFO - Started process (PID=549) to work on /opt/airflow/dags/gold_processing_dag.py
[2026-07-24T00:29:53.451+0000] {processor.py:830} INFO - Processing file /opt/airflow/dags/gold_processing_dag.py for tasks to queue
[2026-07-24T00:29:53.476+0000] {logging_mixin.py:188} INFO - [2026-07-24T00:29:53.473+0000] {dagbag.py:545} INFO - Filling up the DagBag from /opt/airflow/dags/gold_processing_dag.py
[2026-07-24T00:29:53.615+0000] {processor.py:840} INFO - DAG(s) 'process_gold_layer' retrieved from /opt/airflow/dags/gold_processing_dag.py
[2026-07-24T00:29:53.733+0000] {logging_mixin.py:188} INFO - [2026-07-24T00:29:53.732+0000] {dag.py:3096} INFO - Sync 1 DAGs
[2026-07-24T00:29:53.863+0000] {logging_mixin.py:188} INFO - [2026-07-24T00:29:53.861+0000] {dag.py:3954} INFO - Setting next_dagrun for process_gold_layer to 2026-07-23 23:00:00+00:00, run_after=2026-07-24 00:00:00+00:00
[2026-07-24T00:29:53.940+0000] {processor.py:183} INFO - Processing /opt/airflow/dags/gold_processing_dag.py took 0.572 seconds
[2026-07-24T00:30:24.822+0000] {processor.py:161} INFO - Started process (PID=582) to work on /opt/airflow/dags/gold_processing_dag.py
[2026-07-24T00:30:24.876+0000] {processor.py:830} INFO - Processing file /opt/airflow/dags/gold_processing_dag.py for tasks to queue
[2026-07-24T00:30:24.980+0000] {logging_mixin.py:188} INFO - [2026-07-24T00:30:24.974+0000] {dagbag.py:545} INFO - Filling up the DagBag from /opt/airflow/dags/gold_processing_dag.py
[2026-07-24T00:30:25.343+0000] {processor.py:840} INFO - DAG(s) 'process_gold_layer' retrieved from /opt/airflow/dags/gold_processing_dag.py
[2026-07-24T00:30:25.872+0000] {logging_mixin.py:188} INFO - [2026-07-24T00:30:25.871+0000] {dag.py:3096} INFO - Sync 1 DAGs
[2026-07-24T00:30:26.460+0000] {logging_mixin.py:188} INFO - [2026-07-24T00:30:26.457+0000] {dag.py:3954} INFO - Setting next_dagrun for process_gold_layer to 2026-07-23 23:00:00+00:00, run_after=2026-07-24 00:00:00+00:00
[2026-07-24T00:30:26.733+0000] {processor.py:183} INFO - Processing /opt/airflow/dags/gold_processing_dag.py took 2.183 seconds
[2026-07-24T00:30:57.501+0000] {processor.py:161} INFO - Started process (PID=632) to work on /opt/airflow/dags/gold_processing_dag.py
[2026-07-24T00:30:57.542+0000] {processor.py:830} INFO - Processing file /opt/airflow/dags/gold_processing_dag.py for tasks to queue
[2026-07-24T00:30:57.570+0000] {logging_mixin.py:188} INFO - [2026-07-24T00:30:57.569+0000] {dagbag.py:545} INFO - Filling up the DagBag from /opt/airflow/dags/gold_processing_dag.py
[2026-07-24T00:30:57.751+0000] {processor.py:840} INFO - DAG(s) 'process_gold_layer' retrieved from /opt/airflow/dags/gold_processing_dag.py
[2026-07-24T00:30:57.936+0000] {logging_mixin.py:188} INFO - [2026-07-24T00:30:57.935+0000] {dag.py:3096} INFO - Sync 1 DAGs
[2026-07-24T00:30:58.076+0000] {logging_mixin.py:188} INFO - [2026-07-24T00:30:58.076+0000] {dag.py:3954} INFO - Setting next_dagrun for process_gold_layer to 2026-07-23 23:00:00+00:00, run_after=2026-07-24 00:00:00+00:00
[2026-07-24T00:30:58.168+0000] {processor.py:183} INFO - Processing /opt/airflow/dags/gold_processing_dag.py took 0.723 seconds
[2026-07-24T00:31:29.706+0000] {processor.py:161} INFO - Started process (PID=732) to work on /opt/airflow/dags/gold_processing_dag.py
[2026-07-24T00:31:29.735+0000] {processor.py:830} INFO - Processing file /opt/airflow/dags/gold_processing_dag.py for tasks to queue
[2026-07-24T00:31:29.807+0000] {logging_mixin.py:188} INFO - [2026-07-24T00:31:29.793+0000] {dagbag.py:545} INFO - Filling up the DagBag from /opt/airflow/dags/gold_processing_dag.py
[2026-07-24T00:31:30.322+0000] {processor.py:840} INFO - DAG(s) 'process_gold_layer' retrieved from /opt/airflow/dags/gold_processing_dag.py
[2026-07-24T00:31:30.929+0000] {logging_mixin.py:188} INFO - [2026-07-24T00:31:30.928+0000] {dag.py:3096} INFO - Sync 1 DAGs
[2026-07-24T00:31:31.237+0000] {logging_mixin.py:188} INFO - [2026-07-24T00:31:31.236+0000] {dag.py:3954} INFO - Setting next_dagrun for process_gold_layer to 2026-07-23 23:00:00+00:00, run_after=2026-07-24 00:00:00+00:00
[2026-07-24T00:31:32.079+0000] {processor.py:183} INFO - Processing /opt/airflow/dags/gold_processing_dag.py took 2.673 seconds
[2026-07-24T00:32:02.798+0000] {processor.py:161} INFO - Started process (PID=774) to work on /opt/airflow/dags/gold_processing_dag.py
[2026-07-24T00:32:02.801+0000] {processor.py:830} INFO - Processing file /opt/airflow/dags/gold_processing_dag.py for tasks to queue
[2026-07-24T00:32:02.810+0000] {logging_mixin.py:188} INFO - [2026-07-24T00:32:02.808+0000] {dagbag.py:545} INFO - Filling up the DagBag from /opt/airflow/dags/gold_processing_dag.py
[2026-07-24T00:32:02.882+0000] {processor.py:840} INFO - DAG(s) 'process_gold_layer' retrieved from /opt/airflow/dags/gold_processing_dag.py
[2026-07-24T00:32:03.027+0000] {logging_mixin.py:188} INFO - [2026-07-24T00:32:03.025+0000] {dag.py:3096} INFO - Sync 1 DAGs
[2026-07-24T00:32:03.286+0000] {logging_mixin.py:188} INFO - [2026-07-24T00:32:03.285+0000] {dag.py:3954} INFO - Setting next_dagrun for process_gold_layer to 2026-07-23 23:00:00+00:00, run_after=2026-07-24 00:00:00+00:00
[2026-07-24T00:32:03.546+0000] {processor.py:183} INFO - Processing /opt/airflow/dags/gold_processing_dag.py took 0.777 seconds
[2026-07-24T00:32:34.381+0000] {processor.py:161} INFO - Started process (PID=839) to work on /opt/airflow/dags/gold_processing_dag.py
[2026-07-24T00:32:34.386+0000] {processor.py:830} INFO - Processing file /opt/airflow/dags/gold_processing_dag.py for tasks to queue
[2026-07-24T00:32:34.399+0000] {logging_mixin.py:188} INFO - [2026-07-24T00:32:34.397+0000] {dagbag.py:545} INFO - Filling up the DagBag from /opt/airflow/dags/gold_processing_dag.py
[2026-07-24T00:32:34.518+0000] {processor.py:840} INFO - DAG(s) 'process_gold_layer' retrieved from /opt/airflow/dags/gold_processing_dag.py
[2026-07-24T00:32:34.608+0000] {logging_mixin.py:188} INFO - [2026-07-24T00:32:34.608+0000] {dag.py:3096} INFO - Sync 1 DAGs
[2026-07-24T00:32:34.755+0000] {logging_mixin.py:188} INFO - [2026-07-24T00:32:34.754+0000] {dag.py:3954} INFO - Setting next_dagrun for process_gold_layer to 2026-07-23 23:00:00+00:00, run_after=2026-07-24 00:00:00+00:00
[2026-07-24T00:32:34.887+0000] {processor.py:183} INFO - Processing /opt/airflow/dags/gold_processing_dag.py took 0.553 seconds
[2026-07-24T00:33:05.104+0000] {processor.py:161} INFO - Started process (PID=858) to work on /opt/airflow/dags/gold_processing_dag.py
[2026-07-24T00:33:05.107+0000] {processor.py:830} INFO - Processing file /opt/airflow/dags/gold_processing_dag.py for tasks to queue
[2026-07-24T00:33:05.124+0000] {logging_mixin.py:188} INFO - [2026-07-24T00:33:05.121+0000] {dagbag.py:545} INFO - Filling up the DagBag from /opt/airflow/dags/gold_processing_dag.py
[2026-07-24T00:33:05.174+0000] {processor.py:840} INFO - DAG(s) 'process_gold_layer' retrieved from /opt/airflow/dags/gold_processing_dag.py
[2026-07-24T00:33:05.242+0000] {logging_mixin.py:188} INFO - [2026-07-24T00:33:05.241+0000] {dag.py:3096} INFO - Sync 1 DAGs
[2026-07-24T00:33:05.325+0000] {logging_mixin.py:188} INFO - [2026-07-24T00:33:05.325+0000] {dag.py:3954} INFO - Setting next_dagrun for process_gold_layer to 2026-07-23 23:00:00+00:00, run_after=2026-07-24 00:00:00+00:00
[2026-07-24T00:33:05.381+0000] {processor.py:183} INFO - Processing /opt/airflow/dags/gold_processing_dag.py took 0.293 seconds
[2026-07-24T00:33:36.036+0000] {processor.py:161} INFO - Started process (PID=876) to work on /opt/airflow/dags/gold_processing_dag.py
[2026-07-24T00:33:36.044+0000] {processor.py:830} INFO - Processing file /opt/airflow/dags/gold_processing_dag.py for tasks to queue
[2026-07-24T00:33:36.052+0000] {logging_mixin.py:188} INFO - [2026-07-24T00:33:36.051+0000] {dagbag.py:545} INFO - Filling up the DagBag from /opt/airflow/dags/gold_processing_dag.py
[2026-07-24T00:33:36.124+0000] {processor.py:840} INFO - DAG(s) 'process_gold_layer' retrieved from /opt/airflow/dags/gold_processing_dag.py
[2026-07-24T00:33:36.232+0000] {logging_mixin.py:188} INFO - [2026-07-24T00:33:36.232+0000] {dag.py:3096} INFO - Sync 1 DAGs
[2026-07-24T00:33:36.307+0000] {logging_mixin.py:188} INFO - [2026-07-24T00:33:36.306+0000] {dag.py:3954} INFO - Setting next_dagrun for process_gold_layer to 2026-07-23 23:00:00+00:00, run_after=2026-07-24 00:00:00+00:00
[2026-07-24T00:33:36.370+0000] {processor.py:183} INFO - Processing /opt/airflow/dags/gold_processing_dag.py took 0.353 seconds
[2026-07-24T00:34:06.727+0000] {processor.py:161} INFO - Started process (PID=891) to work on /opt/airflow/dags/gold_processing_dag.py
[2026-07-24T00:34:06.730+0000] {processor.py:830} INFO - Processing file /opt/airflow/dags/gold_processing_dag.py for tasks to queue
[2026-07-24T00:34:06.736+0000] {logging_mixin.py:188} INFO - [2026-07-24T00:34:06.735+0000] {dagbag.py:545} INFO - Filling up the DagBag from /opt/airflow/dags/gold_processing_dag.py
[2026-07-24T00:34:06.799+0000] {processor.py:840} INFO - DAG(s) 'process_gold_layer' retrieved from /opt/airflow/dags/gold_processing_dag.py
[2026-07-24T00:34:06.863+0000] {logging_mixin.py:188} INFO - [2026-07-24T00:34:06.862+0000] {dag.py:3096} INFO - Sync 1 DAGs
[2026-07-24T00:34:06.933+0000] {logging_mixin.py:188} INFO - [2026-07-24T00:34:06.932+0000] {dag.py:3954} INFO - Setting next_dagrun for process_gold_layer to 2026-07-23 23:00:00+00:00, run_after=2026-07-24 00:00:00+00:00
[2026-07-24T00:34:06.993+0000] {processor.py:183} INFO - Processing /opt/airflow/dags/gold_processing_dag.py took 0.290 seconds
[2026-07-24T00:34:37.266+0000] {processor.py:161} INFO - Started process (PID=906) to work on /opt/airflow/dags/gold_processing_dag.py
[2026-07-24T00:34:37.277+0000] {processor.py:830} INFO - Processing file /opt/airflow/dags/gold_processing_dag.py for tasks to queue
[2026-07-24T00:34:37.298+0000] {logging_mixin.py:188} INFO - [2026-07-24T00:34:37.292+0000] {dagbag.py:545} INFO - Filling up the DagBag from /opt/airflow/dags/gold_processing_dag.py
[2026-07-24T00:34:37.543+0000] {processor.py:840} INFO - DAG(s) 'process_gold_layer' retrieved from /opt/airflow/dags/gold_processing_dag.py
[2026-07-24T00:34:37.795+0000] {logging_mixin.py:188} INFO - [2026-07-24T00:34:37.795+0000] {dag.py:3096} INFO - Sync 1 DAGs
[2026-07-24T00:34:37.987+0000] {logging_mixin.py:188} INFO - [2026-07-24T00:34:37.987+0000] {dag.py:3954} INFO - Setting next_dagrun for process_gold_layer to 2026-07-23 23:00:00+00:00, run_after=2026-07-24 00:00:00+00:00
[2026-07-24T00:34:38.119+0000] {processor.py:183} INFO - Processing /opt/airflow/dags/gold_processing_dag.py took 0.892 seconds
[2026-07-24T00:35:08.882+0000] {processor.py:161} INFO - Started process (PID=977) to work on /opt/airflow/dags/gold_processing_dag.py
[2026-07-24T00:35:08.903+0000] {processor.py:830} INFO - Processing file /opt/airflow/dags/gold_processing_dag.py for tasks to queue
[2026-07-24T00:35:08.918+0000] {logging_mixin.py:188} INFO - [2026-07-24T00:35:08.917+0000] {dagbag.py:545} INFO - Filling up the DagBag from /opt/airflow/dags/gold_processing_dag.py
[2026-07-24T00:35:09.001+0000] {processor.py:840} INFO - DAG(s) 'process_gold_layer' retrieved from /opt/airflow/dags/gold_processing_dag.py
[2026-07-24T00:35:09.141+0000] {logging_mixin.py:188} INFO - [2026-07-24T00:35:09.140+0000] {dag.py:3096} INFO - Sync 1 DAGs
[2026-07-24T00:35:09.423+0000] {logging_mixin.py:188} INFO - [2026-07-24T00:35:09.422+0000] {dag.py:3954} INFO - Setting next_dagrun for process_gold_layer to 2026-07-24 00:00:00+00:00, run_after=2026-07-24 01:00:00+00:00
[2026-07-24T00:35:09.653+0000] {processor.py:183} INFO - Processing /opt/airflow/dags/gold_processing_dag.py took 0.831 seconds
[2026-07-24T00:35:40.037+0000] {processor.py:161} INFO - Started process (PID=1008) to work on /opt/airflow/dags/gold_processing_dag.py
[2026-07-24T00:35:40.050+0000] {processor.py:830} INFO - Processing file /opt/airflow/dags/gold_processing_dag.py for tasks to queue
[2026-07-24T00:35:40.084+0000] {logging_mixin.py:188} INFO - [2026-07-24T00:35:40.078+0000] {dagbag.py:545} INFO - Filling up the DagBag from /opt/airflow/dags/gold_processing_dag.py
[2026-07-24T00:35:40.179+0000] {processor.py:840} INFO - DAG(s) 'process_gold_layer' retrieved from /opt/airflow/dags/gold_processing_dag.py
[2026-07-24T00:35:40.282+0000] {logging_mixin.py:188} INFO - [2026-07-24T00:35:40.281+0000] {dag.py:3096} INFO - Sync 1 DAGs
[2026-07-24T00:35:40.697+0000] {logging_mixin.py:188} INFO - [2026-07-24T00:35:40.697+0000] {dag.py:3954} INFO - Setting next_dagrun for process_gold_layer to 2026-07-24 00:00:00+00:00, run_after=2026-07-24 01:00:00+00:00
[2026-07-24T00:35:40.903+0000] {processor.py:183} INFO - Processing /opt/airflow/dags/gold_processing_dag.py took 0.894 seconds
[2026-07-24T00:36:11.332+0000] {processor.py:161} INFO - Started process (PID=1035) to work on /opt/airflow/dags/gold_processing_dag.py
[2026-07-24T00:36:11.336+0000] {processor.py:830} INFO - Processing file /opt/airflow/dags/gold_processing_dag.py for tasks to queue
[2026-07-24T00:36:11.343+0000] {logging_mixin.py:188} INFO - [2026-07-24T00:36:11.342+0000] {dagbag.py:545} INFO - Filling up the DagBag from /opt/airflow/dags/gold_processing_dag.py
[2026-07-24T00:36:11.399+0000] {processor.py:840} INFO - DAG(s) 'process_gold_layer' retrieved from /opt/airflow/dags/gold_processing_dag.py
[2026-07-24T00:36:11.450+0000] {logging_mixin.py:188} INFO - [2026-07-24T00:36:11.449+0000] {dag.py:3096} INFO - Sync 1 DAGs
[2026-07-24T00:36:11.514+0000] {logging_mixin.py:188} INFO - [2026-07-24T00:36:11.513+0000] {dag.py:3954} INFO - Setting next_dagrun for process_gold_layer to 2026-07-24 00:00:00+00:00, run_after=2026-07-24 01:00:00+00:00
[2026-07-24T00:36:11.566+0000] {processor.py:183} INFO - Processing /opt/airflow/dags/gold_processing_dag.py took 0.250 seconds
[2026-07-24T00:36:41.925+0000] {processor.py:161} INFO - Started process (PID=1054) to work on /opt/airflow/dags/gold_processing_dag.py
[2026-07-24T00:36:41.928+0000] {processor.py:830} INFO - Processing file /opt/airflow/dags/gold_processing_dag.py for tasks to queue
[2026-07-24T00:36:41.934+0000] {logging_mixin.py:188} INFO - [2026-07-24T00:36:41.934+0000] {dagbag.py:545} INFO - Filling up the DagBag from /opt/airflow/dags/gold_processing_dag.py
[2026-07-24T00:36:41.983+0000] {processor.py:840} INFO - DAG(s) 'process_gold_layer' retrieved from /opt/airflow/dags/gold_processing_dag.py
[2026-07-24T00:36:42.042+0000] {logging_mixin.py:188} INFO - [2026-07-24T00:36:42.041+0000] {dag.py:3096} INFO - Sync 1 DAGs
[2026-07-24T00:36:42.340+0000] {logging_mixin.py:188} INFO - [2026-07-24T00:36:42.339+0000] {dag.py:3954} INFO - Setting next_dagrun for process_gold_layer to 2026-07-24 00:00:00+00:00, run_after=2026-07-24 01:00:00+00:00
[2026-07-24T00:36:42.412+0000] {processor.py:183} INFO - Processing /opt/airflow/dags/gold_processing_dag.py took 0.506 seconds
[2026-07-24T00:37:12.683+0000] {processor.py:161} INFO - Started process (PID=1069) to work on /opt/airflow/dags/gold_processing_dag.py
[2026-07-24T00:37:12.687+0000] {processor.py:830} INFO - Processing file /opt/airflow/dags/gold_processing_dag.py for tasks to queue
[2026-07-24T00:37:12.695+0000] {logging_mixin.py:188} INFO - [2026-07-24T00:37:12.694+0000] {dagbag.py:545} INFO - Filling up the DagBag from /opt/airflow/dags/gold_processing_dag.py
[2026-07-24T00:37:12.768+0000] {processor.py:840} INFO - DAG(s) 'process_gold_layer' retrieved from /opt/airflow/dags/gold_processing_dag.py
[2026-07-24T00:37:12.846+0000] {logging_mixin.py:188} INFO - [2026-07-24T00:37:12.840+0000] {dag.py:3096} INFO - Sync 1 DAGs
[2026-07-24T00:37:13.056+0000] {logging_mixin.py:188} INFO - [2026-07-24T00:37:13.055+0000] {dag.py:3954} INFO - Setting next_dagrun for process_gold_layer to 2026-07-24 00:00:00+00:00, run_after=2026-07-24 01:00:00+00:00
[2026-07-24T00:37:13.135+0000] {processor.py:183} INFO - Processing /opt/airflow/dags/gold_processing_dag.py took 0.471 seconds
[2026-07-24T00:37:43.931+0000] {processor.py:161} INFO - Started process (PID=1085) to work on /opt/airflow/dags/gold_processing_dag.py
[2026-07-24T00:37:43.934+0000] {processor.py:830} INFO - Processing file /opt/airflow/dags/gold_processing_dag.py for tasks to queue
[2026-07-24T00:37:43.942+0000] {logging_mixin.py:188} INFO - [2026-07-24T00:37:43.940+0000] {dagbag.py:545} INFO - Filling up the DagBag from /opt/airflow/dags/gold_processing_dag.py
[2026-07-24T00:37:44.021+0000] {processor.py:840} INFO - DAG(s) 'process_gold_layer' retrieved from /opt/airflow/dags/gold_processing_dag.py
[2026-07-24T00:37:44.091+0000] {logging_mixin.py:188} INFO - [2026-07-24T00:37:44.091+0000] {dag.py:3096} INFO - Sync 1 DAGs
[2026-07-24T00:37:44.152+0000] {logging_mixin.py:188} INFO - [2026-07-24T00:37:44.152+0000] {dag.py:3954} INFO - Setting next_dagrun for process_gold_layer to 2026-07-24 00:00:00+00:00, run_after=2026-07-24 01:00:00+00:00
[2026-07-24T00:37:44.210+0000] {processor.py:183} INFO - Processing /opt/airflow/dags/gold_processing_dag.py took 0.305 seconds
[2026-07-24T00:38:14.395+0000] {processor.py:161} INFO - Started process (PID=1104) to work on /opt/airflow/dags/gold_processing_dag.py
[2026-07-24T00:38:14.400+0000] {processor.py:830} INFO - Processing file /opt/airflow/dags/gold_processing_dag.py for tasks to queue
[2026-07-24T00:38:14.406+0000] {logging_mixin.py:188} INFO - [2026-07-24T00:38:14.405+0000] {dagbag.py:545} INFO - Filling up the DagBag from /opt/airflow/dags/gold_processing_dag.py
[2026-07-24T00:38:14.461+0000] {processor.py:840} INFO - DAG(s) 'process_gold_layer' retrieved from /opt/airflow/dags/gold_processing_dag.py
[2026-07-24T00:38:14.543+0000] {logging_mixin.py:188} INFO - [2026-07-24T00:38:14.542+0000] {dag.py:3096} INFO - Sync 1 DAGs
[2026-07-24T00:38:14.641+0000] {logging_mixin.py:188} INFO - [2026-07-24T00:38:14.641+0000] {dag.py:3954} INFO - Setting next_dagrun for process_gold_layer to 2026-07-24 00:00:00+00:00, run_after=2026-07-24 01:00:00+00:00
[2026-07-24T00:38:14.689+0000] {processor.py:183} INFO - Processing /opt/airflow/dags/gold_processing_dag.py took 0.306 seconds
[2026-07-24T00:38:45.363+0000] {processor.py:161} INFO - Started process (PID=1120) to work on /opt/airflow/dags/gold_processing_dag.py
[2026-07-24T00:38:45.367+0000] {processor.py:830} INFO - Processing file /opt/airflow/dags/gold_processing_dag.py for tasks to queue
[2026-07-24T00:38:45.381+0000] {logging_mixin.py:188} INFO - [2026-07-24T00:38:45.379+0000] {dagbag.py:545} INFO - Filling up the DagBag from /opt/airflow/dags/gold_processing_dag.py
[2026-07-24T00:38:45.512+0000] {processor.py:840} INFO - DAG(s) 'process_gold_layer' retrieved from /opt/airflow/dags/gold_processing_dag.py
[2026-07-24T00:38:45.636+0000] {logging_mixin.py:188} INFO - [2026-07-24T00:38:45.636+0000] {dag.py:3096} INFO - Sync 1 DAGs
[2026-07-24T00:38:45.736+0000] {logging_mixin.py:188} INFO - [2026-07-24T00:38:45.735+0000] {dag.py:3954} INFO - Setting next_dagrun for process_gold_layer to 2026-07-24 00:00:00+00:00, run_after=2026-07-24 01:00:00+00:00
[2026-07-24T00:38:45.919+0000] {processor.py:183} INFO - Processing /opt/airflow/dags/gold_processing_dag.py took 0.588 seconds
[2026-07-24T00:39:17.217+0000] {processor.py:161} INFO - Started process (PID=1138) to work on /opt/airflow/dags/gold_processing_dag.py
[2026-07-24T00:39:17.223+0000] {processor.py:830} INFO - Processing file /opt/airflow/dags/gold_processing_dag.py for tasks to queue
[2026-07-24T00:39:17.237+0000] {logging_mixin.py:188} INFO - [2026-07-24T00:39:17.236+0000] {dagbag.py:545} INFO - Filling up the DagBag from /opt/airflow/dags/gold_processing_dag.py
[2026-07-24T00:39:17.360+0000] {processor.py:840} INFO - DAG(s) 'process_gold_layer' retrieved from /opt/airflow/dags/gold_processing_dag.py
[2026-07-24T00:39:17.497+0000] {logging_mixin.py:188} INFO - [2026-07-24T00:39:17.497+0000] {dag.py:3096} INFO - Sync 1 DAGs
[2026-07-24T00:39:17.625+0000] {logging_mixin.py:188} INFO - [2026-07-24T00:39:17.624+0000] {dag.py:3954} INFO - Setting next_dagrun for process_gold_layer to 2026-07-24 00:00:00+00:00, run_after=2026-07-24 01:00:00+00:00
[2026-07-24T00:39:17.746+0000] {processor.py:183} INFO - Processing /opt/airflow/dags/gold_processing_dag.py took 0.598 seconds
[2026-07-24T00:39:48.103+0000] {processor.py:161} INFO - Started process (PID=1157) to work on /opt/airflow/dags/gold_processing_dag.py
[2026-07-24T00:39:48.108+0000] {processor.py:830} INFO - Processing file /opt/airflow/dags/gold_processing_dag.py for tasks to queue
[2026-07-24T00:39:48.119+0000] {logging_mixin.py:188} INFO - [2026-07-24T00:39:48.118+0000] {dagbag.py:545} INFO - Filling up the DagBag from /opt/airflow/dags/gold_processing_dag.py
[2026-07-24T00:39:48.218+0000] {processor.py:840} INFO - DAG(s) 'process_gold_layer' retrieved from /opt/airflow/dags/gold_processing_dag.py
[2026-07-24T00:39:48.332+0000] {logging_mixin.py:188} INFO - [2026-07-24T00:39:48.331+0000] {dag.py:3096} INFO - Sync 1 DAGs
[2026-07-24T00:39:48.452+0000] {logging_mixin.py:188} INFO - [2026-07-24T00:39:48.452+0000] {dag.py:3954} INFO - Setting next_dagrun for process_gold_layer to 2026-07-24 00:00:00+00:00, run_after=2026-07-24 01:00:00+00:00
[2026-07-24T00:39:48.604+0000] {processor.py:183} INFO - Processing /opt/airflow/dags/gold_processing_dag.py took 0.530 seconds
[2026-07-24T00:40:19.727+0000] {processor.py:161} INFO - Started process (PID=1182) to work on /opt/airflow/dags/gold_processing_dag.py
[2026-07-24T00:40:19.732+0000] {processor.py:830} INFO - Processing file /opt/airflow/dags/gold_processing_dag.py for tasks to queue
[2026-07-24T00:40:19.747+0000] {logging_mixin.py:188} INFO - [2026-07-24T00:40:19.746+0000] {dagbag.py:545} INFO - Filling up the DagBag from /opt/airflow/dags/gold_processing_dag.py
[2026-07-24T00:40:19.830+0000] {processor.py:840} INFO - DAG(s) 'process_gold_layer' retrieved from /opt/airflow/dags/gold_processing_dag.py
[2026-07-24T00:40:19.913+0000] {logging_mixin.py:188} INFO - [2026-07-24T00:40:19.912+0000] {dag.py:3096} INFO - Sync 1 DAGs
[2026-07-24T00:40:20.007+0000] {logging_mixin.py:188} INFO - [2026-07-24T00:40:20.006+0000] {dag.py:3954} INFO - Setting next_dagrun for process_gold_layer to 2026-07-24 00:00:00+00:00, run_after=2026-07-24 01:00:00+00:00
[2026-07-24T00:40:20.062+0000] {processor.py:183} INFO - Processing /opt/airflow/dags/gold_processing_dag.py took 0.368 seconds
[2026-07-24T00:40:50.445+0000] {processor.py:161} INFO - Started process (PID=1782) to work on /opt/airflow/dags/gold_processing_dag.py
[2026-07-24T00:40:50.447+0000] {processor.py:830} INFO - Processing file /opt/airflow/dags/gold_processing_dag.py for tasks to queue
[2026-07-24T00:40:50.454+0000] {logging_mixin.py:188} INFO - [2026-07-24T00:40:50.452+0000] {dagbag.py:545} INFO - Filling up the DagBag from /opt/airflow/dags/gold_processing_dag.py
[2026-07-24T00:40:50.529+0000] {processor.py:840} INFO - DAG(s) 'process_gold_layer' retrieved from /opt/airflow/dags/gold_processing_dag.py
[2026-07-24T00:40:50.593+0000] {logging_mixin.py:188} INFO - [2026-07-24T00:40:50.592+0000] {dag.py:3096} INFO - Sync 1 DAGs
[2026-07-24T00:40:50.678+0000] {logging_mixin.py:188} INFO - [2026-07-24T00:40:50.677+0000] {dag.py:3954} INFO - Setting next_dagrun for process_gold_layer to 2026-07-24 00:00:00+00:00, run_after=2026-07-24 01:00:00+00:00
[2026-07-24T00:40:50.761+0000] {processor.py:183} INFO - Processing /opt/airflow/dags/gold_processing_dag.py took 0.334 seconds
[2026-07-24T00:41:21.312+0000] {processor.py:161} INFO - Started process (PID=1849) to work on /opt/airflow/dags/gold_processing_dag.py
[2026-07-24T00:41:21.315+0000] {processor.py:830} INFO - Processing file /opt/airflow/dags/gold_processing_dag.py for tasks to queue
[2026-07-24T00:41:21.323+0000] {logging_mixin.py:188} INFO - [2026-07-24T00:41:21.322+0000] {dagbag.py:545} INFO - Filling up the DagBag from /opt/airflow/dags/gold_processing_dag.py
[2026-07-24T00:41:21.406+0000] {processor.py:840} INFO - DAG(s) 'process_gold_layer' retrieved from /opt/airflow/dags/gold_processing_dag.py
[2026-07-24T00:41:21.548+0000] {logging_mixin.py:188} INFO - [2026-07-24T00:41:21.547+0000] {dag.py:3096} INFO - Sync 1 DAGs
[2026-07-24T00:41:21.779+0000] {logging_mixin.py:188} INFO - [2026-07-24T00:41:21.778+0000] {dag.py:3954} INFO - Setting next_dagrun for process_gold_layer to 2026-07-24 00:00:00+00:00, run_after=2026-07-24 01:00:00+00:00
[2026-07-24T00:41:22.119+0000] {processor.py:183} INFO - Processing /opt/airflow/dags/gold_processing_dag.py took 0.818 seconds
[2026-07-24T00:41:52.715+0000] {processor.py:161} INFO - Started process (PID=1918) to work on /opt/airflow/dags/gold_processing_dag.py
[2026-07-24T00:41:52.724+0000] {processor.py:830} INFO - Processing file /opt/airflow/dags/gold_processing_dag.py for tasks to queue
[2026-07-24T00:41:52.752+0000] {logging_mixin.py:188} INFO - [2026-07-24T00:41:52.745+0000] {dagbag.py:545} INFO - Filling up the DagBag from /opt/airflow/dags/gold_processing_dag.py
[2026-07-24T00:41:52.814+0000] {processor.py:840} INFO - DAG(s) 'process_gold_layer' retrieved from /opt/airflow/dags/gold_processing_dag.py
[2026-07-24T00:41:53.072+0000] {logging_mixin.py:188} INFO - [2026-07-24T00:41:53.071+0000] {dag.py:3096} INFO - Sync 1 DAGs
[2026-07-24T00:41:53.312+0000] {logging_mixin.py:188} INFO - [2026-07-24T00:41:53.312+0000] {dag.py:3954} INFO - Setting next_dagrun for process_gold_layer to 2026-07-24 00:00:00+00:00, run_after=2026-07-24 01:00:00+00:00
[2026-07-24T00:41:53.429+0000] {processor.py:183} INFO - Processing /opt/airflow/dags/gold_processing_dag.py took 0.793 seconds
[2026-07-24T00:42:23.831+0000] {processor.py:161} INFO - Started process (PID=1965) to work on /opt/airflow/dags/gold_processing_dag.py
[2026-07-24T00:42:23.834+0000] {processor.py:830} INFO - Processing file /opt/airflow/dags/gold_processing_dag.py for tasks to queue
[2026-07-24T00:42:23.839+0000] {logging_mixin.py:188} INFO - [2026-07-24T00:42:23.838+0000] {dagbag.py:545} INFO - Filling up the DagBag from /opt/airflow/dags/gold_processing_dag.py
[2026-07-24T00:42:23.929+0000] {processor.py:840} INFO - DAG(s) 'process_gold_layer' retrieved from /opt/airflow/dags/gold_processing_dag.py
[2026-07-24T00:42:24.023+0000] {logging_mixin.py:188} INFO - [2026-07-24T00:42:24.022+0000] {dag.py:3096} INFO - Sync 1 DAGs
[2026-07-24T00:42:24.151+0000] {logging_mixin.py:188} INFO - [2026-07-24T00:42:24.151+0000] {dag.py:3954} INFO - Setting next_dagrun for process_gold_layer to 2026-07-24 00:00:00+00:00, run_after=2026-07-24 01:00:00+00:00
[2026-07-24T00:42:24.231+0000] {processor.py:183} INFO - Processing /opt/airflow/dags/gold_processing_dag.py took 0.428 seconds
[2026-07-24T00:42:55.514+0000] {processor.py:161} INFO - Started process (PID=2024) to work on /opt/airflow/dags/gold_processing_dag.py
[2026-07-24T00:42:55.541+0000] {processor.py:830} INFO - Processing file /opt/airflow/dags/gold_processing_dag.py for tasks to queue
[2026-07-24T00:42:55.590+0000] {logging_mixin.py:188} INFO - [2026-07-24T00:42:55.582+0000] {dagbag.py:545} INFO - Filling up the DagBag from /opt/airflow/dags/gold_processing_dag.py
[2026-07-24T00:42:55.734+0000] {processor.py:840} INFO - DAG(s) 'process_gold_layer' retrieved from /opt/airflow/dags/gold_processing_dag.py
[2026-07-24T00:42:55.874+0000] {logging_mixin.py:188} INFO - [2026-07-24T00:42:55.873+0000] {dag.py:3096} INFO - Sync 1 DAGs
[2026-07-24T00:42:56.030+0000] {logging_mixin.py:188} INFO - [2026-07-24T00:42:56.030+0000] {dag.py:3954} INFO - Setting next_dagrun for process_gold_layer to 2026-07-24 00:00:00+00:00, run_after=2026-07-24 01:00:00+00:00
[2026-07-24T00:42:56.256+0000] {processor.py:183} INFO - Processing /opt/airflow/dags/gold_processing_dag.py took 0.861 seconds
[2026-07-24T00:43:27.694+0000] {processor.py:161} INFO - Started process (PID=2049) to work on /opt/airflow/dags/gold_processing_dag.py
[2026-07-24T00:43:27.713+0000] {processor.py:830} INFO - Processing file /opt/airflow/dags/gold_processing_dag.py for tasks to queue
[2026-07-24T00:43:27.735+0000] {logging_mixin.py:188} INFO - [2026-07-24T00:43:27.734+0000] {dagbag.py:545} INFO - Filling up the DagBag from /opt/airflow/dags/gold_processing_dag.py
[2026-07-24T00:43:27.875+0000] {processor.py:840} INFO - DAG(s) 'process_gold_layer' retrieved from /opt/airflow/dags/gold_processing_dag.py
[2026-07-24T00:43:27.963+0000] {logging_mixin.py:188} INFO - [2026-07-24T00:43:27.962+0000] {dag.py:3096} INFO - Sync 1 DAGs
[2026-07-24T00:43:28.050+0000] {logging_mixin.py:188} INFO - [2026-07-24T00:43:28.050+0000] {dag.py:3954} INFO - Setting next_dagrun for process_gold_layer to 2026-07-24 00:00:00+00:00, run_after=2026-07-24 01:00:00+00:00
[2026-07-24T00:43:28.182+0000] {processor.py:183} INFO - Processing /opt/airflow/dags/gold_processing_dag.py took 0.549 seconds
[2026-07-24T00:43:58.644+0000] {processor.py:161} INFO - Started process (PID=2064) to work on /opt/airflow/dags/gold_processing_dag.py
[2026-07-24T00:43:58.647+0000] {processor.py:830} INFO - Processing file /opt/airflow/dags/gold_processing_dag.py for tasks to queue
[2026-07-24T00:43:58.656+0000] {logging_mixin.py:188} INFO - [2026-07-24T00:43:58.655+0000] {dagbag.py:545} INFO - Filling up the DagBag from /opt/airflow/dags/gold_processing_dag.py
[2026-07-24T00:43:58.759+0000] {processor.py:840} INFO - DAG(s) 'process_gold_layer' retrieved from /opt/airflow/dags/gold_processing_dag.py
[2026-07-24T00:43:58.848+0000] {logging_mixin.py:188} INFO - [2026-07-24T00:43:58.848+0000] {dag.py:3096} INFO - Sync 1 DAGs
[2026-07-24T00:43:58.941+0000] {logging_mixin.py:188} INFO - [2026-07-24T00:43:58.941+0000] {dag.py:3954} INFO - Setting next_dagrun for process_gold_layer to 2026-07-24 00:00:00+00:00, run_after=2026-07-24 01:00:00+00:00
[2026-07-24T00:43:59.039+0000] {processor.py:183} INFO - Processing /opt/airflow/dags/gold_processing_dag.py took 0.416 seconds
[2026-07-24T00:44:30.077+0000] {processor.py:161} INFO - Started process (PID=2079) to work on /opt/airflow/dags/gold_processing_dag.py
[2026-07-24T00:44:30.092+0000] {processor.py:830} INFO - Processing file /opt/airflow/dags/gold_processing_dag.py for tasks to queue
[2026-07-24T00:44:30.157+0000] {logging_mixin.py:188} INFO - [2026-07-24T00:44:30.145+0000] {dagbag.py:545} INFO - Filling up the DagBag from /opt/airflow/dags/gold_processing_dag.py
[2026-07-24T00:44:30.358+0000] {processor.py:840} INFO - DAG(s) 'process_gold_layer' retrieved from /opt/airflow/dags/gold_processing_dag.py
[2026-07-24T00:44:30.564+0000] {logging_mixin.py:188} INFO - [2026-07-24T00:44:30.564+0000] {dag.py:3096} INFO - Sync 1 DAGs
[2026-07-24T00:44:30.637+0000] {logging_mixin.py:188} INFO - [2026-07-24T00:44:30.633+0000] {dag.py:3954} INFO - Setting next_dagrun for process_gold_layer to 2026-07-24 00:00:00+00:00, run_after=2026-07-24 01:00:00+00:00
[2026-07-24T00:44:30.696+0000] {processor.py:183} INFO - Processing /opt/airflow/dags/gold_processing_dag.py took 0.647 seconds
[2026-07-24T00:45:02.186+0000] {processor.py:161} INFO - Started process (PID=2094) to work on /opt/airflow/dags/gold_processing_dag.py
[2026-07-24T00:45:02.204+0000] {processor.py:830} INFO - Processing file /opt/airflow/dags/gold_processing_dag.py for tasks to queue
[2026-07-24T00:45:02.215+0000] {logging_mixin.py:188} INFO - [2026-07-24T00:45:02.213+0000] {dagbag.py:545} INFO - Filling up the DagBag from /opt/airflow/dags/gold_processing_dag.py
[2026-07-24T00:45:02.302+0000] {processor.py:840} INFO - DAG(s) 'process_gold_layer' retrieved from /opt/airflow/dags/gold_processing_dag.py
[2026-07-24T00:45:02.363+0000] {logging_mixin.py:188} INFO - [2026-07-24T00:45:02.362+0000] {dag.py:3096} INFO - Sync 1 DAGs
[2026-07-24T00:45:02.423+0000] {logging_mixin.py:188} INFO - [2026-07-24T00:45:02.423+0000] {dag.py:3954} INFO - Setting next_dagrun for process_gold_layer to 2026-07-24 00:00:00+00:00, run_after=2026-07-24 01:00:00+00:00
[2026-07-24T00:45:02.484+0000] {processor.py:183} INFO - Processing /opt/airflow/dags/gold_processing_dag.py took 0.344 seconds
[2026-07-24T00:45:33.567+0000] {processor.py:161} INFO - Started process (PID=2109) to work on /opt/airflow/dags/gold_processing_dag.py
[2026-07-24T00:45:33.570+0000] {processor.py:830} INFO - Processing file /opt/airflow/dags/gold_processing_dag.py for tasks to queue
[2026-07-24T00:45:33.582+0000] {logging_mixin.py:188} INFO - [2026-07-24T00:45:33.581+0000] {dagbag.py:545} INFO - Filling up the DagBag from /opt/airflow/dags/gold_processing_dag.py
[2026-07-24T00:45:33.791+0000] {processor.py:840} INFO - DAG(s) 'process_gold_layer' retrieved from /opt/airflow/dags/gold_processing_dag.py
[2026-07-24T00:45:34.053+0000] {logging_mixin.py:188} INFO - [2026-07-24T00:45:34.052+0000] {dag.py:3096} INFO - Sync 1 DAGs
[2026-07-24T00:45:34.485+0000] {logging_mixin.py:188} INFO - [2026-07-24T00:45:34.484+0000] {dag.py:3954} INFO - Setting next_dagrun for process_gold_layer to 2026-07-24 00:00:00+00:00, run_after=2026-07-24 01:00:00+00:00
[2026-07-24T00:45:34.590+0000] {processor.py:183} INFO - Processing /opt/airflow/dags/gold_processing_dag.py took 1.063 seconds
[2026-07-24T00:46:05.311+0000] {processor.py:161} INFO - Started process (PID=2124) to work on /opt/airflow/dags/gold_processing_dag.py
[2026-07-24T00:46:05.324+0000] {processor.py:830} INFO - Processing file /opt/airflow/dags/gold_processing_dag.py for tasks to queue
[2026-07-24T00:46:05.335+0000] {logging_mixin.py:188} INFO - [2026-07-24T00:46:05.333+0000] {dagbag.py:545} INFO - Filling up the DagBag from /opt/airflow/dags/gold_processing_dag.py
[2026-07-24T00:46:05.481+0000] {processor.py:840} INFO - DAG(s) 'process_gold_layer' retrieved from /opt/airflow/dags/gold_processing_dag.py
[2026-07-24T00:46:05.575+0000] {logging_mixin.py:188} INFO - [2026-07-24T00:46:05.575+0000] {dag.py:3096} INFO - Sync 1 DAGs
[2026-07-24T00:46:05.715+0000] {logging_mixin.py:188} INFO - [2026-07-24T00:46:05.715+0000] {dag.py:3954} INFO - Setting next_dagrun for process_gold_layer to 2026-07-24 00:00:00+00:00, run_after=2026-07-24 01:00:00+00:00
[2026-07-24T00:46:05.907+0000] {processor.py:183} INFO - Processing /opt/airflow/dags/gold_processing_dag.py took 0.635 seconds
[2026-07-24T00:46:36.320+0000] {processor.py:161} INFO - Started process (PID=2139) to work on /opt/airflow/dags/gold_processing_dag.py
[2026-07-24T00:46:36.323+0000] {processor.py:830} INFO - Processing file /opt/airflow/dags/gold_processing_dag.py for tasks to queue
[2026-07-24T00:46:36.330+0000] {logging_mixin.py:188} INFO - [2026-07-24T00:46:36.330+0000] {dagbag.py:545} INFO - Filling up the DagBag from /opt/airflow/dags/gold_processing_dag.py
[2026-07-24T00:46:36.390+0000] {processor.py:840} INFO - DAG(s) 'process_gold_layer' retrieved from /opt/airflow/dags/gold_processing_dag.py
[2026-07-24T00:46:36.479+0000] {logging_mixin.py:188} INFO - [2026-07-24T00:46:36.478+0000] {dag.py:3096} INFO - Sync 1 DAGs
[2026-07-24T00:46:36.568+0000] {logging_mixin.py:188} INFO - [2026-07-24T00:46:36.568+0000] {dag.py:3954} INFO - Setting next_dagrun for process_gold_layer to 2026-07-24 00:00:00+00:00, run_after=2026-07-24 01:00:00+00:00
[2026-07-24T00:46:36.804+0000] {processor.py:183} INFO - Processing /opt/airflow/dags/gold_processing_dag.py took 0.500 seconds
[2026-07-24T00:47:07.667+0000] {processor.py:161} INFO - Started process (PID=2154) to work on /opt/airflow/dags/gold_processing_dag.py
[2026-07-24T00:47:07.671+0000] {processor.py:830} INFO - Processing file /opt/airflow/dags/gold_processing_dag.py for tasks to queue
[2026-07-24T00:47:07.683+0000] {logging_mixin.py:188} INFO - [2026-07-24T00:47:07.682+0000] {dagbag.py:545} INFO - Filling up the DagBag from /opt/airflow/dags/gold_processing_dag.py
[2026-07-24T00:47:07.750+0000] {processor.py:840} INFO - DAG(s) 'process_gold_layer' retrieved from /opt/airflow/dags/gold_processing_dag.py
[2026-07-24T00:47:07.926+0000] {logging_mixin.py:188} INFO - [2026-07-24T00:47:07.925+0000] {dag.py:3096} INFO - Sync 1 DAGs
[2026-07-24T00:47:08.107+0000] {logging_mixin.py:188} INFO - [2026-07-24T00:47:08.106+0000] {dag.py:3954} INFO - Setting next_dagrun for process_gold_layer to 2026-07-24 00:00:00+00:00, run_after=2026-07-24 01:00:00+00:00
[2026-07-24T00:47:08.211+0000] {processor.py:183} INFO - Processing /opt/airflow/dags/gold_processing_dag.py took 0.568 seconds
[2026-07-24T00:47:39.066+0000] {processor.py:161} INFO - Started process (PID=2169) to work on /opt/airflow/dags/gold_processing_dag.py
[2026-07-24T00:47:39.069+0000] {processor.py:830} INFO - Processing file /opt/airflow/dags/gold_processing_dag.py for tasks to queue
[2026-07-24T00:47:39.081+0000] {logging_mixin.py:188} INFO - [2026-07-24T00:47:39.080+0000] {dagbag.py:545} INFO - Filling up the DagBag from /opt/airflow/dags/gold_processing_dag.py
[2026-07-24T00:47:39.144+0000] {processor.py:840} INFO - DAG(s) 'process_gold_layer' retrieved from /opt/airflow/dags/gold_processing_dag.py
[2026-07-24T00:47:39.250+0000] {logging_mixin.py:188} INFO - [2026-07-24T00:47:39.248+0000] {dag.py:3096} INFO - Sync 1 DAGs
[2026-07-24T00:47:39.444+0000] {logging_mixin.py:188} INFO - [2026-07-24T00:47:39.443+0000] {dag.py:3954} INFO - Setting next_dagrun for process_gold_layer to 2026-07-24 00:00:00+00:00, run_after=2026-07-24 01:00:00+00:00
[2026-07-24T00:47:39.570+0000] {processor.py:183} INFO - Processing /opt/airflow/dags/gold_processing_dag.py took 0.526 seconds
[2026-07-24T00:48:09.972+0000] {processor.py:161} INFO - Started process (PID=2184) to work on /opt/airflow/dags/gold_processing_dag.py
[2026-07-24T00:48:09.976+0000] {processor.py:830} INFO - Processing file /opt/airflow/dags/gold_processing_dag.py for tasks to queue
[2026-07-24T00:48:09.985+0000] {logging_mixin.py:188} INFO - [2026-07-24T00:48:09.984+0000] {dagbag.py:545} INFO - Filling up the DagBag from /opt/airflow/dags/gold_processing_dag.py
[2026-07-24T00:48:10.086+0000] {processor.py:840} INFO - DAG(s) 'process_gold_layer' retrieved from /opt/airflow/dags/gold_processing_dag.py
[2026-07-24T00:48:10.184+0000] {logging_mixin.py:188} INFO - [2026-07-24T00:48:10.184+0000] {dag.py:3096} INFO - Sync 1 DAGs
[2026-07-24T00:48:10.309+0000] {logging_mixin.py:188} INFO - [2026-07-24T00:48:10.309+0000] {dag.py:3954} INFO - Setting next_dagrun for process_gold_layer to 2026-07-24 00:00:00+00:00, run_after=2026-07-24 01:00:00+00:00
[2026-07-24T00:48:10.444+0000] {processor.py:183} INFO - Processing /opt/airflow/dags/gold_processing_dag.py took 0.509 seconds
[2026-07-24T00:48:41.218+0000] {processor.py:161} INFO - Started process (PID=2199) to work on /opt/airflow/dags/gold_processing_dag.py
[2026-07-24T00:48:41.224+0000] {processor.py:830} INFO - Processing file /opt/airflow/dags/gold_processing_dag.py for tasks to queue
[2026-07-24T00:48:41.259+0000] {logging_mixin.py:188} INFO - [2026-07-24T00:48:41.258+0000] {dagbag.py:545} INFO - Filling up the DagBag from /opt/airflow/dags/gold_processing_dag.py
[2026-07-24T00:48:41.368+0000] {processor.py:840} INFO - DAG(s) 'process_gold_layer' retrieved from /opt/airflow/dags/gold_processing_dag.py
[2026-07-24T00:48:41.501+0000] {logging_mixin.py:188} INFO - [2026-07-24T00:48:41.500+0000] {dag.py:3096} INFO - Sync 1 DAGs
[2026-07-24T00:48:41.681+0000] {logging_mixin.py:188} INFO - [2026-07-24T00:48:41.681+0000] {dag.py:3954} INFO - Setting next_dagrun for process_gold_layer to 2026-07-24 00:00:00+00:00, run_after=2026-07-24 01:00:00+00:00
[2026-07-24T00:48:41.786+0000] {processor.py:183} INFO - Processing /opt/airflow/dags/gold_processing_dag.py took 0.600 seconds
[2026-07-24T00:49:12.615+0000] {processor.py:161} INFO - Started process (PID=2214) to work on /opt/airflow/dags/gold_processing_dag.py
[2026-07-24T00:49:12.618+0000] {processor.py:830} INFO - Processing file /opt/airflow/dags/gold_processing_dag.py for tasks to queue
[2026-07-24T00:49:12.627+0000] {logging_mixin.py:188} INFO - [2026-07-24T00:49:12.626+0000] {dagbag.py:545} INFO - Filling up the DagBag from /opt/airflow/dags/gold_processing_dag.py
[2026-07-24T00:49:12.712+0000] {processor.py:840} INFO - DAG(s) 'process_gold_layer' retrieved from /opt/airflow/dags/gold_processing_dag.py
[2026-07-24T00:49:12.769+0000] {logging_mixin.py:188} INFO - [2026-07-24T00:49:12.768+0000] {dag.py:3096} INFO - Sync 1 DAGs
[2026-07-24T00:49:12.822+0000] {logging_mixin.py:188} INFO - [2026-07-24T00:49:12.821+0000] {dag.py:3954} INFO - Setting next_dagrun for process_gold_layer to 2026-07-24 00:00:00+00:00, run_after=2026-07-24 01:00:00+00:00
[2026-07-24T00:49:12.870+0000] {processor.py:183} INFO - Processing /opt/airflow/dags/gold_processing_dag.py took 0.280 seconds
[2026-07-24T00:49:43.857+0000] {processor.py:161} INFO - Started process (PID=2226) to work on /opt/airflow/dags/gold_processing_dag.py
[2026-07-24T00:49:43.882+0000] {processor.py:830} INFO - Processing file /opt/airflow/dags/gold_processing_dag.py for tasks to queue
[2026-07-24T00:49:43.912+0000] {logging_mixin.py:188} INFO - [2026-07-24T00:49:43.911+0000] {dagbag.py:545} INFO - Filling up the DagBag from /opt/airflow/dags/gold_processing_dag.py
[2026-07-24T00:49:44.025+0000] {processor.py:840} INFO - DAG(s) 'process_gold_layer' retrieved from /opt/airflow/dags/gold_processing_dag.py
[2026-07-24T00:49:44.084+0000] {logging_mixin.py:188} INFO - [2026-07-24T00:49:44.084+0000] {dag.py:3096} INFO - Sync 1 DAGs
[2026-07-24T00:49:44.166+0000] {logging_mixin.py:188} INFO - [2026-07-24T00:49:44.166+0000] {dag.py:3954} INFO - Setting next_dagrun for process_gold_layer to 2026-07-24 00:00:00+00:00, run_after=2026-07-24 01:00:00+00:00
[2026-07-24T00:49:44.214+0000] {processor.py:183} INFO - Processing /opt/airflow/dags/gold_processing_dag.py took 0.393 seconds
[2026-07-24T00:50:15.071+0000] {processor.py:161} INFO - Started process (PID=2244) to work on /opt/airflow/dags/gold_processing_dag.py
[2026-07-24T00:50:15.074+0000] {processor.py:830} INFO - Processing file /opt/airflow/dags/gold_processing_dag.py for tasks to queue
[2026-07-24T00:50:15.079+0000] {logging_mixin.py:188} INFO - [2026-07-24T00:50:15.078+0000] {dagbag.py:545} INFO - Filling up the DagBag from /opt/airflow/dags/gold_processing_dag.py
[2026-07-24T00:50:15.135+0000] {processor.py:840} INFO - DAG(s) 'process_gold_layer' retrieved from /opt/airflow/dags/gold_processing_dag.py
[2026-07-24T00:50:15.177+0000] {logging_mixin.py:188} INFO - [2026-07-24T00:50:15.177+0000] {dag.py:3096} INFO - Sync 1 DAGs
[2026-07-24T00:50:15.233+0000] {logging_mixin.py:188} INFO - [2026-07-24T00:50:15.233+0000] {dag.py:3954} INFO - Setting next_dagrun for process_gold_layer to 2026-07-24 00:00:00+00:00, run_after=2026-07-24 01:00:00+00:00
[2026-07-24T00:50:15.278+0000] {processor.py:183} INFO - Processing /opt/airflow/dags/gold_processing_dag.py took 0.222 seconds
[2026-07-24T00:50:45.705+0000] {processor.py:161} INFO - Started process (PID=2259) to work on /opt/airflow/dags/gold_processing_dag.py
[2026-07-24T00:50:45.709+0000] {processor.py:830} INFO - Processing file /opt/airflow/dags/gold_processing_dag.py for tasks to queue
[2026-07-24T00:50:45.746+0000] {logging_mixin.py:188} INFO - [2026-07-24T00:50:45.745+0000] {dagbag.py:545} INFO - Filling up the DagBag from /opt/airflow/dags/gold_processing_dag.py
[2026-07-24T00:50:45.911+0000] {processor.py:840} INFO - DAG(s) 'process_gold_layer' retrieved from /opt/airflow/dags/gold_processing_dag.py
[2026-07-24T00:50:45.991+0000] {logging_mixin.py:188} INFO - [2026-07-24T00:50:45.991+0000] {dag.py:3096} INFO - Sync 1 DAGs
[2026-07-24T00:50:46.164+0000] {logging_mixin.py:188} INFO - [2026-07-24T00:50:46.164+0000] {dag.py:3954} INFO - Setting next_dagrun for process_gold_layer to 2026-07-24 00:00:00+00:00, run_after=2026-07-24 01:00:00+00:00
[2026-07-24T00:50:46.237+0000] {processor.py:183} INFO - Processing /opt/airflow/dags/gold_processing_dag.py took 0.569 seconds
[2026-07-24T00:51:17.035+0000] {processor.py:161} INFO - Started process (PID=2274) to work on /opt/airflow/dags/gold_processing_dag.py
[2026-07-24T00:51:17.038+0000] {processor.py:830} INFO - Processing file /opt/airflow/dags/gold_processing_dag.py for tasks to queue
[2026-07-24T00:51:17.044+0000] {logging_mixin.py:188} INFO - [2026-07-24T00:51:17.044+0000] {dagbag.py:545} INFO - Filling up the DagBag from /opt/airflow/dags/gold_processing_dag.py
[2026-07-24T00:51:17.100+0000] {processor.py:840} INFO - DAG(s) 'process_gold_layer' retrieved from /opt/airflow/dags/gold_processing_dag.py
[2026-07-24T00:51:17.162+0000] {logging_mixin.py:188} INFO - [2026-07-24T00:51:17.161+0000] {dag.py:3096} INFO - Sync 1 DAGs
[2026-07-24T00:51:17.311+0000] {logging_mixin.py:188} INFO - [2026-07-24T00:51:17.311+0000] {dag.py:3954} INFO - Setting next_dagrun for process_gold_layer to 2026-07-24 00:00:00+00:00, run_after=2026-07-24 01:00:00+00:00
[2026-07-24T00:51:17.391+0000] {processor.py:183} INFO - Processing /opt/airflow/dags/gold_processing_dag.py took 0.379 seconds
[2026-07-24T00:51:48.313+0000] {processor.py:161} INFO - Started process (PID=2289) to work on /opt/airflow/dags/gold_processing_dag.py
[2026-07-24T00:51:48.319+0000] {processor.py:830} INFO - Processing file /opt/airflow/dags/gold_processing_dag.py for tasks to queue
[2026-07-24T00:51:48.325+0000] {logging_mixin.py:188} INFO - [2026-07-24T00:51:48.324+0000] {dagbag.py:545} INFO - Filling up the DagBag from /opt/airflow/dags/gold_processing_dag.py
[2026-07-24T00:51:48.392+0000] {processor.py:840} INFO - DAG(s) 'process_gold_layer' retrieved from /opt/airflow/dags/gold_processing_dag.py
[2026-07-24T00:51:48.479+0000] {logging_mixin.py:188} INFO - [2026-07-24T00:51:48.478+0000] {dag.py:3096} INFO - Sync 1 DAGs
[2026-07-24T00:51:48.602+0000] {logging_mixin.py:188} INFO - [2026-07-24T00:51:48.600+0000] {dag.py:3954} INFO - Setting next_dagrun for process_gold_layer to 2026-07-24 00:00:00+00:00, run_after=2026-07-24 01:00:00+00:00
[2026-07-24T00:51:48.691+0000] {processor.py:183} INFO - Processing /opt/airflow/dags/gold_processing_dag.py took 0.398 seconds
[2026-07-24T00:52:20.123+0000] {processor.py:161} INFO - Started process (PID=2304) to work on /opt/airflow/dags/gold_processing_dag.py
[2026-07-24T00:52:20.129+0000] {processor.py:830} INFO - Processing file /opt/airflow/dags/gold_processing_dag.py for tasks to queue
[2026-07-24T00:52:20.143+0000] {logging_mixin.py:188} INFO - [2026-07-24T00:52:20.142+0000] {dagbag.py:545} INFO - Filling up the DagBag from /opt/airflow/dags/gold_processing_dag.py
[2026-07-24T00:52:20.254+0000] {processor.py:840} INFO - DAG(s) 'process_gold_layer' retrieved from /opt/airflow/dags/gold_processing_dag.py
[2026-07-24T00:52:20.464+0000] {logging_mixin.py:188} INFO - [2026-07-24T00:52:20.464+0000] {dag.py:3096} INFO - Sync 1 DAGs
[2026-07-24T00:52:20.731+0000] {logging_mixin.py:188} INFO - [2026-07-24T00:52:20.731+0000] {dag.py:3954} INFO - Setting next_dagrun for process_gold_layer to 2026-07-24 00:00:00+00:00, run_after=2026-07-24 01:00:00+00:00
[2026-07-24T00:52:20.962+0000] {processor.py:183} INFO - Processing /opt/airflow/dags/gold_processing_dag.py took 0.880 seconds
[2026-07-24T00:52:51.305+0000] {processor.py:161} INFO - Started process (PID=2316) to work on /opt/airflow/dags/gold_processing_dag.py
[2026-07-24T00:52:51.308+0000] {processor.py:830} INFO - Processing file /opt/airflow/dags/gold_processing_dag.py for tasks to queue
[2026-07-24T00:52:51.314+0000] {logging_mixin.py:188} INFO - [2026-07-24T00:52:51.313+0000] {dagbag.py:545} INFO - Filling up the DagBag from /opt/airflow/dags/gold_processing_dag.py
[2026-07-24T00:52:51.366+0000] {processor.py:840} INFO - DAG(s) 'process_gold_layer' retrieved from /opt/airflow/dags/gold_processing_dag.py
[2026-07-24T00:52:51.424+0000] {logging_mixin.py:188} INFO - [2026-07-24T00:52:51.424+0000] {dag.py:3096} INFO - Sync 1 DAGs
[2026-07-24T00:52:51.479+0000] {logging_mixin.py:188} INFO - [2026-07-24T00:52:51.479+0000] {dag.py:3954} INFO - Setting next_dagrun for process_gold_layer to 2026-07-24 00:00:00+00:00, run_after=2026-07-24 01:00:00+00:00
[2026-07-24T00:52:51.535+0000] {processor.py:183} INFO - Processing /opt/airflow/dags/gold_processing_dag.py took 0.257 seconds
[2026-07-24T00:53:22.457+0000] {processor.py:161} INFO - Started process (PID=2334) to work on /opt/airflow/dags/gold_processing_dag.py
[2026-07-24T00:53:22.460+0000] {processor.py:830} INFO - Processing file /opt/airflow/dags/gold_processing_dag.py for tasks to queue
[2026-07-24T00:53:22.466+0000] {logging_mixin.py:188} INFO - [2026-07-24T00:53:22.466+0000] {dagbag.py:545} INFO - Filling up the DagBag from /opt/airflow/dags/gold_processing_dag.py
[2026-07-24T00:53:22.547+0000] {processor.py:840} INFO - DAG(s) 'process_gold_layer' retrieved from /opt/airflow/dags/gold_processing_dag.py
[2026-07-24T00:53:22.601+0000] {logging_mixin.py:188} INFO - [2026-07-24T00:53:22.600+0000] {dag.py:3096} INFO - Sync 1 DAGs
[2026-07-24T00:53:22.661+0000] {logging_mixin.py:188} INFO - [2026-07-24T00:53:22.660+0000] {dag.py:3954} INFO - Setting next_dagrun for process_gold_layer to 2026-07-24 00:00:00+00:00, run_after=2026-07-24 01:00:00+00:00
[2026-07-24T00:53:22.708+0000] {processor.py:183} INFO - Processing /opt/airflow/dags/gold_processing_dag.py took 0.272 seconds
[2026-07-24T00:53:52.822+0000] {processor.py:161} INFO - Started process (PID=2349) to work on /opt/airflow/dags/gold_processing_dag.py
[2026-07-24T00:53:52.826+0000] {processor.py:830} INFO - Processing file /opt/airflow/dags/gold_processing_dag.py for tasks to queue
[2026-07-24T00:53:52.832+0000] {logging_mixin.py:188} INFO - [2026-07-24T00:53:52.832+0000] {dagbag.py:545} INFO - Filling up the DagBag from /opt/airflow/dags/gold_processing_dag.py
[2026-07-24T00:53:52.883+0000] {processor.py:840} INFO - DAG(s) 'process_gold_layer' retrieved from /opt/airflow/dags/gold_processing_dag.py
[2026-07-24T00:53:52.936+0000] {logging_mixin.py:188} INFO - [2026-07-24T00:53:52.936+0000] {dag.py:3096} INFO - Sync 1 DAGs
[2026-07-24T00:53:52.992+0000] {logging_mixin.py:188} INFO - [2026-07-24T00:53:52.990+0000] {dag.py:3954} INFO - Setting next_dagrun for process_gold_layer to 2026-07-24 00:00:00+00:00, run_after=2026-07-24 01:00:00+00:00
[2026-07-24T00:53:53.049+0000] {processor.py:183} INFO - Processing /opt/airflow/dags/gold_processing_dag.py took 0.242 seconds
[2026-07-24T00:54:23.536+0000] {processor.py:161} INFO - Started process (PID=2364) to work on /opt/airflow/dags/gold_processing_dag.py
[2026-07-24T00:54:23.539+0000] {processor.py:830} INFO - Processing file /opt/airflow/dags/gold_processing_dag.py for tasks to queue
[2026-07-24T00:54:23.550+0000] {logging_mixin.py:188} INFO - [2026-07-24T00:54:23.549+0000] {dagbag.py:545} INFO - Filling up the DagBag from /opt/airflow/dags/gold_processing_dag.py
[2026-07-24T00:54:23.596+0000] {processor.py:840} INFO - DAG(s) 'process_gold_layer' retrieved from /opt/airflow/dags/gold_processing_dag.py
[2026-07-24T00:54:23.647+0000] {logging_mixin.py:188} INFO - [2026-07-24T00:54:23.647+0000] {dag.py:3096} INFO - Sync 1 DAGs
[2026-07-24T00:54:23.706+0000] {logging_mixin.py:188} INFO - [2026-07-24T00:54:23.705+0000] {dag.py:3954} INFO - Setting next_dagrun for process_gold_layer to 2026-07-24 00:00:00+00:00, run_after=2026-07-24 01:00:00+00:00
[2026-07-24T00:54:23.756+0000] {processor.py:183} INFO - Processing /opt/airflow/dags/gold_processing_dag.py took 0.239 seconds
[2026-07-24T00:54:54.199+0000] {processor.py:161} INFO - Started process (PID=2379) to work on /opt/airflow/dags/gold_processing_dag.py
[2026-07-24T00:54:54.201+0000] {processor.py:830} INFO - Processing file /opt/airflow/dags/gold_processing_dag.py for tasks to queue
[2026-07-24T00:54:54.210+0000] {logging_mixin.py:188} INFO - [2026-07-24T00:54:54.209+0000] {dagbag.py:545} INFO - Filling up the DagBag from /opt/airflow/dags/gold_processing_dag.py
[2026-07-24T00:54:54.304+0000] {processor.py:840} INFO - DAG(s) 'process_gold_layer' retrieved from /opt/airflow/dags/gold_processing_dag.py
[2026-07-24T00:54:54.397+0000] {logging_mixin.py:188} INFO - [2026-07-24T00:54:54.396+0000] {dag.py:3096} INFO - Sync 1 DAGs
[2026-07-24T00:54:54.531+0000] {logging_mixin.py:188} INFO - [2026-07-24T00:54:54.531+0000] {dag.py:3954} INFO - Setting next_dagrun for process_gold_layer to 2026-07-24 00:00:00+00:00, run_after=2026-07-24 01:00:00+00:00
[2026-07-24T00:54:54.633+0000] {processor.py:183} INFO - Processing /opt/airflow/dags/gold_processing_dag.py took 0.454 seconds
[2026-07-24T00:55:25.516+0000] {processor.py:161} INFO - Started process (PID=2394) to work on /opt/airflow/dags/gold_processing_dag.py
[2026-07-24T00:55:25.521+0000] {processor.py:830} INFO - Processing file /opt/airflow/dags/gold_processing_dag.py for tasks to queue
[2026-07-24T00:55:25.534+0000] {logging_mixin.py:188} INFO - [2026-07-24T00:55:25.533+0000] {dagbag.py:545} INFO - Filling up the DagBag from /opt/airflow/dags/gold_processing_dag.py
[2026-07-24T00:55:25.619+0000] {processor.py:840} INFO - DAG(s) 'process_gold_layer' retrieved from /opt/airflow/dags/gold_processing_dag.py
[2026-07-24T00:55:25.681+0000] {logging_mixin.py:188} INFO - [2026-07-24T00:55:25.680+0000] {dag.py:3096} INFO - Sync 1 DAGs
[2026-07-24T00:55:25.792+0000] {logging_mixin.py:188} INFO - [2026-07-24T00:55:25.791+0000] {dag.py:3954} INFO - Setting next_dagrun for process_gold_layer to 2026-07-24 00:00:00+00:00, run_after=2026-07-24 01:00:00+00:00
[2026-07-24T00:55:25.868+0000] {processor.py:183} INFO - Processing /opt/airflow/dags/gold_processing_dag.py took 0.387 seconds
[2026-07-24T00:55:56.783+0000] {processor.py:161} INFO - Started process (PID=2409) to work on /opt/airflow/dags/gold_processing_dag.py
[2026-07-24T00:55:56.786+0000] {processor.py:830} INFO - Processing file /opt/airflow/dags/gold_processing_dag.py for tasks to queue
[2026-07-24T00:55:56.791+0000] {logging_mixin.py:188} INFO - [2026-07-24T00:55:56.790+0000] {dagbag.py:545} INFO - Filling up the DagBag from /opt/airflow/dags/gold_processing_dag.py
[2026-07-24T00:55:56.838+0000] {processor.py:840} INFO - DAG(s) 'process_gold_layer' retrieved from /opt/airflow/dags/gold_processing_dag.py
[2026-07-24T00:55:56.896+0000] {logging_mixin.py:188} INFO - [2026-07-24T00:55:56.896+0000] {dag.py:3096} INFO - Sync 1 DAGs
[2026-07-24T00:55:56.959+0000] {logging_mixin.py:188} INFO - [2026-07-24T00:55:56.959+0000] {dag.py:3954} INFO - Setting next_dagrun for process_gold_layer to 2026-07-24 00:00:00+00:00, run_after=2026-07-24 01:00:00+00:00
[2026-07-24T00:55:57.013+0000] {processor.py:183} INFO - Processing /opt/airflow/dags/gold_processing_dag.py took 0.243 seconds
[2026-07-24T00:56:27.331+0000] {processor.py:161} INFO - Started process (PID=2424) to work on /opt/airflow/dags/gold_processing_dag.py
[2026-07-24T00:56:27.337+0000] {processor.py:830} INFO - Processing file /opt/airflow/dags/gold_processing_dag.py for tasks to queue
[2026-07-24T00:56:27.351+0000] {logging_mixin.py:188} INFO - [2026-07-24T00:56:27.350+0000] {dagbag.py:545} INFO - Filling up the DagBag from /opt/airflow/dags/gold_processing_dag.py
[2026-07-24T00:56:27.706+0000] {processor.py:840} INFO - DAG(s) 'process_gold_layer' retrieved from /opt/airflow/dags/gold_processing_dag.py
[2026-07-24T00:56:27.895+0000] {logging_mixin.py:188} INFO - [2026-07-24T00:56:27.893+0000] {dag.py:3096} INFO - Sync 1 DAGs
[2026-07-24T00:56:28.152+0000] {logging_mixin.py:188} INFO - [2026-07-24T00:56:28.151+0000] {dag.py:3954} INFO - Setting next_dagrun for process_gold_layer to 2026-07-24 00:00:00+00:00, run_after=2026-07-24 01:00:00+00:00
[2026-07-24T00:56:28.221+0000] {processor.py:183} INFO - Processing /opt/airflow/dags/gold_processing_dag.py took 0.929 seconds
[2026-07-24T00:56:58.498+0000] {processor.py:161} INFO - Started process (PID=2439) to work on /opt/airflow/dags/gold_processing_dag.py
[2026-07-24T00:56:58.502+0000] {processor.py:830} INFO - Processing file /opt/airflow/dags/gold_processing_dag.py for tasks to queue
[2026-07-24T00:56:58.513+0000] {logging_mixin.py:188} INFO - [2026-07-24T00:56:58.508+0000] {dagbag.py:545} INFO - Filling up the DagBag from /opt/airflow/dags/gold_processing_dag.py
[2026-07-24T00:56:58.626+0000] {processor.py:840} INFO - DAG(s) 'process_gold_layer' retrieved from /opt/airflow/dags/gold_processing_dag.py
[2026-07-24T00:56:58.681+0000] {logging_mixin.py:188} INFO - [2026-07-24T00:56:58.681+0000] {dag.py:3096} INFO - Sync 1 DAGs
[2026-07-24T00:56:58.741+0000] {logging_mixin.py:188} INFO - [2026-07-24T00:56:58.740+0000] {dag.py:3954} INFO - Setting next_dagrun for process_gold_layer to 2026-07-24 00:00:00+00:00, run_after=2026-07-24 01:00:00+00:00
[2026-07-24T00:56:58.796+0000] {processor.py:183} INFO - Processing /opt/airflow/dags/gold_processing_dag.py took 0.334 seconds
[2026-07-24T00:57:29.227+0000] {processor.py:161} INFO - Started process (PID=2454) to work on /opt/airflow/dags/gold_processing_dag.py
[2026-07-24T00:57:29.242+0000] {processor.py:830} INFO - Processing file /opt/airflow/dags/gold_processing_dag.py for tasks to queue
[2026-07-24T00:57:29.265+0000] {logging_mixin.py:188} INFO - [2026-07-24T00:57:29.264+0000] {dagbag.py:545} INFO - Filling up the DagBag from /opt/airflow/dags/gold_processing_dag.py
[2026-07-24T00:57:29.485+0000] {processor.py:840} INFO - DAG(s) 'process_gold_layer' retrieved from /opt/airflow/dags/gold_processing_dag.py
[2026-07-24T00:57:29.621+0000] {logging_mixin.py:188} INFO - [2026-07-24T00:57:29.619+0000] {dag.py:3096} INFO - Sync 1 DAGs
[2026-07-24T00:57:29.809+0000] {logging_mixin.py:188} INFO - [2026-07-24T00:57:29.808+0000] {dag.py:3954} INFO - Setting next_dagrun for process_gold_layer to 2026-07-24 00:00:00+00:00, run_after=2026-07-24 01:00:00+00:00
[2026-07-24T00:57:29.980+0000] {processor.py:183} INFO - Processing /opt/airflow/dags/gold_processing_dag.py took 0.802 seconds
[2026-07-24T00:58:00.354+0000] {processor.py:161} INFO - Started process (PID=2469) to work on /opt/airflow/dags/gold_processing_dag.py
[2026-07-24T00:58:00.360+0000] {processor.py:830} INFO - Processing file /opt/airflow/dags/gold_processing_dag.py for tasks to queue
[2026-07-24T00:58:00.373+0000] {logging_mixin.py:188} INFO - [2026-07-24T00:58:00.372+0000] {dagbag.py:545} INFO - Filling up the DagBag from /opt/airflow/dags/gold_processing_dag.py
[2026-07-24T00:58:00.505+0000] {processor.py:840} INFO - DAG(s) 'process_gold_layer' retrieved from /opt/airflow/dags/gold_processing_dag.py
[2026-07-24T00:58:00.690+0000] {logging_mixin.py:188} INFO - [2026-07-24T00:58:00.689+0000] {dag.py:3096} INFO - Sync 1 DAGs
[2026-07-24T00:58:01.016+0000] {logging_mixin.py:188} INFO - [2026-07-24T00:58:01.015+0000] {dag.py:3954} INFO - Setting next_dagrun for process_gold_layer to 2026-07-24 00:00:00+00:00, run_after=2026-07-24 01:00:00+00:00
[2026-07-24T00:58:01.234+0000] {processor.py:183} INFO - Processing /opt/airflow/dags/gold_processing_dag.py took 0.909 seconds
[2026-07-24T00:58:31.692+0000] {processor.py:161} INFO - Started process (PID=2484) to work on /opt/airflow/dags/gold_processing_dag.py
[2026-07-24T00:58:31.695+0000] {processor.py:830} INFO - Processing file /opt/airflow/dags/gold_processing_dag.py for tasks to queue
[2026-07-24T00:58:31.707+0000] {logging_mixin.py:188} INFO - [2026-07-24T00:58:31.706+0000] {dagbag.py:545} INFO - Filling up the DagBag from /opt/airflow/dags/gold_processing_dag.py
[2026-07-24T00:58:31.801+0000] {processor.py:840} INFO - DAG(s) 'process_gold_layer' retrieved from /opt/airflow/dags/gold_processing_dag.py
[2026-07-24T00:58:31.890+0000] {logging_mixin.py:188} INFO - [2026-07-24T00:58:31.889+0000] {dag.py:3096} INFO - Sync 1 DAGs
[2026-07-24T00:58:31.988+0000] {logging_mixin.py:188} INFO - [2026-07-24T00:58:31.987+0000] {dag.py:3954} INFO - Setting next_dagrun for process_gold_layer to 2026-07-24 00:00:00+00:00, run_after=2026-07-24 01:00:00+00:00
[2026-07-24T00:58:32.067+0000] {processor.py:183} INFO - Processing /opt/airflow/dags/gold_processing_dag.py took 0.397 seconds
[2026-07-24T00:59:02.902+0000] {processor.py:161} INFO - Started process (PID=2499) to work on /opt/airflow/dags/gold_processing_dag.py
[2026-07-24T00:59:02.905+0000] {processor.py:830} INFO - Processing file /opt/airflow/dags/gold_processing_dag.py for tasks to queue
[2026-07-24T00:59:02.913+0000] {logging_mixin.py:188} INFO - [2026-07-24T00:59:02.912+0000] {dagbag.py:545} INFO - Filling up the DagBag from /opt/airflow/dags/gold_processing_dag.py
[2026-07-24T00:59:02.964+0000] {processor.py:840} INFO - DAG(s) 'process_gold_layer' retrieved from /opt/airflow/dags/gold_processing_dag.py
[2026-07-24T00:59:03.020+0000] {logging_mixin.py:188} INFO - [2026-07-24T00:59:03.019+0000] {dag.py:3096} INFO - Sync 1 DAGs
[2026-07-24T00:59:03.080+0000] {logging_mixin.py:188} INFO - [2026-07-24T00:59:03.080+0000] {dag.py:3954} INFO - Setting next_dagrun for process_gold_layer to 2026-07-24 00:00:00+00:00, run_after=2026-07-24 01:00:00+00:00
[2026-07-24T00:59:03.139+0000] {processor.py:183} INFO - Processing /opt/airflow/dags/gold_processing_dag.py took 0.254 seconds
[2026-07-24T00:59:36.582+0000] {processor.py:161} INFO - Started process (PID=2514) to work on /opt/airflow/dags/gold_processing_dag.py
[2026-07-24T00:59:36.593+0000] {processor.py:830} INFO - Processing file /opt/airflow/dags/gold_processing_dag.py for tasks to queue
[2026-07-24T00:59:36.694+0000] {logging_mixin.py:188} INFO - [2026-07-24T00:59:36.693+0000] {dagbag.py:545} INFO - Filling up the DagBag from /opt/airflow/dags/gold_processing_dag.py
[2026-07-24T00:59:37.270+0000] {processor.py:840} INFO - DAG(s) 'process_gold_layer' retrieved from /opt/airflow/dags/gold_processing_dag.py
[2026-07-24T00:59:37.531+0000] {logging_mixin.py:188} INFO - [2026-07-24T00:59:37.530+0000] {dag.py:3096} INFO - Sync 1 DAGs
[2026-07-24T00:59:37.750+0000] {logging_mixin.py:188} INFO - [2026-07-24T00:59:37.750+0000] {dag.py:3954} INFO - Setting next_dagrun for process_gold_layer to 2026-07-24 00:00:00+00:00, run_after=2026-07-24 01:00:00+00:00
[2026-07-24T00:59:37.984+0000] {processor.py:183} INFO - Processing /opt/airflow/dags/gold_processing_dag.py took 1.438 seconds
[2026-07-24T01:00:08.844+0000] {processor.py:161} INFO - Started process (PID=2533) to work on /opt/airflow/dags/gold_processing_dag.py
[2026-07-24T01:00:08.860+0000] {processor.py:830} INFO - Processing file /opt/airflow/dags/gold_processing_dag.py for tasks to queue
[2026-07-24T01:00:08.923+0000] {logging_mixin.py:188} INFO - [2026-07-24T01:00:08.920+0000] {dagbag.py:545} INFO - Filling up the DagBag from /opt/airflow/dags/gold_processing_dag.py
[2026-07-24T01:00:09.118+0000] {processor.py:840} INFO - DAG(s) 'process_gold_layer' retrieved from /opt/airflow/dags/gold_processing_dag.py
[2026-07-24T01:00:09.295+0000] {logging_mixin.py:188} INFO - [2026-07-24T01:00:09.294+0000] {dag.py:3096} INFO - Sync 1 DAGs
[2026-07-24T01:00:09.562+0000] {logging_mixin.py:188} INFO - [2026-07-24T01:00:09.562+0000] {dag.py:3954} INFO - Setting next_dagrun for process_gold_layer to 2026-07-24 01:00:00+00:00, run_after=2026-07-24 02:00:00+00:00
[2026-07-24T01:00:09.743+0000] {processor.py:183} INFO - Processing /opt/airflow/dags/gold_processing_dag.py took 0.981 seconds
[2026-07-24T01:00:40.981+0000] {processor.py:161} INFO - Started process (PID=2605) to work on /opt/airflow/dags/gold_processing_dag.py
[2026-07-24T01:00:41.017+0000] {processor.py:830} INFO - Processing file /opt/airflow/dags/gold_processing_dag.py for tasks to queue
[2026-07-24T01:00:41.133+0000] {logging_mixin.py:188} INFO - [2026-07-24T01:00:41.070+0000] {dagbag.py:545} INFO - Filling up the DagBag from /opt/airflow/dags/gold_processing_dag.py
[2026-07-24T01:00:42.215+0000] {processor.py:840} INFO - DAG(s) 'process_gold_layer' retrieved from /opt/airflow/dags/gold_processing_dag.py
[2026-07-24T01:00:42.675+0000] {logging_mixin.py:188} INFO - [2026-07-24T01:00:42.674+0000] {dag.py:3096} INFO - Sync 1 DAGs
[2026-07-24T01:00:43.099+0000] {logging_mixin.py:188} INFO - [2026-07-24T01:00:43.098+0000] {dag.py:3954} INFO - Setting next_dagrun for process_gold_layer to 2026-07-24 01:00:00+00:00, run_after=2026-07-24 02:00:00+00:00
[2026-07-24T01:00:43.370+0000] {processor.py:183} INFO - Processing /opt/airflow/dags/gold_processing_dag.py took 2.570 seconds
[2026-07-24T01:01:13.871+0000] {processor.py:161} INFO - Started process (PID=3222) to work on /opt/airflow/dags/gold_processing_dag.py
[2026-07-24T01:01:13.895+0000] {processor.py:830} INFO - Processing file /opt/airflow/dags/gold_processing_dag.py for tasks to queue
[2026-07-24T01:01:13.954+0000] {logging_mixin.py:188} INFO - [2026-07-24T01:01:13.946+0000] {dagbag.py:545} INFO - Filling up the DagBag from /opt/airflow/dags/gold_processing_dag.py
[2026-07-24T01:01:14.596+0000] {processor.py:840} INFO - DAG(s) 'process_gold_layer' retrieved from /opt/airflow/dags/gold_processing_dag.py
[2026-07-24T01:01:15.518+0000] {logging_mixin.py:188} INFO - [2026-07-24T01:01:15.517+0000] {dag.py:3096} INFO - Sync 1 DAGs
[2026-07-24T01:01:16.222+0000] {logging_mixin.py:188} INFO - [2026-07-24T01:01:16.220+0000] {dag.py:3954} INFO - Setting next_dagrun for process_gold_layer to 2026-07-24 01:00:00+00:00, run_after=2026-07-24 02:00:00+00:00
[2026-07-24T01:01:16.399+0000] {processor.py:183} INFO - Processing /opt/airflow/dags/gold_processing_dag.py took 2.586 seconds
[2026-07-24T01:01:51.215+0000] {processor.py:161} INFO - Started process (PID=3324) to work on /opt/airflow/dags/gold_processing_dag.py
[2026-07-24T01:01:51.292+0000] {processor.py:830} INFO - Processing file /opt/airflow/dags/gold_processing_dag.py for tasks to queue
[2026-07-24T01:01:51.514+0000] {logging_mixin.py:188} INFO - [2026-07-24T01:01:51.470+0000] {dagbag.py:545} INFO - Filling up the DagBag from /opt/airflow/dags/gold_processing_dag.py
[2026-07-24T01:01:52.632+0000] {processor.py:840} INFO - DAG(s) 'process_gold_layer' retrieved from /opt/airflow/dags/gold_processing_dag.py
[2026-07-24T01:01:53.539+0000] {logging_mixin.py:188} INFO - [2026-07-24T01:01:53.539+0000] {dag.py:3096} INFO - Sync 1 DAGs
[2026-07-24T01:01:54.277+0000] {logging_mixin.py:188} INFO - [2026-07-24T01:01:54.277+0000] {dag.py:3954} INFO - Setting next_dagrun for process_gold_layer to 2026-07-24 01:00:00+00:00, run_after=2026-07-24 02:00:00+00:00
[2026-07-24T01:01:54.918+0000] {processor.py:183} INFO - Processing /opt/airflow/dags/gold_processing_dag.py took 3.990 seconds
[2026-07-24T01:02:27.128+0000] {processor.py:161} INFO - Started process (PID=3419) to work on /opt/airflow/dags/gold_processing_dag.py
[2026-07-24T01:02:27.192+0000] {processor.py:830} INFO - Processing file /opt/airflow/dags/gold_processing_dag.py for tasks to queue
[2026-07-24T01:02:27.296+0000] {logging_mixin.py:188} INFO - [2026-07-24T01:02:27.295+0000] {dagbag.py:545} INFO - Filling up the DagBag from /opt/airflow/dags/gold_processing_dag.py
[2026-07-24T01:02:28.430+0000] {processor.py:840} INFO - DAG(s) 'process_gold_layer' retrieved from /opt/airflow/dags/gold_processing_dag.py
[2026-07-24T01:02:29.285+0000] {logging_mixin.py:188} INFO - [2026-07-24T01:02:29.283+0000] {dag.py:3096} INFO - Sync 1 DAGs
[2026-07-24T01:02:30.734+0000] {logging_mixin.py:188} INFO - [2026-07-24T01:02:30.723+0000] {dag.py:3954} INFO - Setting next_dagrun for process_gold_layer to 2026-07-24 01:00:00+00:00, run_after=2026-07-24 02:00:00+00:00
[2026-07-24T01:02:31.035+0000] {processor.py:183} INFO - Processing /opt/airflow/dags/gold_processing_dag.py took 4.300 seconds
[2026-07-24T01:03:03.658+0000] {processor.py:161} INFO - Started process (PID=3521) to work on /opt/airflow/dags/gold_processing_dag.py
[2026-07-24T01:03:03.995+0000] {processor.py:830} INFO - Processing file /opt/airflow/dags/gold_processing_dag.py for tasks to queue
[2026-07-24T01:03:04.608+0000] {logging_mixin.py:188} INFO - [2026-07-24T01:03:04.598+0000] {dagbag.py:545} INFO - Filling up the DagBag from /opt/airflow/dags/gold_processing_dag.py
[2026-07-24T01:03:05.783+0000] {processor.py:840} INFO - DAG(s) 'process_gold_layer' retrieved from /opt/airflow/dags/gold_processing_dag.py
[2026-07-24T01:03:07.467+0000] {logging_mixin.py:188} INFO - [2026-07-24T01:03:07.466+0000] {dag.py:3096} INFO - Sync 1 DAGs
[2026-07-24T01:03:08.423+0000] {logging_mixin.py:188} INFO - [2026-07-24T01:03:08.422+0000] {dag.py:3954} INFO - Setting next_dagrun for process_gold_layer to 2026-07-24 01:00:00+00:00, run_after=2026-07-24 02:00:00+00:00
[2026-07-24T01:03:08.651+0000] {processor.py:183} INFO - Processing /opt/airflow/dags/gold_processing_dag.py took 5.789 seconds
[2026-07-24T01:03:41.224+0000] {processor.py:161} INFO - Started process (PID=3649) to work on /opt/airflow/dags/gold_processing_dag.py
[2026-07-24T01:03:41.253+0000] {processor.py:830} INFO - Processing file /opt/airflow/dags/gold_processing_dag.py for tasks to queue
[2026-07-24T01:03:41.386+0000] {logging_mixin.py:188} INFO - [2026-07-24T01:03:41.381+0000] {dagbag.py:545} INFO - Filling up the DagBag from /opt/airflow/dags/gold_processing_dag.py
[2026-07-24T01:03:44.214+0000] {processor.py:840} INFO - DAG(s) 'process_gold_layer' retrieved from /opt/airflow/dags/gold_processing_dag.py
[2026-07-24T01:03:45.621+0000] {logging_mixin.py:188} INFO - [2026-07-24T01:03:45.620+0000] {dag.py:3096} INFO - Sync 1 DAGs
[2026-07-24T01:03:46.399+0000] {logging_mixin.py:188} INFO - [2026-07-24T01:03:46.398+0000] {dag.py:3954} INFO - Setting next_dagrun for process_gold_layer to 2026-07-24 01:00:00+00:00, run_after=2026-07-24 02:00:00+00:00
[2026-07-24T01:03:47.081+0000] {processor.py:183} INFO - Processing /opt/airflow/dags/gold_processing_dag.py took 6.108 seconds
[2026-07-24T01:04:18.604+0000] {processor.py:161} INFO - Started process (PID=3760) to work on /opt/airflow/dags/gold_processing_dag.py
[2026-07-24T01:04:18.609+0000] {processor.py:830} INFO - Processing file /opt/airflow/dags/gold_processing_dag.py for tasks to queue
[2026-07-24T01:04:18.650+0000] {logging_mixin.py:188} INFO - [2026-07-24T01:04:18.647+0000] {dagbag.py:545} INFO - Filling up the DagBag from /opt/airflow/dags/gold_processing_dag.py
[2026-07-24T01:04:19.152+0000] {processor.py:840} INFO - DAG(s) 'process_gold_layer' retrieved from /opt/airflow/dags/gold_processing_dag.py
[2026-07-24T01:04:19.424+0000] {logging_mixin.py:188} INFO - [2026-07-24T01:04:19.423+0000] {dag.py:3096} INFO - Sync 1 DAGs
[2026-07-24T01:04:19.691+0000] {logging_mixin.py:188} INFO - [2026-07-24T01:04:19.690+0000] {dag.py:3954} INFO - Setting next_dagrun for process_gold_layer to 2026-07-24 01:00:00+00:00, run_after=2026-07-24 02:00:00+00:00
[2026-07-24T01:04:19.835+0000] {processor.py:183} INFO - Processing /opt/airflow/dags/gold_processing_dag.py took 1.340 seconds
[2026-07-24T01:04:50.024+0000] {processor.py:161} INFO - Started process (PID=3808) to work on /opt/airflow/dags/gold_processing_dag.py
[2026-07-24T01:04:50.032+0000] {processor.py:830} INFO - Processing file /opt/airflow/dags/gold_processing_dag.py for tasks to queue
[2026-07-24T01:04:50.041+0000] {logging_mixin.py:188} INFO - [2026-07-24T01:04:50.040+0000] {dagbag.py:545} INFO - Filling up the DagBag from /opt/airflow/dags/gold_processing_dag.py
[2026-07-24T01:04:50.210+0000] {processor.py:840} INFO - DAG(s) 'process_gold_layer' retrieved from /opt/airflow/dags/gold_processing_dag.py
[2026-07-24T01:04:50.336+0000] {logging_mixin.py:188} INFO - [2026-07-24T01:04:50.336+0000] {dag.py:3096} INFO - Sync 1 DAGs
[2026-07-24T01:04:50.497+0000] {logging_mixin.py:188} INFO - [2026-07-24T01:04:50.496+0000] {dag.py:3954} INFO - Setting next_dagrun for process_gold_layer to 2026-07-24 01:00:00+00:00, run_after=2026-07-24 02:00:00+00:00
[2026-07-24T01:04:50.618+0000] {processor.py:183} INFO - Processing /opt/airflow/dags/gold_processing_dag.py took 0.624 seconds
[2026-07-24T01:05:21.681+0000] {processor.py:161} INFO - Started process (PID=3834) to work on /opt/airflow/dags/gold_processing_dag.py
[2026-07-24T01:05:21.696+0000] {processor.py:830} INFO - Processing file /opt/airflow/dags/gold_processing_dag.py for tasks to queue
[2026-07-24T01:05:21.759+0000] {logging_mixin.py:188} INFO - [2026-07-24T01:05:21.758+0000] {dagbag.py:545} INFO - Filling up the DagBag from /opt/airflow/dags/gold_processing_dag.py
[2026-07-24T01:05:22.622+0000] {processor.py:840} INFO - DAG(s) 'process_gold_layer' retrieved from /opt/airflow/dags/gold_processing_dag.py
[2026-07-24T01:05:23.031+0000] {logging_mixin.py:188} INFO - [2026-07-24T01:05:23.018+0000] {dag.py:3096} INFO - Sync 1 DAGs
[2026-07-24T01:05:23.646+0000] {logging_mixin.py:188} INFO - [2026-07-24T01:05:23.645+0000] {dag.py:3954} INFO - Setting next_dagrun for process_gold_layer to 2026-07-24 01:00:00+00:00, run_after=2026-07-24 02:00:00+00:00
[2026-07-24T01:05:23.908+0000] {processor.py:183} INFO - Processing /opt/airflow/dags/gold_processing_dag.py took 2.280 seconds
[2026-07-24T01:05:54.355+0000] {processor.py:161} INFO - Started process (PID=3862) to work on /opt/airflow/dags/gold_processing_dag.py
[2026-07-24T01:05:54.363+0000] {processor.py:830} INFO - Processing file /opt/airflow/dags/gold_processing_dag.py for tasks to queue
[2026-07-24T01:05:54.382+0000] {logging_mixin.py:188} INFO - [2026-07-24T01:05:54.379+0000] {dagbag.py:545} INFO - Filling up the DagBag from /opt/airflow/dags/gold_processing_dag.py
[2026-07-24T01:05:54.625+0000] {processor.py:840} INFO - DAG(s) 'process_gold_layer' retrieved from /opt/airflow/dags/gold_processing_dag.py
[2026-07-24T01:05:54.941+0000] {logging_mixin.py:188} INFO - [2026-07-24T01:05:54.941+0000] {dag.py:3096} INFO - Sync 1 DAGs
[2026-07-24T01:05:55.190+0000] {logging_mixin.py:188} INFO - [2026-07-24T01:05:55.188+0000] {dag.py:3954} INFO - Setting next_dagrun for process_gold_layer to 2026-07-24 01:00:00+00:00, run_after=2026-07-24 02:00:00+00:00
[2026-07-24T01:05:55.379+0000] {processor.py:183} INFO - Processing /opt/airflow/dags/gold_processing_dag.py took 1.048 seconds
[2026-07-24T01:06:25.946+0000] {processor.py:161} INFO - Started process (PID=3968) to work on /opt/airflow/dags/gold_processing_dag.py
[2026-07-24T01:06:25.964+0000] {processor.py:830} INFO - Processing file /opt/airflow/dags/gold_processing_dag.py for tasks to queue
[2026-07-24T01:06:25.986+0000] {logging_mixin.py:188} INFO - [2026-07-24T01:06:25.984+0000] {dagbag.py:545} INFO - Filling up the DagBag from /opt/airflow/dags/gold_processing_dag.py
[2026-07-24T01:06:26.290+0000] {processor.py:840} INFO - DAG(s) 'process_gold_layer' retrieved from /opt/airflow/dags/gold_processing_dag.py
[2026-07-24T01:06:26.450+0000] {logging_mixin.py:188} INFO - [2026-07-24T01:06:26.449+0000] {dag.py:3096} INFO - Sync 1 DAGs
[2026-07-24T01:06:26.786+0000] {logging_mixin.py:188} INFO - [2026-07-24T01:06:26.771+0000] {dag.py:3954} INFO - Setting next_dagrun for process_gold_layer to 2026-07-24 01:00:00+00:00, run_after=2026-07-24 02:00:00+00:00
[2026-07-24T01:06:27.062+0000] {processor.py:183} INFO - Processing /opt/airflow/dags/gold_processing_dag.py took 1.232 seconds
[2026-07-24T01:06:58.319+0000] {processor.py:161} INFO - Started process (PID=4016) to work on /opt/airflow/dags/gold_processing_dag.py
[2026-07-24T01:06:58.327+0000] {processor.py:830} INFO - Processing file /opt/airflow/dags/gold_processing_dag.py for tasks to queue
[2026-07-24T01:06:58.345+0000] {logging_mixin.py:188} INFO - [2026-07-24T01:06:58.342+0000] {dagbag.py:545} INFO - Filling up the DagBag from /opt/airflow/dags/gold_processing_dag.py
[2026-07-24T01:06:58.422+0000] {processor.py:840} INFO - DAG(s) 'process_gold_layer' retrieved from /opt/airflow/dags/gold_processing_dag.py
[2026-07-24T01:06:58.549+0000] {logging_mixin.py:188} INFO - [2026-07-24T01:06:58.548+0000] {dag.py:3096} INFO - Sync 1 DAGs
[2026-07-24T01:06:58.760+0000] {logging_mixin.py:188} INFO - [2026-07-24T01:06:58.759+0000] {dag.py:3954} INFO - Setting next_dagrun for process_gold_layer to 2026-07-24 01:00:00+00:00, run_after=2026-07-24 02:00:00+00:00
[2026-07-24T01:06:58.881+0000] {processor.py:183} INFO - Processing /opt/airflow/dags/gold_processing_dag.py took 0.596 seconds
[2026-07-24T01:07:30.085+0000] {processor.py:161} INFO - Started process (PID=4066) to work on /opt/airflow/dags/gold_processing_dag.py
[2026-07-24T01:07:30.091+0000] {processor.py:830} INFO - Processing file /opt/airflow/dags/gold_processing_dag.py for tasks to queue
[2026-07-24T01:07:30.097+0000] {logging_mixin.py:188} INFO - [2026-07-24T01:07:30.097+0000] {dagbag.py:545} INFO - Filling up the DagBag from /opt/airflow/dags/gold_processing_dag.py
[2026-07-24T01:07:30.198+0000] {processor.py:840} INFO - DAG(s) 'process_gold_layer' retrieved from /opt/airflow/dags/gold_processing_dag.py
[2026-07-24T01:07:30.478+0000] {logging_mixin.py:188} INFO - [2026-07-24T01:07:30.477+0000] {dag.py:3096} INFO - Sync 1 DAGs
[2026-07-24T01:07:30.709+0000] {logging_mixin.py:188} INFO - [2026-07-24T01:07:30.708+0000] {dag.py:3954} INFO - Setting next_dagrun for process_gold_layer to 2026-07-24 01:00:00+00:00, run_after=2026-07-24 02:00:00+00:00
[2026-07-24T01:07:30.836+0000] {processor.py:183} INFO - Processing /opt/airflow/dags/gold_processing_dag.py took 0.811 seconds
[2026-07-24T01:08:01.557+0000] {processor.py:161} INFO - Started process (PID=4174) to work on /opt/airflow/dags/gold_processing_dag.py
[2026-07-24T01:08:01.571+0000] {processor.py:830} INFO - Processing file /opt/airflow/dags/gold_processing_dag.py for tasks to queue
[2026-07-24T01:08:01.598+0000] {logging_mixin.py:188} INFO - [2026-07-24T01:08:01.597+0000] {dagbag.py:545} INFO - Filling up the DagBag from /opt/airflow/dags/gold_processing_dag.py
[2026-07-24T01:08:01.776+0000] {processor.py:840} INFO - DAG(s) 'process_gold_layer' retrieved from /opt/airflow/dags/gold_processing_dag.py
[2026-07-24T01:08:01.891+0000] {logging_mixin.py:188} INFO - [2026-07-24T01:08:01.890+0000] {dag.py:3096} INFO - Sync 1 DAGs
[2026-07-24T01:08:01.986+0000] {logging_mixin.py:188} INFO - [2026-07-24T01:08:01.985+0000] {dag.py:3954} INFO - Setting next_dagrun for process_gold_layer to 2026-07-24 01:00:00+00:00, run_after=2026-07-24 02:00:00+00:00
[2026-07-24T01:08:02.084+0000] {processor.py:183} INFO - Processing /opt/airflow/dags/gold_processing_dag.py took 0.627 seconds
[2026-07-24T01:08:32.603+0000] {processor.py:161} INFO - Started process (PID=4195) to work on /opt/airflow/dags/gold_processing_dag.py
[2026-07-24T01:08:32.626+0000] {processor.py:830} INFO - Processing file /opt/airflow/dags/gold_processing_dag.py for tasks to queue
[2026-07-24T01:08:32.702+0000] {logging_mixin.py:188} INFO - [2026-07-24T01:08:32.694+0000] {dagbag.py:545} INFO - Filling up the DagBag from /opt/airflow/dags/gold_processing_dag.py
[2026-07-24T01:08:33.134+0000] {processor.py:840} INFO - DAG(s) 'process_gold_layer' retrieved from /opt/airflow/dags/gold_processing_dag.py
[2026-07-24T01:08:33.406+0000] {logging_mixin.py:188} INFO - [2026-07-24T01:08:33.405+0000] {dag.py:3096} INFO - Sync 1 DAGs
[2026-07-24T01:08:33.686+0000] {logging_mixin.py:188} INFO - [2026-07-24T01:08:33.685+0000] {dag.py:3954} INFO - Setting next_dagrun for process_gold_layer to 2026-07-24 01:00:00+00:00, run_after=2026-07-24 02:00:00+00:00
[2026-07-24T01:08:34.035+0000] {processor.py:183} INFO - Processing /opt/airflow/dags/gold_processing_dag.py took 1.549 seconds
[2026-07-24T01:09:05.146+0000] {processor.py:161} INFO - Started process (PID=4835) to work on /opt/airflow/dags/gold_processing_dag.py
[2026-07-24T01:09:05.159+0000] {processor.py:830} INFO - Processing file /opt/airflow/dags/gold_processing_dag.py for tasks to queue
[2026-07-24T01:09:05.201+0000] {logging_mixin.py:188} INFO - [2026-07-24T01:09:05.198+0000] {dagbag.py:545} INFO - Filling up the DagBag from /opt/airflow/dags/gold_processing_dag.py
[2026-07-24T01:09:05.329+0000] {processor.py:840} INFO - DAG(s) 'process_gold_layer' retrieved from /opt/airflow/dags/gold_processing_dag.py
[2026-07-24T01:09:05.506+0000] {logging_mixin.py:188} INFO - [2026-07-24T01:09:05.505+0000] {dag.py:3096} INFO - Sync 1 DAGs
[2026-07-24T01:09:05.766+0000] {logging_mixin.py:188} INFO - [2026-07-24T01:09:05.761+0000] {dag.py:3954} INFO - Setting next_dagrun for process_gold_layer to 2026-07-24 01:00:00+00:00, run_after=2026-07-24 02:00:00+00:00
[2026-07-24T01:09:05.957+0000] {processor.py:183} INFO - Processing /opt/airflow/dags/gold_processing_dag.py took 0.891 seconds
[2026-07-24T01:09:39.912+0000] {processor.py:161} INFO - Started process (PID=4885) to work on /opt/airflow/dags/gold_processing_dag.py
[2026-07-24T01:09:39.932+0000] {processor.py:830} INFO - Processing file /opt/airflow/dags/gold_processing_dag.py for tasks to queue
[2026-07-24T01:09:40.036+0000] {logging_mixin.py:188} INFO - [2026-07-24T01:09:40.021+0000] {dagbag.py:545} INFO - Filling up the DagBag from /opt/airflow/dags/gold_processing_dag.py
[2026-07-24T01:09:40.528+0000] {processor.py:840} INFO - DAG(s) 'process_gold_layer' retrieved from /opt/airflow/dags/gold_processing_dag.py
[2026-07-24T01:09:41.204+0000] {logging_mixin.py:188} INFO - [2026-07-24T01:09:41.204+0000] {dag.py:3096} INFO - Sync 1 DAGs
[2026-07-24T01:09:41.596+0000] {logging_mixin.py:188} INFO - [2026-07-24T01:09:41.595+0000] {dag.py:3954} INFO - Setting next_dagrun for process_gold_layer to 2026-07-24 01:00:00+00:00, run_after=2026-07-24 02:00:00+00:00
[2026-07-24T01:09:41.881+0000] {processor.py:183} INFO - Processing /opt/airflow/dags/gold_processing_dag.py took 2.591 seconds
[2026-07-24T01:10:13.453+0000] {processor.py:161} INFO - Started process (PID=4977) to work on /opt/airflow/dags/gold_processing_dag.py
[2026-07-24T01:10:13.470+0000] {processor.py:830} INFO - Processing file /opt/airflow/dags/gold_processing_dag.py for tasks to queue
[2026-07-24T01:10:13.506+0000] {logging_mixin.py:188} INFO - [2026-07-24T01:10:13.502+0000] {dagbag.py:545} INFO - Filling up the DagBag from /opt/airflow/dags/gold_processing_dag.py
[2026-07-24T01:10:13.645+0000] {processor.py:840} INFO - DAG(s) 'process_gold_layer' retrieved from /opt/airflow/dags/gold_processing_dag.py
[2026-07-24T01:10:13.832+0000] {logging_mixin.py:188} INFO - [2026-07-24T01:10:13.832+0000] {dag.py:3096} INFO - Sync 1 DAGs
[2026-07-24T01:10:14.096+0000] {logging_mixin.py:188} INFO - [2026-07-24T01:10:14.095+0000] {dag.py:3954} INFO - Setting next_dagrun for process_gold_layer to 2026-07-24 01:00:00+00:00, run_after=2026-07-24 02:00:00+00:00
[2026-07-24T01:10:14.623+0000] {processor.py:183} INFO - Processing /opt/airflow/dags/gold_processing_dag.py took 1.390 seconds
[2026-07-24T01:10:45.100+0000] {processor.py:161} INFO - Started process (PID=5066) to work on /opt/airflow/dags/gold_processing_dag.py
[2026-07-24T01:10:45.103+0000] {processor.py:830} INFO - Processing file /opt/airflow/dags/gold_processing_dag.py for tasks to queue
[2026-07-24T01:10:45.116+0000] {logging_mixin.py:188} INFO - [2026-07-24T01:10:45.115+0000] {dagbag.py:545} INFO - Filling up the DagBag from /opt/airflow/dags/gold_processing_dag.py
[2026-07-24T01:10:45.251+0000] {processor.py:840} INFO - DAG(s) 'process_gold_layer' retrieved from /opt/airflow/dags/gold_processing_dag.py
[2026-07-24T01:10:45.372+0000] {logging_mixin.py:188} INFO - [2026-07-24T01:10:45.371+0000] {dag.py:3096} INFO - Sync 1 DAGs
[2026-07-24T01:10:45.426+0000] {logging_mixin.py:188} INFO - [2026-07-24T01:10:45.425+0000] {dag.py:3954} INFO - Setting next_dagrun for process_gold_layer to 2026-07-24 01:00:00+00:00, run_after=2026-07-24 02:00:00+00:00
[2026-07-24T01:10:45.492+0000] {processor.py:183} INFO - Processing /opt/airflow/dags/gold_processing_dag.py took 0.434 seconds
[2026-07-24T01:11:15.794+0000] {processor.py:161} INFO - Started process (PID=5119) to work on /opt/airflow/dags/gold_processing_dag.py
[2026-07-24T01:11:15.797+0000] {processor.py:830} INFO - Processing file /opt/airflow/dags/gold_processing_dag.py for tasks to queue
[2026-07-24T01:11:15.803+0000] {logging_mixin.py:188} INFO - [2026-07-24T01:11:15.802+0000] {dagbag.py:545} INFO - Filling up the DagBag from /opt/airflow/dags/gold_processing_dag.py
[2026-07-24T01:11:15.877+0000] {processor.py:840} INFO - DAG(s) 'process_gold_layer' retrieved from /opt/airflow/dags/gold_processing_dag.py
[2026-07-24T01:11:15.934+0000] {logging_mixin.py:188} INFO - [2026-07-24T01:11:15.934+0000] {dag.py:3096} INFO - Sync 1 DAGs
[2026-07-24T01:11:16.004+0000] {logging_mixin.py:188} INFO - [2026-07-24T01:11:16.003+0000] {dag.py:3954} INFO - Setting next_dagrun for process_gold_layer to 2026-07-24 01:00:00+00:00, run_after=2026-07-24 02:00:00+00:00
[2026-07-24T01:11:16.060+0000] {processor.py:183} INFO - Processing /opt/airflow/dags/gold_processing_dag.py took 0.284 seconds
[2026-07-24T01:11:46.468+0000] {processor.py:161} INFO - Started process (PID=5132) to work on /opt/airflow/dags/gold_processing_dag.py
[2026-07-24T01:11:46.485+0000] {processor.py:830} INFO - Processing file /opt/airflow/dags/gold_processing_dag.py for tasks to queue
[2026-07-24T01:11:46.496+0000] {logging_mixin.py:188} INFO - [2026-07-24T01:11:46.492+0000] {dagbag.py:545} INFO - Filling up the DagBag from /opt/airflow/dags/gold_processing_dag.py
[2026-07-24T01:11:46.578+0000] {processor.py:840} INFO - DAG(s) 'process_gold_layer' retrieved from /opt/airflow/dags/gold_processing_dag.py
[2026-07-24T01:11:46.636+0000] {logging_mixin.py:188} INFO - [2026-07-24T01:11:46.636+0000] {dag.py:3096} INFO - Sync 1 DAGs
[2026-07-24T01:11:46.759+0000] {logging_mixin.py:188} INFO - [2026-07-24T01:11:46.759+0000] {dag.py:3954} INFO - Setting next_dagrun for process_gold_layer to 2026-07-24 01:00:00+00:00, run_after=2026-07-24 02:00:00+00:00
[2026-07-24T01:11:46.830+0000] {processor.py:183} INFO - Processing /opt/airflow/dags/gold_processing_dag.py took 0.454 seconds
[2026-07-24T01:12:17.529+0000] {processor.py:161} INFO - Started process (PID=5147) to work on /opt/airflow/dags/gold_processing_dag.py
[2026-07-24T01:12:17.537+0000] {processor.py:830} INFO - Processing file /opt/airflow/dags/gold_processing_dag.py for tasks to queue
[2026-07-24T01:12:17.548+0000] {logging_mixin.py:188} INFO - [2026-07-24T01:12:17.545+0000] {dagbag.py:545} INFO - Filling up the DagBag from /opt/airflow/dags/gold_processing_dag.py
[2026-07-24T01:12:17.639+0000] {processor.py:840} INFO - DAG(s) 'process_gold_layer' retrieved from /opt/airflow/dags/gold_processing_dag.py
[2026-07-24T01:12:17.744+0000] {logging_mixin.py:188} INFO - [2026-07-24T01:12:17.743+0000] {dag.py:3096} INFO - Sync 1 DAGs
[2026-07-24T01:12:17.865+0000] {logging_mixin.py:188} INFO - [2026-07-24T01:12:17.865+0000] {dag.py:3954} INFO - Setting next_dagrun for process_gold_layer to 2026-07-24 01:00:00+00:00, run_after=2026-07-24 02:00:00+00:00
[2026-07-24T01:12:17.939+0000] {processor.py:183} INFO - Processing /opt/airflow/dags/gold_processing_dag.py took 0.443 seconds
[2026-07-24T01:12:48.215+0000] {processor.py:161} INFO - Started process (PID=5162) to work on /opt/airflow/dags/gold_processing_dag.py
[2026-07-24T01:12:48.218+0000] {processor.py:830} INFO - Processing file /opt/airflow/dags/gold_processing_dag.py for tasks to queue
[2026-07-24T01:12:48.225+0000] {logging_mixin.py:188} INFO - [2026-07-24T01:12:48.224+0000] {dagbag.py:545} INFO - Filling up the DagBag from /opt/airflow/dags/gold_processing_dag.py
[2026-07-24T01:12:48.288+0000] {processor.py:840} INFO - DAG(s) 'process_gold_layer' retrieved from /opt/airflow/dags/gold_processing_dag.py
[2026-07-24T01:12:48.393+0000] {logging_mixin.py:188} INFO - [2026-07-24T01:12:48.392+0000] {dag.py:3096} INFO - Sync 1 DAGs
[2026-07-24T01:12:48.486+0000] {logging_mixin.py:188} INFO - [2026-07-24T01:12:48.486+0000] {dag.py:3954} INFO - Setting next_dagrun for process_gold_layer to 2026-07-24 01:00:00+00:00, run_after=2026-07-24 02:00:00+00:00
[2026-07-24T01:12:48.535+0000] {processor.py:183} INFO - Processing /opt/airflow/dags/gold_processing_dag.py took 0.353 seconds
[2026-07-24T01:13:18.958+0000] {processor.py:161} INFO - Started process (PID=5177) to work on /opt/airflow/dags/gold_processing_dag.py
[2026-07-24T01:13:18.961+0000] {processor.py:830} INFO - Processing file /opt/airflow/dags/gold_processing_dag.py for tasks to queue
[2026-07-24T01:13:18.975+0000] {logging_mixin.py:188} INFO - [2026-07-24T01:13:18.974+0000] {dagbag.py:545} INFO - Filling up the DagBag from /opt/airflow/dags/gold_processing_dag.py
[2026-07-24T01:13:19.047+0000] {processor.py:840} INFO - DAG(s) 'process_gold_layer' retrieved from /opt/airflow/dags/gold_processing_dag.py
[2026-07-24T01:13:19.133+0000] {logging_mixin.py:188} INFO - [2026-07-24T01:13:19.132+0000] {dag.py:3096} INFO - Sync 1 DAGs
[2026-07-24T01:13:19.222+0000] {logging_mixin.py:188} INFO - [2026-07-24T01:13:19.221+0000] {dag.py:3954} INFO - Setting next_dagrun for process_gold_layer to 2026-07-24 01:00:00+00:00, run_after=2026-07-24 02:00:00+00:00
[2026-07-24T01:13:19.345+0000] {processor.py:183} INFO - Processing /opt/airflow/dags/gold_processing_dag.py took 0.414 seconds
[2026-07-24T01:13:49.917+0000] {processor.py:161} INFO - Started process (PID=5192) to work on /opt/airflow/dags/gold_processing_dag.py
[2026-07-24T01:13:49.922+0000] {processor.py:830} INFO - Processing file /opt/airflow/dags/gold_processing_dag.py for tasks to queue
[2026-07-24T01:13:49.934+0000] {logging_mixin.py:188} INFO - [2026-07-24T01:13:49.933+0000] {dagbag.py:545} INFO - Filling up the DagBag from /opt/airflow/dags/gold_processing_dag.py
[2026-07-24T01:13:50.016+0000] {processor.py:840} INFO - DAG(s) 'process_gold_layer' retrieved from /opt/airflow/dags/gold_processing_dag.py
[2026-07-24T01:13:50.072+0000] {logging_mixin.py:188} INFO - [2026-07-24T01:13:50.071+0000] {dag.py:3096} INFO - Sync 1 DAGs
[2026-07-24T01:13:50.147+0000] {logging_mixin.py:188} INFO - [2026-07-24T01:13:50.147+0000] {dag.py:3954} INFO - Setting next_dagrun for process_gold_layer to 2026-07-24 01:00:00+00:00, run_after=2026-07-24 02:00:00+00:00
[2026-07-24T01:13:50.223+0000] {processor.py:183} INFO - Processing /opt/airflow/dags/gold_processing_dag.py took 0.329 seconds
[2026-07-24T01:14:20.631+0000] {processor.py:161} INFO - Started process (PID=5207) to work on /opt/airflow/dags/gold_processing_dag.py
[2026-07-24T01:14:20.634+0000] {processor.py:830} INFO - Processing file /opt/airflow/dags/gold_processing_dag.py for tasks to queue
[2026-07-24T01:14:20.641+0000] {logging_mixin.py:188} INFO - [2026-07-24T01:14:20.640+0000] {dagbag.py:545} INFO - Filling up the DagBag from /opt/airflow/dags/gold_processing_dag.py
[2026-07-24T01:14:20.693+0000] {processor.py:840} INFO - DAG(s) 'process_gold_layer' retrieved from /opt/airflow/dags/gold_processing_dag.py
[2026-07-24T01:14:20.755+0000] {logging_mixin.py:188} INFO - [2026-07-24T01:14:20.754+0000] {dag.py:3096} INFO - Sync 1 DAGs
[2026-07-24T01:14:20.823+0000] {logging_mixin.py:188} INFO - [2026-07-24T01:14:20.822+0000] {dag.py:3954} INFO - Setting next_dagrun for process_gold_layer to 2026-07-24 01:00:00+00:00, run_after=2026-07-24 02:00:00+00:00
[2026-07-24T01:14:20.860+0000] {processor.py:183} INFO - Processing /opt/airflow/dags/gold_processing_dag.py took 0.251 seconds
[2026-07-24T01:14:53.704+0000] {processor.py:161} INFO - Started process (PID=5222) to work on /opt/airflow/dags/gold_processing_dag.py
[2026-07-24T01:14:53.709+0000] {processor.py:830} INFO - Processing file /opt/airflow/dags/gold_processing_dag.py for tasks to queue
[2026-07-24T01:14:53.726+0000] {logging_mixin.py:188} INFO - [2026-07-24T01:14:53.722+0000] {dagbag.py:545} INFO - Filling up the DagBag from /opt/airflow/dags/gold_processing_dag.py
[2026-07-24T01:14:53.820+0000] {processor.py:840} INFO - DAG(s) 'process_gold_layer' retrieved from /opt/airflow/dags/gold_processing_dag.py
[2026-07-24T01:14:53.900+0000] {logging_mixin.py:188} INFO - [2026-07-24T01:14:53.898+0000] {dag.py:3096} INFO - Sync 1 DAGs
[2026-07-24T01:14:54.008+0000] {logging_mixin.py:188} INFO - [2026-07-24T01:14:54.007+0000] {dag.py:3954} INFO - Setting next_dagrun for process_gold_layer to 2026-07-24 01:00:00+00:00, run_after=2026-07-24 02:00:00+00:00
[2026-07-24T01:14:54.072+0000] {processor.py:183} INFO - Processing /opt/airflow/dags/gold_processing_dag.py took 0.400 seconds
