[2026-07-24T00:26:33.918+0000] {processor.py:161} INFO - Started process (PID=173) to work on /opt/airflow/dags/silver_processing_dag.py
[2026-07-24T00:26:33.968+0000] {processor.py:830} INFO - Processing file /opt/airflow/dags/silver_processing_dag.py for tasks to queue
[2026-07-24T00:26:34.050+0000] {logging_mixin.py:188} INFO - [2026-07-24T00:26:34.041+0000] {dagbag.py:545} INFO - Filling up the DagBag from /opt/airflow/dags/silver_processing_dag.py
[2026-07-24T00:26:36.431+0000] {processor.py:840} INFO - DAG(s) 'process_silver_layer' retrieved from /opt/airflow/dags/silver_processing_dag.py
[2026-07-24T00:26:42.035+0000] {logging_mixin.py:188} INFO - [2026-07-24T00:26:42.034+0000] {dag.py:3096} INFO - Sync 1 DAGs
[2026-07-24T00:26:42.437+0000] {logging_mixin.py:188} INFO - [2026-07-24T00:26:42.437+0000] {dag.py:3954} INFO - Setting next_dagrun for process_silver_layer to None, run_after=None
[2026-07-24T00:26:43.216+0000] {processor.py:183} INFO - Processing /opt/airflow/dags/silver_processing_dag.py took 9.622 seconds
[2026-07-24T00:27:14.248+0000] {processor.py:161} INFO - Started process (PID=245) to work on /opt/airflow/dags/silver_processing_dag.py
[2026-07-24T00:27:14.311+0000] {processor.py:830} INFO - Processing file /opt/airflow/dags/silver_processing_dag.py for tasks to queue
[2026-07-24T00:27:14.392+0000] {logging_mixin.py:188} INFO - [2026-07-24T00:27:14.368+0000] {dagbag.py:545} INFO - Filling up the DagBag from /opt/airflow/dags/silver_processing_dag.py
[2026-07-24T00:27:15.188+0000] {processor.py:840} INFO - DAG(s) 'process_silver_layer' retrieved from /opt/airflow/dags/silver_processing_dag.py
[2026-07-24T00:27:15.653+0000] {logging_mixin.py:188} INFO - [2026-07-24T00:27:15.652+0000] {dag.py:3096} INFO - Sync 1 DAGs
[2026-07-24T00:27:15.840+0000] {logging_mixin.py:188} INFO - [2026-07-24T00:27:15.837+0000] {dag.py:3954} INFO - Setting next_dagrun for process_silver_layer to None, run_after=None
[2026-07-24T00:27:16.045+0000] {processor.py:183} INFO - Processing /opt/airflow/dags/silver_processing_dag.py took 2.159 seconds
[2026-07-24T00:27:47.567+0000] {processor.py:161} INFO - Started process (PID=319) to work on /opt/airflow/dags/silver_processing_dag.py
[2026-07-24T00:27:47.573+0000] {processor.py:830} INFO - Processing file /opt/airflow/dags/silver_processing_dag.py for tasks to queue
[2026-07-24T00:27:47.606+0000] {logging_mixin.py:188} INFO - [2026-07-24T00:27:47.603+0000] {dagbag.py:545} INFO - Filling up the DagBag from /opt/airflow/dags/silver_processing_dag.py
[2026-07-24T00:27:48.067+0000] {processor.py:840} INFO - DAG(s) 'process_silver_layer' retrieved from /opt/airflow/dags/silver_processing_dag.py
[2026-07-24T00:27:48.358+0000] {logging_mixin.py:188} INFO - [2026-07-24T00:27:48.358+0000] {dag.py:3096} INFO - Sync 1 DAGs
[2026-07-24T00:27:48.705+0000] {logging_mixin.py:188} INFO - [2026-07-24T00:27:48.705+0000] {dag.py:3954} INFO - Setting next_dagrun for process_silver_layer to None, run_after=None
[2026-07-24T00:27:49.019+0000] {processor.py:183} INFO - Processing /opt/airflow/dags/silver_processing_dag.py took 1.535 seconds
[2026-07-24T00:28:20.134+0000] {processor.py:161} INFO - Started process (PID=348) to work on /opt/airflow/dags/silver_processing_dag.py
[2026-07-24T00:28:20.151+0000] {processor.py:830} INFO - Processing file /opt/airflow/dags/silver_processing_dag.py for tasks to queue
[2026-07-24T00:28:20.177+0000] {logging_mixin.py:188} INFO - [2026-07-24T00:28:20.173+0000] {dagbag.py:545} INFO - Filling up the DagBag from /opt/airflow/dags/silver_processing_dag.py
[2026-07-24T00:28:20.309+0000] {processor.py:840} INFO - DAG(s) 'process_silver_layer' retrieved from /opt/airflow/dags/silver_processing_dag.py
[2026-07-24T00:28:20.606+0000] {logging_mixin.py:188} INFO - [2026-07-24T00:28:20.605+0000] {dag.py:3096} INFO - Sync 1 DAGs
[2026-07-24T00:28:20.780+0000] {logging_mixin.py:188} INFO - [2026-07-24T00:28:20.778+0000] {dag.py:3954} INFO - Setting next_dagrun for process_silver_layer to None, run_after=None
[2026-07-24T00:28:26.468+0000] {processor.py:183} INFO - Processing /opt/airflow/dags/silver_processing_dag.py took 6.539 seconds
[2026-07-24T00:28:57.170+0000] {processor.py:161} INFO - Started process (PID=462) to work on /opt/airflow/dags/silver_processing_dag.py
[2026-07-24T00:28:57.184+0000] {processor.py:830} INFO - Processing file /opt/airflow/dags/silver_processing_dag.py for tasks to queue
[2026-07-24T00:28:57.506+0000] {logging_mixin.py:188} INFO - [2026-07-24T00:28:57.480+0000] {dagbag.py:545} INFO - Filling up the DagBag from /opt/airflow/dags/silver_processing_dag.py
[2026-07-24T00:28:57.852+0000] {processor.py:840} INFO - DAG(s) 'process_silver_layer' retrieved from /opt/airflow/dags/silver_processing_dag.py
[2026-07-24T00:28:58.437+0000] {logging_mixin.py:188} INFO - [2026-07-24T00:28:58.436+0000] {dag.py:3096} INFO - Sync 1 DAGs
[2026-07-24T00:29:00.744+0000] {logging_mixin.py:188} INFO - [2026-07-24T00:29:00.744+0000] {dag.py:3954} INFO - Setting next_dagrun for process_silver_layer to None, run_after=None
[2026-07-24T00:29:00.796+0000] {processor.py:183} INFO - Processing /opt/airflow/dags/silver_processing_dag.py took 3.873 seconds
[2026-07-24T00:29:31.657+0000] {processor.py:161} INFO - Started process (PID=522) to work on /opt/airflow/dags/silver_processing_dag.py
[2026-07-24T00:29:31.660+0000] {processor.py:830} INFO - Processing file /opt/airflow/dags/silver_processing_dag.py for tasks to queue
[2026-07-24T00:29:31.666+0000] {logging_mixin.py:188} INFO - [2026-07-24T00:29:31.665+0000] {dagbag.py:545} INFO - Filling up the DagBag from /opt/airflow/dags/silver_processing_dag.py
[2026-07-24T00:29:32.003+0000] {processor.py:840} INFO - DAG(s) 'process_silver_layer' retrieved from /opt/airflow/dags/silver_processing_dag.py
[2026-07-24T00:29:32.036+0000] {logging_mixin.py:188} INFO - [2026-07-24T00:29:32.035+0000] {dag.py:3096} INFO - Sync 1 DAGs
[2026-07-24T00:29:32.073+0000] {logging_mixin.py:188} INFO - [2026-07-24T00:29:32.073+0000] {dag.py:3954} INFO - Setting next_dagrun for process_silver_layer to None, run_after=None
[2026-07-24T00:29:32.131+0000] {processor.py:183} INFO - Processing /opt/airflow/dags/silver_processing_dag.py took 0.487 seconds
[2026-07-24T00:30:02.966+0000] {processor.py:161} INFO - Started process (PID=557) to work on /opt/airflow/dags/silver_processing_dag.py
[2026-07-24T00:30:02.971+0000] {processor.py:830} INFO - Processing file /opt/airflow/dags/silver_processing_dag.py for tasks to queue
[2026-07-24T00:30:02.980+0000] {logging_mixin.py:188} INFO - [2026-07-24T00:30:02.979+0000] {dagbag.py:545} INFO - Filling up the DagBag from /opt/airflow/dags/silver_processing_dag.py
[2026-07-24T00:30:03.061+0000] {processor.py:840} INFO - DAG(s) 'process_silver_layer' retrieved from /opt/airflow/dags/silver_processing_dag.py
[2026-07-24T00:30:03.122+0000] {logging_mixin.py:188} INFO - [2026-07-24T00:30:03.122+0000] {dag.py:3096} INFO - Sync 1 DAGs
[2026-07-24T00:30:03.167+0000] {logging_mixin.py:188} INFO - [2026-07-24T00:30:03.166+0000] {dag.py:3954} INFO - Setting next_dagrun for process_silver_layer to None, run_after=None
[2026-07-24T00:30:03.402+0000] {processor.py:183} INFO - Processing /opt/airflow/dags/silver_processing_dag.py took 0.484 seconds
[2026-07-24T00:30:34.324+0000] {processor.py:161} INFO - Started process (PID=590) to work on /opt/airflow/dags/silver_processing_dag.py
[2026-07-24T00:30:34.376+0000] {processor.py:830} INFO - Processing file /opt/airflow/dags/silver_processing_dag.py for tasks to queue
[2026-07-24T00:30:34.483+0000] {logging_mixin.py:188} INFO - [2026-07-24T00:30:34.463+0000] {dagbag.py:545} INFO - Filling up the DagBag from /opt/airflow/dags/silver_processing_dag.py
[2026-07-24T00:30:34.826+0000] {processor.py:840} INFO - DAG(s) 'process_silver_layer' retrieved from /opt/airflow/dags/silver_processing_dag.py
[2026-07-24T00:30:35.222+0000] {logging_mixin.py:188} INFO - [2026-07-24T00:30:35.222+0000] {dag.py:3096} INFO - Sync 1 DAGs
[2026-07-24T00:30:35.324+0000] {logging_mixin.py:188} INFO - [2026-07-24T00:30:35.323+0000] {dag.py:3954} INFO - Setting next_dagrun for process_silver_layer to None, run_after=None
[2026-07-24T00:30:35.466+0000] {processor.py:183} INFO - Processing /opt/airflow/dags/silver_processing_dag.py took 1.287 seconds
[2026-07-24T00:31:06.709+0000] {processor.py:161} INFO - Started process (PID=691) to work on /opt/airflow/dags/silver_processing_dag.py
[2026-07-24T00:31:06.728+0000] {processor.py:830} INFO - Processing file /opt/airflow/dags/silver_processing_dag.py for tasks to queue
[2026-07-24T00:31:06.750+0000] {logging_mixin.py:188} INFO - [2026-07-24T00:31:06.748+0000] {dagbag.py:545} INFO - Filling up the DagBag from /opt/airflow/dags/silver_processing_dag.py
[2026-07-24T00:31:06.969+0000] {processor.py:840} INFO - DAG(s) 'process_silver_layer' retrieved from /opt/airflow/dags/silver_processing_dag.py
[2026-07-24T00:31:07.130+0000] {logging_mixin.py:188} INFO - [2026-07-24T00:31:07.129+0000] {dag.py:3096} INFO - Sync 1 DAGs
[2026-07-24T00:31:07.222+0000] {logging_mixin.py:188} INFO - [2026-07-24T00:31:07.221+0000] {dag.py:3954} INFO - Setting next_dagrun for process_silver_layer to None, run_after=None
[2026-07-24T00:31:07.469+0000] {processor.py:183} INFO - Processing /opt/airflow/dags/silver_processing_dag.py took 0.789 seconds
[2026-07-24T00:31:38.229+0000] {processor.py:161} INFO - Started process (PID=748) to work on /opt/airflow/dags/silver_processing_dag.py
[2026-07-24T00:31:38.237+0000] {processor.py:830} INFO - Processing file /opt/airflow/dags/silver_processing_dag.py for tasks to queue
[2026-07-24T00:31:38.255+0000] {logging_mixin.py:188} INFO - [2026-07-24T00:31:38.254+0000] {dagbag.py:545} INFO - Filling up the DagBag from /opt/airflow/dags/silver_processing_dag.py
[2026-07-24T00:31:38.310+0000] {processor.py:840} INFO - DAG(s) 'process_silver_layer' retrieved from /opt/airflow/dags/silver_processing_dag.py
[2026-07-24T00:31:38.401+0000] {logging_mixin.py:188} INFO - [2026-07-24T00:31:38.401+0000] {dag.py:3096} INFO - Sync 1 DAGs
[2026-07-24T00:31:38.451+0000] {logging_mixin.py:188} INFO - [2026-07-24T00:31:38.451+0000] {dag.py:3954} INFO - Setting next_dagrun for process_silver_layer to None, run_after=None
[2026-07-24T00:31:38.524+0000] {processor.py:183} INFO - Processing /opt/airflow/dags/silver_processing_dag.py took 0.314 seconds
[2026-07-24T00:32:08.861+0000] {processor.py:161} INFO - Started process (PID=786) to work on /opt/airflow/dags/silver_processing_dag.py
[2026-07-24T00:32:08.873+0000] {processor.py:830} INFO - Processing file /opt/airflow/dags/silver_processing_dag.py for tasks to queue
[2026-07-24T00:32:08.886+0000] {logging_mixin.py:188} INFO - [2026-07-24T00:32:08.885+0000] {dagbag.py:545} INFO - Filling up the DagBag from /opt/airflow/dags/silver_processing_dag.py
[2026-07-24T00:32:08.964+0000] {processor.py:840} INFO - DAG(s) 'process_silver_layer' retrieved from /opt/airflow/dags/silver_processing_dag.py
[2026-07-24T00:32:09.054+0000] {logging_mixin.py:188} INFO - [2026-07-24T00:32:09.053+0000] {dag.py:3096} INFO - Sync 1 DAGs
[2026-07-24T00:32:09.132+0000] {logging_mixin.py:188} INFO - [2026-07-24T00:32:09.132+0000] {dag.py:3954} INFO - Setting next_dagrun for process_silver_layer to None, run_after=None
[2026-07-24T00:32:09.218+0000] {processor.py:183} INFO - Processing /opt/airflow/dags/silver_processing_dag.py took 0.393 seconds
[2026-07-24T00:32:40.135+0000] {processor.py:161} INFO - Started process (PID=853) to work on /opt/airflow/dags/silver_processing_dag.py
[2026-07-24T00:32:40.140+0000] {processor.py:830} INFO - Processing file /opt/airflow/dags/silver_processing_dag.py for tasks to queue
[2026-07-24T00:32:40.152+0000] {logging_mixin.py:188} INFO - [2026-07-24T00:32:40.150+0000] {dagbag.py:545} INFO - Filling up the DagBag from /opt/airflow/dags/silver_processing_dag.py
[2026-07-24T00:32:40.215+0000] {processor.py:840} INFO - DAG(s) 'process_silver_layer' retrieved from /opt/airflow/dags/silver_processing_dag.py
[2026-07-24T00:32:40.272+0000] {logging_mixin.py:188} INFO - [2026-07-24T00:32:40.272+0000] {dag.py:3096} INFO - Sync 1 DAGs
[2026-07-24T00:32:40.312+0000] {logging_mixin.py:188} INFO - [2026-07-24T00:32:40.312+0000] {dag.py:3954} INFO - Setting next_dagrun for process_silver_layer to None, run_after=None
[2026-07-24T00:32:40.362+0000] {processor.py:183} INFO - Processing /opt/airflow/dags/silver_processing_dag.py took 0.260 seconds
[2026-07-24T00:33:10.539+0000] {processor.py:161} INFO - Started process (PID=868) to work on /opt/airflow/dags/silver_processing_dag.py
[2026-07-24T00:33:10.548+0000] {processor.py:830} INFO - Processing file /opt/airflow/dags/silver_processing_dag.py for tasks to queue
[2026-07-24T00:33:10.553+0000] {logging_mixin.py:188} INFO - [2026-07-24T00:33:10.553+0000] {dagbag.py:545} INFO - Filling up the DagBag from /opt/airflow/dags/silver_processing_dag.py
[2026-07-24T00:33:10.594+0000] {processor.py:840} INFO - DAG(s) 'process_silver_layer' retrieved from /opt/airflow/dags/silver_processing_dag.py
[2026-07-24T00:33:10.643+0000] {logging_mixin.py:188} INFO - [2026-07-24T00:33:10.642+0000] {dag.py:3096} INFO - Sync 1 DAGs
[2026-07-24T00:33:10.671+0000] {logging_mixin.py:188} INFO - [2026-07-24T00:33:10.670+0000] {dag.py:3954} INFO - Setting next_dagrun for process_silver_layer to None, run_after=None
[2026-07-24T00:33:10.727+0000] {processor.py:183} INFO - Processing /opt/airflow/dags/silver_processing_dag.py took 0.202 seconds
[2026-07-24T00:33:41.486+0000] {processor.py:161} INFO - Started process (PID=883) to work on /opt/airflow/dags/silver_processing_dag.py
[2026-07-24T00:33:41.488+0000] {processor.py:830} INFO - Processing file /opt/airflow/dags/silver_processing_dag.py for tasks to queue
[2026-07-24T00:33:41.494+0000] {logging_mixin.py:188} INFO - [2026-07-24T00:33:41.493+0000] {dagbag.py:545} INFO - Filling up the DagBag from /opt/airflow/dags/silver_processing_dag.py
[2026-07-24T00:33:41.535+0000] {processor.py:840} INFO - DAG(s) 'process_silver_layer' retrieved from /opt/airflow/dags/silver_processing_dag.py
[2026-07-24T00:33:41.592+0000] {logging_mixin.py:188} INFO - [2026-07-24T00:33:41.592+0000] {dag.py:3096} INFO - Sync 1 DAGs
[2026-07-24T00:33:41.626+0000] {logging_mixin.py:188} INFO - [2026-07-24T00:33:41.626+0000] {dag.py:3954} INFO - Setting next_dagrun for process_silver_layer to None, run_after=None
[2026-07-24T00:33:41.670+0000] {processor.py:183} INFO - Processing /opt/airflow/dags/silver_processing_dag.py took 0.198 seconds
[2026-07-24T00:34:12.143+0000] {processor.py:161} INFO - Started process (PID=898) to work on /opt/airflow/dags/silver_processing_dag.py
[2026-07-24T00:34:12.145+0000] {processor.py:830} INFO - Processing file /opt/airflow/dags/silver_processing_dag.py for tasks to queue
[2026-07-24T00:34:12.152+0000] {logging_mixin.py:188} INFO - [2026-07-24T00:34:12.152+0000] {dagbag.py:545} INFO - Filling up the DagBag from /opt/airflow/dags/silver_processing_dag.py
[2026-07-24T00:34:12.207+0000] {processor.py:840} INFO - DAG(s) 'process_silver_layer' retrieved from /opt/airflow/dags/silver_processing_dag.py
[2026-07-24T00:34:12.252+0000] {logging_mixin.py:188} INFO - [2026-07-24T00:34:12.251+0000] {dag.py:3096} INFO - Sync 1 DAGs
[2026-07-24T00:34:12.295+0000] {logging_mixin.py:188} INFO - [2026-07-24T00:34:12.295+0000] {dag.py:3954} INFO - Setting next_dagrun for process_silver_layer to None, run_after=None
[2026-07-24T00:34:12.343+0000] {processor.py:183} INFO - Processing /opt/airflow/dags/silver_processing_dag.py took 0.212 seconds
[2026-07-24T00:34:43.262+0000] {processor.py:161} INFO - Started process (PID=913) to work on /opt/airflow/dags/silver_processing_dag.py
[2026-07-24T00:34:43.267+0000] {processor.py:830} INFO - Processing file /opt/airflow/dags/silver_processing_dag.py for tasks to queue
[2026-07-24T00:34:43.277+0000] {logging_mixin.py:188} INFO - [2026-07-24T00:34:43.274+0000] {dagbag.py:545} INFO - Filling up the DagBag from /opt/airflow/dags/silver_processing_dag.py
[2026-07-24T00:34:43.355+0000] {processor.py:840} INFO - DAG(s) 'process_silver_layer' retrieved from /opt/airflow/dags/silver_processing_dag.py
[2026-07-24T00:34:43.423+0000] {logging_mixin.py:188} INFO - [2026-07-24T00:34:43.422+0000] {dag.py:3096} INFO - Sync 1 DAGs
[2026-07-24T00:34:43.484+0000] {logging_mixin.py:188} INFO - [2026-07-24T00:34:43.483+0000] {dag.py:3954} INFO - Setting next_dagrun for process_silver_layer to None, run_after=None
[2026-07-24T00:34:43.565+0000] {processor.py:183} INFO - Processing /opt/airflow/dags/silver_processing_dag.py took 0.329 seconds
[2026-07-24T00:35:13.872+0000] {processor.py:161} INFO - Started process (PID=990) to work on /opt/airflow/dags/silver_processing_dag.py
[2026-07-24T00:35:13.879+0000] {processor.py:830} INFO - Processing file /opt/airflow/dags/silver_processing_dag.py for tasks to queue
[2026-07-24T00:35:13.901+0000] {logging_mixin.py:188} INFO - [2026-07-24T00:35:13.898+0000] {dagbag.py:545} INFO - Filling up the DagBag from /opt/airflow/dags/silver_processing_dag.py
[2026-07-24T00:35:14.389+0000] {processor.py:840} INFO - DAG(s) 'process_silver_layer' retrieved from /opt/airflow/dags/silver_processing_dag.py
[2026-07-24T00:35:14.561+0000] {logging_mixin.py:188} INFO - [2026-07-24T00:35:14.560+0000] {dag.py:3096} INFO - Sync 1 DAGs
[2026-07-24T00:35:14.630+0000] {logging_mixin.py:188} INFO - [2026-07-24T00:35:14.629+0000] {dag.py:3954} INFO - Setting next_dagrun for process_silver_layer to None, run_after=None
[2026-07-24T00:35:14.733+0000] {processor.py:183} INFO - Processing /opt/airflow/dags/silver_processing_dag.py took 0.886 seconds
[2026-07-24T00:35:45.387+0000] {processor.py:161} INFO - Started process (PID=1017) to work on /opt/airflow/dags/silver_processing_dag.py
[2026-07-24T00:35:45.417+0000] {processor.py:830} INFO - Processing file /opt/airflow/dags/silver_processing_dag.py for tasks to queue
[2026-07-24T00:35:45.440+0000] {logging_mixin.py:188} INFO - [2026-07-24T00:35:45.433+0000] {dagbag.py:545} INFO - Filling up the DagBag from /opt/airflow/dags/silver_processing_dag.py
[2026-07-24T00:35:45.567+0000] {processor.py:840} INFO - DAG(s) 'process_silver_layer' retrieved from /opt/airflow/dags/silver_processing_dag.py
[2026-07-24T00:35:45.656+0000] {logging_mixin.py:188} INFO - [2026-07-24T00:35:45.655+0000] {dag.py:3096} INFO - Sync 1 DAGs
[2026-07-24T00:35:45.710+0000] {logging_mixin.py:188} INFO - [2026-07-24T00:35:45.710+0000] {dag.py:3954} INFO - Setting next_dagrun for process_silver_layer to None, run_after=None
[2026-07-24T00:35:45.785+0000] {processor.py:183} INFO - Processing /opt/airflow/dags/silver_processing_dag.py took 0.453 seconds
[2026-07-24T00:36:16.860+0000] {processor.py:161} INFO - Started process (PID=1044) to work on /opt/airflow/dags/silver_processing_dag.py
[2026-07-24T00:36:16.862+0000] {processor.py:830} INFO - Processing file /opt/airflow/dags/silver_processing_dag.py for tasks to queue
[2026-07-24T00:36:16.869+0000] {logging_mixin.py:188} INFO - [2026-07-24T00:36:16.869+0000] {dagbag.py:545} INFO - Filling up the DagBag from /opt/airflow/dags/silver_processing_dag.py
[2026-07-24T00:36:17.011+0000] {processor.py:840} INFO - DAG(s) 'process_silver_layer' retrieved from /opt/airflow/dags/silver_processing_dag.py
[2026-07-24T00:36:17.068+0000] {logging_mixin.py:188} INFO - [2026-07-24T00:36:17.068+0000] {dag.py:3096} INFO - Sync 1 DAGs
[2026-07-24T00:36:17.096+0000] {logging_mixin.py:188} INFO - [2026-07-24T00:36:17.096+0000] {dag.py:3954} INFO - Setting next_dagrun for process_silver_layer to None, run_after=None
[2026-07-24T00:36:17.157+0000] {processor.py:183} INFO - Processing /opt/airflow/dags/silver_processing_dag.py took 0.327 seconds
[2026-07-24T00:36:47.549+0000] {processor.py:161} INFO - Started process (PID=1061) to work on /opt/airflow/dags/silver_processing_dag.py
[2026-07-24T00:36:47.555+0000] {processor.py:830} INFO - Processing file /opt/airflow/dags/silver_processing_dag.py for tasks to queue
[2026-07-24T00:36:47.571+0000] {logging_mixin.py:188} INFO - [2026-07-24T00:36:47.569+0000] {dagbag.py:545} INFO - Filling up the DagBag from /opt/airflow/dags/silver_processing_dag.py
[2026-07-24T00:36:47.648+0000] {processor.py:840} INFO - DAG(s) 'process_silver_layer' retrieved from /opt/airflow/dags/silver_processing_dag.py
[2026-07-24T00:36:47.702+0000] {logging_mixin.py:188} INFO - [2026-07-24T00:36:47.701+0000] {dag.py:3096} INFO - Sync 1 DAGs
[2026-07-24T00:36:47.731+0000] {logging_mixin.py:188} INFO - [2026-07-24T00:36:47.731+0000] {dag.py:3954} INFO - Setting next_dagrun for process_silver_layer to None, run_after=None
[2026-07-24T00:36:47.766+0000] {processor.py:183} INFO - Processing /opt/airflow/dags/silver_processing_dag.py took 0.231 seconds
[2026-07-24T00:37:18.539+0000] {processor.py:161} INFO - Started process (PID=1076) to work on /opt/airflow/dags/silver_processing_dag.py
[2026-07-24T00:37:18.542+0000] {processor.py:830} INFO - Processing file /opt/airflow/dags/silver_processing_dag.py for tasks to queue
[2026-07-24T00:37:18.559+0000] {logging_mixin.py:188} INFO - [2026-07-24T00:37:18.558+0000] {dagbag.py:545} INFO - Filling up the DagBag from /opt/airflow/dags/silver_processing_dag.py
[2026-07-24T00:37:18.656+0000] {processor.py:840} INFO - DAG(s) 'process_silver_layer' retrieved from /opt/airflow/dags/silver_processing_dag.py
[2026-07-24T00:37:18.699+0000] {logging_mixin.py:188} INFO - [2026-07-24T00:37:18.699+0000] {dag.py:3096} INFO - Sync 1 DAGs
[2026-07-24T00:37:18.735+0000] {logging_mixin.py:188} INFO - [2026-07-24T00:37:18.734+0000] {dag.py:3954} INFO - Setting next_dagrun for process_silver_layer to None, run_after=None
[2026-07-24T00:37:18.783+0000] {processor.py:183} INFO - Processing /opt/airflow/dags/silver_processing_dag.py took 0.287 seconds
[2026-07-24T00:37:49.884+0000] {processor.py:161} INFO - Started process (PID=1092) to work on /opt/airflow/dags/silver_processing_dag.py
[2026-07-24T00:37:49.889+0000] {processor.py:830} INFO - Processing file /opt/airflow/dags/silver_processing_dag.py for tasks to queue
[2026-07-24T00:37:49.897+0000] {logging_mixin.py:188} INFO - [2026-07-24T00:37:49.896+0000] {dagbag.py:545} INFO - Filling up the DagBag from /opt/airflow/dags/silver_processing_dag.py
[2026-07-24T00:37:49.943+0000] {processor.py:840} INFO - DAG(s) 'process_silver_layer' retrieved from /opt/airflow/dags/silver_processing_dag.py
[2026-07-24T00:37:50.001+0000] {logging_mixin.py:188} INFO - [2026-07-24T00:37:50.000+0000] {dag.py:3096} INFO - Sync 1 DAGs
[2026-07-24T00:37:50.065+0000] {logging_mixin.py:188} INFO - [2026-07-24T00:37:50.064+0000] {dag.py:3954} INFO - Setting next_dagrun for process_silver_layer to None, run_after=None
[2026-07-24T00:37:50.143+0000] {processor.py:183} INFO - Processing /opt/airflow/dags/silver_processing_dag.py took 0.283 seconds
[2026-07-24T00:38:21.126+0000] {processor.py:161} INFO - Started process (PID=1111) to work on /opt/airflow/dags/silver_processing_dag.py
[2026-07-24T00:38:21.131+0000] {processor.py:830} INFO - Processing file /opt/airflow/dags/silver_processing_dag.py for tasks to queue
[2026-07-24T00:38:21.147+0000] {logging_mixin.py:188} INFO - [2026-07-24T00:38:21.146+0000] {dagbag.py:545} INFO - Filling up the DagBag from /opt/airflow/dags/silver_processing_dag.py
[2026-07-24T00:38:21.262+0000] {processor.py:840} INFO - DAG(s) 'process_silver_layer' retrieved from /opt/airflow/dags/silver_processing_dag.py
[2026-07-24T00:38:21.350+0000] {logging_mixin.py:188} INFO - [2026-07-24T00:38:21.350+0000] {dag.py:3096} INFO - Sync 1 DAGs
[2026-07-24T00:38:21.392+0000] {logging_mixin.py:188} INFO - [2026-07-24T00:38:21.391+0000] {dag.py:3954} INFO - Setting next_dagrun for process_silver_layer to None, run_after=None
[2026-07-24T00:38:21.440+0000] {processor.py:183} INFO - Processing /opt/airflow/dags/silver_processing_dag.py took 0.351 seconds
[2026-07-24T00:38:52.127+0000] {processor.py:161} INFO - Started process (PID=1128) to work on /opt/airflow/dags/silver_processing_dag.py
[2026-07-24T00:38:52.130+0000] {processor.py:830} INFO - Processing file /opt/airflow/dags/silver_processing_dag.py for tasks to queue
[2026-07-24T00:38:52.134+0000] {logging_mixin.py:188} INFO - [2026-07-24T00:38:52.133+0000] {dagbag.py:545} INFO - Filling up the DagBag from /opt/airflow/dags/silver_processing_dag.py
[2026-07-24T00:38:52.164+0000] {processor.py:840} INFO - DAG(s) 'process_silver_layer' retrieved from /opt/airflow/dags/silver_processing_dag.py
[2026-07-24T00:38:52.205+0000] {logging_mixin.py:188} INFO - [2026-07-24T00:38:52.204+0000] {dag.py:3096} INFO - Sync 1 DAGs
[2026-07-24T00:38:52.235+0000] {logging_mixin.py:188} INFO - [2026-07-24T00:38:52.235+0000] {dag.py:3954} INFO - Setting next_dagrun for process_silver_layer to None, run_after=None
[2026-07-24T00:38:52.284+0000] {processor.py:183} INFO - Processing /opt/airflow/dags/silver_processing_dag.py took 0.168 seconds
[2026-07-24T00:39:22.797+0000] {processor.py:161} INFO - Started process (PID=1146) to work on /opt/airflow/dags/silver_processing_dag.py
[2026-07-24T00:39:22.800+0000] {processor.py:830} INFO - Processing file /opt/airflow/dags/silver_processing_dag.py for tasks to queue
[2026-07-24T00:39:22.805+0000] {logging_mixin.py:188} INFO - [2026-07-24T00:39:22.805+0000] {dagbag.py:545} INFO - Filling up the DagBag from /opt/airflow/dags/silver_processing_dag.py
[2026-07-24T00:39:22.845+0000] {processor.py:840} INFO - DAG(s) 'process_silver_layer' retrieved from /opt/airflow/dags/silver_processing_dag.py
[2026-07-24T00:39:22.924+0000] {logging_mixin.py:188} INFO - [2026-07-24T00:39:22.924+0000] {dag.py:3096} INFO - Sync 1 DAGs
[2026-07-24T00:39:22.982+0000] {logging_mixin.py:188} INFO - [2026-07-24T00:39:22.981+0000] {dag.py:3954} INFO - Setting next_dagrun for process_silver_layer to None, run_after=None
[2026-07-24T00:39:23.028+0000] {processor.py:183} INFO - Processing /opt/airflow/dags/silver_processing_dag.py took 0.245 seconds
[2026-07-24T00:39:54.089+0000] {processor.py:161} INFO - Started process (PID=1165) to work on /opt/airflow/dags/silver_processing_dag.py
[2026-07-24T00:39:54.252+0000] {processor.py:830} INFO - Processing file /opt/airflow/dags/silver_processing_dag.py for tasks to queue
[2026-07-24T00:39:54.285+0000] {logging_mixin.py:188} INFO - [2026-07-24T00:39:54.284+0000] {dagbag.py:545} INFO - Filling up the DagBag from /opt/airflow/dags/silver_processing_dag.py
[2026-07-24T00:39:54.812+0000] {processor.py:840} INFO - DAG(s) 'process_silver_layer' retrieved from /opt/airflow/dags/silver_processing_dag.py
[2026-07-24T00:39:56.462+0000] {logging_mixin.py:188} INFO - [2026-07-24T00:39:56.457+0000] {dag.py:3096} INFO - Sync 1 DAGs
[2026-07-24T00:39:56.523+0000] {logging_mixin.py:188} INFO - [2026-07-24T00:39:56.523+0000] {dag.py:3954} INFO - Setting next_dagrun for process_silver_layer to None, run_after=None
[2026-07-24T00:39:08.326+0000] {processor.py:183} INFO - Processing /opt/airflow/dags/silver_processing_dag.py took 2.638 seconds
[2026-07-24T00:39:59.417+0000] {processor.py:161} INFO - Started process (PID=1170) to work on /opt/airflow/dags/silver_processing_dag.py
[2026-07-24T00:39:59.431+0000] {processor.py:830} INFO - Processing file /opt/airflow/dags/silver_processing_dag.py for tasks to queue
[2026-07-24T00:39:59.449+0000] {logging_mixin.py:188} INFO - [2026-07-24T00:39:59.447+0000] {dagbag.py:545} INFO - Filling up the DagBag from /opt/airflow/dags/silver_processing_dag.py
[2026-07-24T00:39:59.850+0000] {processor.py:840} INFO - DAG(s) 'process_silver_layer' retrieved from /opt/airflow/dags/silver_processing_dag.py
[2026-07-24T00:40:00.047+0000] {logging_mixin.py:188} INFO - [2026-07-24T00:40:00.046+0000] {dag.py:3096} INFO - Sync 1 DAGs
[2026-07-24T00:40:00.472+0000] {logging_mixin.py:188} INFO - [2026-07-24T00:40:00.468+0000] {dag.py:3954} INFO - Setting next_dagrun for process_silver_layer to None, run_after=None
[2026-07-24T00:40:00.854+0000] {processor.py:183} INFO - Processing /opt/airflow/dags/silver_processing_dag.py took 1.504 seconds
[2026-07-24T00:40:31.898+0000] {processor.py:161} INFO - Started process (PID=1194) to work on /opt/airflow/dags/silver_processing_dag.py
[2026-07-24T00:40:31.911+0000] {processor.py:830} INFO - Processing file /opt/airflow/dags/silver_processing_dag.py for tasks to queue
[2026-07-24T00:40:31.929+0000] {logging_mixin.py:188} INFO - [2026-07-24T00:40:31.926+0000] {dagbag.py:545} INFO - Filling up the DagBag from /opt/airflow/dags/silver_processing_dag.py
[2026-07-24T00:40:31.996+0000] {processor.py:840} INFO - DAG(s) 'process_silver_layer' retrieved from /opt/airflow/dags/silver_processing_dag.py
[2026-07-24T00:40:32.092+0000] {logging_mixin.py:188} INFO - [2026-07-24T00:40:32.091+0000] {dag.py:3096} INFO - Sync 1 DAGs
[2026-07-24T00:40:32.170+0000] {logging_mixin.py:188} INFO - [2026-07-24T00:40:32.170+0000] {dag.py:3954} INFO - Setting next_dagrun for process_silver_layer to None, run_after=None
[2026-07-24T00:40:32.303+0000] {processor.py:183} INFO - Processing /opt/airflow/dags/silver_processing_dag.py took 0.455 seconds
[2026-07-24T00:41:02.517+0000] {processor.py:161} INFO - Started process (PID=1816) to work on /opt/airflow/dags/silver_processing_dag.py
[2026-07-24T00:41:02.526+0000] {processor.py:830} INFO - Processing file /opt/airflow/dags/silver_processing_dag.py for tasks to queue
[2026-07-24T00:41:02.570+0000] {logging_mixin.py:188} INFO - [2026-07-24T00:41:02.566+0000] {dagbag.py:545} INFO - Filling up the DagBag from /opt/airflow/dags/silver_processing_dag.py
[2026-07-24T00:41:02.712+0000] {processor.py:840} INFO - DAG(s) 'process_silver_layer' retrieved from /opt/airflow/dags/silver_processing_dag.py
[2026-07-24T00:41:02.911+0000] {logging_mixin.py:188} INFO - [2026-07-24T00:41:02.911+0000] {dag.py:3096} INFO - Sync 1 DAGs
[2026-07-24T00:41:03.019+0000] {logging_mixin.py:188} INFO - [2026-07-24T00:41:03.018+0000] {dag.py:3954} INFO - Setting next_dagrun for process_silver_layer to None, run_after=None
[2026-07-24T00:41:03.104+0000] {processor.py:183} INFO - Processing /opt/airflow/dags/silver_processing_dag.py took 0.659 seconds
[2026-07-24T00:41:33.281+0000] {processor.py:161} INFO - Started process (PID=1872) to work on /opt/airflow/dags/silver_processing_dag.py
[2026-07-24T00:41:33.287+0000] {processor.py:830} INFO - Processing file /opt/airflow/dags/silver_processing_dag.py for tasks to queue
[2026-07-24T00:41:33.298+0000] {logging_mixin.py:188} INFO - [2026-07-24T00:41:33.297+0000] {dagbag.py:545} INFO - Filling up the DagBag from /opt/airflow/dags/silver_processing_dag.py
[2026-07-24T00:41:33.466+0000] {processor.py:840} INFO - DAG(s) 'process_silver_layer' retrieved from /opt/airflow/dags/silver_processing_dag.py
[2026-07-24T00:41:33.601+0000] {logging_mixin.py:188} INFO - [2026-07-24T00:41:33.600+0000] {dag.py:3096} INFO - Sync 1 DAGs
[2026-07-24T00:41:33.753+0000] {logging_mixin.py:188} INFO - [2026-07-24T00:41:33.752+0000] {dag.py:3954} INFO - Setting next_dagrun for process_silver_layer to None, run_after=None
[2026-07-24T00:41:33.945+0000] {processor.py:183} INFO - Processing /opt/airflow/dags/silver_processing_dag.py took 0.701 seconds
[2026-07-24T00:42:05.090+0000] {processor.py:161} INFO - Started process (PID=1937) to work on /opt/airflow/dags/silver_processing_dag.py
[2026-07-24T00:42:05.118+0000] {processor.py:830} INFO - Processing file /opt/airflow/dags/silver_processing_dag.py for tasks to queue
[2026-07-24T00:42:05.201+0000] {logging_mixin.py:188} INFO - [2026-07-24T00:42:05.167+0000] {dagbag.py:545} INFO - Filling up the DagBag from /opt/airflow/dags/silver_processing_dag.py
[2026-07-24T00:42:06.233+0000] {processor.py:840} INFO - DAG(s) 'process_silver_layer' retrieved from /opt/airflow/dags/silver_processing_dag.py
[2026-07-24T00:42:06.778+0000] {logging_mixin.py:188} INFO - [2026-07-24T00:42:06.778+0000] {dag.py:3096} INFO - Sync 1 DAGs
[2026-07-24T00:42:06.977+0000] {logging_mixin.py:188} INFO - [2026-07-24T00:42:06.976+0000] {dag.py:3954} INFO - Setting next_dagrun for process_silver_layer to None, run_after=None
[2026-07-24T00:42:07.178+0000] {processor.py:183} INFO - Processing /opt/airflow/dags/silver_processing_dag.py took 2.232 seconds
[2026-07-24T00:42:37.497+0000] {processor.py:161} INFO - Started process (PID=1982) to work on /opt/airflow/dags/silver_processing_dag.py
[2026-07-24T00:42:37.507+0000] {processor.py:830} INFO - Processing file /opt/airflow/dags/silver_processing_dag.py for tasks to queue
[2026-07-24T00:42:37.517+0000] {logging_mixin.py:188} INFO - [2026-07-24T00:42:37.516+0000] {dagbag.py:545} INFO - Filling up the DagBag from /opt/airflow/dags/silver_processing_dag.py
[2026-07-24T00:42:37.597+0000] {processor.py:840} INFO - DAG(s) 'process_silver_layer' retrieved from /opt/airflow/dags/silver_processing_dag.py
[2026-07-24T00:42:37.746+0000] {logging_mixin.py:188} INFO - [2026-07-24T00:42:37.745+0000] {dag.py:3096} INFO - Sync 1 DAGs
[2026-07-24T00:42:37.807+0000] {logging_mixin.py:188} INFO - [2026-07-24T00:42:37.807+0000] {dag.py:3954} INFO - Setting next_dagrun for process_silver_layer to None, run_after=None
[2026-07-24T00:42:37.872+0000] {processor.py:183} INFO - Processing /opt/airflow/dags/silver_processing_dag.py took 0.442 seconds
[2026-07-24T00:43:08.307+0000] {processor.py:161} INFO - Started process (PID=2041) to work on /opt/airflow/dags/silver_processing_dag.py
[2026-07-24T00:43:08.311+0000] {processor.py:830} INFO - Processing file /opt/airflow/dags/silver_processing_dag.py for tasks to queue
[2026-07-24T00:43:08.319+0000] {logging_mixin.py:188} INFO - [2026-07-24T00:43:08.318+0000] {dagbag.py:545} INFO - Filling up the DagBag from /opt/airflow/dags/silver_processing_dag.py
[2026-07-24T00:43:08.393+0000] {processor.py:840} INFO - DAG(s) 'process_silver_layer' retrieved from /opt/airflow/dags/silver_processing_dag.py
[2026-07-24T00:43:08.468+0000] {logging_mixin.py:188} INFO - [2026-07-24T00:43:08.468+0000] {dag.py:3096} INFO - Sync 1 DAGs
[2026-07-24T00:43:08.509+0000] {logging_mixin.py:188} INFO - [2026-07-24T00:43:08.508+0000] {dag.py:3954} INFO - Setting next_dagrun for process_silver_layer to None, run_after=None
[2026-07-24T00:43:08.556+0000] {processor.py:183} INFO - Processing /opt/airflow/dags/silver_processing_dag.py took 0.280 seconds
[2026-07-24T00:43:38.959+0000] {processor.py:161} INFO - Started process (PID=2056) to work on /opt/airflow/dags/silver_processing_dag.py
[2026-07-24T00:43:38.982+0000] {processor.py:830} INFO - Processing file /opt/airflow/dags/silver_processing_dag.py for tasks to queue
[2026-07-24T00:43:38.998+0000] {logging_mixin.py:188} INFO - [2026-07-24T00:43:38.997+0000] {dagbag.py:545} INFO - Filling up the DagBag from /opt/airflow/dags/silver_processing_dag.py
[2026-07-24T00:43:39.581+0000] {processor.py:840} INFO - DAG(s) 'process_silver_layer' retrieved from /opt/airflow/dags/silver_processing_dag.py
[2026-07-24T00:43:39.765+0000] {logging_mixin.py:188} INFO - [2026-07-24T00:43:39.765+0000] {dag.py:3096} INFO - Sync 1 DAGs
[2026-07-24T00:43:39.881+0000] {logging_mixin.py:188} INFO - [2026-07-24T00:43:39.880+0000] {dag.py:3954} INFO - Setting next_dagrun for process_silver_layer to None, run_after=None
[2026-07-24T00:43:40.110+0000] {processor.py:183} INFO - Processing /opt/airflow/dags/silver_processing_dag.py took 1.199 seconds
[2026-07-24T00:44:12.153+0000] {processor.py:161} INFO - Started process (PID=2071) to work on /opt/airflow/dags/silver_processing_dag.py
[2026-07-24T00:44:12.548+0000] {processor.py:830} INFO - Processing file /opt/airflow/dags/silver_processing_dag.py for tasks to queue
[2026-07-24T00:44:13.291+0000] {logging_mixin.py:188} INFO - [2026-07-24T00:44:13.191+0000] {dagbag.py:545} INFO - Filling up the DagBag from /opt/airflow/dags/silver_processing_dag.py
[2026-07-24T00:44:14.012+0000] {processor.py:840} INFO - DAG(s) 'process_silver_layer' retrieved from /opt/airflow/dags/silver_processing_dag.py
[2026-07-24T00:44:14.156+0000] {logging_mixin.py:188} INFO - [2026-07-24T00:44:14.156+0000] {dag.py:3096} INFO - Sync 1 DAGs
[2026-07-24T00:44:14.258+0000] {logging_mixin.py:188} INFO - [2026-07-24T00:44:14.258+0000] {dag.py:3954} INFO - Setting next_dagrun for process_silver_layer to None, run_after=None
[2026-07-24T00:44:14.516+0000] {processor.py:183} INFO - Processing /opt/airflow/dags/silver_processing_dag.py took 2.400 seconds
[2026-07-24T00:44:45.286+0000] {processor.py:161} INFO - Started process (PID=2086) to work on /opt/airflow/dags/silver_processing_dag.py
[2026-07-24T00:44:45.288+0000] {processor.py:830} INFO - Processing file /opt/airflow/dags/silver_processing_dag.py for tasks to queue
[2026-07-24T00:44:45.292+0000] {logging_mixin.py:188} INFO - [2026-07-24T00:44:45.292+0000] {dagbag.py:545} INFO - Filling up the DagBag from /opt/airflow/dags/silver_processing_dag.py
[2026-07-24T00:44:45.332+0000] {processor.py:840} INFO - DAG(s) 'process_silver_layer' retrieved from /opt/airflow/dags/silver_processing_dag.py
[2026-07-24T00:44:45.379+0000] {logging_mixin.py:188} INFO - [2026-07-24T00:44:45.379+0000] {dag.py:3096} INFO - Sync 1 DAGs
[2026-07-24T00:44:45.408+0000] {logging_mixin.py:188} INFO - [2026-07-24T00:44:45.407+0000] {dag.py:3954} INFO - Setting next_dagrun for process_silver_layer to None, run_after=None
[2026-07-24T00:44:45.512+0000] {processor.py:183} INFO - Processing /opt/airflow/dags/silver_processing_dag.py took 0.238 seconds
[2026-07-24T00:45:16.127+0000] {processor.py:161} INFO - Started process (PID=2101) to work on /opt/airflow/dags/silver_processing_dag.py
[2026-07-24T00:45:16.129+0000] {processor.py:830} INFO - Processing file /opt/airflow/dags/silver_processing_dag.py for tasks to queue
[2026-07-24T00:45:16.134+0000] {logging_mixin.py:188} INFO - [2026-07-24T00:45:16.133+0000] {dagbag.py:545} INFO - Filling up the DagBag from /opt/airflow/dags/silver_processing_dag.py
[2026-07-24T00:45:16.173+0000] {processor.py:840} INFO - DAG(s) 'process_silver_layer' retrieved from /opt/airflow/dags/silver_processing_dag.py
[2026-07-24T00:45:16.216+0000] {logging_mixin.py:188} INFO - [2026-07-24T00:45:16.216+0000] {dag.py:3096} INFO - Sync 1 DAGs
[2026-07-24T00:45:16.255+0000] {logging_mixin.py:188} INFO - [2026-07-24T00:45:16.254+0000] {dag.py:3954} INFO - Setting next_dagrun for process_silver_layer to None, run_after=None
[2026-07-24T00:45:16.320+0000] {processor.py:183} INFO - Processing /opt/airflow/dags/silver_processing_dag.py took 0.205 seconds
[2026-07-24T00:45:46.549+0000] {processor.py:161} INFO - Started process (PID=2116) to work on /opt/airflow/dags/silver_processing_dag.py
[2026-07-24T00:45:46.556+0000] {processor.py:830} INFO - Processing file /opt/airflow/dags/silver_processing_dag.py for tasks to queue
[2026-07-24T00:45:46.566+0000] {logging_mixin.py:188} INFO - [2026-07-24T00:45:46.565+0000] {dagbag.py:545} INFO - Filling up the DagBag from /opt/airflow/dags/silver_processing_dag.py
[2026-07-24T00:45:46.629+0000] {processor.py:840} INFO - DAG(s) 'process_silver_layer' retrieved from /opt/airflow/dags/silver_processing_dag.py
[2026-07-24T00:45:46.696+0000] {logging_mixin.py:188} INFO - [2026-07-24T00:45:46.696+0000] {dag.py:3096} INFO - Sync 1 DAGs
[2026-07-24T00:45:46.754+0000] {logging_mixin.py:188} INFO - [2026-07-24T00:45:46.752+0000] {dag.py:3954} INFO - Setting next_dagrun for process_silver_layer to None, run_after=None
[2026-07-24T00:45:46.826+0000] {processor.py:183} INFO - Processing /opt/airflow/dags/silver_processing_dag.py took 0.293 seconds
[2026-07-24T00:46:17.058+0000] {processor.py:161} INFO - Started process (PID=2131) to work on /opt/airflow/dags/silver_processing_dag.py
[2026-07-24T00:46:17.061+0000] {processor.py:830} INFO - Processing file /opt/airflow/dags/silver_processing_dag.py for tasks to queue
[2026-07-24T00:46:17.078+0000] {logging_mixin.py:188} INFO - [2026-07-24T00:46:17.077+0000] {dagbag.py:545} INFO - Filling up the DagBag from /opt/airflow/dags/silver_processing_dag.py
[2026-07-24T00:46:17.156+0000] {processor.py:840} INFO - DAG(s) 'process_silver_layer' retrieved from /opt/airflow/dags/silver_processing_dag.py
[2026-07-24T00:46:17.219+0000] {logging_mixin.py:188} INFO - [2026-07-24T00:46:17.218+0000] {dag.py:3096} INFO - Sync 1 DAGs
[2026-07-24T00:46:17.249+0000] {logging_mixin.py:188} INFO - [2026-07-24T00:46:17.248+0000] {dag.py:3954} INFO - Setting next_dagrun for process_silver_layer to None, run_after=None
[2026-07-24T00:46:17.288+0000] {processor.py:183} INFO - Processing /opt/airflow/dags/silver_processing_dag.py took 0.247 seconds
[2026-07-24T00:46:47.604+0000] {processor.py:161} INFO - Started process (PID=2146) to work on /opt/airflow/dags/silver_processing_dag.py
[2026-07-24T00:46:47.613+0000] {processor.py:830} INFO - Processing file /opt/airflow/dags/silver_processing_dag.py for tasks to queue
[2026-07-24T00:46:47.621+0000] {logging_mixin.py:188} INFO - [2026-07-24T00:46:47.620+0000] {dagbag.py:545} INFO - Filling up the DagBag from /opt/airflow/dags/silver_processing_dag.py
[2026-07-24T00:46:47.673+0000] {processor.py:840} INFO - DAG(s) 'process_silver_layer' retrieved from /opt/airflow/dags/silver_processing_dag.py
[2026-07-24T00:46:47.874+0000] {logging_mixin.py:188} INFO - [2026-07-24T00:46:47.874+0000] {dag.py:3096} INFO - Sync 1 DAGs
[2026-07-24T00:46:48.026+0000] {logging_mixin.py:188} INFO - [2026-07-24T00:46:48.025+0000] {dag.py:3954} INFO - Setting next_dagrun for process_silver_layer to None, run_after=None
[2026-07-24T00:46:48.153+0000] {processor.py:183} INFO - Processing /opt/airflow/dags/silver_processing_dag.py took 0.562 seconds
[2026-07-24T00:47:18.729+0000] {processor.py:161} INFO - Started process (PID=2161) to work on /opt/airflow/dags/silver_processing_dag.py
[2026-07-24T00:47:18.735+0000] {processor.py:830} INFO - Processing file /opt/airflow/dags/silver_processing_dag.py for tasks to queue
[2026-07-24T00:47:18.747+0000] {logging_mixin.py:188} INFO - [2026-07-24T00:47:18.746+0000] {dagbag.py:545} INFO - Filling up the DagBag from /opt/airflow/dags/silver_processing_dag.py
[2026-07-24T00:47:18.803+0000] {processor.py:840} INFO - DAG(s) 'process_silver_layer' retrieved from /opt/airflow/dags/silver_processing_dag.py
[2026-07-24T00:47:18.853+0000] {logging_mixin.py:188} INFO - [2026-07-24T00:47:18.852+0000] {dag.py:3096} INFO - Sync 1 DAGs
[2026-07-24T00:47:18.886+0000] {logging_mixin.py:188} INFO - [2026-07-24T00:47:18.886+0000] {dag.py:3954} INFO - Setting next_dagrun for process_silver_layer to None, run_after=None
[2026-07-24T00:47:18.926+0000] {processor.py:183} INFO - Processing /opt/airflow/dags/silver_processing_dag.py took 0.233 seconds
[2026-07-24T00:47:49.458+0000] {processor.py:161} INFO - Started process (PID=2176) to work on /opt/airflow/dags/silver_processing_dag.py
[2026-07-24T00:47:49.461+0000] {processor.py:830} INFO - Processing file /opt/airflow/dags/silver_processing_dag.py for tasks to queue
[2026-07-24T00:47:49.466+0000] {logging_mixin.py:188} INFO - [2026-07-24T00:47:49.465+0000] {dagbag.py:545} INFO - Filling up the DagBag from /opt/airflow/dags/silver_processing_dag.py
[2026-07-24T00:47:49.514+0000] {processor.py:840} INFO - DAG(s) 'process_silver_layer' retrieved from /opt/airflow/dags/silver_processing_dag.py
[2026-07-24T00:47:49.569+0000] {logging_mixin.py:188} INFO - [2026-07-24T00:47:49.569+0000] {dag.py:3096} INFO - Sync 1 DAGs
[2026-07-24T00:47:49.602+0000] {logging_mixin.py:188} INFO - [2026-07-24T00:47:49.602+0000] {dag.py:3954} INFO - Setting next_dagrun for process_silver_layer to None, run_after=None
[2026-07-24T00:47:49.676+0000] {processor.py:183} INFO - Processing /opt/airflow/dags/silver_processing_dag.py took 0.237 seconds
[2026-07-24T00:48:19.867+0000] {processor.py:161} INFO - Started process (PID=2191) to work on /opt/airflow/dags/silver_processing_dag.py
[2026-07-24T00:48:19.872+0000] {processor.py:830} INFO - Processing file /opt/airflow/dags/silver_processing_dag.py for tasks to queue
[2026-07-24T00:48:19.879+0000] {logging_mixin.py:188} INFO - [2026-07-24T00:48:19.878+0000] {dagbag.py:545} INFO - Filling up the DagBag from /opt/airflow/dags/silver_processing_dag.py
[2026-07-24T00:48:19.951+0000] {processor.py:840} INFO - DAG(s) 'process_silver_layer' retrieved from /opt/airflow/dags/silver_processing_dag.py
[2026-07-24T00:48:20.029+0000] {logging_mixin.py:188} INFO - [2026-07-24T00:48:20.028+0000] {dag.py:3096} INFO - Sync 1 DAGs
[2026-07-24T00:48:20.075+0000] {logging_mixin.py:188} INFO - [2026-07-24T00:48:20.074+0000] {dag.py:3954} INFO - Setting next_dagrun for process_silver_layer to None, run_after=None
[2026-07-24T00:48:20.142+0000] {processor.py:183} INFO - Processing /opt/airflow/dags/silver_processing_dag.py took 0.292 seconds
[2026-07-24T00:48:51.095+0000] {processor.py:161} INFO - Started process (PID=2206) to work on /opt/airflow/dags/silver_processing_dag.py
[2026-07-24T00:48:51.101+0000] {processor.py:830} INFO - Processing file /opt/airflow/dags/silver_processing_dag.py for tasks to queue
[2026-07-24T00:48:51.115+0000] {logging_mixin.py:188} INFO - [2026-07-24T00:48:51.113+0000] {dagbag.py:545} INFO - Filling up the DagBag from /opt/airflow/dags/silver_processing_dag.py
[2026-07-24T00:48:51.167+0000] {processor.py:840} INFO - DAG(s) 'process_silver_layer' retrieved from /opt/airflow/dags/silver_processing_dag.py
[2026-07-24T00:48:51.212+0000] {logging_mixin.py:188} INFO - [2026-07-24T00:48:51.211+0000] {dag.py:3096} INFO - Sync 1 DAGs
[2026-07-24T00:48:51.238+0000] {logging_mixin.py:188} INFO - [2026-07-24T00:48:51.237+0000] {dag.py:3954} INFO - Setting next_dagrun for process_silver_layer to None, run_after=None
[2026-07-24T00:48:51.275+0000] {processor.py:183} INFO - Processing /opt/airflow/dags/silver_processing_dag.py took 0.229 seconds
[2026-07-24T00:49:21.997+0000] {processor.py:161} INFO - Started process (PID=2221) to work on /opt/airflow/dags/silver_processing_dag.py
[2026-07-24T00:49:21.999+0000] {processor.py:830} INFO - Processing file /opt/airflow/dags/silver_processing_dag.py for tasks to queue
[2026-07-24T00:49:22.004+0000] {logging_mixin.py:188} INFO - [2026-07-24T00:49:22.003+0000] {dagbag.py:545} INFO - Filling up the DagBag from /opt/airflow/dags/silver_processing_dag.py
[2026-07-24T00:49:22.046+0000] {processor.py:840} INFO - DAG(s) 'process_silver_layer' retrieved from /opt/airflow/dags/silver_processing_dag.py
[2026-07-24T00:49:22.099+0000] {logging_mixin.py:188} INFO - [2026-07-24T00:49:22.098+0000] {dag.py:3096} INFO - Sync 1 DAGs
[2026-07-24T00:49:22.133+0000] {logging_mixin.py:188} INFO - [2026-07-24T00:49:22.132+0000] {dag.py:3954} INFO - Setting next_dagrun for process_silver_layer to None, run_after=None
[2026-07-24T00:49:22.182+0000] {processor.py:183} INFO - Processing /opt/airflow/dags/silver_processing_dag.py took 0.197 seconds
[2026-07-24T00:49:52.396+0000] {processor.py:161} INFO - Started process (PID=2236) to work on /opt/airflow/dags/silver_processing_dag.py
[2026-07-24T00:49:52.401+0000] {processor.py:830} INFO - Processing file /opt/airflow/dags/silver_processing_dag.py for tasks to queue
[2026-07-24T00:49:52.408+0000] {logging_mixin.py:188} INFO - [2026-07-24T00:49:52.407+0000] {dagbag.py:545} INFO - Filling up the DagBag from /opt/airflow/dags/silver_processing_dag.py
[2026-07-24T00:49:52.459+0000] {processor.py:840} INFO - DAG(s) 'process_silver_layer' retrieved from /opt/airflow/dags/silver_processing_dag.py
[2026-07-24T00:49:52.504+0000] {logging_mixin.py:188} INFO - [2026-07-24T00:49:52.503+0000] {dag.py:3096} INFO - Sync 1 DAGs
[2026-07-24T00:49:52.529+0000] {logging_mixin.py:188} INFO - [2026-07-24T00:49:52.528+0000] {dag.py:3954} INFO - Setting next_dagrun for process_silver_layer to None, run_after=None
[2026-07-24T00:49:52.579+0000] {processor.py:183} INFO - Processing /opt/airflow/dags/silver_processing_dag.py took 0.201 seconds
[2026-07-24T00:50:23.053+0000] {processor.py:161} INFO - Started process (PID=2251) to work on /opt/airflow/dags/silver_processing_dag.py
[2026-07-24T00:50:23.059+0000] {processor.py:830} INFO - Processing file /opt/airflow/dags/silver_processing_dag.py for tasks to queue
[2026-07-24T00:50:23.067+0000] {logging_mixin.py:188} INFO - [2026-07-24T00:50:23.066+0000] {dagbag.py:545} INFO - Filling up the DagBag from /opt/airflow/dags/silver_processing_dag.py
[2026-07-24T00:50:23.126+0000] {processor.py:840} INFO - DAG(s) 'process_silver_layer' retrieved from /opt/airflow/dags/silver_processing_dag.py
[2026-07-24T00:50:23.192+0000] {logging_mixin.py:188} INFO - [2026-07-24T00:50:23.191+0000] {dag.py:3096} INFO - Sync 1 DAGs
[2026-07-24T00:50:23.239+0000] {logging_mixin.py:188} INFO - [2026-07-24T00:50:23.238+0000] {dag.py:3954} INFO - Setting next_dagrun for process_silver_layer to None, run_after=None
[2026-07-24T00:50:23.314+0000] {processor.py:183} INFO - Processing /opt/airflow/dags/silver_processing_dag.py took 0.282 seconds
[2026-07-24T00:50:54.639+0000] {processor.py:161} INFO - Started process (PID=2266) to work on /opt/airflow/dags/silver_processing_dag.py
[2026-07-24T00:50:54.654+0000] {processor.py:830} INFO - Processing file /opt/airflow/dags/silver_processing_dag.py for tasks to queue
[2026-07-24T00:50:54.675+0000] {logging_mixin.py:188} INFO - [2026-07-24T00:50:54.674+0000] {dagbag.py:545} INFO - Filling up the DagBag from /opt/airflow/dags/silver_processing_dag.py
[2026-07-24T00:50:54.775+0000] {processor.py:840} INFO - DAG(s) 'process_silver_layer' retrieved from /opt/airflow/dags/silver_processing_dag.py
[2026-07-24T00:50:54.911+0000] {logging_mixin.py:188} INFO - [2026-07-24T00:50:54.911+0000] {dag.py:3096} INFO - Sync 1 DAGs
[2026-07-24T00:50:55.001+0000] {logging_mixin.py:188} INFO - [2026-07-24T00:50:55.000+0000] {dag.py:3954} INFO - Setting next_dagrun for process_silver_layer to None, run_after=None
[2026-07-24T00:50:55.107+0000] {processor.py:183} INFO - Processing /opt/airflow/dags/silver_processing_dag.py took 0.508 seconds
[2026-07-24T00:51:26.423+0000] {processor.py:161} INFO - Started process (PID=2281) to work on /opt/airflow/dags/silver_processing_dag.py
[2026-07-24T00:51:26.429+0000] {processor.py:830} INFO - Processing file /opt/airflow/dags/silver_processing_dag.py for tasks to queue
[2026-07-24T00:51:26.434+0000] {logging_mixin.py:188} INFO - [2026-07-24T00:51:26.434+0000] {dagbag.py:545} INFO - Filling up the DagBag from /opt/airflow/dags/silver_processing_dag.py
[2026-07-24T00:51:26.485+0000] {processor.py:840} INFO - DAG(s) 'process_silver_layer' retrieved from /opt/airflow/dags/silver_processing_dag.py
[2026-07-24T00:51:26.540+0000] {logging_mixin.py:188} INFO - [2026-07-24T00:51:26.539+0000] {dag.py:3096} INFO - Sync 1 DAGs
[2026-07-24T00:51:26.564+0000] {logging_mixin.py:188} INFO - [2026-07-24T00:51:26.563+0000] {dag.py:3954} INFO - Setting next_dagrun for process_silver_layer to None, run_after=None
[2026-07-24T00:51:26.615+0000] {processor.py:183} INFO - Processing /opt/airflow/dags/silver_processing_dag.py took 0.207 seconds
[2026-07-24T00:51:58.644+0000] {processor.py:161} INFO - Started process (PID=2296) to work on /opt/airflow/dags/silver_processing_dag.py
[2026-07-24T00:51:58.646+0000] {processor.py:830} INFO - Processing file /opt/airflow/dags/silver_processing_dag.py for tasks to queue
[2026-07-24T00:51:58.651+0000] {logging_mixin.py:188} INFO - [2026-07-24T00:51:58.650+0000] {dagbag.py:545} INFO - Filling up the DagBag from /opt/airflow/dags/silver_processing_dag.py
[2026-07-24T00:51:58.701+0000] {processor.py:840} INFO - DAG(s) 'process_silver_layer' retrieved from /opt/airflow/dags/silver_processing_dag.py
[2026-07-24T00:51:58.761+0000] {logging_mixin.py:188} INFO - [2026-07-24T00:51:58.760+0000] {dag.py:3096} INFO - Sync 1 DAGs
[2026-07-24T00:51:58.796+0000] {logging_mixin.py:188} INFO - [2026-07-24T00:51:58.795+0000] {dag.py:3954} INFO - Setting next_dagrun for process_silver_layer to None, run_after=None
[2026-07-24T00:51:58.852+0000] {processor.py:183} INFO - Processing /opt/airflow/dags/silver_processing_dag.py took 0.224 seconds
[2026-07-24T00:52:28.977+0000] {processor.py:161} INFO - Started process (PID=2311) to work on /opt/airflow/dags/silver_processing_dag.py
[2026-07-24T00:52:28.981+0000] {processor.py:830} INFO - Processing file /opt/airflow/dags/silver_processing_dag.py for tasks to queue
[2026-07-24T00:52:28.992+0000] {logging_mixin.py:188} INFO - [2026-07-24T00:52:28.991+0000] {dagbag.py:545} INFO - Filling up the DagBag from /opt/airflow/dags/silver_processing_dag.py
[2026-07-24T00:52:29.070+0000] {processor.py:840} INFO - DAG(s) 'process_silver_layer' retrieved from /opt/airflow/dags/silver_processing_dag.py
[2026-07-24T00:52:29.153+0000] {logging_mixin.py:188} INFO - [2026-07-24T00:52:29.152+0000] {dag.py:3096} INFO - Sync 1 DAGs
[2026-07-24T00:52:29.213+0000] {logging_mixin.py:188} INFO - [2026-07-24T00:52:29.213+0000] {dag.py:3954} INFO - Setting next_dagrun for process_silver_layer to None, run_after=None
[2026-07-24T00:52:29.288+0000] {processor.py:183} INFO - Processing /opt/airflow/dags/silver_processing_dag.py took 0.337 seconds
[2026-07-24T00:52:59.804+0000] {processor.py:161} INFO - Started process (PID=2326) to work on /opt/airflow/dags/silver_processing_dag.py
[2026-07-24T00:52:59.806+0000] {processor.py:830} INFO - Processing file /opt/airflow/dags/silver_processing_dag.py for tasks to queue
[2026-07-24T00:52:59.811+0000] {logging_mixin.py:188} INFO - [2026-07-24T00:52:59.811+0000] {dagbag.py:545} INFO - Filling up the DagBag from /opt/airflow/dags/silver_processing_dag.py
[2026-07-24T00:52:59.856+0000] {processor.py:840} INFO - DAG(s) 'process_silver_layer' retrieved from /opt/airflow/dags/silver_processing_dag.py
[2026-07-24T00:52:59.908+0000] {logging_mixin.py:188} INFO - [2026-07-24T00:52:59.908+0000] {dag.py:3096} INFO - Sync 1 DAGs
[2026-07-24T00:52:59.939+0000] {logging_mixin.py:188} INFO - [2026-07-24T00:52:59.939+0000] {dag.py:3954} INFO - Setting next_dagrun for process_silver_layer to None, run_after=None
[2026-07-24T00:52:59.986+0000] {processor.py:183} INFO - Processing /opt/airflow/dags/silver_processing_dag.py took 0.197 seconds
[2026-07-24T00:53:30.952+0000] {processor.py:161} INFO - Started process (PID=2341) to work on /opt/airflow/dags/silver_processing_dag.py
[2026-07-24T00:53:30.955+0000] {processor.py:830} INFO - Processing file /opt/airflow/dags/silver_processing_dag.py for tasks to queue
[2026-07-24T00:53:30.960+0000] {logging_mixin.py:188} INFO - [2026-07-24T00:53:30.960+0000] {dagbag.py:545} INFO - Filling up the DagBag from /opt/airflow/dags/silver_processing_dag.py
[2026-07-24T00:53:31.000+0000] {processor.py:840} INFO - DAG(s) 'process_silver_layer' retrieved from /opt/airflow/dags/silver_processing_dag.py
[2026-07-24T00:53:31.053+0000] {logging_mixin.py:188} INFO - [2026-07-24T00:53:31.052+0000] {dag.py:3096} INFO - Sync 1 DAGs
[2026-07-24T00:53:31.079+0000] {logging_mixin.py:188} INFO - [2026-07-24T00:53:31.078+0000] {dag.py:3954} INFO - Setting next_dagrun for process_silver_layer to None, run_after=None
[2026-07-24T00:53:31.130+0000] {processor.py:183} INFO - Processing /opt/airflow/dags/silver_processing_dag.py took 0.192 seconds
[2026-07-24T00:54:01.913+0000] {processor.py:161} INFO - Started process (PID=2356) to work on /opt/airflow/dags/silver_processing_dag.py
[2026-07-24T00:54:01.917+0000] {processor.py:830} INFO - Processing file /opt/airflow/dags/silver_processing_dag.py for tasks to queue
[2026-07-24T00:54:01.923+0000] {logging_mixin.py:188} INFO - [2026-07-24T00:54:01.922+0000] {dagbag.py:545} INFO - Filling up the DagBag from /opt/airflow/dags/silver_processing_dag.py
[2026-07-24T00:54:01.962+0000] {processor.py:840} INFO - DAG(s) 'process_silver_layer' retrieved from /opt/airflow/dags/silver_processing_dag.py
[2026-07-24T00:54:02.008+0000] {logging_mixin.py:188} INFO - [2026-07-24T00:54:02.008+0000] {dag.py:3096} INFO - Sync 1 DAGs
[2026-07-24T00:54:02.037+0000] {logging_mixin.py:188} INFO - [2026-07-24T00:54:02.037+0000] {dag.py:3954} INFO - Setting next_dagrun for process_silver_layer to None, run_after=None
[2026-07-24T00:54:02.077+0000] {processor.py:183} INFO - Processing /opt/airflow/dags/silver_processing_dag.py took 0.177 seconds
[2026-07-24T00:54:33.105+0000] {processor.py:161} INFO - Started process (PID=2371) to work on /opt/airflow/dags/silver_processing_dag.py
[2026-07-24T00:54:33.108+0000] {processor.py:830} INFO - Processing file /opt/airflow/dags/silver_processing_dag.py for tasks to queue
[2026-07-24T00:54:33.114+0000] {logging_mixin.py:188} INFO - [2026-07-24T00:54:33.113+0000] {dagbag.py:545} INFO - Filling up the DagBag from /opt/airflow/dags/silver_processing_dag.py
[2026-07-24T00:54:33.191+0000] {processor.py:840} INFO - DAG(s) 'process_silver_layer' retrieved from /opt/airflow/dags/silver_processing_dag.py
[2026-07-24T00:54:33.276+0000] {logging_mixin.py:188} INFO - [2026-07-24T00:54:33.275+0000] {dag.py:3096} INFO - Sync 1 DAGs
[2026-07-24T00:54:33.333+0000] {logging_mixin.py:188} INFO - [2026-07-24T00:54:33.333+0000] {dag.py:3954} INFO - Setting next_dagrun for process_silver_layer to None, run_after=None
[2026-07-24T00:54:33.381+0000] {processor.py:183} INFO - Processing /opt/airflow/dags/silver_processing_dag.py took 0.290 seconds
[2026-07-24T00:55:03.915+0000] {processor.py:161} INFO - Started process (PID=2386) to work on /opt/airflow/dags/silver_processing_dag.py
[2026-07-24T00:55:03.918+0000] {processor.py:830} INFO - Processing file /opt/airflow/dags/silver_processing_dag.py for tasks to queue
[2026-07-24T00:55:03.927+0000] {logging_mixin.py:188} INFO - [2026-07-24T00:55:03.927+0000] {dagbag.py:545} INFO - Filling up the DagBag from /opt/airflow/dags/silver_processing_dag.py
[2026-07-24T00:55:03.971+0000] {processor.py:840} INFO - DAG(s) 'process_silver_layer' retrieved from /opt/airflow/dags/silver_processing_dag.py
[2026-07-24T00:55:04.044+0000] {logging_mixin.py:188} INFO - [2026-07-24T00:55:04.043+0000] {dag.py:3096} INFO - Sync 1 DAGs
[2026-07-24T00:55:04.079+0000] {logging_mixin.py:188} INFO - [2026-07-24T00:55:04.079+0000] {dag.py:3954} INFO - Setting next_dagrun for process_silver_layer to None, run_after=None
[2026-07-24T00:55:04.127+0000] {processor.py:183} INFO - Processing /opt/airflow/dags/silver_processing_dag.py took 0.228 seconds
[2026-07-24T00:55:34.551+0000] {processor.py:161} INFO - Started process (PID=2401) to work on /opt/airflow/dags/silver_processing_dag.py
[2026-07-24T00:55:34.553+0000] {processor.py:830} INFO - Processing file /opt/airflow/dags/silver_processing_dag.py for tasks to queue
[2026-07-24T00:55:34.557+0000] {logging_mixin.py:188} INFO - [2026-07-24T00:55:34.556+0000] {dagbag.py:545} INFO - Filling up the DagBag from /opt/airflow/dags/silver_processing_dag.py
[2026-07-24T00:55:34.593+0000] {processor.py:840} INFO - DAG(s) 'process_silver_layer' retrieved from /opt/airflow/dags/silver_processing_dag.py
[2026-07-24T00:55:34.634+0000] {logging_mixin.py:188} INFO - [2026-07-24T00:55:34.634+0000] {dag.py:3096} INFO - Sync 1 DAGs
[2026-07-24T00:55:34.660+0000] {logging_mixin.py:188} INFO - [2026-07-24T00:55:34.660+0000] {dag.py:3954} INFO - Setting next_dagrun for process_silver_layer to None, run_after=None
[2026-07-24T00:55:34.702+0000] {processor.py:183} INFO - Processing /opt/airflow/dags/silver_processing_dag.py took 0.163 seconds
[2026-07-24T00:56:06.899+0000] {processor.py:161} INFO - Started process (PID=2416) to work on /opt/airflow/dags/silver_processing_dag.py
[2026-07-24T00:56:06.902+0000] {processor.py:830} INFO - Processing file /opt/airflow/dags/silver_processing_dag.py for tasks to queue
[2026-07-24T00:56:06.907+0000] {logging_mixin.py:188} INFO - [2026-07-24T00:56:06.906+0000] {dagbag.py:545} INFO - Filling up the DagBag from /opt/airflow/dags/silver_processing_dag.py
[2026-07-24T00:56:06.946+0000] {processor.py:840} INFO - DAG(s) 'process_silver_layer' retrieved from /opt/airflow/dags/silver_processing_dag.py
[2026-07-24T00:56:07.001+0000] {logging_mixin.py:188} INFO - [2026-07-24T00:56:07.000+0000] {dag.py:3096} INFO - Sync 1 DAGs
[2026-07-24T00:56:07.026+0000] {logging_mixin.py:188} INFO - [2026-07-24T00:56:07.026+0000] {dag.py:3954} INFO - Setting next_dagrun for process_silver_layer to None, run_after=None
[2026-07-24T00:56:07.064+0000] {processor.py:183} INFO - Processing /opt/airflow/dags/silver_processing_dag.py took 0.178 seconds
[2026-07-24T00:56:40.160+0000] {processor.py:161} INFO - Started process (PID=2431) to work on /opt/airflow/dags/silver_processing_dag.py
[2026-07-24T00:56:40.163+0000] {processor.py:830} INFO - Processing file /opt/airflow/dags/silver_processing_dag.py for tasks to queue
[2026-07-24T00:56:40.178+0000] {logging_mixin.py:188} INFO - [2026-07-24T00:56:40.177+0000] {dagbag.py:545} INFO - Filling up the DagBag from /opt/airflow/dags/silver_processing_dag.py
[2026-07-24T00:56:40.268+0000] {processor.py:840} INFO - DAG(s) 'process_silver_layer' retrieved from /opt/airflow/dags/silver_processing_dag.py
[2026-07-24T00:56:40.327+0000] {logging_mixin.py:188} INFO - [2026-07-24T00:56:40.326+0000] {dag.py:3096} INFO - Sync 1 DAGs
[2026-07-24T00:56:40.369+0000] {logging_mixin.py:188} INFO - [2026-07-24T00:56:40.369+0000] {dag.py:3954} INFO - Setting next_dagrun for process_silver_layer to None, run_after=None
[2026-07-24T00:56:40.419+0000] {processor.py:183} INFO - Processing /opt/airflow/dags/silver_processing_dag.py took 0.294 seconds
[2026-07-24T00:57:11.104+0000] {processor.py:161} INFO - Started process (PID=2446) to work on /opt/airflow/dags/silver_processing_dag.py
[2026-07-24T00:57:11.110+0000] {processor.py:830} INFO - Processing file /opt/airflow/dags/silver_processing_dag.py for tasks to queue
[2026-07-24T00:57:11.118+0000] {logging_mixin.py:188} INFO - [2026-07-24T00:57:11.115+0000] {dagbag.py:545} INFO - Filling up the DagBag from /opt/airflow/dags/silver_processing_dag.py
[2026-07-24T00:57:11.270+0000] {processor.py:840} INFO - DAG(s) 'process_silver_layer' retrieved from /opt/airflow/dags/silver_processing_dag.py
[2026-07-24T00:57:11.388+0000] {logging_mixin.py:188} INFO - [2026-07-24T00:57:11.388+0000] {dag.py:3096} INFO - Sync 1 DAGs
[2026-07-24T00:57:11.442+0000] {logging_mixin.py:188} INFO - [2026-07-24T00:57:11.442+0000] {dag.py:3954} INFO - Setting next_dagrun for process_silver_layer to None, run_after=None
[2026-07-24T00:57:11.499+0000] {processor.py:183} INFO - Processing /opt/airflow/dags/silver_processing_dag.py took 0.421 seconds
[2026-07-24T00:57:42.076+0000] {processor.py:161} INFO - Started process (PID=2461) to work on /opt/airflow/dags/silver_processing_dag.py
[2026-07-24T00:57:42.078+0000] {processor.py:830} INFO - Processing file /opt/airflow/dags/silver_processing_dag.py for tasks to queue
[2026-07-24T00:57:42.085+0000] {logging_mixin.py:188} INFO - [2026-07-24T00:57:42.084+0000] {dagbag.py:545} INFO - Filling up the DagBag from /opt/airflow/dags/silver_processing_dag.py
[2026-07-24T00:57:42.128+0000] {processor.py:840} INFO - DAG(s) 'process_silver_layer' retrieved from /opt/airflow/dags/silver_processing_dag.py
[2026-07-24T00:57:42.176+0000] {logging_mixin.py:188} INFO - [2026-07-24T00:57:42.176+0000] {dag.py:3096} INFO - Sync 1 DAGs
[2026-07-24T00:57:42.208+0000] {logging_mixin.py:188} INFO - [2026-07-24T00:57:42.207+0000] {dag.py:3954} INFO - Setting next_dagrun for process_silver_layer to None, run_after=None
[2026-07-24T00:57:42.256+0000] {processor.py:183} INFO - Processing /opt/airflow/dags/silver_processing_dag.py took 0.201 seconds
[2026-07-24T00:58:13.287+0000] {processor.py:161} INFO - Started process (PID=2476) to work on /opt/airflow/dags/silver_processing_dag.py
[2026-07-24T00:58:13.290+0000] {processor.py:830} INFO - Processing file /opt/airflow/dags/silver_processing_dag.py for tasks to queue
[2026-07-24T00:58:13.295+0000] {logging_mixin.py:188} INFO - [2026-07-24T00:58:13.294+0000] {dagbag.py:545} INFO - Filling up the DagBag from /opt/airflow/dags/silver_processing_dag.py
[2026-07-24T00:58:13.364+0000] {processor.py:840} INFO - DAG(s) 'process_silver_layer' retrieved from /opt/airflow/dags/silver_processing_dag.py
[2026-07-24T00:58:13.488+0000] {logging_mixin.py:188} INFO - [2026-07-24T00:58:13.488+0000] {dag.py:3096} INFO - Sync 1 DAGs
[2026-07-24T00:58:13.542+0000] {logging_mixin.py:188} INFO - [2026-07-24T00:58:13.542+0000] {dag.py:3954} INFO - Setting next_dagrun for process_silver_layer to None, run_after=None
[2026-07-24T00:58:13.596+0000] {processor.py:183} INFO - Processing /opt/airflow/dags/silver_processing_dag.py took 0.333 seconds
[2026-07-24T00:58:45.391+0000] {processor.py:161} INFO - Started process (PID=2491) to work on /opt/airflow/dags/silver_processing_dag.py
[2026-07-24T00:58:45.394+0000] {processor.py:830} INFO - Processing file /opt/airflow/dags/silver_processing_dag.py for tasks to queue
[2026-07-24T00:58:45.399+0000] {logging_mixin.py:188} INFO - [2026-07-24T00:58:45.398+0000] {dagbag.py:545} INFO - Filling up the DagBag from /opt/airflow/dags/silver_processing_dag.py
[2026-07-24T00:58:45.439+0000] {processor.py:840} INFO - DAG(s) 'process_silver_layer' retrieved from /opt/airflow/dags/silver_processing_dag.py
[2026-07-24T00:58:45.485+0000] {logging_mixin.py:188} INFO - [2026-07-24T00:58:45.485+0000] {dag.py:3096} INFO - Sync 1 DAGs
[2026-07-24T00:58:45.515+0000] {logging_mixin.py:188} INFO - [2026-07-24T00:58:45.515+0000] {dag.py:3954} INFO - Setting next_dagrun for process_silver_layer to None, run_after=None
[2026-07-24T00:58:45.563+0000] {processor.py:183} INFO - Processing /opt/airflow/dags/silver_processing_dag.py took 0.187 seconds
[2026-07-24T00:59:16.117+0000] {processor.py:161} INFO - Started process (PID=2506) to work on /opt/airflow/dags/silver_processing_dag.py
[2026-07-24T00:59:16.119+0000] {processor.py:830} INFO - Processing file /opt/airflow/dags/silver_processing_dag.py for tasks to queue
[2026-07-24T00:59:16.127+0000] {logging_mixin.py:188} INFO - [2026-07-24T00:59:16.126+0000] {dagbag.py:545} INFO - Filling up the DagBag from /opt/airflow/dags/silver_processing_dag.py
[2026-07-24T00:59:16.177+0000] {processor.py:840} INFO - DAG(s) 'process_silver_layer' retrieved from /opt/airflow/dags/silver_processing_dag.py
[2026-07-24T00:59:16.255+0000] {logging_mixin.py:188} INFO - [2026-07-24T00:59:16.254+0000] {dag.py:3096} INFO - Sync 1 DAGs
[2026-07-24T00:59:16.317+0000] {logging_mixin.py:188} INFO - [2026-07-24T00:59:16.316+0000] {dag.py:3954} INFO - Setting next_dagrun for process_silver_layer to None, run_after=None
[2026-07-24T00:59:16.457+0000] {processor.py:183} INFO - Processing /opt/airflow/dags/silver_processing_dag.py took 0.355 seconds
[2026-07-24T00:59:47.273+0000] {processor.py:161} INFO - Started process (PID=2521) to work on /opt/airflow/dags/silver_processing_dag.py
[2026-07-24T00:59:47.276+0000] {processor.py:830} INFO - Processing file /opt/airflow/dags/silver_processing_dag.py for tasks to queue
[2026-07-24T00:59:47.284+0000] {logging_mixin.py:188} INFO - [2026-07-24T00:59:47.283+0000] {dagbag.py:545} INFO - Filling up the DagBag from /opt/airflow/dags/silver_processing_dag.py
[2026-07-24T00:59:47.363+0000] {processor.py:840} INFO - DAG(s) 'process_silver_layer' retrieved from /opt/airflow/dags/silver_processing_dag.py
[2026-07-24T00:59:47.495+0000] {logging_mixin.py:188} INFO - [2026-07-24T00:59:47.495+0000] {dag.py:3096} INFO - Sync 1 DAGs
[2026-07-24T00:59:47.537+0000] {logging_mixin.py:188} INFO - [2026-07-24T00:59:47.536+0000] {dag.py:3954} INFO - Setting next_dagrun for process_silver_layer to None, run_after=None
[2026-07-24T00:59:47.595+0000] {processor.py:183} INFO - Processing /opt/airflow/dags/silver_processing_dag.py took 0.348 seconds
[2026-07-24T01:00:19.454+0000] {processor.py:161} INFO - Started process (PID=2561) to work on /opt/airflow/dags/silver_processing_dag.py
[2026-07-24T01:00:19.469+0000] {processor.py:830} INFO - Processing file /opt/airflow/dags/silver_processing_dag.py for tasks to queue
[2026-07-24T01:00:19.488+0000] {logging_mixin.py:188} INFO - [2026-07-24T01:00:19.487+0000] {dagbag.py:545} INFO - Filling up the DagBag from /opt/airflow/dags/silver_processing_dag.py
[2026-07-24T01:00:19.829+0000] {processor.py:840} INFO - DAG(s) 'process_silver_layer' retrieved from /opt/airflow/dags/silver_processing_dag.py
[2026-07-24T01:00:20.105+0000] {logging_mixin.py:188} INFO - [2026-07-24T01:00:20.105+0000] {dag.py:3096} INFO - Sync 1 DAGs
[2026-07-24T01:00:20.258+0000] {logging_mixin.py:188} INFO - [2026-07-24T01:00:20.257+0000] {dag.py:3954} INFO - Setting next_dagrun for process_silver_layer to None, run_after=None
[2026-07-24T01:00:20.445+0000] {processor.py:183} INFO - Processing /opt/airflow/dags/silver_processing_dag.py took 1.063 seconds
[2026-07-24T01:00:51.239+0000] {processor.py:161} INFO - Started process (PID=2634) to work on /opt/airflow/dags/silver_processing_dag.py
[2026-07-24T01:00:51.312+0000] {processor.py:830} INFO - Processing file /opt/airflow/dags/silver_processing_dag.py for tasks to queue
[2026-07-24T01:00:51.380+0000] {logging_mixin.py:188} INFO - [2026-07-24T01:00:51.369+0000] {dagbag.py:545} INFO - Filling up the DagBag from /opt/airflow/dags/silver_processing_dag.py
[2026-07-24T01:00:51.767+0000] {processor.py:840} INFO - DAG(s) 'process_silver_layer' retrieved from /opt/airflow/dags/silver_processing_dag.py
[2026-07-24T01:00:52.154+0000] {logging_mixin.py:188} INFO - [2026-07-24T01:00:52.153+0000] {dag.py:3096} INFO - Sync 1 DAGs
[2026-07-24T01:00:52.346+0000] {logging_mixin.py:188} INFO - [2026-07-24T01:00:52.345+0000] {dag.py:3954} INFO - Setting next_dagrun for process_silver_layer to None, run_after=None
[2026-07-24T01:00:52.552+0000] {processor.py:183} INFO - Processing /opt/airflow/dags/silver_processing_dag.py took 1.434 seconds
[2026-07-24T01:01:23.222+0000] {processor.py:161} INFO - Started process (PID=3234) to work on /opt/airflow/dags/silver_processing_dag.py
[2026-07-24T01:01:23.229+0000] {processor.py:830} INFO - Processing file /opt/airflow/dags/silver_processing_dag.py for tasks to queue
[2026-07-24T01:01:23.241+0000] {logging_mixin.py:188} INFO - [2026-07-24T01:01:23.240+0000] {dagbag.py:545} INFO - Filling up the DagBag from /opt/airflow/dags/silver_processing_dag.py
[2026-07-24T01:01:23.466+0000] {processor.py:840} INFO - DAG(s) 'process_silver_layer' retrieved from /opt/airflow/dags/silver_processing_dag.py
[2026-07-24T01:01:23.762+0000] {logging_mixin.py:188} INFO - [2026-07-24T01:01:23.762+0000] {dag.py:3096} INFO - Sync 1 DAGs
[2026-07-24T01:01:24.064+0000] {logging_mixin.py:188} INFO - [2026-07-24T01:01:24.063+0000] {dag.py:3954} INFO - Setting next_dagrun for process_silver_layer to None, run_after=None
[2026-07-24T01:01:24.253+0000] {processor.py:183} INFO - Processing /opt/airflow/dags/silver_processing_dag.py took 1.108 seconds
[2026-07-24T01:01:55.701+0000] {processor.py:161} INFO - Started process (PID=3343) to work on /opt/airflow/dags/silver_processing_dag.py
[2026-07-24T01:01:55.720+0000] {processor.py:830} INFO - Processing file /opt/airflow/dags/silver_processing_dag.py for tasks to queue
[2026-07-24T01:01:55.733+0000] {logging_mixin.py:188} INFO - [2026-07-24T01:01:55.731+0000] {dagbag.py:545} INFO - Filling up the DagBag from /opt/airflow/dags/silver_processing_dag.py
[2026-07-24T01:01:56.504+0000] {processor.py:840} INFO - DAG(s) 'process_silver_layer' retrieved from /opt/airflow/dags/silver_processing_dag.py
[2026-07-24T01:01:56.961+0000] {logging_mixin.py:188} INFO - [2026-07-24T01:01:56.960+0000] {dag.py:3096} INFO - Sync 1 DAGs
[2026-07-24T01:01:57.119+0000] {logging_mixin.py:188} INFO - [2026-07-24T01:01:57.118+0000] {dag.py:3954} INFO - Setting next_dagrun for process_silver_layer to None, run_after=None
[2026-07-24T01:01:57.555+0000] {processor.py:183} INFO - Processing /opt/airflow/dags/silver_processing_dag.py took 1.964 seconds
[2026-07-24T01:02:31.242+0000] {processor.py:161} INFO - Started process (PID=3429) to work on /opt/airflow/dags/silver_processing_dag.py
[2026-07-24T01:02:31.251+0000] {processor.py:830} INFO - Processing file /opt/airflow/dags/silver_processing_dag.py for tasks to queue
[2026-07-24T01:02:31.270+0000] {logging_mixin.py:188} INFO - [2026-07-24T01:02:31.270+0000] {dagbag.py:545} INFO - Filling up the DagBag from /opt/airflow/dags/silver_processing_dag.py
[2026-07-24T01:02:31.348+0000] {processor.py:840} INFO - DAG(s) 'process_silver_layer' retrieved from /opt/airflow/dags/silver_processing_dag.py
[2026-07-24T01:02:31.455+0000] {logging_mixin.py:188} INFO - [2026-07-24T01:02:31.454+0000] {dag.py:3096} INFO - Sync 1 DAGs
[2026-07-24T01:02:31.601+0000] {logging_mixin.py:188} INFO - [2026-07-24T01:02:31.600+0000] {dag.py:3954} INFO - Setting next_dagrun for process_silver_layer to None, run_after=None
[2026-07-24T01:02:31.890+0000] {processor.py:183} INFO - Processing /opt/airflow/dags/silver_processing_dag.py took 0.700 seconds
[2026-07-24T01:03:09.053+0000] {processor.py:161} INFO - Started process (PID=3537) to work on /opt/airflow/dags/silver_processing_dag.py
[2026-07-24T01:03:09.061+0000] {processor.py:830} INFO - Processing file /opt/airflow/dags/silver_processing_dag.py for tasks to queue
[2026-07-24T01:03:09.077+0000] {logging_mixin.py:188} INFO - [2026-07-24T01:03:09.076+0000] {dagbag.py:545} INFO - Filling up the DagBag from /opt/airflow/dags/silver_processing_dag.py
[2026-07-24T01:03:09.346+0000] {processor.py:840} INFO - DAG(s) 'process_silver_layer' retrieved from /opt/airflow/dags/silver_processing_dag.py
[2026-07-24T01:03:09.547+0000] {logging_mixin.py:188} INFO - [2026-07-24T01:03:09.545+0000] {dag.py:3096} INFO - Sync 1 DAGs
[2026-07-24T01:03:09.855+0000] {logging_mixin.py:188} INFO - [2026-07-24T01:03:09.854+0000] {dag.py:3954} INFO - Setting next_dagrun for process_silver_layer to None, run_after=None
[2026-07-24T01:03:10.008+0000] {processor.py:183} INFO - Processing /opt/airflow/dags/silver_processing_dag.py took 1.013 seconds
[2026-07-24T01:03:47.928+0000] {processor.py:161} INFO - Started process (PID=3663) to work on /opt/airflow/dags/silver_processing_dag.py
[2026-07-24T01:03:47.965+0000] {processor.py:830} INFO - Processing file /opt/airflow/dags/silver_processing_dag.py for tasks to queue
[2026-07-24T01:03:48.020+0000] {logging_mixin.py:188} INFO - [2026-07-24T01:03:48.018+0000] {dagbag.py:545} INFO - Filling up the DagBag from /opt/airflow/dags/silver_processing_dag.py
[2026-07-24T01:03:48.355+0000] {processor.py:840} INFO - DAG(s) 'process_silver_layer' retrieved from /opt/airflow/dags/silver_processing_dag.py
[2026-07-24T01:03:48.481+0000] {logging_mixin.py:188} INFO - [2026-07-24T01:03:48.480+0000] {dag.py:3096} INFO - Sync 1 DAGs
[2026-07-24T01:03:48.565+0000] {logging_mixin.py:188} INFO - [2026-07-24T01:03:48.564+0000] {dag.py:3954} INFO - Setting next_dagrun for process_silver_layer to None, run_after=None
[2026-07-24T01:03:48.702+0000] {processor.py:183} INFO - Processing /opt/airflow/dags/silver_processing_dag.py took 0.929 seconds
[2026-07-24T01:04:19.941+0000] {processor.py:161} INFO - Started process (PID=3767) to work on /opt/airflow/dags/silver_processing_dag.py
[2026-07-24T01:04:19.948+0000] {processor.py:830} INFO - Processing file /opt/airflow/dags/silver_processing_dag.py for tasks to queue
[2026-07-24T01:04:19.953+0000] {logging_mixin.py:188} INFO - [2026-07-24T01:04:19.953+0000] {dagbag.py:545} INFO - Filling up the DagBag from /opt/airflow/dags/silver_processing_dag.py
[2026-07-24T01:04:20.023+0000] {processor.py:840} INFO - DAG(s) 'process_silver_layer' retrieved from /opt/airflow/dags/silver_processing_dag.py
[2026-07-24T01:04:20.128+0000] {logging_mixin.py:188} INFO - [2026-07-24T01:04:20.127+0000] {dag.py:3096} INFO - Sync 1 DAGs
[2026-07-24T01:04:20.185+0000] {logging_mixin.py:188} INFO - [2026-07-24T01:04:20.184+0000] {dag.py:3954} INFO - Setting next_dagrun for process_silver_layer to None, run_after=None
[2026-07-24T01:04:20.258+0000] {processor.py:183} INFO - Processing /opt/airflow/dags/silver_processing_dag.py took 0.332 seconds
[2026-07-24T01:04:50.911+0000] {processor.py:161} INFO - Started process (PID=3813) to work on /opt/airflow/dags/silver_processing_dag.py
[2026-07-24T01:04:50.926+0000] {processor.py:830} INFO - Processing file /opt/airflow/dags/silver_processing_dag.py for tasks to queue
[2026-07-24T01:04:50.955+0000] {logging_mixin.py:188} INFO - [2026-07-24T01:04:50.954+0000] {dagbag.py:545} INFO - Filling up the DagBag from /opt/airflow/dags/silver_processing_dag.py
[2026-07-24T01:04:51.075+0000] {processor.py:840} INFO - DAG(s) 'process_silver_layer' retrieved from /opt/airflow/dags/silver_processing_dag.py
[2026-07-24T01:04:51.347+0000] {logging_mixin.py:188} INFO - [2026-07-24T01:04:51.347+0000] {dag.py:3096} INFO - Sync 1 DAGs
[2026-07-24T01:04:51.519+0000] {logging_mixin.py:188} INFO - [2026-07-24T01:04:51.518+0000] {dag.py:3954} INFO - Setting next_dagrun for process_silver_layer to None, run_after=None
[2026-07-24T01:04:51.682+0000] {processor.py:183} INFO - Processing /opt/airflow/dags/silver_processing_dag.py took 0.815 seconds
[2026-07-24T01:05:22.889+0000] {processor.py:161} INFO - Started process (PID=3838) to work on /opt/airflow/dags/silver_processing_dag.py
[2026-07-24T01:05:22.930+0000] {processor.py:830} INFO - Processing file /opt/airflow/dags/silver_processing_dag.py for tasks to queue
[2026-07-24T01:05:23.052+0000] {logging_mixin.py:188} INFO - [2026-07-24T01:05:23.050+0000] {dagbag.py:545} INFO - Filling up the DagBag from /opt/airflow/dags/silver_processing_dag.py
[2026-07-24T01:05:23.653+0000] {processor.py:840} INFO - DAG(s) 'process_silver_layer' retrieved from /opt/airflow/dags/silver_processing_dag.py
[2026-07-24T01:05:24.044+0000] {logging_mixin.py:188} INFO - [2026-07-24T01:05:24.042+0000] {dag.py:3096} INFO - Sync 1 DAGs
[2026-07-24T01:05:24.155+0000] {logging_mixin.py:188} INFO - [2026-07-24T01:05:24.154+0000] {dag.py:3954} INFO - Setting next_dagrun for process_silver_layer to None, run_after=None
[2026-07-24T01:05:24.317+0000] {processor.py:183} INFO - Processing /opt/airflow/dags/silver_processing_dag.py took 1.557 seconds
[2026-07-24T01:05:55.023+0000] {processor.py:161} INFO - Started process (PID=3865) to work on /opt/airflow/dags/silver_processing_dag.py
[2026-07-24T01:05:55.037+0000] {processor.py:830} INFO - Processing file /opt/airflow/dags/silver_processing_dag.py for tasks to queue
[2026-07-24T01:05:55.093+0000] {logging_mixin.py:188} INFO - [2026-07-24T01:05:55.092+0000] {dagbag.py:545} INFO - Filling up the DagBag from /opt/airflow/dags/silver_processing_dag.py
[2026-07-24T01:05:55.350+0000] {processor.py:840} INFO - DAG(s) 'process_silver_layer' retrieved from /opt/airflow/dags/silver_processing_dag.py
[2026-07-24T01:05:55.560+0000] {logging_mixin.py:188} INFO - [2026-07-24T01:05:55.560+0000] {dag.py:3096} INFO - Sync 1 DAGs
[2026-07-24T01:05:55.645+0000] {logging_mixin.py:188} INFO - [2026-07-24T01:05:55.644+0000] {dag.py:3954} INFO - Setting next_dagrun for process_silver_layer to None, run_after=None
[2026-07-24T01:05:55.775+0000] {processor.py:183} INFO - Processing /opt/airflow/dags/silver_processing_dag.py took 0.821 seconds
[2026-07-24T01:06:27.722+0000] {processor.py:161} INFO - Started process (PID=3971) to work on /opt/airflow/dags/silver_processing_dag.py
[2026-07-24T01:06:27.738+0000] {processor.py:830} INFO - Processing file /opt/airflow/dags/silver_processing_dag.py for tasks to queue
[2026-07-24T01:06:27.758+0000] {logging_mixin.py:188} INFO - [2026-07-24T01:06:27.756+0000] {dagbag.py:545} INFO - Filling up the DagBag from /opt/airflow/dags/silver_processing_dag.py
[2026-07-24T01:06:28.015+0000] {processor.py:840} INFO - DAG(s) 'process_silver_layer' retrieved from /opt/airflow/dags/silver_processing_dag.py
[2026-07-24T01:06:28.226+0000] {logging_mixin.py:188} INFO - [2026-07-24T01:06:28.226+0000] {dag.py:3096} INFO - Sync 1 DAGs
[2026-07-24T01:06:28.396+0000] {logging_mixin.py:188} INFO - [2026-07-24T01:06:28.395+0000] {dag.py:3954} INFO - Setting next_dagrun for process_silver_layer to None, run_after=None
[2026-07-24T01:06:28.620+0000] {processor.py:183} INFO - Processing /opt/airflow/dags/silver_processing_dag.py took 0.945 seconds
[2026-07-24T01:06:59.158+0000] {processor.py:161} INFO - Started process (PID=4021) to work on /opt/airflow/dags/silver_processing_dag.py
[2026-07-24T01:06:59.170+0000] {processor.py:830} INFO - Processing file /opt/airflow/dags/silver_processing_dag.py for tasks to queue
[2026-07-24T01:06:59.182+0000] {logging_mixin.py:188} INFO - [2026-07-24T01:06:59.177+0000] {dagbag.py:545} INFO - Filling up the DagBag from /opt/airflow/dags/silver_processing_dag.py
[2026-07-24T01:06:59.297+0000] {processor.py:840} INFO - DAG(s) 'process_silver_layer' retrieved from /opt/airflow/dags/silver_processing_dag.py
[2026-07-24T01:06:59.451+0000] {logging_mixin.py:188} INFO - [2026-07-24T01:06:59.450+0000] {dag.py:3096} INFO - Sync 1 DAGs
[2026-07-24T01:06:59.491+0000] {logging_mixin.py:188} INFO - [2026-07-24T01:06:59.491+0000] {dag.py:3954} INFO - Setting next_dagrun for process_silver_layer to None, run_after=None
[2026-07-24T01:06:59.537+0000] {processor.py:183} INFO - Processing /opt/airflow/dags/silver_processing_dag.py took 0.422 seconds
[2026-07-24T01:07:30.117+0000] {processor.py:161} INFO - Started process (PID=4069) to work on /opt/airflow/dags/silver_processing_dag.py
[2026-07-24T01:07:30.127+0000] {processor.py:830} INFO - Processing file /opt/airflow/dags/silver_processing_dag.py for tasks to queue
[2026-07-24T01:07:30.138+0000] {logging_mixin.py:188} INFO - [2026-07-24T01:07:30.137+0000] {dagbag.py:545} INFO - Filling up the DagBag from /opt/airflow/dags/silver_processing_dag.py
[2026-07-24T01:07:30.288+0000] {processor.py:840} INFO - DAG(s) 'process_silver_layer' retrieved from /opt/airflow/dags/silver_processing_dag.py
[2026-07-24T01:07:30.416+0000] {logging_mixin.py:188} INFO - [2026-07-24T01:07:30.415+0000] {dag.py:3096} INFO - Sync 1 DAGs
[2026-07-24T01:07:30.501+0000] {logging_mixin.py:188} INFO - [2026-07-24T01:07:30.500+0000] {dag.py:3954} INFO - Setting next_dagrun for process_silver_layer to None, run_after=None
[2026-07-24T01:07:30.599+0000] {processor.py:183} INFO - Processing /opt/airflow/dags/silver_processing_dag.py took 0.508 seconds
[2026-07-24T01:08:00.863+0000] {processor.py:161} INFO - Started process (PID=4170) to work on /opt/airflow/dags/silver_processing_dag.py
[2026-07-24T01:08:00.872+0000] {processor.py:830} INFO - Processing file /opt/airflow/dags/silver_processing_dag.py for tasks to queue
[2026-07-24T01:08:00.907+0000] {logging_mixin.py:188} INFO - [2026-07-24T01:08:00.906+0000] {dagbag.py:545} INFO - Filling up the DagBag from /opt/airflow/dags/silver_processing_dag.py
[2026-07-24T01:08:01.189+0000] {processor.py:840} INFO - DAG(s) 'process_silver_layer' retrieved from /opt/airflow/dags/silver_processing_dag.py
[2026-07-24T01:08:01.448+0000] {logging_mixin.py:188} INFO - [2026-07-24T01:08:01.447+0000] {dag.py:3096} INFO - Sync 1 DAGs
[2026-07-24T01:08:01.627+0000] {logging_mixin.py:188} INFO - [2026-07-24T01:08:01.626+0000] {dag.py:3954} INFO - Setting next_dagrun for process_silver_layer to None, run_after=None
[2026-07-24T01:08:01.799+0000] {processor.py:183} INFO - Processing /opt/airflow/dags/silver_processing_dag.py took 0.966 seconds
[2026-07-24T01:08:32.511+0000] {processor.py:161} INFO - Started process (PID=4192) to work on /opt/airflow/dags/silver_processing_dag.py
[2026-07-24T01:08:32.520+0000] {processor.py:830} INFO - Processing file /opt/airflow/dags/silver_processing_dag.py for tasks to queue
[2026-07-24T01:08:32.536+0000] {logging_mixin.py:188} INFO - [2026-07-24T01:08:32.534+0000] {dagbag.py:545} INFO - Filling up the DagBag from /opt/airflow/dags/silver_processing_dag.py
[2026-07-24T01:08:32.954+0000] {processor.py:840} INFO - DAG(s) 'process_silver_layer' retrieved from /opt/airflow/dags/silver_processing_dag.py
[2026-07-24T01:08:33.457+0000] {logging_mixin.py:188} INFO - [2026-07-24T01:08:33.456+0000] {dag.py:3096} INFO - Sync 1 DAGs
[2026-07-24T01:08:33.676+0000] {logging_mixin.py:188} INFO - [2026-07-24T01:08:33.675+0000] {dag.py:3954} INFO - Setting next_dagrun for process_silver_layer to None, run_after=None
[2026-07-24T01:08:34.077+0000] {processor.py:183} INFO - Processing /opt/airflow/dags/silver_processing_dag.py took 1.629 seconds
[2026-07-24T01:09:05.093+0000] {processor.py:161} INFO - Started process (PID=4832) to work on /opt/airflow/dags/silver_processing_dag.py
[2026-07-24T01:09:05.102+0000] {processor.py:830} INFO - Processing file /opt/airflow/dags/silver_processing_dag.py for tasks to queue
[2026-07-24T01:09:05.128+0000] {logging_mixin.py:188} INFO - [2026-07-24T01:09:05.125+0000] {dagbag.py:545} INFO - Filling up the DagBag from /opt/airflow/dags/silver_processing_dag.py
[2026-07-24T01:09:05.262+0000] {processor.py:840} INFO - DAG(s) 'process_silver_layer' retrieved from /opt/airflow/dags/silver_processing_dag.py
[2026-07-24T01:09:05.430+0000] {logging_mixin.py:188} INFO - [2026-07-24T01:09:05.430+0000] {dag.py:3096} INFO - Sync 1 DAGs
[2026-07-24T01:09:05.533+0000] {logging_mixin.py:188} INFO - [2026-07-24T01:09:05.533+0000] {dag.py:3954} INFO - Setting next_dagrun for process_silver_layer to None, run_after=None
[2026-07-24T01:09:05.680+0000] {processor.py:183} INFO - Processing /opt/airflow/dags/silver_processing_dag.py took 0.649 seconds
[2026-07-24T01:08:49.495+0000] {processor.py:161} INFO - Started process (PID=4882) to work on /opt/airflow/dags/silver_processing_dag.py
[2026-07-24T01:09:38.753+0000] {processor.py:830} INFO - Processing file /opt/airflow/dags/silver_processing_dag.py for tasks to queue
[2026-07-24T01:09:39.194+0000] {logging_mixin.py:188} INFO - [2026-07-24T01:09:39.172+0000] {dagbag.py:545} INFO - Filling up the DagBag from /opt/airflow/dags/silver_processing_dag.py
[2026-07-24T01:09:39.997+0000] {processor.py:840} INFO - DAG(s) 'process_silver_layer' retrieved from /opt/airflow/dags/silver_processing_dag.py
[2026-07-24T01:09:40.748+0000] {logging_mixin.py:188} INFO - [2026-07-24T01:09:40.747+0000] {dag.py:3096} INFO - Sync 1 DAGs
[2026-07-24T01:09:41.332+0000] {logging_mixin.py:188} INFO - [2026-07-24T01:09:41.332+0000] {dag.py:3954} INFO - Setting next_dagrun for process_silver_layer to None, run_after=None
[2026-07-24T01:09:41.663+0000] {processor.py:183} INFO - Processing /opt/airflow/dags/silver_processing_dag.py took 3.398 seconds
[2026-07-24T01:10:12.222+0000] {processor.py:161} INFO - Started process (PID=4962) to work on /opt/airflow/dags/silver_processing_dag.py
[2026-07-24T01:10:12.238+0000] {processor.py:830} INFO - Processing file /opt/airflow/dags/silver_processing_dag.py for tasks to queue
[2026-07-24T01:10:12.303+0000] {logging_mixin.py:188} INFO - [2026-07-24T01:10:12.299+0000] {dagbag.py:545} INFO - Filling up the DagBag from /opt/airflow/dags/silver_processing_dag.py
[2026-07-24T01:10:12.641+0000] {processor.py:840} INFO - DAG(s) 'process_silver_layer' retrieved from /opt/airflow/dags/silver_processing_dag.py
[2026-07-24T01:10:13.015+0000] {logging_mixin.py:188} INFO - [2026-07-24T01:10:13.014+0000] {dag.py:3096} INFO - Sync 1 DAGs
[2026-07-24T01:10:13.184+0000] {logging_mixin.py:188} INFO - [2026-07-24T01:10:13.183+0000] {dag.py:3954} INFO - Setting next_dagrun for process_silver_layer to None, run_after=None
[2026-07-24T01:10:13.443+0000] {processor.py:183} INFO - Processing /opt/airflow/dags/silver_processing_dag.py took 1.330 seconds
[2026-07-24T01:10:44.332+0000] {processor.py:161} INFO - Started process (PID=5061) to work on /opt/airflow/dags/silver_processing_dag.py
[2026-07-24T01:10:44.357+0000] {processor.py:830} INFO - Processing file /opt/airflow/dags/silver_processing_dag.py for tasks to queue
[2026-07-24T01:10:44.406+0000] {logging_mixin.py:188} INFO - [2026-07-24T01:10:44.404+0000] {dagbag.py:545} INFO - Filling up the DagBag from /opt/airflow/dags/silver_processing_dag.py
[2026-07-24T01:10:44.512+0000] {processor.py:840} INFO - DAG(s) 'process_silver_layer' retrieved from /opt/airflow/dags/silver_processing_dag.py
[2026-07-24T01:10:44.663+0000] {logging_mixin.py:188} INFO - [2026-07-24T01:10:44.663+0000] {dag.py:3096} INFO - Sync 1 DAGs
[2026-07-24T01:10:44.773+0000] {logging_mixin.py:188} INFO - [2026-07-24T01:10:44.772+0000] {dag.py:3954} INFO - Setting next_dagrun for process_silver_layer to None, run_after=None
[2026-07-24T01:10:44.919+0000] {processor.py:183} INFO - Processing /opt/airflow/dags/silver_processing_dag.py took 0.690 seconds
[2026-07-24T01:11:15.414+0000] {processor.py:161} INFO - Started process (PID=5114) to work on /opt/airflow/dags/silver_processing_dag.py
[2026-07-24T01:11:15.418+0000] {processor.py:830} INFO - Processing file /opt/airflow/dags/silver_processing_dag.py for tasks to queue
[2026-07-24T01:11:15.435+0000] {logging_mixin.py:188} INFO - [2026-07-24T01:11:15.432+0000] {dagbag.py:545} INFO - Filling up the DagBag from /opt/airflow/dags/silver_processing_dag.py
[2026-07-24T01:11:15.519+0000] {processor.py:840} INFO - DAG(s) 'process_silver_layer' retrieved from /opt/airflow/dags/silver_processing_dag.py
[2026-07-24T01:11:15.580+0000] {logging_mixin.py:188} INFO - [2026-07-24T01:11:15.580+0000] {dag.py:3096} INFO - Sync 1 DAGs
[2026-07-24T01:11:15.607+0000] {logging_mixin.py:188} INFO - [2026-07-24T01:11:15.607+0000] {dag.py:3954} INFO - Setting next_dagrun for process_silver_layer to None, run_after=None
[2026-07-24T01:11:15.679+0000] {processor.py:183} INFO - Processing /opt/airflow/dags/silver_processing_dag.py took 0.311 seconds
[2026-07-24T01:11:45.992+0000] {processor.py:161} INFO - Started process (PID=5129) to work on /opt/airflow/dags/silver_processing_dag.py
[2026-07-24T01:11:45.995+0000] {processor.py:830} INFO - Processing file /opt/airflow/dags/silver_processing_dag.py for tasks to queue
[2026-07-24T01:11:46.003+0000] {logging_mixin.py:188} INFO - [2026-07-24T01:11:46.002+0000] {dagbag.py:545} INFO - Filling up the DagBag from /opt/airflow/dags/silver_processing_dag.py
[2026-07-24T01:11:46.072+0000] {processor.py:840} INFO - DAG(s) 'process_silver_layer' retrieved from /opt/airflow/dags/silver_processing_dag.py
[2026-07-24T01:11:46.232+0000] {logging_mixin.py:188} INFO - [2026-07-24T01:11:46.232+0000] {dag.py:3096} INFO - Sync 1 DAGs
[2026-07-24T01:11:46.311+0000] {logging_mixin.py:188} INFO - [2026-07-24T01:11:46.310+0000] {dag.py:3954} INFO - Setting next_dagrun for process_silver_layer to None, run_after=None
[2026-07-24T01:11:46.434+0000] {processor.py:183} INFO - Processing /opt/airflow/dags/silver_processing_dag.py took 0.458 seconds
[2026-07-24T01:12:17.425+0000] {processor.py:161} INFO - Started process (PID=5144) to work on /opt/airflow/dags/silver_processing_dag.py
[2026-07-24T01:12:17.430+0000] {processor.py:830} INFO - Processing file /opt/airflow/dags/silver_processing_dag.py for tasks to queue
[2026-07-24T01:12:17.495+0000] {logging_mixin.py:188} INFO - [2026-07-24T01:12:17.494+0000] {dagbag.py:545} INFO - Filling up the DagBag from /opt/airflow/dags/silver_processing_dag.py
[2026-07-24T01:12:17.579+0000] {processor.py:840} INFO - DAG(s) 'process_silver_layer' retrieved from /opt/airflow/dags/silver_processing_dag.py
[2026-07-24T01:12:17.674+0000] {logging_mixin.py:188} INFO - [2026-07-24T01:12:17.674+0000] {dag.py:3096} INFO - Sync 1 DAGs
[2026-07-24T01:12:17.762+0000] {logging_mixin.py:188} INFO - [2026-07-24T01:12:17.762+0000] {dag.py:3954} INFO - Setting next_dagrun for process_silver_layer to None, run_after=None
[2026-07-24T01:12:17.848+0000] {processor.py:183} INFO - Processing /opt/airflow/dags/silver_processing_dag.py took 0.460 seconds
[2026-07-24T01:12:48.185+0000] {processor.py:161} INFO - Started process (PID=5159) to work on /opt/airflow/dags/silver_processing_dag.py
[2026-07-24T01:12:48.187+0000] {processor.py:830} INFO - Processing file /opt/airflow/dags/silver_processing_dag.py for tasks to queue
[2026-07-24T01:12:48.195+0000] {logging_mixin.py:188} INFO - [2026-07-24T01:12:48.194+0000] {dagbag.py:545} INFO - Filling up the DagBag from /opt/airflow/dags/silver_processing_dag.py
[2026-07-24T01:12:48.250+0000] {processor.py:840} INFO - DAG(s) 'process_silver_layer' retrieved from /opt/airflow/dags/silver_processing_dag.py
[2026-07-24T01:12:48.317+0000] {logging_mixin.py:188} INFO - [2026-07-24T01:12:48.316+0000] {dag.py:3096} INFO - Sync 1 DAGs
[2026-07-24T01:12:48.363+0000] {logging_mixin.py:188} INFO - [2026-07-24T01:12:48.362+0000] {dag.py:3954} INFO - Setting next_dagrun for process_silver_layer to None, run_after=None
[2026-07-24T01:12:48.424+0000] {processor.py:183} INFO - Processing /opt/airflow/dags/silver_processing_dag.py took 0.259 seconds
[2026-07-24T01:13:18.926+0000] {processor.py:161} INFO - Started process (PID=5174) to work on /opt/airflow/dags/silver_processing_dag.py
[2026-07-24T01:13:18.930+0000] {processor.py:830} INFO - Processing file /opt/airflow/dags/silver_processing_dag.py for tasks to queue
[2026-07-24T01:13:18.944+0000] {logging_mixin.py:188} INFO - [2026-07-24T01:13:18.942+0000] {dagbag.py:545} INFO - Filling up the DagBag from /opt/airflow/dags/silver_processing_dag.py
[2026-07-24T01:13:19.013+0000] {processor.py:840} INFO - DAG(s) 'process_silver_layer' retrieved from /opt/airflow/dags/silver_processing_dag.py
[2026-07-24T01:13:19.099+0000] {logging_mixin.py:188} INFO - [2026-07-24T01:13:19.099+0000] {dag.py:3096} INFO - Sync 1 DAGs
[2026-07-24T01:13:19.150+0000] {logging_mixin.py:188} INFO - [2026-07-24T01:13:19.150+0000] {dag.py:3954} INFO - Setting next_dagrun for process_silver_layer to None, run_after=None
[2026-07-24T01:13:19.225+0000] {processor.py:183} INFO - Processing /opt/airflow/dags/silver_processing_dag.py took 0.342 seconds
[2026-07-24T01:13:49.902+0000] {processor.py:161} INFO - Started process (PID=5189) to work on /opt/airflow/dags/silver_processing_dag.py
[2026-07-24T01:13:49.908+0000] {processor.py:830} INFO - Processing file /opt/airflow/dags/silver_processing_dag.py for tasks to queue
[2026-07-24T01:13:49.917+0000] {logging_mixin.py:188} INFO - [2026-07-24T01:13:49.915+0000] {dagbag.py:545} INFO - Filling up the DagBag from /opt/airflow/dags/silver_processing_dag.py
[2026-07-24T01:13:49.998+0000] {processor.py:840} INFO - DAG(s) 'process_silver_layer' retrieved from /opt/airflow/dags/silver_processing_dag.py
[2026-07-24T01:13:50.068+0000] {logging_mixin.py:188} INFO - [2026-07-24T01:13:50.068+0000] {dag.py:3096} INFO - Sync 1 DAGs
[2026-07-24T01:13:50.104+0000] {logging_mixin.py:188} INFO - [2026-07-24T01:13:50.103+0000] {dag.py:3954} INFO - Setting next_dagrun for process_silver_layer to None, run_after=None
[2026-07-24T01:13:50.153+0000] {processor.py:183} INFO - Processing /opt/airflow/dags/silver_processing_dag.py took 0.278 seconds
[2026-07-24T01:14:20.604+0000] {processor.py:161} INFO - Started process (PID=5204) to work on /opt/airflow/dags/silver_processing_dag.py
[2026-07-24T01:14:20.612+0000] {processor.py:830} INFO - Processing file /opt/airflow/dags/silver_processing_dag.py for tasks to queue
[2026-07-24T01:14:20.619+0000] {logging_mixin.py:188} INFO - [2026-07-24T01:14:20.618+0000] {dagbag.py:545} INFO - Filling up the DagBag from /opt/airflow/dags/silver_processing_dag.py
[2026-07-24T01:14:20.665+0000] {processor.py:840} INFO - DAG(s) 'process_silver_layer' retrieved from /opt/airflow/dags/silver_processing_dag.py
[2026-07-24T01:14:20.731+0000] {logging_mixin.py:188} INFO - [2026-07-24T01:14:20.730+0000] {dag.py:3096} INFO - Sync 1 DAGs
[2026-07-24T01:14:20.764+0000] {logging_mixin.py:188} INFO - [2026-07-24T01:14:20.764+0000] {dag.py:3954} INFO - Setting next_dagrun for process_silver_layer to None, run_after=None
[2026-07-24T01:14:20.811+0000] {processor.py:183} INFO - Processing /opt/airflow/dags/silver_processing_dag.py took 0.235 seconds
[2026-07-24T01:14:53.685+0000] {processor.py:161} INFO - Started process (PID=5219) to work on /opt/airflow/dags/silver_processing_dag.py
[2026-07-24T01:14:53.691+0000] {processor.py:830} INFO - Processing file /opt/airflow/dags/silver_processing_dag.py for tasks to queue
[2026-07-24T01:14:53.710+0000] {logging_mixin.py:188} INFO - [2026-07-24T01:14:53.709+0000] {dagbag.py:545} INFO - Filling up the DagBag from /opt/airflow/dags/silver_processing_dag.py
[2026-07-24T01:14:53.799+0000] {processor.py:840} INFO - DAG(s) 'process_silver_layer' retrieved from /opt/airflow/dags/silver_processing_dag.py
[2026-07-24T01:14:53.884+0000] {logging_mixin.py:188} INFO - [2026-07-24T01:14:53.884+0000] {dag.py:3096} INFO - Sync 1 DAGs
[2026-07-24T01:14:53.937+0000] {logging_mixin.py:188} INFO - [2026-07-24T01:14:53.937+0000] {dag.py:3954} INFO - Setting next_dagrun for process_silver_layer to None, run_after=None
[2026-07-24T01:14:54.013+0000] {processor.py:183} INFO - Processing /opt/airflow/dags/silver_processing_dag.py took 0.354 seconds
