[2026-07-30T17:26:20.651+0000] {local_task_job_runner.py:120} INFO - ::group::Pre task execution logs
[2026-07-30T17:26:20.847+0000] {taskinstance.py:2076} INFO - Dependencies all met for dep_context=non-requeueable deps ti=<TaskInstance: process_silver_layer.prepare_gcp_key manual__2026-07-30T17:25:40.139592+00:00 [queued]>
[2026-07-30T17:26:20.920+0000] {taskinstance.py:2076} INFO - Dependencies all met for dep_context=requeueable deps ti=<TaskInstance: process_silver_layer.prepare_gcp_key manual__2026-07-30T17:25:40.139592+00:00 [queued]>
[2026-07-30T17:26:20.932+0000] {taskinstance.py:2306} INFO - Starting attempt 1 of 1
[2026-07-30T17:26:21.015+0000] {taskinstance.py:2330} INFO - Executing <Task(PythonOperator): prepare_gcp_key> on 2026-07-30 17:25:40.139592+00:00
[2026-07-30T17:26:21.054+0000] {standard_task_runner.py:90} INFO - Running: ['***', 'tasks', 'run', 'process_silver_layer', 'prepare_gcp_key', 'manual__2026-07-30T17:25:40.139592+00:00', '--job-id', '247', '--raw', '--subdir', 'DAGS_FOLDER/silver_processing_dag.py', '--cfg-path', '/tmp/tmpt8dx1_os']
[2026-07-30T17:26:21.071+0000] {logging_mixin.py:188} WARNING - /home/***/.local/lib/python3.12/site-packages/***/task/task_runner/standard_task_runner.py:61 DeprecationWarning: This process (pid=1736) is multi-threaded, use of fork() may lead to deadlocks in the child.
[2026-07-30T17:26:21.094+0000] {standard_task_runner.py:91} INFO - Job 247: Subtask prepare_gcp_key
[2026-07-30T17:26:21.100+0000] {standard_task_runner.py:63} INFO - Started process 1737 to run task
[2026-07-30T17:26:21.434+0000] {task_command.py:426} INFO - Running <TaskInstance: process_silver_layer.prepare_gcp_key manual__2026-07-30T17:25:40.139592+00:00 [running]> on host 21f1a12a00bc
[2026-07-30T17:26:22.004+0000] {taskinstance.py:2648} INFO - Exporting env vars: AIRFLOW_CTX_DAG_OWNER='data_engineer' AIRFLOW_CTX_DAG_ID='process_silver_layer' AIRFLOW_CTX_TASK_ID='prepare_gcp_key' AIRFLOW_CTX_EXECUTION_DATE='2026-07-30T17:25:40.139592+00:00' AIRFLOW_CTX_TRY_NUMBER='1' AIRFLOW_CTX_DAG_RUN_ID='manual__2026-07-30T17:25:40.139592+00:00'
[2026-07-30T17:26:22.010+0000] {taskinstance.py:430} INFO - ::endgroup::
[2026-07-30T17:26:22.044+0000] {logging_mixin.py:188} INFO - Extracting GCP Service Account key from Airflow Connections...
[2026-07-30T17:26:22.067+0000] {connection.py:274} WARNING - Connection schemes (type: google_cloud_platform) shall not contain '_' according to RFC3986.
[2026-07-30T17:26:22.084+0000] {base.py:84} INFO - Using connection ID 'google_cloud_default' for task execution.
[2026-07-30T17:26:22.089+0000] {logging_mixin.py:188} INFO - Credentials saved temporarily to /tmp/gcp_key.json
[2026-07-30T17:26:22.093+0000] {python.py:237} INFO - Done. Returned value was: None
[2026-07-30T17:26:22.096+0000] {taskinstance.py:441} INFO - ::group::Post task execution logs
[2026-07-30T17:26:22.115+0000] {taskinstance.py:1206} INFO - Marking task as SUCCESS. dag_id=process_silver_layer, task_id=prepare_gcp_key, run_id=manual__2026-07-30T17:25:40.139592+00:00, execution_date=20260730T172540, start_date=20260730T172620, end_date=20260730T172622
[2026-07-30T17:26:22.269+0000] {local_task_job_runner.py:240} INFO - Task exited with return code 0
[2026-07-30T17:26:22.388+0000] {taskinstance.py:3503} INFO - 1 downstream tasks scheduled from follow-on schedule check
[2026-07-30T17:26:22.401+0000] {local_task_job_runner.py:222} INFO - ::endgroup::
