[2026-07-28T21:59:12.821+0000] {local_task_job_runner.py:120} INFO - ::group::Pre task execution logs
[2026-07-28T21:59:12.867+0000] {taskinstance.py:2076} INFO - Dependencies all met for dep_context=non-requeueable deps ti=<TaskInstance: ingest_bronze_layer.weather_ingest scheduled__2026-07-28T21:00:00+00:00 [queued]>
[2026-07-28T21:59:12.896+0000] {taskinstance.py:2076} INFO - Dependencies all met for dep_context=requeueable deps ti=<TaskInstance: ingest_bronze_layer.weather_ingest scheduled__2026-07-28T21:00:00+00:00 [queued]>
[2026-07-28T21:59:12.900+0000] {taskinstance.py:2306} INFO - Starting attempt 1 of 1
[2026-07-28T21:59:12.973+0000] {taskinstance.py:2330} INFO - Executing <Task(PythonOperator): weather_ingest> on 2026-07-28 21:00:00+00:00
[2026-07-28T21:59:13.027+0000] {logging_mixin.py:188} WARNING - /home/***/.local/lib/python3.12/site-packages/***/task/task_runner/standard_task_runner.py:61 DeprecationWarning: This process (pid=8213) is multi-threaded, use of fork() may lead to deadlocks in the child.
[2026-07-28T21:59:13.023+0000] {standard_task_runner.py:90} INFO - Running: ['***', 'tasks', 'run', 'ingest_bronze_layer', 'weather_ingest', 'scheduled__2026-07-28T21:00:00+00:00', '--job-id', '172', '--raw', '--subdir', 'DAGS_FOLDER/bronze_ingestion_dag.py', '--cfg-path', '/tmp/tmp127pzwjx']
[2026-07-28T21:59:13.041+0000] {standard_task_runner.py:91} INFO - Job 172: Subtask weather_ingest
[2026-07-28T21:59:13.034+0000] {standard_task_runner.py:63} INFO - Started process 8215 to run task
[2026-07-28T21:59:13.285+0000] {task_command.py:426} INFO - Running <TaskInstance: ingest_bronze_layer.weather_ingest scheduled__2026-07-28T21:00:00+00:00 [running]> on host 21f1a12a00bc
[2026-07-28T21:59:13.958+0000] {taskinstance.py:2648} INFO - Exporting env vars: AIRFLOW_CTX_DAG_OWNER='***' AIRFLOW_CTX_DAG_ID='ingest_bronze_layer' AIRFLOW_CTX_TASK_ID='weather_ingest' AIRFLOW_CTX_EXECUTION_DATE='2026-07-28T21:00:00+00:00' AIRFLOW_CTX_TRY_NUMBER='1' AIRFLOW_CTX_DAG_RUN_ID='scheduled__2026-07-28T21:00:00+00:00'
[2026-07-28T21:59:13.966+0000] {taskinstance.py:430} INFO - ::endgroup::
[2026-07-28T21:59:16.177+0000] {connection.py:274} WARNING - Connection schemes (type: google_cloud_platform) shall not contain '_' according to RFC3986.
[2026-07-28T21:59:16.196+0000] {base.py:84} INFO - Using connection ID 'google_cloud_default' for task execution.
[2026-07-28T21:59:20.009+0000] {gcs.py:574} INFO - Data stream uploaded to bronze/weather/20260728/data_20260728T210000.json in london_bike_data_bronze bucket
[2026-07-28T21:59:20.014+0000] {python.py:237} INFO - Done. Returned value was: None
[2026-07-28T21:59:20.017+0000] {taskinstance.py:441} INFO - ::group::Post task execution logs
[2026-07-28T21:59:20.041+0000] {taskinstance.py:1206} INFO - Marking task as SUCCESS. dag_id=ingest_bronze_layer, task_id=weather_ingest, run_id=scheduled__2026-07-28T21:00:00+00:00, execution_date=20260728T210000, start_date=20260728T215912, end_date=20260728T215920
[2026-07-28T21:59:20.102+0000] {local_task_job_runner.py:240} INFO - Task exited with return code 0
[2026-07-28T21:59:20.141+0000] {taskinstance.py:3503} INFO - 0 downstream tasks scheduled from follow-on schedule check
[2026-07-28T21:59:20.156+0000] {local_task_job_runner.py:222} INFO - ::endgroup::
