[2026-07-27T10:00:55.763+0000] {local_task_job_runner.py:120} INFO - ::group::Pre task execution logs
[2026-07-27T10:00:55.894+0000] {taskinstance.py:2076} INFO - Dependencies all met for dep_context=non-requeueable deps ti=<TaskInstance: process_silver_layer.prepare_gcp_key manual__2026-07-27T10:00:31.665528+00:00 [queued]>
[2026-07-27T10:00:55.922+0000] {taskinstance.py:2076} INFO - Dependencies all met for dep_context=requeueable deps ti=<TaskInstance: process_silver_layer.prepare_gcp_key manual__2026-07-27T10:00:31.665528+00:00 [queued]>
[2026-07-27T10:00:55.927+0000] {taskinstance.py:2306} INFO - Starting attempt 1 of 1
[2026-07-27T10:00:55.993+0000] {taskinstance.py:2330} INFO - Executing <Task(PythonOperator): prepare_gcp_key> on 2026-07-27 10:00:31.665528+00:00
[2026-07-27T10:00:56.022+0000] {standard_task_runner.py:90} INFO - Running: ['***', 'tasks', 'run', 'process_silver_layer', 'prepare_gcp_key', 'manual__2026-07-27T10:00:31.665528+00:00', '--job-id', '144', '--raw', '--subdir', 'DAGS_FOLDER/silver_processing_dag.py', '--cfg-path', '/tmp/tmphw53trcu']
[2026-07-27T10:00:56.031+0000] {standard_task_runner.py:91} INFO - Job 144: Subtask prepare_gcp_key
[2026-07-27T10:00:56.035+0000] {logging_mixin.py:188} WARNING - /home/***/.local/lib/python3.12/site-packages/***/task/task_runner/standard_task_runner.py:61 DeprecationWarning: This process (pid=11120) is multi-threaded, use of fork() may lead to deadlocks in the child.
[2026-07-27T10:00:56.042+0000] {standard_task_runner.py:63} INFO - Started process 11121 to run task
[2026-07-27T10:00:56.250+0000] {task_command.py:426} INFO - Running <TaskInstance: process_silver_layer.prepare_gcp_key manual__2026-07-27T10:00:31.665528+00:00 [running]> on host 85eca997bf5b
[2026-07-27T10:00:56.670+0000] {taskinstance.py:2648} INFO - Exporting env vars: AIRFLOW_CTX_DAG_OWNER='data_engineer' AIRFLOW_CTX_DAG_ID='process_silver_layer' AIRFLOW_CTX_TASK_ID='prepare_gcp_key' AIRFLOW_CTX_EXECUTION_DATE='2026-07-27T10:00:31.665528+00:00' AIRFLOW_CTX_TRY_NUMBER='1' AIRFLOW_CTX_DAG_RUN_ID='manual__2026-07-27T10:00:31.665528+00:00'
[2026-07-27T10:00:56.673+0000] {taskinstance.py:430} INFO - ::endgroup::
[2026-07-27T10:00:57.690+0000] {logging_mixin.py:188} INFO - Extracting GCP Service Account key from Airflow Connections...
[2026-07-27T10:00:57.873+0000] {connection.py:274} WARNING - Connection schemes (type: google_cloud_platform) shall not contain '_' according to RFC3986.
[2026-07-27T10:00:57.936+0000] {base.py:84} INFO - Using connection ID 'google_cloud_default' for task execution.
[2026-07-27T10:00:57.946+0000] {logging_mixin.py:188} INFO - Credentials saved temporarily to /tmp/gcp_key.json
[2026-07-27T10:00:57.949+0000] {python.py:237} INFO - Done. Returned value was: None
[2026-07-27T10:00:57.952+0000] {taskinstance.py:441} INFO - ::group::Post task execution logs
[2026-07-27T10:00:57.978+0000] {taskinstance.py:1206} INFO - Marking task as SUCCESS. dag_id=process_silver_layer, task_id=prepare_gcp_key, run_id=manual__2026-07-27T10:00:31.665528+00:00, execution_date=20260727T100031, start_date=20260727T100055, end_date=20260727T100057
[2026-07-27T10:00:58.047+0000] {local_task_job_runner.py:240} INFO - Task exited with return code 0
[2026-07-27T10:00:58.133+0000] {taskinstance.py:3503} INFO - 1 downstream tasks scheduled from follow-on schedule check
[2026-07-27T10:00:58.147+0000] {local_task_job_runner.py:222} INFO - ::endgroup::
