[2026-07-28T23:00:45.003+0000] {local_task_job_runner.py:120} INFO - ::group::Pre task execution logs
[2026-07-28T23:00:45.068+0000] {taskinstance.py:2076} INFO - Dependencies all met for dep_context=non-requeueable deps ti=<TaskInstance: process_silver_layer.run_silver_spark_job manual__2026-07-28T23:00:36.095870+00:00 [queued]>
[2026-07-28T23:00:45.086+0000] {taskinstance.py:2076} INFO - Dependencies all met for dep_context=requeueable deps ti=<TaskInstance: process_silver_layer.run_silver_spark_job manual__2026-07-28T23:00:36.095870+00:00 [queued]>
[2026-07-28T23:00:45.088+0000] {taskinstance.py:2306} INFO - Starting attempt 1 of 1
[2026-07-28T23:00:45.115+0000] {taskinstance.py:2330} INFO - Executing <Task(BashOperator): run_silver_spark_job> on 2026-07-28 23:00:36.095870+00:00
[2026-07-28T23:00:45.130+0000] {standard_task_runner.py:90} INFO - Running: ['***', 'tasks', 'run', 'process_silver_layer', 'run_silver_spark_job', 'manual__2026-07-28T23:00:36.095870+00:00', '--job-id', '182', '--raw', '--subdir', 'DAGS_FOLDER/silver_processing_dag.py', '--cfg-path', '/tmp/tmprpz43ryh']
[2026-07-28T23:00:45.136+0000] {standard_task_runner.py:91} INFO - Job 182: Subtask run_silver_spark_job
[2026-07-28T23:00:45.138+0000] {logging_mixin.py:188} WARNING - /home/***/.local/lib/python3.12/site-packages/***/task/task_runner/standard_task_runner.py:61 DeprecationWarning: This process (pid=11411) is multi-threaded, use of fork() may lead to deadlocks in the child.
[2026-07-28T23:00:45.142+0000] {standard_task_runner.py:63} INFO - Started process 11412 to run task
[2026-07-28T23:00:45.233+0000] {task_command.py:426} INFO - Running <TaskInstance: process_silver_layer.run_silver_spark_job manual__2026-07-28T23:00:36.095870+00:00 [running]> on host 21f1a12a00bc
[2026-07-28T23:00:45.397+0000] {taskinstance.py:2648} INFO - Exporting env vars: AIRFLOW_CTX_DAG_OWNER='data_engineer' AIRFLOW_CTX_DAG_ID='process_silver_layer' AIRFLOW_CTX_TASK_ID='run_silver_spark_job' AIRFLOW_CTX_EXECUTION_DATE='2026-07-28T23:00:36.095870+00:00' AIRFLOW_CTX_TRY_NUMBER='1' AIRFLOW_CTX_DAG_RUN_ID='manual__2026-07-28T23:00:36.095870+00:00'
[2026-07-28T23:00:45.399+0000] {taskinstance.py:430} INFO - ::endgroup::
[2026-07-28T23:00:45.429+0000] {subprocess.py:63} INFO - Tmp dir root location: /tmp
[2026-07-28T23:00:45.434+0000] {subprocess.py:75} INFO - Running command: ['/usr/bin/bash', '-c', 'export GOOGLE_APPLICATION_CREDENTIALS=/tmp/gcp_key.json && python /opt/***/jobs/silver_layer_spark_job.py london_bike_data_bronze']
[2026-07-28T23:00:45.480+0000] {subprocess.py:86} INFO - Output:
[2026-07-28T23:00:47.685+0000] {subprocess.py:93} INFO - /home/***/.local/lib/python3.12/site-packages/pyspark/bin/load-spark-env.sh: line 68: ps: command not found
[2026-07-28T23:00:54.427+0000] {subprocess.py:93} INFO - Setting default log level to "WARN".
[2026-07-28T23:00:54.430+0000] {subprocess.py:93} INFO - To adjust logging level use sc.setLogLevel(newLevel). For SparkR, use setLogLevel(newLevel).
[2026-07-28T23:00:55.041+0000] {subprocess.py:93} INFO - 26/07/28 23:00:55 WARN NativeCodeLoader: Unable to load native-hadoop library for your platform... using builtin-java classes where applicable
[2026-07-28T23:04:13.985+0000] {subprocess.py:93} INFO - [Stage 4:===========>                                               (1 + 4) / 5][Stage 4:=======================>                                   (2 + 3) / 5][Stage 4:===================================>                       (3 + 2) / 5]                                                                                Processing Weather Data...
[2026-07-28T23:04:14.070+0000] {subprocess.py:93} INFO - Weather data processed and saved to gs://london_bike_data_bronze/silver/weather/
[2026-07-28T23:04:14.078+0000] {subprocess.py:93} INFO - Processing Bike Data...
[2026-07-28T23:04:14.087+0000] {subprocess.py:93} INFO - Bike data processed and saved to gs://london_bike_data_bronze/silver/bike/
[2026-07-28T23:04:15.969+0000] {subprocess.py:97} INFO - Command exited with return code 0
[2026-07-28T23:04:16.013+0000] {taskinstance.py:441} INFO - ::group::Post task execution logs
[2026-07-28T23:04:16.706+0000] {taskinstance.py:1206} INFO - Marking task as SUCCESS. dag_id=process_silver_layer, task_id=run_silver_spark_job, run_id=manual__2026-07-28T23:00:36.095870+00:00, execution_date=20260728T230036, start_date=20260728T230045, end_date=20260728T230416
[2026-07-28T23:04:16.961+0000] {local_task_job_runner.py:240} INFO - Task exited with return code 0
[2026-07-28T23:04:17.228+0000] {taskinstance.py:3503} INFO - 1 downstream tasks scheduled from follow-on schedule check
[2026-07-28T23:04:17.235+0000] {local_task_job_runner.py:222} INFO - ::endgroup::
