[2026-07-26T02:01:48.321+0000] {local_task_job_runner.py:120} INFO - ::group::Pre task execution logs
[2026-07-26T02:01:48.688+0000] {taskinstance.py:2076} INFO - Dependencies all met for dep_context=non-requeueable deps ti=<TaskInstance: process_silver_layer.run_silver_spark_job manual__2026-07-26T02:00:48.153584+00:00 [queued]>
[2026-07-26T02:01:48.753+0000] {taskinstance.py:2076} INFO - Dependencies all met for dep_context=requeueable deps ti=<TaskInstance: process_silver_layer.run_silver_spark_job manual__2026-07-26T02:00:48.153584+00:00 [queued]>
[2026-07-26T02:01:48.756+0000] {taskinstance.py:2306} INFO - Starting attempt 1 of 1
[2026-07-26T02:01:48.843+0000] {taskinstance.py:2330} INFO - Executing <Task(BashOperator): run_silver_spark_job> on 2026-07-26 02:00:48.153584+00:00
[2026-07-26T02:01:48.877+0000] {standard_task_runner.py:90} INFO - Running: ['***', 'tasks', 'run', 'process_silver_layer', 'run_silver_spark_job', 'manual__2026-07-26T02:00:48.153584+00:00', '--job-id', '82', '--raw', '--subdir', 'DAGS_FOLDER/silver_processing_dag.py', '--cfg-path', '/tmp/tmp10nrvj32']
[2026-07-26T02:01:48.905+0000] {standard_task_runner.py:91} INFO - Job 82: Subtask run_silver_spark_job
[2026-07-26T02:01:48.926+0000] {logging_mixin.py:188} WARNING - /home/***/.local/lib/python3.12/site-packages/***/task/task_runner/standard_task_runner.py:61 DeprecationWarning: This process (pid=4877) is multi-threaded, use of fork() may lead to deadlocks in the child.
[2026-07-26T02:01:48.930+0000] {standard_task_runner.py:63} INFO - Started process 4878 to run task
[2026-07-26T02:01:49.254+0000] {task_command.py:426} INFO - Running <TaskInstance: process_silver_layer.run_silver_spark_job manual__2026-07-26T02:00:48.153584+00:00 [running]> on host 27aa5114c95c
[2026-07-26T02:01:49.972+0000] {taskinstance.py:2648} INFO - Exporting env vars: AIRFLOW_CTX_DAG_OWNER='data_engineer' AIRFLOW_CTX_DAG_ID='process_silver_layer' AIRFLOW_CTX_TASK_ID='run_silver_spark_job' AIRFLOW_CTX_EXECUTION_DATE='2026-07-26T02:00:48.153584+00:00' AIRFLOW_CTX_TRY_NUMBER='1' AIRFLOW_CTX_DAG_RUN_ID='manual__2026-07-26T02:00:48.153584+00:00'
[2026-07-26T02:01:49.985+0000] {taskinstance.py:430} INFO - ::endgroup::
[2026-07-26T02:01:50.082+0000] {subprocess.py:63} INFO - Tmp dir root location: /tmp
[2026-07-26T02:01:50.106+0000] {subprocess.py:75} INFO - Running command: ['/usr/bin/bash', '-c', 'export GOOGLE_APPLICATION_CREDENTIALS=/tmp/gcp_key.json && python /opt/***/jobs/silver_layer_spark_job.py london_bike_data_bronze']
[2026-07-26T02:01:50.170+0000] {subprocess.py:86} INFO - Output:
[2026-07-26T02:01:05.753+0000] {subprocess.py:93} INFO - /home/***/.local/lib/python3.12/site-packages/pyspark/bin/load-spark-env.sh: line 68: ps: command not found
[2026-07-26T02:02:41.404+0000] {subprocess.py:93} INFO - Setting default log level to "WARN".
[2026-07-26T02:02:41.422+0000] {subprocess.py:93} INFO - To adjust logging level use sc.setLogLevel(newLevel). For SparkR, use setLogLevel(newLevel).
[2026-07-26T02:02:43.035+0000] {subprocess.py:93} INFO - 26/07/26 02:02:43 WARN NativeCodeLoader: Unable to load native-hadoop library for your platform... using builtin-java classes where applicable
[2026-07-26T02:06:49.098+0000] {subprocess.py:93} INFO - [Stage 1:>                                                          (0 + 4) / 4]                                                                                [Stage 2:>                                                          (0 + 4) / 4]                                                                                [Stage 3:>                                                          (0 + 4) / 4][Stage 3:==============>                                            (1 + 3) / 4][Stage 3:=============================>                             (2 + 2) / 4][Stage 3:============================================>              (3 + 1) / 4]                                                                                Processing Weather Data...
[2026-07-26T02:06:49.208+0000] {subprocess.py:93} INFO - Weather data processed and saved to gs://london_bike_data_bronze/silver/weather/
[2026-07-26T02:06:49.224+0000] {subprocess.py:93} INFO - Processing Bike Data...
[2026-07-26T02:06:49.229+0000] {subprocess.py:93} INFO - Bike data processed and saved to gs://london_bike_data_bronze/silver/bike/
[2026-07-26T02:06:57.893+0000] {subprocess.py:97} INFO - Command exited with return code 0
[2026-07-26T02:06:57.964+0000] {taskinstance.py:441} INFO - ::group::Post task execution logs
[2026-07-26T02:06:59.176+0000] {taskinstance.py:1206} INFO - Marking task as SUCCESS. dag_id=process_silver_layer, task_id=run_silver_spark_job, run_id=manual__2026-07-26T02:00:48.153584+00:00, execution_date=20260726T020048, start_date=20260726T020148, end_date=20260726T020659
[2026-07-26T02:06:59.624+0000] {local_task_job_runner.py:240} INFO - Task exited with return code 0
[2026-07-26T02:07:00.528+0000] {taskinstance.py:3503} INFO - 0 downstream tasks scheduled from follow-on schedule check
[2026-07-26T02:07:00.601+0000] {local_task_job_runner.py:222} INFO - ::endgroup::
