[2026-09-06T04:00:14.443+0000] {local_task_job_runner.py:120} INFO - ::group::Pre task execution logs
[2026-09-06T04:00:14.538+0000] {taskinstance.py:2076} INFO - Dependencies all met for dep_context=non-requeueable deps ti=<TaskInstance: ingest_bronze_layer.bike_ingest scheduled__2026-09-06T03:00:00+00:00 [queued]>
[2026-09-06T04:00:14.571+0000] {taskinstance.py:2076} INFO - Dependencies all met for dep_context=requeueable deps ti=<TaskInstance: ingest_bronze_layer.bike_ingest scheduled__2026-09-06T03:00:00+00:00 [queued]>
[2026-09-06T04:00:14.600+0000] {taskinstance.py:2306} INFO - Starting attempt 1 of 1
[2026-09-06T04:00:14.916+0000] {taskinstance.py:2330} INFO - Executing <Task(PythonOperator): bike_ingest> on 2026-09-06 03:00:00+00:00
[2026-09-06T04:00:15.074+0000] {logging_mixin.py:188} WARNING - /home/***/.local/lib/python3.12/site-packages/***/task/task_runner/standard_task_runner.py:61 DeprecationWarning: This process (pid=30404) is multi-threaded, use of fork() may lead to deadlocks in the child.
[2026-09-06T04:00:15.117+0000] {standard_task_runner.py:90} INFO - Running: ['***', 'tasks', 'run', 'ingest_bronze_layer', 'bike_ingest', 'scheduled__2026-09-06T03:00:00+00:00', '--job-id', '370', '--raw', '--subdir', 'DAGS_FOLDER/bronze_ingestion_dag.py', '--cfg-path', '/tmp/tmp57o9asc2']
[2026-09-06T04:00:15.203+0000] {standard_task_runner.py:63} INFO - Started process 30411 to run task
[2026-09-06T04:00:15.258+0000] {standard_task_runner.py:91} INFO - Job 370: Subtask bike_ingest
[2026-09-06T04:00:16.371+0000] {task_command.py:426} INFO - Running <TaskInstance: ingest_bronze_layer.bike_ingest scheduled__2026-09-06T03:00:00+00:00 [running]> on host bdc8f6caa133
[2026-09-06T04:00:18.467+0000] {taskinstance.py:2648} INFO - Exporting env vars: AIRFLOW_CTX_DAG_OWNER='***' AIRFLOW_CTX_DAG_ID='ingest_bronze_layer' AIRFLOW_CTX_TASK_ID='bike_ingest' AIRFLOW_CTX_EXECUTION_DATE='2026-09-06T03:00:00+00:00' AIRFLOW_CTX_TRY_NUMBER='1' AIRFLOW_CTX_DAG_RUN_ID='scheduled__2026-09-06T03:00:00+00:00'
[2026-09-06T04:00:18.521+0000] {taskinstance.py:430} INFO - ::endgroup::
[2026-09-06T04:00:21.642+0000] {connection.py:274} WARNING - Connection schemes (type: google_cloud_platform) shall not contain '_' according to RFC3986.
[2026-09-06T04:00:21.678+0000] {base.py:84} INFO - Using connection ID 'google_cloud_default' for task execution.
[2026-09-06T04:00:26.417+0000] {gcs.py:574} INFO - Data stream uploaded to bronze/bike/20260906/data_20260906T030000.json in london_bike_data_bronze bucket
[2026-09-06T04:00:26.423+0000] {python.py:237} INFO - Done. Returned value was: None
[2026-09-06T04:00:26.430+0000] {taskinstance.py:441} INFO - ::group::Post task execution logs
[2026-09-06T04:00:26.479+0000] {taskinstance.py:1206} INFO - Marking task as SUCCESS. dag_id=ingest_bronze_layer, task_id=bike_ingest, run_id=scheduled__2026-09-06T03:00:00+00:00, execution_date=20260906T030000, start_date=20260906T040014, end_date=20260906T040026
[2026-09-06T04:00:26.607+0000] {local_task_job_runner.py:240} INFO - Task exited with return code 0
[2026-09-06T04:00:26.684+0000] {taskinstance.py:3503} INFO - 1 downstream tasks scheduled from follow-on schedule check
[2026-09-06T04:00:26.713+0000] {local_task_job_runner.py:222} INFO - ::endgroup::
