[2026-07-27T00:27:52.507+0000] {local_task_job_runner.py:120} INFO - ::group::Pre task execution logs
[2026-07-27T00:27:52.689+0000] {taskinstance.py:2076} INFO - Dependencies all met for dep_context=non-requeueable deps ti=<TaskInstance: process_gold_layer.run_gold_spark_job manual__2026-07-27T00:26:54.950148+00:00 [queued]>
[2026-07-27T00:27:52.732+0000] {taskinstance.py:2076} INFO - Dependencies all met for dep_context=requeueable deps ti=<TaskInstance: process_gold_layer.run_gold_spark_job manual__2026-07-27T00:26:54.950148+00:00 [queued]>
[2026-07-27T00:27:52.735+0000] {taskinstance.py:2306} INFO - Starting attempt 1 of 2
[2026-07-27T00:27:52.808+0000] {taskinstance.py:2330} INFO - Executing <Task(BashOperator): run_gold_spark_job> on 2026-07-27 00:26:54.950148+00:00
[2026-07-27T00:27:52.845+0000] {standard_task_runner.py:90} INFO - Running: ['***', 'tasks', 'run', 'process_gold_layer', 'run_gold_spark_job', 'manual__2026-07-27T00:26:54.950148+00:00', '--job-id', '93', '--raw', '--subdir', 'DAGS_FOLDER/gold_processing_dag.py', '--cfg-path', '/tmp/tmp9v_da8h2']
[2026-07-27T00:27:52.865+0000] {standard_task_runner.py:91} INFO - Job 93: Subtask run_gold_spark_job
[2026-07-27T00:27:52.891+0000] {logging_mixin.py:188} WARNING - /home/***/.local/lib/python3.12/site-packages/***/task/task_runner/standard_task_runner.py:61 DeprecationWarning: This process (pid=924) is multi-threaded, use of fork() may lead to deadlocks in the child.
[2026-07-27T00:27:52.894+0000] {standard_task_runner.py:63} INFO - Started process 925 to run task
[2026-07-27T00:27:53.113+0000] {task_command.py:426} INFO - Running <TaskInstance: process_gold_layer.run_gold_spark_job manual__2026-07-27T00:26:54.950148+00:00 [running]> on host 48a53578f0da
[2026-07-27T00:27:53.591+0000] {taskinstance.py:2648} INFO - Exporting env vars: AIRFLOW_CTX_DAG_OWNER='data_engineer' AIRFLOW_CTX_DAG_ID='process_gold_layer' AIRFLOW_CTX_TASK_ID='run_gold_spark_job' AIRFLOW_CTX_EXECUTION_DATE='2026-07-27T00:26:54.950148+00:00' AIRFLOW_CTX_TRY_NUMBER='1' AIRFLOW_CTX_DAG_RUN_ID='manual__2026-07-27T00:26:54.950148+00:00'
[2026-07-27T00:27:53.600+0000] {taskinstance.py:430} INFO - ::endgroup::
[2026-07-27T00:27:53.745+0000] {subprocess.py:63} INFO - Tmp dir root location: /tmp
[2026-07-27T00:27:53.800+0000] {subprocess.py:75} INFO - Running command: ['/usr/bin/bash', '-c', 'export GOOGLE_APPLICATION_CREDENTIALS=/tmp/gcp_key.json && python /opt/***/jobs/gold_layer_spark_job.py london_bike_data_bronze london-bike-502619']
[2026-07-27T00:27:53.879+0000] {subprocess.py:86} INFO - Output:
[2026-07-27T00:27:59.335+0000] {subprocess.py:93} INFO - /home/***/.local/lib/python3.12/site-packages/pyspark/bin/load-spark-env.sh: line 68: ps: command not found
[2026-07-27T00:28:06.840+0000] {subprocess.py:93} INFO - :: loading settings :: url = jar:file:/home/***/.local/lib/python3.12/site-packages/pyspark/jars/ivy-2.5.1.jar!/org/apache/ivy/core/settings/ivysettings.xml
[2026-07-27T00:28:07.422+0000] {subprocess.py:93} INFO - Ivy Default Cache set to: /home/***/.ivy2/cache
[2026-07-27T00:28:07.424+0000] {subprocess.py:93} INFO - The jars for the packages stored in: /home/***/.ivy2/jars
[2026-07-27T00:28:07.440+0000] {subprocess.py:93} INFO - com.google.cloud.bigdataoss#gcs-connector added as a dependency
[2026-07-27T00:28:07.446+0000] {subprocess.py:93} INFO - com.google.cloud.spark#spark-bigquery-with-dependencies_2.12 added as a dependency
[2026-07-27T00:28:07.449+0000] {subprocess.py:93} INFO - :: resolving dependencies :: org.apache.spark#spark-submit-parent-809863cb-d1d9-4c24-bba8-8632085e06a9;1.0
[2026-07-27T00:28:07.451+0000] {subprocess.py:93} INFO - 	confs: [default]
[2026-07-27T00:27:25.953+0000] {subprocess.py:93} INFO - 	found com.google.cloud.bigdataoss#gcs-connector;hadoop3-2.2.22 in central
[2026-07-27T00:28:25.042+0000] {subprocess.py:93} INFO - 	found com.google.api-client#google-api-client-jackson2;2.0.1 in central
[2026-07-27T00:28:25.965+0000] {subprocess.py:93} INFO - 	found com.google.api-client#google-api-client;2.0.1 in central
[2026-07-27T00:28:28.937+0000] {subprocess.py:93} INFO - 	found com.google.oauth-client#google-oauth-client;1.34.1 in central
[2026-07-27T00:28:30.649+0000] {subprocess.py:93} INFO - 	found com.google.http-client#google-http-client;1.42.3 in central
[2026-07-27T00:28:35.333+0000] {subprocess.py:93} INFO - 	found org.apache.httpcomponents#httpclient;4.5.13 in central
[2026-07-27T00:28:37.273+0000] {subprocess.py:93} INFO - 	found org.apache.httpcomponents#httpcore;4.4.15 in central
[2026-07-27T00:28:40.567+0000] {subprocess.py:93} INFO - 	found commons-logging#commons-logging;1.2 in central
[2026-07-27T00:28:43.010+0000] {subprocess.py:93} INFO - 	found commons-codec#commons-codec;1.15 in central
[2026-07-27T00:28:44.505+0000] {subprocess.py:93} INFO - 	found com.google.code.findbugs#jsr305;3.0.2 in central
[2026-07-27T00:28:45.821+0000] {subprocess.py:93} INFO - 	found com.google.errorprone#error_prone_annotations;2.16 in central
[2026-07-27T00:28:47.132+0000] {subprocess.py:93} INFO - 	found com.google.guava#guava;33.1.0-jre in central
[2026-07-27T00:28:49.152+0000] {subprocess.py:93} INFO - 	found com.google.guava#failureaccess;1.0.2 in central
[2026-07-27T00:28:49.668+0000] {subprocess.py:93} INFO - 	found com.google.guava#listenablefuture;9999.0-empty-to-avoid-conflict-with-guava in central
[2026-07-27T00:27:58.729+0000] {subprocess.py:93} INFO - 	found org.checkerframework#checker-qual;3.42.0 in central
[2026-07-27T00:28:53.378+0000] {subprocess.py:93} INFO - 	found com.google.j2objc#j2objc-annotations;1.3 in central
[2026-07-27T00:28:53.859+0000] {subprocess.py:93} INFO - 	found io.opencensus#opencensus-api;0.31.1 in central
[2026-07-27T00:28:54.346+0000] {subprocess.py:93} INFO - 	found io.grpc#grpc-context;1.62.2 in central
[2026-07-27T00:28:54.799+0000] {subprocess.py:93} INFO - 	found io.opencensus#opencensus-contrib-http-util;0.31.1 in central
[2026-07-27T00:28:55.428+0000] {subprocess.py:93} INFO - 	found com.google.http-client#google-http-client-gson;1.42.3 in central
[2026-07-27T00:28:57.593+0000] {subprocess.py:93} INFO - 	found com.google.code.gson#gson;2.8.9 in central
[2026-07-27T00:28:58.073+0000] {subprocess.py:93} INFO - 	found io.grpc#grpc-api;1.62.2 in central
[2026-07-27T00:28:58.699+0000] {subprocess.py:93} INFO - 	found com.google.http-client#google-http-client-apache-v2;1.42.3 in central
[2026-07-27T00:28:59.355+0000] {subprocess.py:93} INFO - 	found com.google.cloud.bigdataoss#util;2.2.22 in central
[2026-07-27T00:28:59.916+0000] {subprocess.py:93} INFO - 	found com.google.http-client#google-http-client-jackson2;1.42.3 in central
[2026-07-27T00:29:05.845+0000] {subprocess.py:93} INFO - 	found com.fasterxml.jackson.core#jackson-core;2.13.4 in central
[2026-07-27T00:29:06.519+0000] {subprocess.py:93} INFO - 	found com.google.apis#google-api-services-iamcredentials;v1-rev20211203-2.0.0 in central
[2026-07-27T00:29:06.980+0000] {subprocess.py:93} INFO - 	found com.google.apis#google-api-services-storage;v1-rev20240105-2.0.0 in central
[2026-07-27T00:29:09.085+0000] {subprocess.py:93} INFO - 	found com.google.api-client#google-api-client;2.2.0 in central
[2026-07-27T00:29:11.012+0000] {subprocess.py:93} INFO - 	found org.apache.httpcomponents#httpcore;4.4.16 in central
[2026-07-27T00:29:13.020+0000] {subprocess.py:93} INFO - 	found com.google.auto.value#auto-value-annotations;1.10.4 in central
[2026-07-27T00:29:17.647+0000] {subprocess.py:93} INFO - 	found com.google.auth#google-auth-library-oauth2-http;1.22.0 in central
[2026-07-27T00:29:18.288+0000] {subprocess.py:93} INFO - 	found com.google.auth#google-auth-library-credentials;1.22.0 in central
[2026-07-27T00:29:20.274+0000] {subprocess.py:93} INFO - 	found com.google.http-client#google-http-client;1.43.3 in central
[2026-07-27T00:29:22.539+0000] {subprocess.py:93} INFO - 	found com.google.errorprone#error_prone_annotations;2.18.0 in central
[2026-07-27T00:29:24.017+0000] {subprocess.py:93} INFO - 	found com.google.j2objc#j2objc-annotations;2.8 in central
[2026-07-27T00:29:24.877+0000] {subprocess.py:93} INFO - 	found com.google.http-client#google-http-client-gson;1.43.3 in central
[2026-07-27T00:29:25.925+0000] {subprocess.py:93} INFO - 	found com.google.flogger#google-extensions;0.7.1 in central
[2026-07-27T00:29:26.835+0000] {subprocess.py:93} INFO - 	found com.google.flogger#flogger;0.7.1 in central
[2026-07-27T00:29:27.639+0000] {subprocess.py:93} INFO - 	found org.checkerframework#checker-compat-qual;2.5.3 in central
[2026-07-27T00:29:28.477+0000] {subprocess.py:93} INFO - 	found com.google.flogger#flogger-system-backend;0.7.1 in central
[2026-07-27T00:29:29.393+0000] {subprocess.py:93} INFO - 	found com.google.cloud.bigdataoss#util-hadoop;hadoop3-2.2.22 in central
[2026-07-27T00:29:30.299+0000] {subprocess.py:93} INFO - 	found com.google.cloud.bigdataoss#gcsio;2.2.22 in central
[2026-07-27T00:29:31.368+0000] {subprocess.py:93} INFO - 	found io.grpc#grpc-alts;1.62.2 in central
[2026-07-27T00:29:32.075+0000] {subprocess.py:93} INFO - 	found io.grpc#grpc-auth;1.62.2 in central
[2026-07-27T00:29:33.018+0000] {subprocess.py:93} INFO - 	found io.grpc#grpc-core;1.62.2 in central
[2026-07-27T00:29:33.850+0000] {subprocess.py:93} INFO - 	found io.grpc#grpc-grpclb;1.62.2 in central
[2026-07-27T00:29:34.865+0000] {subprocess.py:93} INFO - 	found io.grpc#grpc-protobuf;1.62.2 in central
[2026-07-27T00:29:39.362+0000] {subprocess.py:93} INFO - 	found com.google.protobuf#protobuf-java;3.25.3 in central
[2026-07-27T00:29:39.891+0000] {subprocess.py:93} INFO - 	found com.google.api.grpc#proto-google-common-protos;2.29.0 in central
[2026-07-27T00:29:40.522+0000] {subprocess.py:93} INFO - 	found io.grpc#grpc-stub;1.62.2 in central
[2026-07-27T00:29:41.160+0000] {subprocess.py:93} INFO - 	found org.conscrypt#conscrypt-openjdk-uber;2.5.2 in central
[2026-07-27T00:29:41.749+0000] {subprocess.py:93} INFO - 	found io.grpc#grpc-netty-shaded;1.62.2 in central
[2026-07-27T00:29:42.284+0000] {subprocess.py:93} INFO - 	found io.grpc#grpc-census;1.62.2 in central
[2026-07-27T00:29:42.869+0000] {subprocess.py:93} INFO - 	found com.google.cloud#google-cloud-storage;2.37.0 in central
[2026-07-27T00:29:45.364+0000] {subprocess.py:93} INFO - 	found com.google.errorprone#error_prone_annotations;2.26.1 in central
[2026-07-27T00:29:45.923+0000] {subprocess.py:93} INFO - 	found com.google.j2objc#j2objc-annotations;3.0.0 in central
[2026-07-27T00:29:49.266+0000] {subprocess.py:93} INFO - 	found com.google.http-client#google-http-client;1.44.1 in central
[2026-07-27T00:29:49.743+0000] {subprocess.py:93} INFO - 	found com.google.http-client#google-http-client-gson;1.44.1 in central
[2026-07-27T00:29:56.027+0000] {subprocess.py:93} INFO - 	found com.google.api-client#google-api-client;2.4.0 in central
[2026-07-27T00:30:00.271+0000] {subprocess.py:93} INFO - 	found commons-codec#commons-codec;1.16.1 in central
[2026-07-27T00:30:00.801+0000] {subprocess.py:93} INFO - 	found com.google.http-client#google-http-client-apache-v2;1.44.1 in central
[2026-07-27T00:30:14.300+0000] {subprocess.py:93} INFO - 	found com.google.cloud#google-cloud-core;2.5.4 in central
[2026-07-27T00:30:14.783+0000] {subprocess.py:93} INFO - 	found com.google.protobuf#protobuf-java-util;3.25.3 in central
[2026-07-27T00:30:15.344+0000] {subprocess.py:93} INFO - 	found com.google.api.grpc#proto-google-iam-v1;1.1.7 in central
[2026-07-27T00:30:38.713+0000] {subprocess.py:93} INFO - 	found com.google.cloud#google-cloud-core-http;2.37.0 in central
[2026-07-27T00:30:39.418+0000] {subprocess.py:93} INFO - 	found com.google.http-client#google-http-client-appengine;1.44.1 in central
[2026-07-27T00:30:41.547+0000] {subprocess.py:93} INFO - 	found com.google.api#gax-httpjson;2.47.0 in central
[2026-07-27T00:30:42.025+0000] {subprocess.py:93} INFO - 	found com.google.cloud#google-cloud-core-grpc;2.37.0 in central
[2026-07-27T00:30:42.645+0000] {subprocess.py:93} INFO - 	found com.google.api#gax;2.47.0 in central
[2026-07-27T00:30:43.292+0000] {subprocess.py:93} INFO - 	found io.opentelemetry#opentelemetry-api;1.37.0 in central
[2026-07-27T00:30:43.752+0000] {subprocess.py:93} INFO - 	found io.opentelemetry#opentelemetry-context;1.37.0 in central
[2026-07-27T00:30:52.397+0000] {subprocess.py:93} INFO - 	found com.google.api#gax-grpc;2.42.0 in central
[2026-07-27T00:30:52.856+0000] {subprocess.py:93} INFO - 	found io.grpc#grpc-inprocess;1.62.2 in central
[2026-07-27T00:30:53.321+0000] {subprocess.py:93} INFO - 	found com.google.api#api-common;2.30.0 in central
[2026-07-27T00:30:55.001+0000] {subprocess.py:93} INFO - 	found javax.annotation#javax.annotation-api;1.3.2 in central
[2026-07-27T00:30:58.164+0000] {subprocess.py:93} INFO - 	found com.google.api.grpc#proto-google-common-protos;2.38.0 in central
[2026-07-27T00:30:58.629+0000] {subprocess.py:93} INFO - 	found org.threeten#threetenbp;1.6.9 in central
[2026-07-27T00:31:01.034+0000] {subprocess.py:93} INFO - 	found com.google.api.grpc#proto-google-cloud-storage-v2;2.37.0-alpha in central
[2026-07-27T00:31:01.524+0000] {subprocess.py:93} INFO - 	found com.google.api.grpc#grpc-google-cloud-storage-v2;2.37.0-alpha in central
[2026-07-27T00:31:02.059+0000] {subprocess.py:93} INFO - 	found com.google.api.grpc#gapic-google-cloud-storage-v2;2.37.0-alpha in central
[2026-07-27T00:31:05.293+0000] {subprocess.py:93} INFO - 	found com.fasterxml.jackson.core#jackson-core;2.17.0 in central
[2026-07-27T00:31:05.787+0000] {subprocess.py:93} INFO - 	found com.google.cloud#google-cloud-storage-control;2.37.0-alpha in central
[2026-07-27T00:31:06.271+0000] {subprocess.py:93} INFO - 	found com.google.api.grpc#proto-google-cloud-storage-control-v2;2.37.0-alpha in central
[2026-07-27T00:31:06.861+0000] {subprocess.py:93} INFO - 	found io.grpc#grpc-xds;1.62.2 in central
[2026-07-27T00:31:07.419+0000] {subprocess.py:93} INFO - 	found io.opencensus#opencensus-proto;0.2.0 in central
[2026-07-27T00:31:07.938+0000] {subprocess.py:93} INFO - 	found io.grpc#grpc-util;1.62.2 in central
[2026-07-27T00:31:08.462+0000] {subprocess.py:93} INFO - 	found io.grpc#grpc-services;1.62.2 in central
[2026-07-27T00:31:08.974+0000] {subprocess.py:93} INFO - 	found com.google.re2j#re2j;1.7 in central
[2026-07-27T00:31:09.498+0000] {subprocess.py:93} INFO - 	found io.opencensus#opencensus-impl;0.31.0 in central
[2026-07-27T00:31:10.032+0000] {subprocess.py:93} INFO - 	found io.opencensus#opencensus-impl-core;0.31.0 in central
[2026-07-27T00:31:10.479+0000] {subprocess.py:93} INFO - 	found com.lmax#disruptor;3.4.2 in central
[2026-07-27T00:31:10.937+0000] {subprocess.py:93} INFO - 	found io.opencensus#opencensus-exporter-stats-stackdriver;0.31.0 in central
[2026-07-27T00:31:11.455+0000] {subprocess.py:93} INFO - 	found io.opencensus#opencensus-contrib-exemplar-util;0.31.0 in central
[2026-07-27T00:31:11.935+0000] {subprocess.py:93} INFO - 	found io.opencensus#opencensus-contrib-resource-util;0.31.0 in central
[2026-07-27T00:31:12.459+0000] {subprocess.py:93} INFO - 	found io.opencensus#opencensus-exporter-metrics-util;0.31.0 in central
[2026-07-27T00:31:23.323+0000] {subprocess.py:93} INFO - 	found com.google.cloud#google-cloud-monitoring;1.82.0 in central
[2026-07-27T00:31:25.177+0000] {subprocess.py:93} INFO - 	found com.google.api.grpc#proto-google-cloud-monitoring-v3;1.64.0 in central
[2026-07-27T00:31:25.659+0000] {subprocess.py:93} INFO - 	found io.opencensus#opencensus-contrib-grpc-metrics;0.31.0 in central
[2026-07-27T00:31:26.119+0000] {subprocess.py:93} INFO - 	found com.google.android#annotations;4.1.1.4 in central
[2026-07-27T00:31:31.694+0000] {subprocess.py:93} INFO - 	found org.codehaus.mojo#animal-sniffer-annotations;1.23 in central
[2026-07-27T00:31:32.192+0000] {subprocess.py:93} INFO - 	found io.perfmark#perfmark-api;0.26.0 in central
[2026-07-27T00:31:32.705+0000] {subprocess.py:93} INFO - 	found io.grpc#grpc-protobuf-lite;1.62.2 in central
[2026-07-27T00:31:33.431+0000] {subprocess.py:93} INFO - 	found io.perfmark#perfmark-api;0.27.0 in central
[2026-07-27T00:31:34.027+0000] {subprocess.py:93} INFO - 	found io.grpc#grpc-googleapis;1.62.2 in central
[2026-07-27T00:31:34.904+0000] {subprocess.py:93} INFO - 	found io.grpc#grpc-rls;1.62.2 in central
[2026-07-27T00:31:55.048+0000] {subprocess.py:93} INFO - 	found com.google.cloud.spark#spark-bigquery-with-dependencies_2.12;0.34.0 in central
[2026-07-27T00:31:55.408+0000] {subprocess.py:93} INFO - downloading https://repo1.maven.org/maven2/com/google/cloud/bigdataoss/gcs-connector/hadoop3-2.2.22/gcs-connector-hadoop3-2.2.22.jar ...
[2026-07-27T00:31:55.825+0000] {subprocess.py:93} INFO - 	[SUCCESSFUL ] com.google.cloud.bigdataoss#gcs-connector;hadoop3-2.2.22!gcs-connector.jar (653ms)
[2026-07-27T00:31:56.009+0000] {subprocess.py:93} INFO - downloading https://repo1.maven.org/maven2/com/google/cloud/spark/spark-bigquery-with-dependencies_2.12/0.34.0/spark-bigquery-with-dependencies_2.12-0.34.0.jar ...
[2026-07-27T00:32:13.015+0000] {subprocess.py:93} INFO - 	[SUCCESSFUL ] com.google.cloud.spark#spark-bigquery-with-dependencies_2.12;0.34.0!spark-bigquery-with-dependencies_2.12.jar (17189ms)
[2026-07-27T00:32:13.230+0000] {subprocess.py:93} INFO - downloading https://repo1.maven.org/maven2/com/google/api-client/google-api-client-jackson2/2.0.1/google-api-client-jackson2-2.0.1.jar ...
[2026-07-27T00:32:13.433+0000] {subprocess.py:93} INFO - 	[SUCCESSFUL ] com.google.api-client#google-api-client-jackson2;2.0.1!google-api-client-jackson2.jar (416ms)
[2026-07-27T00:32:13.631+0000] {subprocess.py:93} INFO - downloading https://repo1.maven.org/maven2/com/google/guava/guava/33.1.0-jre/guava-33.1.0-jre.jar ...
[2026-07-27T00:32:14.931+0000] {subprocess.py:93} INFO - 	[SUCCESSFUL ] com.google.guava#guava;33.1.0-jre!guava.jar(bundle) (1496ms)
[2026-07-27T00:32:15.150+0000] {subprocess.py:93} INFO - downloading https://repo1.maven.org/maven2/com/google/oauth-client/google-oauth-client/1.34.1/google-oauth-client-1.34.1.jar ...
[2026-07-27T00:32:15.437+0000] {subprocess.py:93} INFO - 	[SUCCESSFUL ] com.google.oauth-client#google-oauth-client;1.34.1!google-oauth-client.jar (503ms)
[2026-07-27T00:32:15.669+0000] {subprocess.py:93} INFO - downloading https://repo1.maven.org/maven2/com/google/cloud/bigdataoss/util/2.2.22/util-2.2.22.jar ...
[2026-07-27T00:32:15.961+0000] {subprocess.py:93} INFO - 	[SUCCESSFUL ] com.google.cloud.bigdataoss#util;2.2.22!util.jar (522ms)
[2026-07-27T00:32:16.190+0000] {subprocess.py:93} INFO - downloading https://repo1.maven.org/maven2/com/google/cloud/bigdataoss/util-hadoop/hadoop3-2.2.22/util-hadoop-hadoop3-2.2.22.jar ...
[2026-07-27T00:32:16.442+0000] {subprocess.py:93} INFO - 	[SUCCESSFUL ] com.google.cloud.bigdataoss#util-hadoop;hadoop3-2.2.22!util-hadoop.jar (480ms)
[2026-07-27T00:32:16.637+0000] {subprocess.py:93} INFO - downloading https://repo1.maven.org/maven2/com/google/cloud/bigdataoss/gcsio/2.2.22/gcsio-2.2.22.jar ...
[2026-07-27T00:32:16.997+0000] {subprocess.py:93} INFO - 	[SUCCESSFUL ] com.google.cloud.bigdataoss#gcsio;2.2.22!gcsio.jar (554ms)
[2026-07-27T00:32:17.229+0000] {subprocess.py:93} INFO - downloading https://repo1.maven.org/maven2/com/google/auto/value/auto-value-annotations/1.10.4/auto-value-annotations-1.10.4.jar ...
[2026-07-27T00:32:17.431+0000] {subprocess.py:93} INFO - 	[SUCCESSFUL ] com.google.auto.value#auto-value-annotations;1.10.4!auto-value-annotations.jar (432ms)
[2026-07-27T00:32:17.617+0000] {subprocess.py:93} INFO - downloading https://repo1.maven.org/maven2/com/google/flogger/flogger/0.7.1/flogger-0.7.1.jar ...
[2026-07-27T00:32:17.870+0000] {subprocess.py:93} INFO - 	[SUCCESSFUL ] com.google.flogger#flogger;0.7.1!flogger.jar (438ms)
[2026-07-27T00:32:18.054+0000] {subprocess.py:93} INFO - downloading https://repo1.maven.org/maven2/com/google/flogger/google-extensions/0.7.1/google-extensions-0.7.1.jar ...
[2026-07-27T00:32:18.243+0000] {subprocess.py:93} INFO - 	[SUCCESSFUL ] com.google.flogger#google-extensions;0.7.1!google-extensions.jar (371ms)
[2026-07-27T00:32:18.459+0000] {subprocess.py:93} INFO - downloading https://repo1.maven.org/maven2/com/google/code/gson/gson/2.8.9/gson-2.8.9.jar ...
[2026-07-27T00:32:18.764+0000] {subprocess.py:93} INFO - 	[SUCCESSFUL ] com.google.code.gson#gson;2.8.9!gson.jar (520ms)
[2026-07-27T00:32:18.973+0000] {subprocess.py:93} INFO - downloading https://repo1.maven.org/maven2/org/apache/httpcomponents/httpclient/4.5.13/httpclient-4.5.13.jar ...
[2026-07-27T00:32:19.433+0000] {subprocess.py:93} INFO - 	[SUCCESSFUL ] org.apache.httpcomponents#httpclient;4.5.13!httpclient.jar (667ms)
[2026-07-27T00:32:19.633+0000] {subprocess.py:93} INFO - downloading https://repo1.maven.org/maven2/com/google/code/findbugs/jsr305/3.0.2/jsr305-3.0.2.jar ...
[2026-07-27T00:32:19.835+0000] {subprocess.py:93} INFO - 	[SUCCESSFUL ] com.google.code.findbugs#jsr305;3.0.2!jsr305.jar (399ms)
[2026-07-27T00:32:20.036+0000] {subprocess.py:93} INFO - downloading https://repo1.maven.org/maven2/io/opencensus/opencensus-api/0.31.1/opencensus-api-0.31.1.jar ...
[2026-07-27T00:32:20.395+0000] {subprocess.py:93} INFO - 	[SUCCESSFUL ] io.opencensus#opencensus-api;0.31.1!opencensus-api.jar (556ms)
[2026-07-27T00:32:20.612+0000] {subprocess.py:93} INFO - downloading https://repo1.maven.org/maven2/io/opencensus/opencensus-contrib-http-util/0.31.1/opencensus-contrib-http-util-0.31.1.jar ...
[2026-07-27T00:32:20.844+0000] {subprocess.py:93} INFO - 	[SUCCESSFUL ] io.opencensus#opencensus-contrib-http-util;0.31.1!opencensus-contrib-http-util.jar (448ms)
[2026-07-27T00:32:21.064+0000] {subprocess.py:93} INFO - downloading https://repo1.maven.org/maven2/commons-logging/commons-logging/1.2/commons-logging-1.2.jar ...
[2026-07-27T00:32:21.311+0000] {subprocess.py:93} INFO - 	[SUCCESSFUL ] commons-logging#commons-logging;1.2!commons-logging.jar (463ms)
[2026-07-27T00:32:21.539+0000] {subprocess.py:93} INFO - downloading https://repo1.maven.org/maven2/com/google/guava/failureaccess/1.0.2/failureaccess-1.0.2.jar ...
[2026-07-27T00:32:21.799+0000] {subprocess.py:93} INFO - 	[SUCCESSFUL ] com.google.guava#failureaccess;1.0.2!failureaccess.jar(bundle) (486ms)
[2026-07-27T00:32:22.016+0000] {subprocess.py:93} INFO - downloading https://repo1.maven.org/maven2/com/google/guava/listenablefuture/9999.0-empty-to-avoid-conflict-with-guava/listenablefuture-9999.0-empty-to-avoid-conflict-with-guava.jar ...
[2026-07-27T00:32:22.240+0000] {subprocess.py:93} INFO - 	[SUCCESSFUL ] com.google.guava#listenablefuture;9999.0-empty-to-avoid-conflict-with-guava!listenablefuture.jar (440ms)
[2026-07-27T00:32:22.456+0000] {subprocess.py:93} INFO - downloading https://repo1.maven.org/maven2/org/checkerframework/checker-qual/3.42.0/checker-qual-3.42.0.jar ...
[2026-07-27T00:32:22.937+0000] {subprocess.py:93} INFO - 	[SUCCESSFUL ] org.checkerframework#checker-qual;3.42.0!checker-qual.jar (696ms)
[2026-07-27T00:32:23.192+0000] {subprocess.py:93} INFO - downloading https://repo1.maven.org/maven2/io/grpc/grpc-context/1.62.2/grpc-context-1.62.2.jar ...
[2026-07-27T00:32:23.395+0000] {subprocess.py:93} INFO - 	[SUCCESSFUL ] io.grpc#grpc-context;1.62.2!grpc-context.jar (455ms)
[2026-07-27T00:32:23.588+0000] {subprocess.py:93} INFO - downloading https://repo1.maven.org/maven2/io/grpc/grpc-api/1.62.2/grpc-api-1.62.2.jar ...
[2026-07-27T00:32:24.491+0000] {subprocess.py:93} INFO - 	[SUCCESSFUL ] io.grpc#grpc-api;1.62.2!grpc-api.jar (1092ms)
[2026-07-27T00:32:24.692+0000] {subprocess.py:93} INFO - downloading https://repo1.maven.org/maven2/com/google/http-client/google-http-client-jackson2/1.42.3/google-http-client-jackson2-1.42.3.jar ...
[2026-07-27T00:32:25.000+0000] {subprocess.py:93} INFO - 	[SUCCESSFUL ] com.google.http-client#google-http-client-jackson2;1.42.3!google-http-client-jackson2.jar (508ms)
[2026-07-27T00:32:25.194+0000] {subprocess.py:93} INFO - downloading https://repo1.maven.org/maven2/com/google/apis/google-api-services-iamcredentials/v1-rev20211203-2.0.0/google-api-services-iamcredentials-v1-rev20211203-2.0.0.jar ...
[2026-07-27T00:32:25.422+0000] {subprocess.py:93} INFO - 	[SUCCESSFUL ] com.google.apis#google-api-services-iamcredentials;v1-rev20211203-2.0.0!google-api-services-iamcredentials.jar (420ms)
[2026-07-27T00:32:25.610+0000] {subprocess.py:93} INFO - downloading https://repo1.maven.org/maven2/com/google/apis/google-api-services-storage/v1-rev20240105-2.0.0/google-api-services-storage-v1-rev20240105-2.0.0.jar ...
[2026-07-27T00:32:26.046+0000] {subprocess.py:93} INFO - 	[SUCCESSFUL ] com.google.apis#google-api-services-storage;v1-rev20240105-2.0.0!google-api-services-storage.jar (623ms)
[2026-07-27T00:32:26.342+0000] {subprocess.py:93} INFO - downloading https://repo1.maven.org/maven2/com/google/auth/google-auth-library-oauth2-http/1.22.0/google-auth-library-oauth2-http-1.22.0.jar ...
[2026-07-27T00:32:26.789+0000] {subprocess.py:93} INFO - 	[SUCCESSFUL ] com.google.auth#google-auth-library-oauth2-http;1.22.0!google-auth-library-oauth2-http.jar (742ms)
[2026-07-27T00:32:27.010+0000] {subprocess.py:93} INFO - downloading https://repo1.maven.org/maven2/org/apache/httpcomponents/httpcore/4.4.16/httpcore-4.4.16.jar ...
[2026-07-27T00:32:27.574+0000] {subprocess.py:93} INFO - 	[SUCCESSFUL ] org.apache.httpcomponents#httpcore;4.4.16!httpcore.jar (782ms)
[2026-07-27T00:32:27.811+0000] {subprocess.py:93} INFO - downloading https://repo1.maven.org/maven2/com/google/auth/google-auth-library-credentials/1.22.0/google-auth-library-credentials-1.22.0.jar ...
[2026-07-27T00:32:28.041+0000] {subprocess.py:93} INFO - 	[SUCCESSFUL ] com.google.auth#google-auth-library-credentials;1.22.0!google-auth-library-credentials.jar (452ms)
[2026-07-27T00:32:28.250+0000] {subprocess.py:93} INFO - downloading https://repo1.maven.org/maven2/com/google/flogger/flogger-system-backend/0.7.1/flogger-system-backend-0.7.1.jar ...
[2026-07-27T00:32:28.480+0000] {subprocess.py:93} INFO - 	[SUCCESSFUL ] com.google.flogger#flogger-system-backend;0.7.1!flogger-system-backend.jar (437ms)
[2026-07-27T00:32:28.697+0000] {subprocess.py:93} INFO - downloading https://repo1.maven.org/maven2/org/checkerframework/checker-compat-qual/2.5.3/checker-compat-qual-2.5.3.jar ...
[2026-07-27T00:32:28.912+0000] {subprocess.py:93} INFO - 	[SUCCESSFUL ] org.checkerframework#checker-compat-qual;2.5.3!checker-compat-qual.jar (425ms)
[2026-07-27T00:31:36.223+0000] {subprocess.py:93} INFO - downloading https://repo1.maven.org/maven2/io/grpc/grpc-alts/1.62.2/grpc-alts-1.62.2.jar ...
[2026-07-27T00:32:30.901+0000] {subprocess.py:93} INFO - 	[SUCCESSFUL ] io.grpc#grpc-alts;1.62.2!grpc-alts.jar (1988ms)
[2026-07-27T00:32:31.129+0000] {subprocess.py:93} INFO - downloading https://repo1.maven.org/maven2/io/grpc/grpc-core/1.62.2/grpc-core-1.62.2.jar ...
[2026-07-27T00:32:31.939+0000] {subprocess.py:93} INFO - 	[SUCCESSFUL ] io.grpc#grpc-core;1.62.2!grpc-core.jar (1037ms)
[2026-07-27T00:32:32.169+0000] {subprocess.py:93} INFO - downloading https://repo1.maven.org/maven2/io/grpc/grpc-census/1.62.2/grpc-census-1.62.2.jar ...
[2026-07-27T00:32:32.425+0000] {subprocess.py:93} INFO - 	[SUCCESSFUL ] io.grpc#grpc-census;1.62.2!grpc-census.jar (485ms)
[2026-07-27T00:32:32.649+0000] {subprocess.py:93} INFO - downloading https://repo1.maven.org/maven2/io/grpc/grpc-protobuf/1.62.2/grpc-protobuf-1.62.2.jar ...
[2026-07-27T00:32:32.863+0000] {subprocess.py:93} INFO - 	[SUCCESSFUL ] io.grpc#grpc-protobuf;1.62.2!grpc-protobuf.jar (435ms)
[2026-07-27T00:32:33.089+0000] {subprocess.py:93} INFO - downloading https://repo1.maven.org/maven2/com/google/cloud/google-cloud-storage/2.37.0/google-cloud-storage-2.37.0.jar ...
[2026-07-27T00:32:34.155+0000] {subprocess.py:93} INFO - 	[SUCCESSFUL ] com.google.cloud#google-cloud-storage;2.37.0!google-cloud-storage.jar (1288ms)
[2026-07-27T00:32:34.364+0000] {subprocess.py:93} INFO - downloading https://repo1.maven.org/maven2/com/google/cloud/google-cloud-storage-control/2.37.0-alpha/google-cloud-storage-control-2.37.0-alpha.jar ...
[2026-07-27T00:32:34.617+0000] {subprocess.py:93} INFO - 	[SUCCESSFUL ] com.google.cloud#google-cloud-storage-control;2.37.0-alpha!google-cloud-storage-control.jar (455ms)
[2026-07-27T00:32:34.820+0000] {subprocess.py:93} INFO - downloading https://repo1.maven.org/maven2/com/google/api/grpc/grpc-google-cloud-storage-v2/2.37.0-alpha/grpc-google-cloud-storage-v2-2.37.0-alpha.jar ...
[2026-07-27T00:32:35.113+0000] {subprocess.py:93} INFO - 	[SUCCESSFUL ] com.google.api.grpc#grpc-google-cloud-storage-v2;2.37.0-alpha!grpc-google-cloud-storage-v2.jar (495ms)
[2026-07-27T00:32:35.331+0000] {subprocess.py:93} INFO - downloading https://repo1.maven.org/maven2/io/grpc/grpc-stub/1.62.2/grpc-stub-1.62.2.jar ...
[2026-07-27T00:32:35.596+0000] {subprocess.py:93} INFO - 	[SUCCESSFUL ] io.grpc#grpc-stub;1.62.2!grpc-stub.jar (482ms)
[2026-07-27T00:32:35.858+0000] {subprocess.py:93} INFO - downloading https://repo1.maven.org/maven2/io/grpc/grpc-xds/1.62.2/grpc-xds-1.62.2.jar ...
[2026-07-27T00:32:42.526+0000] {subprocess.py:93} INFO - 	[SUCCESSFUL ] io.grpc#grpc-xds;1.62.2!grpc-xds.jar (6927ms)
[2026-07-27T00:32:42.771+0000] {subprocess.py:93} INFO - downloading https://repo1.maven.org/maven2/com/google/api/grpc/proto-google-iam-v1/1.1.7/proto-google-iam-v1-1.1.7.jar ...
[2026-07-27T00:32:43.074+0000] {subprocess.py:93} INFO - 	[SUCCESSFUL ] com.google.api.grpc#proto-google-iam-v1;1.1.7!proto-google-iam-v1.jar (545ms)
[2026-07-27T00:32:43.289+0000] {subprocess.py:93} INFO - downloading https://repo1.maven.org/maven2/com/google/protobuf/protobuf-java/3.25.3/protobuf-java-3.25.3.jar ...
[2026-07-27T00:32:44.249+0000] {subprocess.py:93} INFO - 	[SUCCESSFUL ] com.google.protobuf#protobuf-java;3.25.3!protobuf-java.jar (1173ms)
[2026-07-27T00:32:44.497+0000] {subprocess.py:93} INFO - downloading https://repo1.maven.org/maven2/com/google/protobuf/protobuf-java-util/3.25.3/protobuf-java-util-3.25.3.jar ...
[2026-07-27T00:32:44.765+0000] {subprocess.py:93} INFO - 	[SUCCESSFUL ] com.google.protobuf#protobuf-java-util;3.25.3!protobuf-java-util.jar (508ms)
[2026-07-27T00:32:45.009+0000] {subprocess.py:93} INFO - downloading https://repo1.maven.org/maven2/io/opencensus/opencensus-impl/0.31.0/opencensus-impl-0.31.0.jar ...
[2026-07-27T00:32:45.254+0000] {subprocess.py:93} INFO - 	[SUCCESSFUL ] io.opencensus#opencensus-impl;0.31.0!opencensus-impl.jar (488ms)
[2026-07-27T00:32:45.489+0000] {subprocess.py:93} INFO - downloading https://repo1.maven.org/maven2/io/opencensus/opencensus-exporter-stats-stackdriver/0.31.0/opencensus-exporter-stats-stackdriver-0.31.0.jar ...
[2026-07-27T00:32:45.744+0000] {subprocess.py:93} INFO - 	[SUCCESSFUL ] io.opencensus#opencensus-exporter-stats-stackdriver;0.31.0!opencensus-exporter-stats-stackdriver.jar (489ms)
[2026-07-27T00:32:45.969+0000] {subprocess.py:93} INFO - downloading https://repo1.maven.org/maven2/io/opencensus/opencensus-contrib-grpc-metrics/0.31.0/opencensus-contrib-grpc-metrics-0.31.0.jar ...
[2026-07-27T00:32:46.184+0000] {subprocess.py:93} INFO - 	[SUCCESSFUL ] io.opencensus#opencensus-contrib-grpc-metrics;0.31.0!opencensus-contrib-grpc-metrics.jar (439ms)
[2026-07-27T00:32:46.409+0000] {subprocess.py:93} INFO - downloading https://repo1.maven.org/maven2/com/google/cloud/google-cloud-core/2.5.4/google-cloud-core-2.5.4.jar ...
[2026-07-27T00:32:46.693+0000] {subprocess.py:93} INFO - 	[SUCCESSFUL ] com.google.cloud#google-cloud-core;2.5.4!google-cloud-core.jar (507ms)
[2026-07-27T00:32:46.930+0000] {subprocess.py:93} INFO - downloading https://repo1.maven.org/maven2/com/google/api/gax-grpc/2.42.0/gax-grpc-2.42.0.jar ...
[2026-07-27T00:32:47.234+0000] {subprocess.py:93} INFO - 	[SUCCESSFUL ] com.google.api#gax-grpc;2.42.0!gax-grpc.jar (539ms)
[2026-07-27T00:32:47.449+0000] {subprocess.py:93} INFO - downloading https://repo1.maven.org/maven2/io/grpc/grpc-auth/1.62.2/grpc-auth-1.62.2.jar ...
[2026-07-27T00:32:47.698+0000] {subprocess.py:93} INFO - 	[SUCCESSFUL ] io.grpc#grpc-auth;1.62.2!grpc-auth.jar (462ms)
[2026-07-27T00:32:47.929+0000] {subprocess.py:93} INFO - downloading https://repo1.maven.org/maven2/io/grpc/grpc-grpclb/1.62.2/grpc-grpclb-1.62.2.jar ...
[2026-07-27T00:32:48.214+0000] {subprocess.py:93} INFO - 	[SUCCESSFUL ] io.grpc#grpc-grpclb;1.62.2!grpc-grpclb.jar (515ms)
[2026-07-27T00:32:48.449+0000] {subprocess.py:93} INFO - downloading https://repo1.maven.org/maven2/org/conscrypt/conscrypt-openjdk-uber/2.5.2/conscrypt-openjdk-uber-2.5.2.jar ...
[2026-07-27T00:32:50.263+0000] {subprocess.py:93} INFO - 	[SUCCESSFUL ] org.conscrypt#conscrypt-openjdk-uber;2.5.2!conscrypt-openjdk-uber.jar (2046ms)
[2026-07-27T00:32:50.488+0000] {subprocess.py:93} INFO - downloading https://repo1.maven.org/maven2/io/grpc/grpc-netty-shaded/1.62.2/grpc-netty-shaded-1.62.2.jar ...
[2026-07-27T00:32:54.150+0000] {subprocess.py:93} INFO - 	[SUCCESSFUL ] io.grpc#grpc-netty-shaded;1.62.2!grpc-netty-shaded.jar (3887ms)
[2026-07-27T00:32:54.345+0000] {subprocess.py:93} INFO - downloading https://repo1.maven.org/maven2/com/google/errorprone/error_prone_annotations/2.26.1/error_prone_annotations-2.26.1.jar ...
[2026-07-27T00:32:54.549+0000] {subprocess.py:93} INFO - 	[SUCCESSFUL ] com.google.errorprone#error_prone_annotations;2.26.1!error_prone_annotations.jar (396ms)
[2026-07-27T00:32:54.777+0000] {subprocess.py:93} INFO - downloading https://repo1.maven.org/maven2/com/google/j2objc/j2objc-annotations/3.0.0/j2objc-annotations-3.0.0.jar ...
[2026-07-27T00:32:55.075+0000] {subprocess.py:93} INFO - 	[SUCCESSFUL ] com.google.j2objc#j2objc-annotations;3.0.0!j2objc-annotations.jar (526ms)
[2026-07-27T00:32:55.291+0000] {subprocess.py:93} INFO - downloading https://repo1.maven.org/maven2/com/google/http-client/google-http-client/1.44.1/google-http-client-1.44.1.jar ...
[2026-07-27T00:32:55.622+0000] {subprocess.py:93} INFO - 	[SUCCESSFUL ] com.google.http-client#google-http-client;1.44.1!google-http-client.jar (546ms)
[2026-07-27T00:32:55.841+0000] {subprocess.py:93} INFO - downloading https://repo1.maven.org/maven2/com/google/http-client/google-http-client-gson/1.44.1/google-http-client-gson-1.44.1.jar ...
[2026-07-27T00:32:56.059+0000] {subprocess.py:93} INFO - 	[SUCCESSFUL ] com.google.http-client#google-http-client-gson;1.44.1!google-http-client-gson.jar (431ms)
[2026-07-27T00:32:56.255+0000] {subprocess.py:93} INFO - downloading https://repo1.maven.org/maven2/com/google/api-client/google-api-client/2.4.0/google-api-client-2.4.0.jar ...
[2026-07-27T00:32:56.578+0000] {subprocess.py:93} INFO - 	[SUCCESSFUL ] com.google.api-client#google-api-client;2.4.0!google-api-client.jar (516ms)
[2026-07-27T00:32:56.831+0000] {subprocess.py:93} INFO - downloading https://repo1.maven.org/maven2/commons-codec/commons-codec/1.16.1/commons-codec-1.16.1.jar ...
[2026-07-27T00:32:57.285+0000] {subprocess.py:93} INFO - 	[SUCCESSFUL ] commons-codec#commons-codec;1.16.1!commons-codec.jar (705ms)
[2026-07-27T00:32:57.491+0000] {subprocess.py:93} INFO - downloading https://repo1.maven.org/maven2/com/google/http-client/google-http-client-apache-v2/1.44.1/google-http-client-apache-v2-1.44.1.jar ...
[2026-07-27T00:32:57.720+0000] {subprocess.py:93} INFO - 	[SUCCESSFUL ] com.google.http-client#google-http-client-apache-v2;1.44.1!google-http-client-apache-v2.jar (434ms)
[2026-07-27T00:32:57.931+0000] {subprocess.py:93} INFO - downloading https://repo1.maven.org/maven2/com/google/cloud/google-cloud-core-http/2.37.0/google-cloud-core-http-2.37.0.jar ...
[2026-07-27T00:32:58.204+0000] {subprocess.py:93} INFO - 	[SUCCESSFUL ] com.google.cloud#google-cloud-core-http;2.37.0!google-cloud-core-http.jar (483ms)
[2026-07-27T00:32:58.415+0000] {subprocess.py:93} INFO - downloading https://repo1.maven.org/maven2/com/google/http-client/google-http-client-appengine/1.44.1/google-http-client-appengine-1.44.1.jar ...
[2026-07-27T00:32:58.637+0000] {subprocess.py:93} INFO - 	[SUCCESSFUL ] com.google.http-client#google-http-client-appengine;1.44.1!google-http-client-appengine.jar (431ms)
[2026-07-27T00:32:58.929+0000] {subprocess.py:93} INFO - downloading https://repo1.maven.org/maven2/com/google/api/gax-httpjson/2.47.0/gax-httpjson-2.47.0.jar ...
[2026-07-27T00:32:59.192+0000] {subprocess.py:93} INFO - 	[SUCCESSFUL ] com.google.api#gax-httpjson;2.47.0!gax-httpjson.jar (555ms)
[2026-07-27T00:32:59.398+0000] {subprocess.py:93} INFO - downloading https://repo1.maven.org/maven2/com/google/cloud/google-cloud-core-grpc/2.37.0/google-cloud-core-grpc-2.37.0.jar ...
[2026-07-27T00:32:59.594+0000] {subprocess.py:93} INFO - 	[SUCCESSFUL ] com.google.cloud#google-cloud-core-grpc;2.37.0!google-cloud-core-grpc.jar (400ms)
[2026-07-27T00:32:59.801+0000] {subprocess.py:93} INFO - downloading https://repo1.maven.org/maven2/com/google/api/gax/2.47.0/gax-2.47.0.jar ...
[2026-07-27T00:33:00.192+0000] {subprocess.py:93} INFO - 	[SUCCESSFUL ] com.google.api#gax;2.47.0!gax.jar (596ms)
[2026-07-27T00:32:07.050+0000] {subprocess.py:93} INFO - downloading https://repo1.maven.org/maven2/io/opentelemetry/opentelemetry-api/1.37.0/opentelemetry-api-1.37.0.jar ...
[2026-07-27T00:33:01.450+0000] {subprocess.py:93} INFO - 	[SUCCESSFUL ] io.opentelemetry#opentelemetry-api;1.37.0!opentelemetry-api.jar (1257ms)
[2026-07-27T00:33:01.674+0000] {subprocess.py:93} INFO - downloading https://repo1.maven.org/maven2/io/opentelemetry/opentelemetry-context/1.37.0/opentelemetry-context-1.37.0.jar ...
[2026-07-27T00:33:01.973+0000] {subprocess.py:93} INFO - 	[SUCCESSFUL ] io.opentelemetry#opentelemetry-context;1.37.0!opentelemetry-context.jar (522ms)
[2026-07-27T00:33:02.195+0000] {subprocess.py:93} INFO - downloading https://repo1.maven.org/maven2/io/grpc/grpc-inprocess/1.62.2/grpc-inprocess-1.62.2.jar ...
[2026-07-27T00:33:02.454+0000] {subprocess.py:93} INFO - 	[SUCCESSFUL ] io.grpc#grpc-inprocess;1.62.2!grpc-inprocess.jar (479ms)
[2026-07-27T00:33:02.674+0000] {subprocess.py:93} INFO - downloading https://repo1.maven.org/maven2/com/google/api/api-common/2.30.0/api-common-2.30.0.jar ...
[2026-07-27T00:33:02.970+0000] {subprocess.py:93} INFO - 	[SUCCESSFUL ] com.google.api#api-common;2.30.0!api-common.jar (515ms)
[2026-07-27T00:33:03.195+0000] {subprocess.py:93} INFO - downloading https://repo1.maven.org/maven2/javax/annotation/javax.annotation-api/1.3.2/javax.annotation-api-1.3.2.jar ...
[2026-07-27T00:33:03.449+0000] {subprocess.py:93} INFO - 	[SUCCESSFUL ] javax.annotation#javax.annotation-api;1.3.2!javax.annotation-api.jar (478ms)
[2026-07-27T00:33:03.675+0000] {subprocess.py:93} INFO - downloading https://repo1.maven.org/maven2/com/google/api/grpc/proto-google-common-protos/2.38.0/proto-google-common-protos-2.38.0.jar ...
[2026-07-27T00:33:04.837+0000] {subprocess.py:93} INFO - 	[SUCCESSFUL ] com.google.api.grpc#proto-google-common-protos;2.38.0!proto-google-common-protos.jar (1387ms)
[2026-07-27T00:33:05.039+0000] {subprocess.py:93} INFO - downloading https://repo1.maven.org/maven2/org/threeten/threetenbp/1.6.9/threetenbp-1.6.9.jar ...
[2026-07-27T00:33:05.468+0000] {subprocess.py:93} INFO - 	[SUCCESSFUL ] org.threeten#threetenbp;1.6.9!threetenbp.jar (630ms)
[2026-07-27T00:33:05.716+0000] {subprocess.py:93} INFO - downloading https://repo1.maven.org/maven2/com/google/api/grpc/proto-google-cloud-storage-v2/2.37.0-alpha/proto-google-cloud-storage-v2-2.37.0-alpha.jar ...
[2026-07-27T00:33:06.317+0000] {subprocess.py:93} INFO - 	[SUCCESSFUL ] com.google.api.grpc#proto-google-cloud-storage-v2;2.37.0-alpha!proto-google-cloud-storage-v2.jar (847ms)
[2026-07-27T00:33:06.554+0000] {subprocess.py:93} INFO - downloading https://repo1.maven.org/maven2/com/google/api/grpc/gapic-google-cloud-storage-v2/2.37.0-alpha/gapic-google-cloud-storage-v2-2.37.0-alpha.jar ...
[2026-07-27T00:33:06.866+0000] {subprocess.py:93} INFO - 	[SUCCESSFUL ] com.google.api.grpc#gapic-google-cloud-storage-v2;2.37.0-alpha!gapic-google-cloud-storage-v2.jar (548ms)
[2026-07-27T00:33:07.074+0000] {subprocess.py:93} INFO - downloading https://repo1.maven.org/maven2/com/fasterxml/jackson/core/jackson-core/2.17.0/jackson-core-2.17.0.jar ...
[2026-07-27T00:33:07.482+0000] {subprocess.py:93} INFO - 	[SUCCESSFUL ] com.fasterxml.jackson.core#jackson-core;2.17.0!jackson-core.jar (615ms)
[2026-07-27T00:33:07.714+0000] {subprocess.py:93} INFO - downloading https://repo1.maven.org/maven2/com/google/api/grpc/proto-google-cloud-storage-control-v2/2.37.0-alpha/proto-google-cloud-storage-control-v2-2.37.0-alpha.jar ...
[2026-07-27T00:33:08.107+0000] {subprocess.py:93} INFO - 	[SUCCESSFUL ] com.google.api.grpc#proto-google-cloud-storage-control-v2;2.37.0-alpha!proto-google-cloud-storage-control-v2.jar (624ms)
[2026-07-27T00:33:08.316+0000] {subprocess.py:93} INFO - downloading https://repo1.maven.org/maven2/io/opencensus/opencensus-proto/0.2.0/opencensus-proto-0.2.0.jar ...
[2026-07-27T00:33:09.006+0000] {subprocess.py:93} INFO - 	[SUCCESSFUL ] io.opencensus#opencensus-proto;0.2.0!opencensus-proto.jar (898ms)
[2026-07-27T00:33:09.235+0000] {subprocess.py:93} INFO - downloading https://repo1.maven.org/maven2/io/grpc/grpc-util/1.62.2/grpc-util-1.62.2.jar ...
[2026-07-27T00:33:09.585+0000] {subprocess.py:93} INFO - 	[SUCCESSFUL ] io.grpc#grpc-util;1.62.2!grpc-util.jar (572ms)
[2026-07-27T00:33:09.795+0000] {subprocess.py:93} INFO - downloading https://repo1.maven.org/maven2/io/grpc/grpc-services/1.62.2/grpc-services-1.62.2.jar ...
[2026-07-27T00:33:10.720+0000] {subprocess.py:93} INFO - 	[SUCCESSFUL ] io.grpc#grpc-services;1.62.2!grpc-services.jar (1134ms)
[2026-07-27T00:33:10.954+0000] {subprocess.py:93} INFO - downloading https://repo1.maven.org/maven2/com/google/re2j/re2j/1.7/re2j-1.7.jar ...
[2026-07-27T00:33:11.220+0000] {subprocess.py:93} INFO - 	[SUCCESSFUL ] com.google.re2j#re2j;1.7!re2j.jar (497ms)
[2026-07-27T00:33:11.430+0000] {subprocess.py:93} INFO - downloading https://repo1.maven.org/maven2/io/opencensus/opencensus-impl-core/0.31.0/opencensus-impl-core-0.31.0.jar ...
[2026-07-27T00:33:11.710+0000] {subprocess.py:93} INFO - 	[SUCCESSFUL ] io.opencensus#opencensus-impl-core;0.31.0!opencensus-impl-core.jar (489ms)
[2026-07-27T00:33:11.930+0000] {subprocess.py:93} INFO - downloading https://repo1.maven.org/maven2/com/lmax/disruptor/3.4.2/disruptor-3.4.2.jar ...
[2026-07-27T00:33:12.190+0000] {subprocess.py:93} INFO - 	[SUCCESSFUL ] com.lmax#disruptor;3.4.2!disruptor.jar (478ms)
[2026-07-27T00:33:12.395+0000] {subprocess.py:93} INFO - downloading https://repo1.maven.org/maven2/io/opencensus/opencensus-contrib-exemplar-util/0.31.0/opencensus-contrib-exemplar-util-0.31.0.jar ...
[2026-07-27T00:33:12.643+0000] {subprocess.py:93} INFO - 	[SUCCESSFUL ] io.opencensus#opencensus-contrib-exemplar-util;0.31.0!opencensus-contrib-exemplar-util.jar (453ms)
[2026-07-27T00:33:13.155+0000] {subprocess.py:93} INFO - downloading https://repo1.maven.org/maven2/io/opencensus/opencensus-contrib-resource-util/0.31.0/opencensus-contrib-resource-util-0.31.0.jar ...
[2026-07-27T00:33:13.400+0000] {subprocess.py:93} INFO - 	[SUCCESSFUL ] io.opencensus#opencensus-contrib-resource-util;0.31.0!opencensus-contrib-resource-util.jar (753ms)
[2026-07-27T00:33:13.634+0000] {subprocess.py:93} INFO - downloading https://repo1.maven.org/maven2/io/opencensus/opencensus-exporter-metrics-util/0.31.0/opencensus-exporter-metrics-util-0.31.0.jar ...
[2026-07-27T00:33:13.855+0000] {subprocess.py:93} INFO - 	[SUCCESSFUL ] io.opencensus#opencensus-exporter-metrics-util;0.31.0!opencensus-exporter-metrics-util.jar (453ms)
[2026-07-27T00:33:14.074+0000] {subprocess.py:93} INFO - downloading https://repo1.maven.org/maven2/com/google/cloud/google-cloud-monitoring/1.82.0/google-cloud-monitoring-1.82.0.jar ...
[2026-07-27T00:33:14.359+0000] {subprocess.py:93} INFO - 	[SUCCESSFUL ] com.google.cloud#google-cloud-monitoring;1.82.0!google-cloud-monitoring.jar (502ms)
[2026-07-27T00:33:14.594+0000] {subprocess.py:93} INFO - downloading https://repo1.maven.org/maven2/com/google/api/grpc/proto-google-cloud-monitoring-v3/1.64.0/proto-google-cloud-monitoring-v3-1.64.0.jar ...
[2026-07-27T00:33:15.211+0000] {subprocess.py:93} INFO - 	[SUCCESSFUL ] com.google.api.grpc#proto-google-cloud-monitoring-v3;1.64.0!proto-google-cloud-monitoring-v3.jar (851ms)
[2026-07-27T00:33:15.435+0000] {subprocess.py:93} INFO - downloading https://repo1.maven.org/maven2/com/google/android/annotations/4.1.1.4/annotations-4.1.1.4.jar ...
[2026-07-27T00:33:15.684+0000] {subprocess.py:93} INFO - 	[SUCCESSFUL ] com.google.android#annotations;4.1.1.4!annotations.jar (472ms)
[2026-07-27T00:33:15.915+0000] {subprocess.py:93} INFO - downloading https://repo1.maven.org/maven2/org/codehaus/mojo/animal-sniffer-annotations/1.23/animal-sniffer-annotations-1.23.jar ...
[2026-07-27T00:33:16.117+0000] {subprocess.py:93} INFO - 	[SUCCESSFUL ] org.codehaus.mojo#animal-sniffer-annotations;1.23!animal-sniffer-annotations.jar (431ms)
[2026-07-27T00:33:16.365+0000] {subprocess.py:93} INFO - downloading https://repo1.maven.org/maven2/io/grpc/grpc-protobuf-lite/1.62.2/grpc-protobuf-lite-1.62.2.jar ...
[2026-07-27T00:33:16.608+0000] {subprocess.py:93} INFO - 	[SUCCESSFUL ] io.grpc#grpc-protobuf-lite;1.62.2!grpc-protobuf-lite.jar (489ms)
[2026-07-27T00:33:16.844+0000] {subprocess.py:93} INFO - downloading https://repo1.maven.org/maven2/io/perfmark/perfmark-api/0.27.0/perfmark-api-0.27.0.jar ...
[2026-07-27T00:33:17.090+0000] {subprocess.py:93} INFO - 	[SUCCESSFUL ] io.perfmark#perfmark-api;0.27.0!perfmark-api.jar (481ms)
[2026-07-27T00:33:17.315+0000] {subprocess.py:93} INFO - downloading https://repo1.maven.org/maven2/io/grpc/grpc-googleapis/1.62.2/grpc-googleapis-1.62.2.jar ...
[2026-07-27T00:33:17.532+0000] {subprocess.py:93} INFO - 	[SUCCESSFUL ] io.grpc#grpc-googleapis;1.62.2!grpc-googleapis.jar (442ms)
[2026-07-27T00:33:17.754+0000] {subprocess.py:93} INFO - downloading https://repo1.maven.org/maven2/io/grpc/grpc-rls/1.62.2/grpc-rls-1.62.2.jar ...
[2026-07-27T00:33:18.080+0000] {subprocess.py:93} INFO - 	[SUCCESSFUL ] io.grpc#grpc-rls;1.62.2!grpc-rls.jar (547ms)
[2026-07-27T00:33:18.084+0000] {subprocess.py:93} INFO - :: resolution report :: resolve 227723ms :: artifacts dl 82912ms
[2026-07-27T00:33:18.088+0000] {subprocess.py:93} INFO - 	:: modules in use:
[2026-07-27T00:33:18.091+0000] {subprocess.py:93} INFO - 	com.fasterxml.jackson.core#jackson-core;2.17.0 from central in [default]
[2026-07-27T00:33:18.094+0000] {subprocess.py:93} INFO - 	com.google.android#annotations;4.1.1.4 from central in [default]
[2026-07-27T00:33:18.096+0000] {subprocess.py:93} INFO - 	com.google.api#api-common;2.30.0 from central in [default]
[2026-07-27T00:33:18.100+0000] {subprocess.py:93} INFO - 	com.google.api#gax;2.47.0 from central in [default]
[2026-07-27T00:33:18.103+0000] {subprocess.py:93} INFO - 	com.google.api#gax-grpc;2.42.0 from central in [default]
[2026-07-27T00:33:18.106+0000] {subprocess.py:93} INFO - 	com.google.api#gax-httpjson;2.47.0 from central in [default]
[2026-07-27T00:33:18.108+0000] {subprocess.py:93} INFO - 	com.google.api-client#google-api-client;2.4.0 from central in [default]
[2026-07-27T00:33:18.111+0000] {subprocess.py:93} INFO - 	com.google.api-client#google-api-client-jackson2;2.0.1 from central in [default]
[2026-07-27T00:33:18.114+0000] {subprocess.py:93} INFO - 	com.google.api.grpc#gapic-google-cloud-storage-v2;2.37.0-alpha from central in [default]
[2026-07-27T00:33:18.117+0000] {subprocess.py:93} INFO - 	com.google.api.grpc#grpc-google-cloud-storage-v2;2.37.0-alpha from central in [default]
[2026-07-27T00:33:18.119+0000] {subprocess.py:93} INFO - 	com.google.api.grpc#proto-google-cloud-monitoring-v3;1.64.0 from central in [default]
[2026-07-27T00:33:18.121+0000] {subprocess.py:93} INFO - 	com.google.api.grpc#proto-google-cloud-storage-control-v2;2.37.0-alpha from central in [default]
[2026-07-27T00:33:18.126+0000] {subprocess.py:93} INFO - 	com.google.api.grpc#proto-google-cloud-storage-v2;2.37.0-alpha from central in [default]
[2026-07-27T00:33:18.128+0000] {subprocess.py:93} INFO - 	com.google.api.grpc#proto-google-common-protos;2.38.0 from central in [default]
[2026-07-27T00:33:18.130+0000] {subprocess.py:93} INFO - 	com.google.api.grpc#proto-google-iam-v1;1.1.7 from central in [default]
[2026-07-27T00:33:18.140+0000] {subprocess.py:93} INFO - 	com.google.apis#google-api-services-iamcredentials;v1-rev20211203-2.0.0 from central in [default]
[2026-07-27T00:33:18.144+0000] {subprocess.py:93} INFO - 	com.google.apis#google-api-services-storage;v1-rev20240105-2.0.0 from central in [default]
[2026-07-27T00:33:18.146+0000] {subprocess.py:93} INFO - 	com.google.auth#google-auth-library-credentials;1.22.0 from central in [default]
[2026-07-27T00:33:18.153+0000] {subprocess.py:93} INFO - 	com.google.auth#google-auth-library-oauth2-http;1.22.0 from central in [default]
[2026-07-27T00:33:18.156+0000] {subprocess.py:93} INFO - 	com.google.auto.value#auto-value-annotations;1.10.4 from central in [default]
[2026-07-27T00:33:18.166+0000] {subprocess.py:93} INFO - 	com.google.cloud#google-cloud-core;2.5.4 from central in [default]
[2026-07-27T00:33:18.174+0000] {subprocess.py:93} INFO - 	com.google.cloud#google-cloud-core-grpc;2.37.0 from central in [default]
[2026-07-27T00:33:18.176+0000] {subprocess.py:93} INFO - 	com.google.cloud#google-cloud-core-http;2.37.0 from central in [default]
[2026-07-27T00:33:18.180+0000] {subprocess.py:93} INFO - 	com.google.cloud#google-cloud-monitoring;1.82.0 from central in [default]
[2026-07-27T00:33:18.190+0000] {subprocess.py:93} INFO - 	com.google.cloud#google-cloud-storage;2.37.0 from central in [default]
[2026-07-27T00:33:18.192+0000] {subprocess.py:93} INFO - 	com.google.cloud#google-cloud-storage-control;2.37.0-alpha from central in [default]
[2026-07-27T00:33:18.196+0000] {subprocess.py:93} INFO - 	com.google.cloud.bigdataoss#gcs-connector;hadoop3-2.2.22 from central in [default]
[2026-07-27T00:33:18.198+0000] {subprocess.py:93} INFO - 	com.google.cloud.bigdataoss#gcsio;2.2.22 from central in [default]
[2026-07-27T00:33:18.201+0000] {subprocess.py:93} INFO - 	com.google.cloud.bigdataoss#util;2.2.22 from central in [default]
[2026-07-27T00:33:18.207+0000] {subprocess.py:93} INFO - 	com.google.cloud.bigdataoss#util-hadoop;hadoop3-2.2.22 from central in [default]
[2026-07-27T00:33:18.209+0000] {subprocess.py:93} INFO - 	com.google.cloud.spark#spark-bigquery-with-dependencies_2.12;0.34.0 from central in [default]
[2026-07-27T00:33:18.211+0000] {subprocess.py:93} INFO - 	com.google.code.findbugs#jsr305;3.0.2 from central in [default]
[2026-07-27T00:33:18.214+0000] {subprocess.py:93} INFO - 	com.google.code.gson#gson;2.8.9 from central in [default]
[2026-07-27T00:33:18.216+0000] {subprocess.py:93} INFO - 	com.google.errorprone#error_prone_annotations;2.26.1 from central in [default]
[2026-07-27T00:33:18.222+0000] {subprocess.py:93} INFO - 	com.google.flogger#flogger;0.7.1 from central in [default]
[2026-07-27T00:33:18.225+0000] {subprocess.py:93} INFO - 	com.google.flogger#flogger-system-backend;0.7.1 from central in [default]
[2026-07-27T00:33:18.230+0000] {subprocess.py:93} INFO - 	com.google.flogger#google-extensions;0.7.1 from central in [default]
[2026-07-27T00:33:18.235+0000] {subprocess.py:93} INFO - 	com.google.guava#failureaccess;1.0.2 from central in [default]
[2026-07-27T00:33:18.241+0000] {subprocess.py:93} INFO - 	com.google.guava#guava;33.1.0-jre from central in [default]
[2026-07-27T00:33:18.244+0000] {subprocess.py:93} INFO - 	com.google.guava#listenablefuture;9999.0-empty-to-avoid-conflict-with-guava from central in [default]
[2026-07-27T00:33:18.246+0000] {subprocess.py:93} INFO - 	com.google.http-client#google-http-client;1.44.1 from central in [default]
[2026-07-27T00:33:18.249+0000] {subprocess.py:93} INFO - 	com.google.http-client#google-http-client-apache-v2;1.44.1 from central in [default]
[2026-07-27T00:33:18.254+0000] {subprocess.py:93} INFO - 	com.google.http-client#google-http-client-appengine;1.44.1 from central in [default]
[2026-07-27T00:33:18.259+0000] {subprocess.py:93} INFO - 	com.google.http-client#google-http-client-gson;1.44.1 from central in [default]
[2026-07-27T00:33:18.261+0000] {subprocess.py:93} INFO - 	com.google.http-client#google-http-client-jackson2;1.42.3 from central in [default]
[2026-07-27T00:33:18.263+0000] {subprocess.py:93} INFO - 	com.google.j2objc#j2objc-annotations;3.0.0 from central in [default]
[2026-07-27T00:33:18.265+0000] {subprocess.py:93} INFO - 	com.google.oauth-client#google-oauth-client;1.34.1 from central in [default]
[2026-07-27T00:33:18.277+0000] {subprocess.py:93} INFO - 	com.google.protobuf#protobuf-java;3.25.3 from central in [default]
[2026-07-27T00:33:18.286+0000] {subprocess.py:93} INFO - 	com.google.protobuf#protobuf-java-util;3.25.3 from central in [default]
[2026-07-27T00:33:18.300+0000] {subprocess.py:93} INFO - 	com.google.re2j#re2j;1.7 from central in [default]
[2026-07-27T00:33:18.308+0000] {subprocess.py:93} INFO - 	com.lmax#disruptor;3.4.2 from central in [default]
[2026-07-27T00:33:18.320+0000] {subprocess.py:93} INFO - 	commons-codec#commons-codec;1.16.1 from central in [default]
[2026-07-27T00:33:18.323+0000] {subprocess.py:93} INFO - 	commons-logging#commons-logging;1.2 from central in [default]
[2026-07-27T00:33:18.325+0000] {subprocess.py:93} INFO - 	io.grpc#grpc-alts;1.62.2 from central in [default]
[2026-07-27T00:33:18.328+0000] {subprocess.py:93} INFO - 	io.grpc#grpc-api;1.62.2 from central in [default]
[2026-07-27T00:33:18.331+0000] {subprocess.py:93} INFO - 	io.grpc#grpc-auth;1.62.2 from central in [default]
[2026-07-27T00:33:18.339+0000] {subprocess.py:93} INFO - 	io.grpc#grpc-census;1.62.2 from central in [default]
[2026-07-27T00:33:18.342+0000] {subprocess.py:93} INFO - 	io.grpc#grpc-context;1.62.2 from central in [default]
[2026-07-27T00:33:18.345+0000] {subprocess.py:93} INFO - 	io.grpc#grpc-core;1.62.2 from central in [default]
[2026-07-27T00:33:18.353+0000] {subprocess.py:93} INFO - 	io.grpc#grpc-googleapis;1.62.2 from central in [default]
[2026-07-27T00:33:18.356+0000] {subprocess.py:93} INFO - 	io.grpc#grpc-grpclb;1.62.2 from central in [default]
[2026-07-27T00:33:18.359+0000] {subprocess.py:93} INFO - 	io.grpc#grpc-inprocess;1.62.2 from central in [default]
[2026-07-27T00:33:18.363+0000] {subprocess.py:93} INFO - 	io.grpc#grpc-netty-shaded;1.62.2 from central in [default]
[2026-07-27T00:33:18.373+0000] {subprocess.py:93} INFO - 	io.grpc#grpc-protobuf;1.62.2 from central in [default]
[2026-07-27T00:33:18.379+0000] {subprocess.py:93} INFO - 	io.grpc#grpc-protobuf-lite;1.62.2 from central in [default]
[2026-07-27T00:33:18.381+0000] {subprocess.py:93} INFO - 	io.grpc#grpc-rls;1.62.2 from central in [default]
[2026-07-27T00:33:18.387+0000] {subprocess.py:93} INFO - 	io.grpc#grpc-services;1.62.2 from central in [default]
[2026-07-27T00:33:18.389+0000] {subprocess.py:93} INFO - 	io.grpc#grpc-stub;1.62.2 from central in [default]
[2026-07-27T00:33:18.391+0000] {subprocess.py:93} INFO - 	io.grpc#grpc-util;1.62.2 from central in [default]
[2026-07-27T00:33:18.396+0000] {subprocess.py:93} INFO - 	io.grpc#grpc-xds;1.62.2 from central in [default]
[2026-07-27T00:33:18.398+0000] {subprocess.py:93} INFO - 	io.opencensus#opencensus-api;0.31.1 from central in [default]
[2026-07-27T00:33:18.402+0000] {subprocess.py:93} INFO - 	io.opencensus#opencensus-contrib-exemplar-util;0.31.0 from central in [default]
[2026-07-27T00:33:18.405+0000] {subprocess.py:93} INFO - 	io.opencensus#opencensus-contrib-grpc-metrics;0.31.0 from central in [default]
[2026-07-27T00:33:18.409+0000] {subprocess.py:93} INFO - 	io.opencensus#opencensus-contrib-http-util;0.31.1 from central in [default]
[2026-07-27T00:33:18.411+0000] {subprocess.py:93} INFO - 	io.opencensus#opencensus-contrib-resource-util;0.31.0 from central in [default]
[2026-07-27T00:33:18.416+0000] {subprocess.py:93} INFO - 	io.opencensus#opencensus-exporter-metrics-util;0.31.0 from central in [default]
[2026-07-27T00:33:18.422+0000] {subprocess.py:93} INFO - 	io.opencensus#opencensus-exporter-stats-stackdriver;0.31.0 from central in [default]
[2026-07-27T00:33:18.424+0000] {subprocess.py:93} INFO - 	io.opencensus#opencensus-impl;0.31.0 from central in [default]
[2026-07-27T00:33:18.426+0000] {subprocess.py:93} INFO - 	io.opencensus#opencensus-impl-core;0.31.0 from central in [default]
[2026-07-27T00:33:18.429+0000] {subprocess.py:93} INFO - 	io.opencensus#opencensus-proto;0.2.0 from central in [default]
[2026-07-27T00:33:18.432+0000] {subprocess.py:93} INFO - 	io.opentelemetry#opentelemetry-api;1.37.0 from central in [default]
[2026-07-27T00:33:18.434+0000] {subprocess.py:93} INFO - 	io.opentelemetry#opentelemetry-context;1.37.0 from central in [default]
[2026-07-27T00:33:18.436+0000] {subprocess.py:93} INFO - 	io.perfmark#perfmark-api;0.27.0 from central in [default]
[2026-07-27T00:33:18.440+0000] {subprocess.py:93} INFO - 	javax.annotation#javax.annotation-api;1.3.2 from central in [default]
[2026-07-27T00:33:18.442+0000] {subprocess.py:93} INFO - 	org.apache.httpcomponents#httpclient;4.5.13 from central in [default]
[2026-07-27T00:33:18.447+0000] {subprocess.py:93} INFO - 	org.apache.httpcomponents#httpcore;4.4.16 from central in [default]
[2026-07-27T00:33:18.449+0000] {subprocess.py:93} INFO - 	org.checkerframework#checker-compat-qual;2.5.3 from central in [default]
[2026-07-27T00:33:18.452+0000] {subprocess.py:93} INFO - 	org.checkerframework#checker-qual;3.42.0 from central in [default]
[2026-07-27T00:33:18.455+0000] {subprocess.py:93} INFO - 	org.codehaus.mojo#animal-sniffer-annotations;1.23 from central in [default]
[2026-07-27T00:33:18.457+0000] {subprocess.py:93} INFO - 	org.conscrypt#conscrypt-openjdk-uber;2.5.2 from central in [default]
[2026-07-27T00:33:18.459+0000] {subprocess.py:93} INFO - 	org.threeten#threetenbp;1.6.9 from central in [default]
[2026-07-27T00:33:18.462+0000] {subprocess.py:93} INFO - 	:: evicted modules:
[2026-07-27T00:33:18.464+0000] {subprocess.py:93} INFO - 	com.google.api-client#google-api-client;2.0.1 by [com.google.api-client#google-api-client;2.2.0] in [default]
[2026-07-27T00:33:18.470+0000] {subprocess.py:93} INFO - 	com.google.http-client#google-http-client;1.42.3 by [com.google.http-client#google-http-client;1.43.3] in [default]
[2026-07-27T00:33:18.474+0000] {subprocess.py:93} INFO - 	org.apache.httpcomponents#httpcore;4.4.15 by [org.apache.httpcomponents#httpcore;4.4.16] in [default]
[2026-07-27T00:33:18.480+0000] {subprocess.py:93} INFO - 	commons-codec#commons-codec;1.15 by [commons-codec#commons-codec;1.16.1] in [default]
[2026-07-27T00:33:18.483+0000] {subprocess.py:93} INFO - 	com.google.errorprone#error_prone_annotations;2.16 by [com.google.errorprone#error_prone_annotations;2.18.0] in [default]
[2026-07-27T00:33:18.485+0000] {subprocess.py:93} INFO - 	com.google.j2objc#j2objc-annotations;1.3 by [com.google.j2objc#j2objc-annotations;2.8] in [default]
[2026-07-27T00:33:18.488+0000] {subprocess.py:93} INFO - 	com.google.http-client#google-http-client-gson;1.42.3 by [com.google.http-client#google-http-client-gson;1.43.3] in [default]
[2026-07-27T00:33:18.491+0000] {subprocess.py:93} INFO - 	com.google.http-client#google-http-client-apache-v2;1.42.3 by [com.google.http-client#google-http-client-apache-v2;1.44.1] in [default]
[2026-07-27T00:33:18.497+0000] {subprocess.py:93} INFO - 	com.fasterxml.jackson.core#jackson-core;2.13.4 by [com.fasterxml.jackson.core#jackson-core;2.17.0] in [default]
[2026-07-27T00:33:18.500+0000] {subprocess.py:93} INFO - 	com.google.api-client#google-api-client;2.0.0 by [com.google.api-client#google-api-client;2.2.0] in [default]
[2026-07-27T00:33:18.505+0000] {subprocess.py:93} INFO - 	com.google.api-client#google-api-client;2.2.0 by [com.google.api-client#google-api-client;2.4.0] in [default]
[2026-07-27T00:33:18.510+0000] {subprocess.py:93} INFO - 	com.google.http-client#google-http-client;1.43.3 by [com.google.http-client#google-http-client;1.44.1] in [default]
[2026-07-27T00:33:18.513+0000] {subprocess.py:93} INFO - 	com.google.errorprone#error_prone_annotations;2.18.0 by [com.google.errorprone#error_prone_annotations;2.26.1] in [default]
[2026-07-27T00:33:18.516+0000] {subprocess.py:93} INFO - 	com.google.j2objc#j2objc-annotations;2.8 by [com.google.j2objc#j2objc-annotations;3.0.0] in [default]
[2026-07-27T00:33:18.521+0000] {subprocess.py:93} INFO - 	com.google.http-client#google-http-client-gson;1.43.3 by [com.google.http-client#google-http-client-gson;1.44.1] in [default]
[2026-07-27T00:33:18.530+0000] {subprocess.py:93} INFO - 	com.google.api.grpc#proto-google-common-protos;2.29.0 by [com.google.api.grpc#proto-google-common-protos;2.38.0] in [default]
[2026-07-27T00:33:18.534+0000] {subprocess.py:93} INFO - 	com.google.api#gax;2.12.2 by [com.google.api#gax;2.47.0] in [default]
[2026-07-27T00:33:18.536+0000] {subprocess.py:93} INFO - 	com.google.errorprone#error_prone_annotations;2.11.0 by [com.google.errorprone#error_prone_annotations;2.18.0] in [default]
[2026-07-27T00:33:18.538+0000] {subprocess.py:93} INFO - 	com.google.api.grpc#proto-google-common-protos;2.7.3 by [com.google.api.grpc#proto-google-common-protos;2.38.0] in [default]
[2026-07-27T00:33:18.541+0000] {subprocess.py:93} INFO - 	org.threeten#threetenbp;1.5.2 by [org.threeten#threetenbp;1.6.9] in [default]
[2026-07-27T00:33:18.543+0000] {subprocess.py:93} INFO - 	com.google.api#api-common;2.1.4 by [com.google.api#api-common;2.30.0] in [default]
[2026-07-27T00:33:18.546+0000] {subprocess.py:93} INFO - 	com.google.http-client#google-http-client;1.41.3 by [com.google.http-client#google-http-client;1.44.1] in [default]
[2026-07-27T00:33:18.556+0000] {subprocess.py:93} INFO - 	com.google.http-client#google-http-client-gson;1.41.3 by [com.google.http-client#google-http-client-gson;1.44.1] in [default]
[2026-07-27T00:33:18.562+0000] {subprocess.py:93} INFO - 	com.google.api#gax;2.42.0 by [com.google.api#gax;2.47.0] in [default]
[2026-07-27T00:33:18.564+0000] {subprocess.py:93} INFO - 	com.google.api#api-common;2.25.0 by [com.google.api#api-common;2.30.0] in [default]
[2026-07-27T00:33:18.566+0000] {subprocess.py:93} INFO - 	com.google.api.grpc#proto-google-common-protos;2.33.0 by [com.google.api.grpc#proto-google-common-protos;2.38.0] in [default]
[2026-07-27T00:33:18.572+0000] {subprocess.py:93} INFO - 	io.grpc#grpc-inprocess;1.61.0 by [io.grpc#grpc-inprocess;1.62.2] in [default]
[2026-07-27T00:33:18.574+0000] {subprocess.py:93} INFO - 	org.threeten#threetenbp;1.6.8 by [org.threeten#threetenbp;1.6.9] in [default]
[2026-07-27T00:33:18.577+0000] {subprocess.py:93} INFO - 	io.opencensus#opencensus-api;0.31.0 by [io.opencensus#opencensus-api;0.31.1] in [default]
[2026-07-27T00:33:18.581+0000] {subprocess.py:93} INFO - 	com.google.cloud#google-cloud-core-grpc;1.82.0 by [com.google.cloud#google-cloud-core-grpc;2.37.0] in [default]
[2026-07-27T00:33:18.586+0000] {subprocess.py:93} INFO - 	com.google.api#api-common;1.8.1 by [com.google.api#api-common;2.30.0] in [default]
[2026-07-27T00:33:18.590+0000] {subprocess.py:93} INFO - 	com.google.api.grpc#proto-google-common-protos;1.16.0 by [com.google.api.grpc#proto-google-common-protos;2.38.0] in [default]
[2026-07-27T00:33:18.593+0000] {subprocess.py:93} INFO - 	com.google.errorprone#error_prone_annotations;2.23.0 by [com.google.errorprone#error_prone_annotations;2.26.1] in [default]
[2026-07-27T00:33:18.604+0000] {subprocess.py:93} INFO - 	io.perfmark#perfmark-api;0.26.0 by [io.perfmark#perfmark-api;0.27.0] in [default]
[2026-07-27T00:33:18.606+0000] {subprocess.py:93} INFO - 	io.grpc#grpc-googleapis;1.61.0 by [io.grpc#grpc-googleapis;1.62.2] in [default]
[2026-07-27T00:33:18.609+0000] {subprocess.py:93} INFO - 	---------------------------------------------------------------------
[2026-07-27T00:33:18.615+0000] {subprocess.py:93} INFO - 	|                  |            modules            ||   artifacts   |
[2026-07-27T00:33:18.620+0000] {subprocess.py:93} INFO - 	|       conf       | number| search|dwnlded|evicted|| number|dwnlded|
[2026-07-27T00:33:18.626+0000] {subprocess.py:93} INFO - 	---------------------------------------------------------------------
[2026-07-27T00:33:18.631+0000] {subprocess.py:93} INFO - 	|      default     |  126  |  107  |  107  |   35  ||   91  |   91  |
[2026-07-27T00:33:18.642+0000] {subprocess.py:93} INFO - 	---------------------------------------------------------------------
[2026-07-27T00:33:18.644+0000] {subprocess.py:93} INFO - :: retrieving :: org.apache.spark#spark-submit-parent-809863cb-d1d9-4c24-bba8-8632085e06a9
[2026-07-27T00:33:18.649+0000] {subprocess.py:93} INFO - 	confs: [default]
[2026-07-27T00:33:20.600+0000] {subprocess.py:93} INFO - 	91 artifacts copied, 0 already retrieved (86891kB/2363ms)
[2026-07-27T00:33:22.115+0000] {subprocess.py:93} INFO - 26/07/27 00:33:22 WARN NativeCodeLoader: Unable to load native-hadoop library for your platform... using builtin-java classes where applicable
[2026-07-27T00:33:25.237+0000] {subprocess.py:93} INFO - Setting default log level to "WARN".
[2026-07-27T00:33:25.238+0000] {subprocess.py:93} INFO - To adjust logging level use sc.setLogLevel(newLevel). For SparkR, use setLogLevel(newLevel).
[2026-07-27T00:33:49.161+0000] {subprocess.py:93} INFO - 26/07/27 00:33:49 ERROR Inbox: Ignoring error
[2026-07-27T00:33:49.167+0000] {subprocess.py:93} INFO - java.lang.NullPointerException: Cannot invoke "org.apache.spark.storage.BlockManagerId.executorId()" because "idWithoutTopologyInfo" is null
[2026-07-27T00:33:49.169+0000] {subprocess.py:93} INFO - 	at org.apache.spark.storage.BlockManagerMasterEndpoint.org$apache$spark$storage$BlockManagerMasterEndpoint$$register(BlockManagerMasterEndpoint.scala:677)
[2026-07-27T00:33:49.172+0000] {subprocess.py:93} INFO - 	at org.apache.spark.storage.BlockManagerMasterEndpoint$$anonfun$receiveAndReply$1.applyOrElse(BlockManagerMasterEndpoint.scala:133)
[2026-07-27T00:33:49.174+0000] {subprocess.py:93} INFO - 	at org.apache.spark.rpc.netty.Inbox.$anonfun$process$1(Inbox.scala:103)
[2026-07-27T00:33:49.178+0000] {subprocess.py:93} INFO - 	at org.apache.spark.rpc.netty.Inbox.safelyCall(Inbox.scala:213)
[2026-07-27T00:33:49.180+0000] {subprocess.py:93} INFO - 	at org.apache.spark.rpc.netty.Inbox.process(Inbox.scala:100)
[2026-07-27T00:33:49.183+0000] {subprocess.py:93} INFO - 	at org.apache.spark.rpc.netty.MessageLoop.org$apache$spark$rpc$netty$MessageLoop$$receiveLoop(MessageLoop.scala:75)
[2026-07-27T00:33:49.186+0000] {subprocess.py:93} INFO - 	at org.apache.spark.rpc.netty.MessageLoop$$anon$1.run(MessageLoop.scala:41)
[2026-07-27T00:33:49.188+0000] {subprocess.py:93} INFO - 	at java.base/java.util.concurrent.ThreadPoolExecutor.runWorker(ThreadPoolExecutor.java:1136)
[2026-07-27T00:33:49.190+0000] {subprocess.py:93} INFO - 	at java.base/java.util.concurrent.ThreadPoolExecutor$Worker.run(ThreadPoolExecutor.java:635)
[2026-07-27T00:33:49.199+0000] {subprocess.py:93} INFO - 	at java.base/java.lang.Thread.run(Thread.java:840)
[2026-07-27T00:33:49.203+0000] {subprocess.py:93} INFO - 26/07/27 00:33:49 WARN Executor: Issue communicating with driver in heartbeater
[2026-07-27T00:33:49.207+0000] {subprocess.py:93} INFO - org.apache.spark.SparkException: Exception thrown in awaitResult:
[2026-07-27T00:33:49.210+0000] {subprocess.py:93} INFO - 	at org.apache.spark.util.SparkThreadUtils$.awaitResult(SparkThreadUtils.scala:56)
[2026-07-27T00:33:49.212+0000] {subprocess.py:93} INFO - 	at org.apache.spark.util.ThreadUtils$.awaitResult(ThreadUtils.scala:310)
[2026-07-27T00:33:49.215+0000] {subprocess.py:93} INFO - 	at org.apache.spark.rpc.RpcTimeout.awaitResult(RpcTimeout.scala:75)
[2026-07-27T00:33:49.217+0000] {subprocess.py:93} INFO - 	at org.apache.spark.rpc.RpcEndpointRef.askSync(RpcEndpointRef.scala:101)
[2026-07-27T00:33:49.233+0000] {subprocess.py:93} INFO - 	at org.apache.spark.rpc.RpcEndpointRef.askSync(RpcEndpointRef.scala:85)
[2026-07-27T00:33:49.239+0000] {subprocess.py:93} INFO - 	at org.apache.spark.storage.BlockManagerMaster.registerBlockManager(BlockManagerMaster.scala:80)
[2026-07-27T00:33:49.242+0000] {subprocess.py:93} INFO - 	at org.apache.spark.storage.BlockManager.reregister(BlockManager.scala:642)
[2026-07-27T00:33:49.245+0000] {subprocess.py:93} INFO - 	at org.apache.spark.executor.Executor.reportHeartBeat(Executor.scala:1223)
[2026-07-27T00:33:49.247+0000] {subprocess.py:93} INFO - 	at org.apache.spark.executor.Executor.$anonfun$heartbeater$1(Executor.scala:295)
[2026-07-27T00:33:49.250+0000] {subprocess.py:93} INFO - 	at scala.runtime.java8.JFunction0$mcV$sp.apply(JFunction0$mcV$sp.java:23)
[2026-07-27T00:33:49.252+0000] {subprocess.py:93} INFO - 	at org.apache.spark.util.Utils$.logUncaughtExceptions(Utils.scala:1928)
[2026-07-27T00:33:49.254+0000] {subprocess.py:93} INFO - 	at org.apache.spark.Heartbeater$$anon$1.run(Heartbeater.scala:46)
[2026-07-27T00:33:49.256+0000] {subprocess.py:93} INFO - 	at java.base/java.util.concurrent.Executors$RunnableAdapter.call(Executors.java:539)
[2026-07-27T00:33:49.259+0000] {subprocess.py:93} INFO - 	at java.base/java.util.concurrent.FutureTask.runAndReset(FutureTask.java:305)
[2026-07-27T00:33:49.264+0000] {subprocess.py:93} INFO - 	at java.base/java.util.concurrent.ScheduledThreadPoolExecutor$ScheduledFutureTask.run(ScheduledThreadPoolExecutor.java:305)
[2026-07-27T00:33:49.266+0000] {subprocess.py:93} INFO - 	at java.base/java.util.concurrent.ThreadPoolExecutor.runWorker(ThreadPoolExecutor.java:1136)
[2026-07-27T00:33:49.272+0000] {subprocess.py:93} INFO - 	at java.base/java.util.concurrent.ThreadPoolExecutor$Worker.run(ThreadPoolExecutor.java:635)
[2026-07-27T00:33:49.274+0000] {subprocess.py:93} INFO - 	at java.base/java.lang.Thread.run(Thread.java:840)
[2026-07-27T00:33:49.277+0000] {subprocess.py:93} INFO - Caused by: java.lang.NullPointerException: Cannot invoke "org.apache.spark.storage.BlockManagerId.executorId()" because "idWithoutTopologyInfo" is null
[2026-07-27T00:33:49.279+0000] {subprocess.py:93} INFO - 	at org.apache.spark.storage.BlockManagerMasterEndpoint.org$apache$spark$storage$BlockManagerMasterEndpoint$$register(BlockManagerMasterEndpoint.scala:677)
[2026-07-27T00:33:49.281+0000] {subprocess.py:93} INFO - 	at org.apache.spark.storage.BlockManagerMasterEndpoint$$anonfun$receiveAndReply$1.applyOrElse(BlockManagerMasterEndpoint.scala:133)
[2026-07-27T00:33:49.283+0000] {subprocess.py:93} INFO - 	at org.apache.spark.rpc.netty.Inbox.$anonfun$process$1(Inbox.scala:103)
[2026-07-27T00:33:49.285+0000] {subprocess.py:93} INFO - 	at org.apache.spark.rpc.netty.Inbox.safelyCall(Inbox.scala:213)
[2026-07-27T00:33:49.286+0000] {subprocess.py:93} INFO - 	at org.apache.spark.rpc.netty.Inbox.process(Inbox.scala:100)
[2026-07-27T00:33:49.288+0000] {subprocess.py:93} INFO - 	at org.apache.spark.rpc.netty.MessageLoop.org$apache$spark$rpc$netty$MessageLoop$$receiveLoop(MessageLoop.scala:75)
[2026-07-27T00:33:49.297+0000] {subprocess.py:93} INFO - 	at org.apache.spark.rpc.netty.MessageLoop$$anon$1.run(MessageLoop.scala:41)
[2026-07-27T00:33:49.300+0000] {subprocess.py:93} INFO - 	... 3 more
[2026-07-27T00:35:52.737+0000] {subprocess.py:93} INFO - [Stage 7:>                                                          (0 + 1) / 1]                                                                                [Stage 16:>                                                         (0 + 1) / 1]                                                                                Building Gold Layer: Aggregating & Joining Data...
[2026-07-27T00:35:52.744+0000] {subprocess.py:93} INFO - Loaded dim_station to BigQuery.
[2026-07-27T00:35:52.747+0000] {subprocess.py:93} INFO - Loaded dim_weather to BigQuery.
[2026-07-27T00:35:52.749+0000] {subprocess.py:93} INFO - Loaded fact_station_status to BigQuery.
[2026-07-27T00:35:55.468+0000] {subprocess.py:97} INFO - Command exited with return code 0
[2026-07-27T00:35:55.557+0000] {taskinstance.py:441} INFO - ::group::Post task execution logs
[2026-07-27T00:35:56.413+0000] {taskinstance.py:1206} INFO - Marking task as SUCCESS. dag_id=process_gold_layer, task_id=run_gold_spark_job, run_id=manual__2026-07-27T00:26:54.950148+00:00, execution_date=20260727T002654, start_date=20260727T002752, end_date=20260727T003556
[2026-07-27T00:35:56.757+0000] {local_task_job_runner.py:240} INFO - Task exited with return code 0
[2026-07-27T00:35:57.003+0000] {taskinstance.py:3503} INFO - 0 downstream tasks scheduled from follow-on schedule check
[2026-07-27T00:35:57.023+0000] {local_task_job_runner.py:222} INFO - ::endgroup::
