[2026-07-27T06:15:49.510+0000] {local_task_job_runner.py:120} INFO - ::group::Pre task execution logs
[2026-07-27T06:15:49.588+0000] {taskinstance.py:2076} INFO - Dependencies all met for dep_context=non-requeueable deps ti=<TaskInstance: process_gold_layer.run_gold_spark_job manual__2026-07-27T06:15:48.462113+00:00 [queued]>
[2026-07-27T06:15:49.607+0000] {taskinstance.py:2076} INFO - Dependencies all met for dep_context=requeueable deps ti=<TaskInstance: process_gold_layer.run_gold_spark_job manual__2026-07-27T06:15:48.462113+00:00 [queued]>
[2026-07-27T06:15:49.610+0000] {taskinstance.py:2306} INFO - Starting attempt 1 of 2
[2026-07-27T06:15:49.644+0000] {taskinstance.py:2330} INFO - Executing <Task(BashOperator): run_gold_spark_job> on 2026-07-27 06:15:48.462113+00:00
[2026-07-27T06:15:49.662+0000] {standard_task_runner.py:90} INFO - Running: ['***', 'tasks', 'run', 'process_gold_layer', 'run_gold_spark_job', 'manual__2026-07-27T06:15:48.462113+00:00', '--job-id', '126', '--raw', '--subdir', 'DAGS_FOLDER/gold_processing_dag.py', '--cfg-path', '/tmp/tmpayl10pc1']
[2026-07-27T06:15:49.668+0000] {standard_task_runner.py:91} INFO - Job 126: Subtask run_gold_spark_job
[2026-07-27T06:15:49.700+0000] {logging_mixin.py:188} WARNING - /home/***/.local/lib/python3.12/site-packages/***/task/task_runner/standard_task_runner.py:61 DeprecationWarning: This process (pid=887) is multi-threaded, use of fork() may lead to deadlocks in the child.
[2026-07-27T06:15:49.704+0000] {standard_task_runner.py:63} INFO - Started process 888 to run task
[2026-07-27T06:15:49.943+0000] {task_command.py:426} INFO - Running <TaskInstance: process_gold_layer.run_gold_spark_job manual__2026-07-27T06:15:48.462113+00:00 [running]> on host 85eca997bf5b
[2026-07-27T06:15:50.208+0000] {taskinstance.py:2648} INFO - Exporting env vars: AIRFLOW_CTX_DAG_OWNER='data_engineer' AIRFLOW_CTX_DAG_ID='process_gold_layer' AIRFLOW_CTX_TASK_ID='run_gold_spark_job' AIRFLOW_CTX_EXECUTION_DATE='2026-07-27T06:15:48.462113+00:00' AIRFLOW_CTX_TRY_NUMBER='1' AIRFLOW_CTX_DAG_RUN_ID='manual__2026-07-27T06:15:48.462113+00:00'
[2026-07-27T06:15:50.210+0000] {taskinstance.py:430} INFO - ::endgroup::
[2026-07-27T06:15:50.278+0000] {subprocess.py:63} INFO - Tmp dir root location: /tmp
[2026-07-27T06:15:50.286+0000] {subprocess.py:75} INFO - Running command: ['/usr/bin/bash', '-c', 'export GOOGLE_APPLICATION_CREDENTIALS=/tmp/gcp_key.json && python /opt/***/jobs/gold_layer_spark_job.py london_bike_data_bronze london-bike-502619']
[2026-07-27T06:15:50.307+0000] {subprocess.py:86} INFO - Output:
[2026-07-27T06:15:52.715+0000] {subprocess.py:93} INFO - /home/***/.local/lib/python3.12/site-packages/pyspark/bin/load-spark-env.sh: line 68: ps: command not found
[2026-07-27T06:15:58.919+0000] {subprocess.py:93} INFO - :: loading settings :: url = jar:file:/home/***/.local/lib/python3.12/site-packages/pyspark/jars/ivy-2.5.1.jar!/org/apache/ivy/core/settings/ivysettings.xml
[2026-07-27T06:15:59.296+0000] {subprocess.py:93} INFO - Ivy Default Cache set to: /home/***/.ivy2/cache
[2026-07-27T06:15:59.298+0000] {subprocess.py:93} INFO - The jars for the packages stored in: /home/***/.ivy2/jars
[2026-07-27T06:15:59.310+0000] {subprocess.py:93} INFO - com.google.cloud.bigdataoss#gcs-connector added as a dependency
[2026-07-27T06:15:59.314+0000] {subprocess.py:93} INFO - com.google.cloud.spark#spark-bigquery-with-dependencies_2.12 added as a dependency
[2026-07-27T06:15:59.315+0000] {subprocess.py:93} INFO - :: resolving dependencies :: org.apache.spark#spark-submit-parent-50a18622-5037-46d7-9e14-f1710ec532be;1.0
[2026-07-27T06:15:59.318+0000] {subprocess.py:93} INFO - 	confs: [default]
[2026-07-27T06:16:09.647+0000] {subprocess.py:93} INFO - 	found com.google.cloud.bigdataoss#gcs-connector;hadoop3-2.2.22 in central
[2026-07-27T06:16:15.374+0000] {subprocess.py:93} INFO - 	found com.google.api-client#google-api-client-jackson2;2.0.1 in central
[2026-07-27T06:16:16.352+0000] {subprocess.py:93} INFO - 	found com.google.api-client#google-api-client;2.0.1 in central
[2026-07-27T06:16:20.430+0000] {subprocess.py:93} INFO - 	found com.google.oauth-client#google-oauth-client;1.34.1 in central
[2026-07-27T06:16:22.338+0000] {subprocess.py:93} INFO - 	found com.google.http-client#google-http-client;1.42.3 in central
[2026-07-27T06:16:25.954+0000] {subprocess.py:93} INFO - 	found org.apache.httpcomponents#httpclient;4.5.13 in central
[2026-07-27T06:16:27.876+0000] {subprocess.py:93} INFO - 	found org.apache.httpcomponents#httpcore;4.4.15 in central
[2026-07-27T06:16:30.647+0000] {subprocess.py:93} INFO - 	found commons-logging#commons-logging;1.2 in central
[2026-07-27T06:16:33.064+0000] {subprocess.py:93} INFO - 	found commons-codec#commons-codec;1.15 in central
[2026-07-27T06:16:34.907+0000] {subprocess.py:93} INFO - 	found com.google.code.findbugs#jsr305;3.0.2 in central
[2026-07-27T06:16:36.828+0000] {subprocess.py:93} INFO - 	found com.google.errorprone#error_prone_annotations;2.16 in central
[2026-07-27T06:16:38.643+0000] {subprocess.py:93} INFO - 	found com.google.guava#guava;33.1.0-jre in central
[2026-07-27T06:16:40.934+0000] {subprocess.py:93} INFO - 	found com.google.guava#failureaccess;1.0.2 in central
[2026-07-27T06:16:41.570+0000] {subprocess.py:93} INFO - 	found com.google.guava#listenablefuture;9999.0-empty-to-avoid-conflict-with-guava in central
[2026-07-27T06:16:42.041+0000] {subprocess.py:93} INFO - 	found org.checkerframework#checker-qual;3.42.0 in central
[2026-07-27T06:16:42.539+0000] {subprocess.py:93} INFO - 	found com.google.j2objc#j2objc-annotations;1.3 in central
[2026-07-27T06:16:43.073+0000] {subprocess.py:93} INFO - 	found io.opencensus#opencensus-api;0.31.1 in central
[2026-07-27T06:16:43.588+0000] {subprocess.py:93} INFO - 	found io.grpc#grpc-context;1.62.2 in central
[2026-07-27T06:16:44.062+0000] {subprocess.py:93} INFO - 	found io.opencensus#opencensus-contrib-http-util;0.31.1 in central
[2026-07-27T06:16:44.547+0000] {subprocess.py:93} INFO - 	found com.google.http-client#google-http-client-gson;1.42.3 in central
[2026-07-27T06:16:47.107+0000] {subprocess.py:93} INFO - 	found com.google.code.gson#gson;2.8.9 in central
[2026-07-27T06:16:47.631+0000] {subprocess.py:93} INFO - 	found io.grpc#grpc-api;1.62.2 in central
[2026-07-27T06:16:48.119+0000] {subprocess.py:93} INFO - 	found com.google.http-client#google-http-client-apache-v2;1.42.3 in central
[2026-07-27T06:16:48.650+0000] {subprocess.py:93} INFO - 	found com.google.cloud.bigdataoss#util;2.2.22 in central
[2026-07-27T06:16:49.277+0000] {subprocess.py:93} INFO - 	found com.google.http-client#google-http-client-jackson2;1.42.3 in central
[2026-07-27T06:16:55.075+0000] {subprocess.py:93} INFO - 	found com.fasterxml.jackson.core#jackson-core;2.13.4 in central
[2026-07-27T06:16:55.562+0000] {subprocess.py:93} INFO - 	found com.google.apis#google-api-services-iamcredentials;v1-rev20211203-2.0.0 in central
[2026-07-27T06:16:56.055+0000] {subprocess.py:93} INFO - 	found com.google.apis#google-api-services-storage;v1-rev20240105-2.0.0 in central
[2026-07-27T06:16:57.825+0000] {subprocess.py:93} INFO - 	found com.google.api-client#google-api-client;2.2.0 in central
[2026-07-27T06:16:59.660+0000] {subprocess.py:93} INFO - 	found org.apache.httpcomponents#httpcore;4.4.16 in central
[2026-07-27T06:17:01.610+0000] {subprocess.py:93} INFO - 	found com.google.auto.value#auto-value-annotations;1.10.4 in central
[2026-07-27T06:17:07.144+0000] {subprocess.py:93} INFO - 	found com.google.auth#google-auth-library-oauth2-http;1.22.0 in central
[2026-07-27T06:17:07.688+0000] {subprocess.py:93} INFO - 	found com.google.auth#google-auth-library-credentials;1.22.0 in central
[2026-07-27T06:17:09.474+0000] {subprocess.py:93} INFO - 	found com.google.http-client#google-http-client;1.43.3 in central
[2026-07-27T06:17:11.349+0000] {subprocess.py:93} INFO - 	found com.google.errorprone#error_prone_annotations;2.18.0 in central
[2026-07-27T06:17:11.837+0000] {subprocess.py:93} INFO - 	found com.google.j2objc#j2objc-annotations;2.8 in central
[2026-07-27T06:17:12.335+0000] {subprocess.py:93} INFO - 	found com.google.http-client#google-http-client-gson;1.43.3 in central
[2026-07-27T06:17:12.826+0000] {subprocess.py:93} INFO - 	found com.google.flogger#google-extensions;0.7.1 in central
[2026-07-27T06:17:13.276+0000] {subprocess.py:93} INFO - 	found com.google.flogger#flogger;0.7.1 in central
[2026-07-27T06:17:13.731+0000] {subprocess.py:93} INFO - 	found org.checkerframework#checker-compat-qual;2.5.3 in central
[2026-07-27T06:17:14.248+0000] {subprocess.py:93} INFO - 	found com.google.flogger#flogger-system-backend;0.7.1 in central
[2026-07-27T06:17:14.728+0000] {subprocess.py:93} INFO - 	found com.google.cloud.bigdataoss#util-hadoop;hadoop3-2.2.22 in central
[2026-07-27T06:17:15.191+0000] {subprocess.py:93} INFO - 	found com.google.cloud.bigdataoss#gcsio;2.2.22 in central
[2026-07-27T06:17:15.741+0000] {subprocess.py:93} INFO - 	found io.grpc#grpc-alts;1.62.2 in central
[2026-07-27T06:17:16.215+0000] {subprocess.py:93} INFO - 	found io.grpc#grpc-auth;1.62.2 in central
[2026-07-27T06:17:16.706+0000] {subprocess.py:93} INFO - 	found io.grpc#grpc-core;1.62.2 in central
[2026-07-27T06:17:17.230+0000] {subprocess.py:93} INFO - 	found io.grpc#grpc-grpclb;1.62.2 in central
[2026-07-27T06:17:17.748+0000] {subprocess.py:93} INFO - 	found io.grpc#grpc-protobuf;1.62.2 in central
[2026-07-27T06:17:20.755+0000] {subprocess.py:93} INFO - 	found com.google.protobuf#protobuf-java;3.25.3 in central
[2026-07-27T06:17:21.233+0000] {subprocess.py:93} INFO - 	found com.google.api.grpc#proto-google-common-protos;2.29.0 in central
[2026-07-27T06:17:21.753+0000] {subprocess.py:93} INFO - 	found io.grpc#grpc-stub;1.62.2 in central
[2026-07-27T06:17:22.265+0000] {subprocess.py:93} INFO - 	found org.conscrypt#conscrypt-openjdk-uber;2.5.2 in central
[2026-07-27T06:17:22.717+0000] {subprocess.py:93} INFO - 	found io.grpc#grpc-netty-shaded;1.62.2 in central
[2026-07-27T06:17:23.385+0000] {subprocess.py:93} INFO - 	found io.grpc#grpc-census;1.62.2 in central
[2026-07-27T06:17:23.862+0000] {subprocess.py:93} INFO - 	found com.google.cloud#google-cloud-storage;2.37.0 in central
[2026-07-27T06:17:25.445+0000] {subprocess.py:93} INFO - 	found com.google.errorprone#error_prone_annotations;2.26.1 in central
[2026-07-27T06:17:25.924+0000] {subprocess.py:93} INFO - 	found com.google.j2objc#j2objc-annotations;3.0.0 in central
[2026-07-27T06:17:29.298+0000] {subprocess.py:93} INFO - 	found com.google.http-client#google-http-client;1.44.1 in central
[2026-07-27T06:17:29.803+0000] {subprocess.py:93} INFO - 	found com.google.http-client#google-http-client-gson;1.44.1 in central
[2026-07-27T06:17:38.265+0000] {subprocess.py:93} INFO - 	found com.google.api-client#google-api-client;2.4.0 in central
[2026-07-27T06:17:42.622+0000] {subprocess.py:93} INFO - 	found commons-codec#commons-codec;1.16.1 in central
[2026-07-27T06:17:43.169+0000] {subprocess.py:93} INFO - 	found com.google.http-client#google-http-client-apache-v2;1.44.1 in central
[2026-07-27T06:17:59.751+0000] {subprocess.py:93} INFO - 	found com.google.cloud#google-cloud-core;2.5.4 in central
[2026-07-27T06:18:00.388+0000] {subprocess.py:93} INFO - 	found com.google.protobuf#protobuf-java-util;3.25.3 in central
[2026-07-27T06:18:01.090+0000] {subprocess.py:93} INFO - 	found com.google.api.grpc#proto-google-iam-v1;1.1.7 in central
[2026-07-27T06:18:22.303+0000] {subprocess.py:93} INFO - 	found com.google.cloud#google-cloud-core-http;2.37.0 in central
[2026-07-27T06:18:22.783+0000] {subprocess.py:93} INFO - 	found com.google.http-client#google-http-client-appengine;1.44.1 in central
[2026-07-27T06:18:24.910+0000] {subprocess.py:93} INFO - 	found com.google.api#gax-httpjson;2.47.0 in central
[2026-07-27T06:18:25.412+0000] {subprocess.py:93} INFO - 	found com.google.cloud#google-cloud-core-grpc;2.37.0 in central
[2026-07-27T06:18:26.011+0000] {subprocess.py:93} INFO - 	found com.google.api#gax;2.47.0 in central
[2026-07-27T06:18:26.505+0000] {subprocess.py:93} INFO - 	found io.opentelemetry#opentelemetry-api;1.37.0 in central
[2026-07-27T06:18:26.991+0000] {subprocess.py:93} INFO - 	found io.opentelemetry#opentelemetry-context;1.37.0 in central
[2026-07-27T06:18:35.914+0000] {subprocess.py:93} INFO - 	found com.google.api#gax-grpc;2.42.0 in central
[2026-07-27T06:18:36.457+0000] {subprocess.py:93} INFO - 	found io.grpc#grpc-inprocess;1.62.2 in central
[2026-07-27T06:18:36.915+0000] {subprocess.py:93} INFO - 	found com.google.api#api-common;2.30.0 in central
[2026-07-27T06:18:38.299+0000] {subprocess.py:93} INFO - 	found javax.annotation#javax.annotation-api;1.3.2 in central
[2026-07-27T06:18:38.777+0000] {subprocess.py:93} INFO - 	found com.google.api.grpc#proto-google-common-protos;2.38.0 in central
[2026-07-27T06:18:39.260+0000] {subprocess.py:93} INFO - 	found org.threeten#threetenbp;1.6.9 in central
[2026-07-27T06:18:41.260+0000] {subprocess.py:93} INFO - 	found com.google.api.grpc#proto-google-cloud-storage-v2;2.37.0-alpha in central
[2026-07-27T06:18:41.798+0000] {subprocess.py:93} INFO - 	found com.google.api.grpc#grpc-google-cloud-storage-v2;2.37.0-alpha in central
[2026-07-27T06:18:42.396+0000] {subprocess.py:93} INFO - 	found com.google.api.grpc#gapic-google-cloud-storage-v2;2.37.0-alpha in central
[2026-07-27T06:18:45.705+0000] {subprocess.py:93} INFO - 	found com.fasterxml.jackson.core#jackson-core;2.17.0 in central
[2026-07-27T06:18:46.242+0000] {subprocess.py:93} INFO - 	found com.google.cloud#google-cloud-storage-control;2.37.0-alpha in central
[2026-07-27T06:18:46.685+0000] {subprocess.py:93} INFO - 	found com.google.api.grpc#proto-google-cloud-storage-control-v2;2.37.0-alpha in central
[2026-07-27T06:18:47.147+0000] {subprocess.py:93} INFO - 	found io.grpc#grpc-xds;1.62.2 in central
[2026-07-27T06:18:47.619+0000] {subprocess.py:93} INFO - 	found io.opencensus#opencensus-proto;0.2.0 in central
[2026-07-27T06:18:48.106+0000] {subprocess.py:93} INFO - 	found io.grpc#grpc-util;1.62.2 in central
[2026-07-27T06:18:48.560+0000] {subprocess.py:93} INFO - 	found io.grpc#grpc-services;1.62.2 in central
[2026-07-27T06:18:49.046+0000] {subprocess.py:93} INFO - 	found com.google.re2j#re2j;1.7 in central
[2026-07-27T06:18:49.498+0000] {subprocess.py:93} INFO - 	found io.opencensus#opencensus-impl;0.31.0 in central
[2026-07-27T06:18:49.995+0000] {subprocess.py:93} INFO - 	found io.opencensus#opencensus-impl-core;0.31.0 in central
[2026-07-27T06:18:50.449+0000] {subprocess.py:93} INFO - 	found com.lmax#disruptor;3.4.2 in central
[2026-07-27T06:18:50.953+0000] {subprocess.py:93} INFO - 	found io.opencensus#opencensus-exporter-stats-stackdriver;0.31.0 in central
[2026-07-27T06:18:51.442+0000] {subprocess.py:93} INFO - 	found io.opencensus#opencensus-contrib-exemplar-util;0.31.0 in central
[2026-07-27T06:18:51.939+0000] {subprocess.py:93} INFO - 	found io.opencensus#opencensus-contrib-resource-util;0.31.0 in central
[2026-07-27T06:18:52.390+0000] {subprocess.py:93} INFO - 	found io.opencensus#opencensus-exporter-metrics-util;0.31.0 in central
[2026-07-27T06:19:02.241+0000] {subprocess.py:93} INFO - 	found com.google.cloud#google-cloud-monitoring;1.82.0 in central
[2026-07-27T06:19:03.819+0000] {subprocess.py:93} INFO - 	found com.google.api.grpc#proto-google-cloud-monitoring-v3;1.64.0 in central
[2026-07-27T06:19:04.299+0000] {subprocess.py:93} INFO - 	found io.opencensus#opencensus-contrib-grpc-metrics;0.31.0 in central
[2026-07-27T06:19:04.834+0000] {subprocess.py:93} INFO - 	found com.google.android#annotations;4.1.1.4 in central
[2026-07-27T06:19:08.717+0000] {subprocess.py:93} INFO - 	found org.codehaus.mojo#animal-sniffer-annotations;1.23 in central
[2026-07-27T06:19:09.186+0000] {subprocess.py:93} INFO - 	found io.perfmark#perfmark-api;0.26.0 in central
[2026-07-27T06:19:09.672+0000] {subprocess.py:93} INFO - 	found io.grpc#grpc-protobuf-lite;1.62.2 in central
[2026-07-27T06:19:10.245+0000] {subprocess.py:93} INFO - 	found io.perfmark#perfmark-api;0.27.0 in central
[2026-07-27T06:19:10.724+0000] {subprocess.py:93} INFO - 	found io.grpc#grpc-googleapis;1.62.2 in central
[2026-07-27T06:19:11.506+0000] {subprocess.py:93} INFO - 	found io.grpc#grpc-rls;1.62.2 in central
[2026-07-27T06:19:31.512+0000] {subprocess.py:93} INFO - 	found com.google.cloud.spark#spark-bigquery-with-dependencies_2.12;0.34.0 in central
[2026-07-27T06:19:31.808+0000] {subprocess.py:93} INFO - downloading https://repo1.maven.org/maven2/com/google/cloud/bigdataoss/gcs-connector/hadoop3-2.2.22/gcs-connector-hadoop3-2.2.22.jar ...
[2026-07-27T06:19:32.297+0000] {subprocess.py:93} INFO - 	[SUCCESSFUL ] com.google.cloud.bigdataoss#gcs-connector;hadoop3-2.2.22!gcs-connector.jar (713ms)
[2026-07-27T06:19:32.514+0000] {subprocess.py:93} INFO - downloading https://repo1.maven.org/maven2/com/google/cloud/spark/spark-bigquery-with-dependencies_2.12/0.34.0/spark-bigquery-with-dependencies_2.12-0.34.0.jar ...
[2026-07-27T06:20:26.850+0000] {subprocess.py:93} INFO - 	[SUCCESSFUL ] com.google.cloud.spark#spark-bigquery-with-dependencies_2.12;0.34.0!spark-bigquery-with-dependencies_2.12.jar (54541ms)
[2026-07-27T06:20:27.091+0000] {subprocess.py:93} INFO - downloading https://repo1.maven.org/maven2/com/google/api-client/google-api-client-jackson2/2.0.1/google-api-client-jackson2-2.0.1.jar ...
[2026-07-27T06:20:27.333+0000] {subprocess.py:93} INFO - 	[SUCCESSFUL ] com.google.api-client#google-api-client-jackson2;2.0.1!google-api-client-jackson2.jar (475ms)
[2026-07-27T06:20:27.568+0000] {subprocess.py:93} INFO - downloading https://repo1.maven.org/maven2/com/google/guava/guava/33.1.0-jre/guava-33.1.0-jre.jar ...
[2026-07-27T06:20:31.505+0000] {subprocess.py:93} INFO - 	[SUCCESSFUL ] com.google.guava#guava;33.1.0-jre!guava.jar(bundle) (4164ms)
[2026-07-27T06:20:31.725+0000] {subprocess.py:93} INFO - downloading https://repo1.maven.org/maven2/com/google/oauth-client/google-oauth-client/1.34.1/google-oauth-client-1.34.1.jar ...
[2026-07-27T06:20:32.063+0000] {subprocess.py:93} INFO - 	[SUCCESSFUL ] com.google.oauth-client#google-oauth-client;1.34.1!google-oauth-client.jar (552ms)
[2026-07-27T06:20:32.293+0000] {subprocess.py:93} INFO - downloading https://repo1.maven.org/maven2/com/google/cloud/bigdataoss/util/2.2.22/util-2.2.22.jar ...
[2026-07-27T06:20:32.699+0000] {subprocess.py:93} INFO - 	[SUCCESSFUL ] com.google.cloud.bigdataoss#util;2.2.22!util.jar (631ms)
[2026-07-27T06:20:32.927+0000] {subprocess.py:93} INFO - downloading https://repo1.maven.org/maven2/com/google/cloud/bigdataoss/util-hadoop/hadoop3-2.2.22/util-hadoop-hadoop3-2.2.22.jar ...
[2026-07-27T06:20:33.210+0000] {subprocess.py:93} INFO - 	[SUCCESSFUL ] com.google.cloud.bigdataoss#util-hadoop;hadoop3-2.2.22!util-hadoop.jar (507ms)
[2026-07-27T06:20:33.444+0000] {subprocess.py:93} INFO - downloading https://repo1.maven.org/maven2/com/google/cloud/bigdataoss/gcsio/2.2.22/gcsio-2.2.22.jar ...
[2026-07-27T06:20:34.127+0000] {subprocess.py:93} INFO - 	[SUCCESSFUL ] com.google.cloud.bigdataoss#gcsio;2.2.22!gcsio.jar (913ms)
[2026-07-27T06:20:34.365+0000] {subprocess.py:93} INFO - downloading https://repo1.maven.org/maven2/com/google/auto/value/auto-value-annotations/1.10.4/auto-value-annotations-1.10.4.jar ...
[2026-07-27T06:20:34.590+0000] {subprocess.py:93} INFO - 	[SUCCESSFUL ] com.google.auto.value#auto-value-annotations;1.10.4!auto-value-annotations.jar (458ms)
[2026-07-27T06:20:34.804+0000] {subprocess.py:93} INFO - downloading https://repo1.maven.org/maven2/com/google/flogger/flogger/0.7.1/flogger-0.7.1.jar ...
[2026-07-27T06:20:35.264+0000] {subprocess.py:93} INFO - 	[SUCCESSFUL ] com.google.flogger#flogger;0.7.1!flogger.jar (670ms)
[2026-07-27T06:20:35.485+0000] {subprocess.py:93} INFO - downloading https://repo1.maven.org/maven2/com/google/flogger/google-extensions/0.7.1/google-extensions-0.7.1.jar ...
[2026-07-27T06:20:35.734+0000] {subprocess.py:93} INFO - 	[SUCCESSFUL ] com.google.flogger#google-extensions;0.7.1!google-extensions.jar (467ms)
[2026-07-27T06:20:35.965+0000] {subprocess.py:93} INFO - downloading https://repo1.maven.org/maven2/com/google/code/gson/gson/2.8.9/gson-2.8.9.jar ...
[2026-07-27T06:20:36.534+0000] {subprocess.py:93} INFO - 	[SUCCESSFUL ] com.google.code.gson#gson;2.8.9!gson.jar (795ms)
[2026-07-27T06:20:36.764+0000] {subprocess.py:93} INFO - downloading https://repo1.maven.org/maven2/org/apache/httpcomponents/httpclient/4.5.13/httpclient-4.5.13.jar ...
[2026-07-27T06:20:38.017+0000] {subprocess.py:93} INFO - 	[SUCCESSFUL ] org.apache.httpcomponents#httpclient;4.5.13!httpclient.jar (1475ms)
[2026-07-27T06:20:38.245+0000] {subprocess.py:93} INFO - downloading https://repo1.maven.org/maven2/com/google/code/findbugs/jsr305/3.0.2/jsr305-3.0.2.jar ...
[2026-07-27T06:20:38.498+0000] {subprocess.py:93} INFO - 	[SUCCESSFUL ] com.google.code.findbugs#jsr305;3.0.2!jsr305.jar (476ms)
[2026-07-27T06:20:38.725+0000] {subprocess.py:93} INFO - downloading https://repo1.maven.org/maven2/io/opencensus/opencensus-api/0.31.1/opencensus-api-0.31.1.jar ...
[2026-07-27T06:20:39.528+0000] {subprocess.py:93} INFO - 	[SUCCESSFUL ] io.opencensus#opencensus-api;0.31.1!opencensus-api.jar (1025ms)
[2026-07-27T06:20:39.763+0000] {subprocess.py:93} INFO - downloading https://repo1.maven.org/maven2/io/opencensus/opencensus-contrib-http-util/0.31.1/opencensus-contrib-http-util-0.31.1.jar ...
[2026-07-27T06:20:40.046+0000] {subprocess.py:93} INFO - 	[SUCCESSFUL ] io.opencensus#opencensus-contrib-http-util;0.31.1!opencensus-contrib-http-util.jar (514ms)
[2026-07-27T06:20:40.286+0000] {subprocess.py:93} INFO - downloading https://repo1.maven.org/maven2/commons-logging/commons-logging/1.2/commons-logging-1.2.jar ...
[2026-07-27T06:20:40.627+0000] {subprocess.py:93} INFO - 	[SUCCESSFUL ] commons-logging#commons-logging;1.2!commons-logging.jar (576ms)
[2026-07-27T06:20:40.840+0000] {subprocess.py:93} INFO - downloading https://repo1.maven.org/maven2/com/google/guava/failureaccess/1.0.2/failureaccess-1.0.2.jar ...
[2026-07-27T06:20:41.064+0000] {subprocess.py:93} INFO - 	[SUCCESSFUL ] com.google.guava#failureaccess;1.0.2!failureaccess.jar(bundle) (434ms)
[2026-07-27T06:20:41.326+0000] {subprocess.py:93} INFO - downloading https://repo1.maven.org/maven2/com/google/guava/listenablefuture/9999.0-empty-to-avoid-conflict-with-guava/listenablefuture-9999.0-empty-to-avoid-conflict-with-guava.jar ...
[2026-07-27T06:20:41.568+0000] {subprocess.py:93} INFO - 	[SUCCESSFUL ] com.google.guava#listenablefuture;9999.0-empty-to-avoid-conflict-with-guava!listenablefuture.jar (491ms)
[2026-07-27T06:20:41.806+0000] {subprocess.py:93} INFO - downloading https://repo1.maven.org/maven2/org/checkerframework/checker-qual/3.42.0/checker-qual-3.42.0.jar ...
[2026-07-27T06:20:42.341+0000] {subprocess.py:93} INFO - 	[SUCCESSFUL ] org.checkerframework#checker-qual;3.42.0!checker-qual.jar (763ms)
[2026-07-27T06:20:42.567+0000] {subprocess.py:93} INFO - downloading https://repo1.maven.org/maven2/io/grpc/grpc-context/1.62.2/grpc-context-1.62.2.jar ...
[2026-07-27T06:20:42.783+0000] {subprocess.py:93} INFO - 	[SUCCESSFUL ] io.grpc#grpc-context;1.62.2!grpc-context.jar (431ms)
[2026-07-27T06:20:43.006+0000] {subprocess.py:93} INFO - downloading https://repo1.maven.org/maven2/io/grpc/grpc-api/1.62.2/grpc-api-1.62.2.jar ...
[2026-07-27T06:20:43.645+0000] {subprocess.py:93} INFO - 	[SUCCESSFUL ] io.grpc#grpc-api;1.62.2!grpc-api.jar (857ms)
[2026-07-27T06:20:43.855+0000] {subprocess.py:93} INFO - downloading https://repo1.maven.org/maven2/com/google/http-client/google-http-client-jackson2/1.42.3/google-http-client-jackson2-1.42.3.jar ...
[2026-07-27T06:20:44.099+0000] {subprocess.py:93} INFO - 	[SUCCESSFUL ] com.google.http-client#google-http-client-jackson2;1.42.3!google-http-client-jackson2.jar (452ms)
[2026-07-27T06:20:44.311+0000] {subprocess.py:93} INFO - downloading https://repo1.maven.org/maven2/com/google/apis/google-api-services-iamcredentials/v1-rev20211203-2.0.0/google-api-services-iamcredentials-v1-rev20211203-2.0.0.jar ...
[2026-07-27T06:20:44.579+0000] {subprocess.py:93} INFO - 	[SUCCESSFUL ] com.google.apis#google-api-services-iamcredentials;v1-rev20211203-2.0.0!google-api-services-iamcredentials.jar (477ms)
[2026-07-27T06:20:44.846+0000] {subprocess.py:93} INFO - downloading https://repo1.maven.org/maven2/com/google/apis/google-api-services-storage/v1-rev20240105-2.0.0/google-api-services-storage-v1-rev20240105-2.0.0.jar ...
[2026-07-27T06:20:45.410+0000] {subprocess.py:93} INFO - 	[SUCCESSFUL ] com.google.apis#google-api-services-storage;v1-rev20240105-2.0.0!google-api-services-storage.jar (828ms)
[2026-07-27T06:20:45.641+0000] {subprocess.py:93} INFO - downloading https://repo1.maven.org/maven2/com/google/auth/google-auth-library-oauth2-http/1.22.0/google-auth-library-oauth2-http-1.22.0.jar ...
[2026-07-27T06:20:46.286+0000] {subprocess.py:93} INFO - 	[SUCCESSFUL ] com.google.auth#google-auth-library-oauth2-http;1.22.0!google-auth-library-oauth2-http.jar (868ms)
[2026-07-27T06:20:46.528+0000] {subprocess.py:93} INFO - downloading https://repo1.maven.org/maven2/org/apache/httpcomponents/httpcore/4.4.16/httpcore-4.4.16.jar ...
[2026-07-27T06:20:47.337+0000] {subprocess.py:93} INFO - 	[SUCCESSFUL ] org.apache.httpcomponents#httpcore;4.4.16!httpcore.jar (1043ms)
[2026-07-27T06:20:47.566+0000] {subprocess.py:93} INFO - downloading https://repo1.maven.org/maven2/com/google/auth/google-auth-library-credentials/1.22.0/google-auth-library-credentials-1.22.0.jar ...
[2026-07-27T06:20:47.816+0000] {subprocess.py:93} INFO - 	[SUCCESSFUL ] com.google.auth#google-auth-library-credentials;1.22.0!google-auth-library-credentials.jar (475ms)
[2026-07-27T06:20:48.046+0000] {subprocess.py:93} INFO - downloading https://repo1.maven.org/maven2/com/google/flogger/flogger-system-backend/0.7.1/flogger-system-backend-0.7.1.jar ...
[2026-07-27T06:20:48.322+0000] {subprocess.py:93} INFO - 	[SUCCESSFUL ] com.google.flogger#flogger-system-backend;0.7.1!flogger-system-backend.jar (502ms)
[2026-07-27T06:20:48.566+0000] {subprocess.py:93} INFO - downloading https://repo1.maven.org/maven2/org/checkerframework/checker-compat-qual/2.5.3/checker-compat-qual-2.5.3.jar ...
[2026-07-27T06:20:48.825+0000] {subprocess.py:93} INFO - 	[SUCCESSFUL ] org.checkerframework#checker-compat-qual;2.5.3!checker-compat-qual.jar (500ms)
[2026-07-27T06:20:49.046+0000] {subprocess.py:93} INFO - downloading https://repo1.maven.org/maven2/io/grpc/grpc-alts/1.62.2/grpc-alts-1.62.2.jar ...
[2026-07-27T06:20:49.673+0000] {subprocess.py:93} INFO - 	[SUCCESSFUL ] io.grpc#grpc-alts;1.62.2!grpc-alts.jar (841ms)
[2026-07-27T06:20:49.893+0000] {subprocess.py:93} INFO - downloading https://repo1.maven.org/maven2/io/grpc/grpc-core/1.62.2/grpc-core-1.62.2.jar ...
[2026-07-27T06:20:51.051+0000] {subprocess.py:93} INFO - 	[SUCCESSFUL ] io.grpc#grpc-core;1.62.2!grpc-core.jar (1377ms)
[2026-07-27T06:20:51.270+0000] {subprocess.py:93} INFO - downloading https://repo1.maven.org/maven2/io/grpc/grpc-census/1.62.2/grpc-census-1.62.2.jar ...
[2026-07-27T06:20:51.556+0000] {subprocess.py:93} INFO - 	[SUCCESSFUL ] io.grpc#grpc-census;1.62.2!grpc-census.jar (502ms)
[2026-07-27T06:20:51.767+0000] {subprocess.py:93} INFO - downloading https://repo1.maven.org/maven2/io/grpc/grpc-protobuf/1.62.2/grpc-protobuf-1.62.2.jar ...
[2026-07-27T06:20:51.989+0000] {subprocess.py:93} INFO - 	[SUCCESSFUL ] io.grpc#grpc-protobuf;1.62.2!grpc-protobuf.jar (430ms)
[2026-07-27T06:20:52.206+0000] {subprocess.py:93} INFO - downloading https://repo1.maven.org/maven2/com/google/cloud/google-cloud-storage/2.37.0/google-cloud-storage-2.37.0.jar ...
[2026-07-27T06:20:54.032+0000] {subprocess.py:93} INFO - 	[SUCCESSFUL ] com.google.cloud#google-cloud-storage;2.37.0!google-cloud-storage.jar (2040ms)
[2026-07-27T06:20:54.247+0000] {subprocess.py:93} INFO - downloading https://repo1.maven.org/maven2/com/google/cloud/google-cloud-storage-control/2.37.0-alpha/google-cloud-storage-control-2.37.0-alpha.jar ...
[2026-07-27T06:20:54.613+0000] {subprocess.py:93} INFO - 	[SUCCESSFUL ] com.google.cloud#google-cloud-storage-control;2.37.0-alpha!google-cloud-storage-control.jar (577ms)
[2026-07-27T06:20:54.846+0000] {subprocess.py:93} INFO - downloading https://repo1.maven.org/maven2/com/google/api/grpc/grpc-google-cloud-storage-v2/2.37.0-alpha/grpc-google-cloud-storage-v2-2.37.0-alpha.jar ...
[2026-07-27T06:20:55.104+0000] {subprocess.py:93} INFO - 	[SUCCESSFUL ] com.google.api.grpc#grpc-google-cloud-storage-v2;2.37.0-alpha!grpc-google-cloud-storage-v2.jar (487ms)
[2026-07-27T06:20:55.342+0000] {subprocess.py:93} INFO - downloading https://repo1.maven.org/maven2/io/grpc/grpc-stub/1.62.2/grpc-stub-1.62.2.jar ...
[2026-07-27T06:20:55.667+0000] {subprocess.py:93} INFO - 	[SUCCESSFUL ] io.grpc#grpc-stub;1.62.2!grpc-stub.jar (560ms)
[2026-07-27T06:20:55.887+0000] {subprocess.py:93} INFO - downloading https://repo1.maven.org/maven2/io/grpc/grpc-xds/1.62.2/grpc-xds-1.62.2.jar ...
[2026-07-27T06:21:15.374+0000] {subprocess.py:93} INFO - 	[SUCCESSFUL ] io.grpc#grpc-xds;1.62.2!grpc-xds.jar (19704ms)
[2026-07-27T06:21:15.605+0000] {subprocess.py:93} INFO - downloading https://repo1.maven.org/maven2/com/google/api/grpc/proto-google-iam-v1/1.1.7/proto-google-iam-v1-1.1.7.jar ...
[2026-07-27T06:21:15.991+0000] {subprocess.py:93} INFO - 	[SUCCESSFUL ] com.google.api.grpc#proto-google-iam-v1;1.1.7!proto-google-iam-v1.jar (610ms)
[2026-07-27T06:21:16.206+0000] {subprocess.py:93} INFO - downloading https://repo1.maven.org/maven2/com/google/protobuf/protobuf-java/3.25.3/protobuf-java-3.25.3.jar ...
[2026-07-27T06:21:18.950+0000] {subprocess.py:93} INFO - 	[SUCCESSFUL ] com.google.protobuf#protobuf-java;3.25.3!protobuf-java.jar (2953ms)
[2026-07-27T06:21:19.205+0000] {subprocess.py:93} INFO - downloading https://repo1.maven.org/maven2/com/google/protobuf/protobuf-java-util/3.25.3/protobuf-java-util-3.25.3.jar ...
[2026-07-27T06:21:19.562+0000] {subprocess.py:93} INFO - 	[SUCCESSFUL ] com.google.protobuf#protobuf-java-util;3.25.3!protobuf-java-util.jar (604ms)
[2026-07-27T06:21:19.805+0000] {subprocess.py:93} INFO - downloading https://repo1.maven.org/maven2/io/opencensus/opencensus-impl/0.31.0/opencensus-impl-0.31.0.jar ...
[2026-07-27T06:21:20.029+0000] {subprocess.py:93} INFO - 	[SUCCESSFUL ] io.opencensus#opencensus-impl;0.31.0!opencensus-impl.jar (463ms)
[2026-07-27T06:21:20.246+0000] {subprocess.py:93} INFO - downloading https://repo1.maven.org/maven2/io/opencensus/opencensus-exporter-stats-stackdriver/0.31.0/opencensus-exporter-stats-stackdriver-0.31.0.jar ...
[2026-07-27T06:21:20.542+0000] {subprocess.py:93} INFO - 	[SUCCESSFUL ] io.opencensus#opencensus-exporter-stats-stackdriver;0.31.0!opencensus-exporter-stats-stackdriver.jar (510ms)
[2026-07-27T06:21:20.766+0000] {subprocess.py:93} INFO - downloading https://repo1.maven.org/maven2/io/opencensus/opencensus-contrib-grpc-metrics/0.31.0/opencensus-contrib-grpc-metrics-0.31.0.jar ...
[2026-07-27T06:21:21.035+0000] {subprocess.py:93} INFO - 	[SUCCESSFUL ] io.opencensus#opencensus-contrib-grpc-metrics;0.31.0!opencensus-contrib-grpc-metrics.jar (479ms)
[2026-07-27T06:21:21.286+0000] {subprocess.py:93} INFO - downloading https://repo1.maven.org/maven2/com/google/cloud/google-cloud-core/2.5.4/google-cloud-core-2.5.4.jar ...
[2026-07-27T06:21:21.699+0000] {subprocess.py:93} INFO - 	[SUCCESSFUL ] com.google.cloud#google-cloud-core;2.5.4!google-cloud-core.jar (659ms)
[2026-07-27T06:21:21.925+0000] {subprocess.py:93} INFO - downloading https://repo1.maven.org/maven2/com/google/api/gax-grpc/2.42.0/gax-grpc-2.42.0.jar ...
[2026-07-27T06:21:22.309+0000] {subprocess.py:93} INFO - 	[SUCCESSFUL ] com.google.api#gax-grpc;2.42.0!gax-grpc.jar (606ms)
[2026-07-27T06:21:22.525+0000] {subprocess.py:93} INFO - downloading https://repo1.maven.org/maven2/io/grpc/grpc-auth/1.62.2/grpc-auth-1.62.2.jar ...
[2026-07-27T06:21:22.818+0000] {subprocess.py:93} INFO - 	[SUCCESSFUL ] io.grpc#grpc-auth;1.62.2!grpc-auth.jar (500ms)
[2026-07-27T06:21:23.046+0000] {subprocess.py:93} INFO - downloading https://repo1.maven.org/maven2/io/grpc/grpc-grpclb/1.62.2/grpc-grpclb-1.62.2.jar ...
[2026-07-27T06:21:23.487+0000] {subprocess.py:93} INFO - 	[SUCCESSFUL ] io.grpc#grpc-grpclb;1.62.2!grpc-grpclb.jar (666ms)
[2026-07-27T06:21:23.726+0000] {subprocess.py:93} INFO - downloading https://repo1.maven.org/maven2/org/conscrypt/conscrypt-openjdk-uber/2.5.2/conscrypt-openjdk-uber-2.5.2.jar ...
[2026-07-27T06:21:29.522+0000] {subprocess.py:93} INFO - 	[SUCCESSFUL ] org.conscrypt#conscrypt-openjdk-uber;2.5.2!conscrypt-openjdk-uber.jar (6031ms)
[2026-07-27T06:21:29.738+0000] {subprocess.py:93} INFO - downloading https://repo1.maven.org/maven2/io/grpc/grpc-netty-shaded/1.62.2/grpc-netty-shaded-1.62.2.jar ...
[2026-07-27T06:21:43.058+0000] {subprocess.py:93} INFO - 	[SUCCESSFUL ] io.grpc#grpc-netty-shaded;1.62.2!grpc-netty-shaded.jar (13532ms)
[2026-07-27T06:21:43.289+0000] {subprocess.py:93} INFO - downloading https://repo1.maven.org/maven2/com/google/errorprone/error_prone_annotations/2.26.1/error_prone_annotations-2.26.1.jar ...
[2026-07-27T06:21:43.977+0000] {subprocess.py:93} INFO - 	[SUCCESSFUL ] com.google.errorprone#error_prone_annotations;2.26.1!error_prone_annotations.jar (913ms)
[2026-07-27T06:21:44.244+0000] {subprocess.py:93} INFO - downloading https://repo1.maven.org/maven2/com/google/j2objc/j2objc-annotations/3.0.0/j2objc-annotations-3.0.0.jar ...
[2026-07-27T06:21:44.508+0000] {subprocess.py:93} INFO - 	[SUCCESSFUL ] com.google.j2objc#j2objc-annotations;3.0.0!j2objc-annotations.jar (515ms)
[2026-07-27T06:21:44.724+0000] {subprocess.py:93} INFO - downloading https://repo1.maven.org/maven2/com/google/http-client/google-http-client/1.44.1/google-http-client-1.44.1.jar ...
[2026-07-27T06:21:45.306+0000] {subprocess.py:93} INFO - 	[SUCCESSFUL ] com.google.http-client#google-http-client;1.44.1!google-http-client.jar (795ms)
[2026-07-27T06:21:45.525+0000] {subprocess.py:93} INFO - downloading https://repo1.maven.org/maven2/com/google/http-client/google-http-client-gson/1.44.1/google-http-client-gson-1.44.1.jar ...
[2026-07-27T06:21:45.778+0000] {subprocess.py:93} INFO - 	[SUCCESSFUL ] com.google.http-client#google-http-client-gson;1.44.1!google-http-client-gson.jar (469ms)
[2026-07-27T06:21:46.004+0000] {subprocess.py:93} INFO - downloading https://repo1.maven.org/maven2/com/google/api-client/google-api-client/2.4.0/google-api-client-2.4.0.jar ...
[2026-07-27T06:21:46.553+0000] {subprocess.py:93} INFO - 	[SUCCESSFUL ] com.google.api-client#google-api-client;2.4.0!google-api-client.jar (769ms)
[2026-07-27T06:21:46.765+0000] {subprocess.py:93} INFO - downloading https://repo1.maven.org/maven2/commons-codec/commons-codec/1.16.1/commons-codec-1.16.1.jar ...
[2026-07-27T06:21:47.480+0000] {subprocess.py:93} INFO - 	[SUCCESSFUL ] commons-codec#commons-codec;1.16.1!commons-codec.jar (923ms)
[2026-07-27T06:21:47.725+0000] {subprocess.py:93} INFO - downloading https://repo1.maven.org/maven2/com/google/http-client/google-http-client-apache-v2/1.44.1/google-http-client-apache-v2-1.44.1.jar ...
[2026-07-27T06:21:47.984+0000] {subprocess.py:93} INFO - 	[SUCCESSFUL ] com.google.http-client#google-http-client-apache-v2;1.44.1!google-http-client-apache-v2.jar (499ms)
[2026-07-27T06:21:48.244+0000] {subprocess.py:93} INFO - downloading https://repo1.maven.org/maven2/com/google/cloud/google-cloud-core-http/2.37.0/google-cloud-core-http-2.37.0.jar ...
[2026-07-27T06:21:48.497+0000] {subprocess.py:93} INFO - 	[SUCCESSFUL ] com.google.cloud#google-cloud-core-http;2.37.0!google-cloud-core-http.jar (510ms)
[2026-07-27T06:21:48.724+0000] {subprocess.py:93} INFO - downloading https://repo1.maven.org/maven2/com/google/http-client/google-http-client-appengine/1.44.1/google-http-client-appengine-1.44.1.jar ...
[2026-07-27T06:21:49.002+0000] {subprocess.py:93} INFO - 	[SUCCESSFUL ] com.google.http-client#google-http-client-appengine;1.44.1!google-http-client-appengine.jar (501ms)
[2026-07-27T06:21:49.245+0000] {subprocess.py:93} INFO - downloading https://repo1.maven.org/maven2/com/google/api/gax-httpjson/2.47.0/gax-httpjson-2.47.0.jar ...
[2026-07-27T06:21:49.792+0000] {subprocess.py:93} INFO - 	[SUCCESSFUL ] com.google.api#gax-httpjson;2.47.0!gax-httpjson.jar (787ms)
[2026-07-27T06:21:50.167+0000] {subprocess.py:93} INFO - downloading https://repo1.maven.org/maven2/com/google/cloud/google-cloud-core-grpc/2.37.0/google-cloud-core-grpc-2.37.0.jar ...
[2026-07-27T06:21:50.434+0000] {subprocess.py:93} INFO - 	[SUCCESSFUL ] com.google.cloud#google-cloud-core-grpc;2.37.0!google-cloud-core-grpc.jar (638ms)
[2026-07-27T06:21:50.685+0000] {subprocess.py:93} INFO - downloading https://repo1.maven.org/maven2/com/google/api/gax/2.47.0/gax-2.47.0.jar ...
[2026-07-27T06:21:51.564+0000] {subprocess.py:93} INFO - 	[SUCCESSFUL ] com.google.api#gax;2.47.0!gax.jar (1127ms)
[2026-07-27T06:21:51.845+0000] {subprocess.py:93} INFO - downloading https://repo1.maven.org/maven2/io/opentelemetry/opentelemetry-api/1.37.0/opentelemetry-api-1.37.0.jar ...
[2026-07-27T06:21:52.302+0000] {subprocess.py:93} INFO - 	[SUCCESSFUL ] io.opentelemetry#opentelemetry-api;1.37.0!opentelemetry-api.jar (731ms)
[2026-07-27T06:21:52.526+0000] {subprocess.py:93} INFO - downloading https://repo1.maven.org/maven2/io/opentelemetry/opentelemetry-context/1.37.0/opentelemetry-context-1.37.0.jar ...
[2026-07-27T06:21:52.835+0000] {subprocess.py:93} INFO - 	[SUCCESSFUL ] io.opentelemetry#opentelemetry-context;1.37.0!opentelemetry-context.jar (532ms)
[2026-07-27T06:21:53.046+0000] {subprocess.py:93} INFO - downloading https://repo1.maven.org/maven2/io/grpc/grpc-inprocess/1.62.2/grpc-inprocess-1.62.2.jar ...
[2026-07-27T06:21:53.343+0000] {subprocess.py:93} INFO - 	[SUCCESSFUL ] io.grpc#grpc-inprocess;1.62.2!grpc-inprocess.jar (505ms)
[2026-07-27T06:21:53.565+0000] {subprocess.py:93} INFO - downloading https://repo1.maven.org/maven2/com/google/api/api-common/2.30.0/api-common-2.30.0.jar ...
[2026-07-27T06:21:53.928+0000] {subprocess.py:93} INFO - 	[SUCCESSFUL ] com.google.api#api-common;2.30.0!api-common.jar (584ms)
[2026-07-27T06:21:54.138+0000] {subprocess.py:93} INFO - downloading https://repo1.maven.org/maven2/javax/annotation/javax.annotation-api/1.3.2/javax.annotation-api-1.3.2.jar ...
[2026-07-27T06:21:54.417+0000] {subprocess.py:93} INFO - 	[SUCCESSFUL ] javax.annotation#javax.annotation-api;1.3.2!javax.annotation-api.jar (487ms)
[2026-07-27T06:21:54.644+0000] {subprocess.py:93} INFO - downloading https://repo1.maven.org/maven2/com/google/api/grpc/proto-google-common-protos/2.38.0/proto-google-common-protos-2.38.0.jar ...
[2026-07-27T06:21:58.839+0000] {subprocess.py:93} INFO - 	[SUCCESSFUL ] com.google.api.grpc#proto-google-common-protos;2.38.0!proto-google-common-protos.jar (4421ms)
[2026-07-27T06:21:59.090+0000] {subprocess.py:93} INFO - downloading https://repo1.maven.org/maven2/org/threeten/threetenbp/1.6.9/threetenbp-1.6.9.jar ...
[2026-07-27T06:22:00.091+0000] {subprocess.py:93} INFO - 	[SUCCESSFUL ] org.threeten#threetenbp;1.6.9!threetenbp.jar (1250ms)
[2026-07-27T06:22:00.322+0000] {subprocess.py:93} INFO - downloading https://repo1.maven.org/maven2/com/google/api/grpc/proto-google-cloud-storage-v2/2.37.0-alpha/proto-google-cloud-storage-v2-2.37.0-alpha.jar ...
[2026-07-27T06:22:01.898+0000] {subprocess.py:93} INFO - 	[SUCCESSFUL ] com.google.api.grpc#proto-google-cloud-storage-v2;2.37.0-alpha!proto-google-cloud-storage-v2.jar (1801ms)
[2026-07-27T06:22:02.124+0000] {subprocess.py:93} INFO - downloading https://repo1.maven.org/maven2/com/google/api/grpc/gapic-google-cloud-storage-v2/2.37.0-alpha/gapic-google-cloud-storage-v2-2.37.0-alpha.jar ...
[2026-07-27T06:22:02.515+0000] {subprocess.py:93} INFO - 	[SUCCESSFUL ] com.google.api.grpc#gapic-google-cloud-storage-v2;2.37.0-alpha!gapic-google-cloud-storage-v2.jar (619ms)
[2026-07-27T06:22:02.725+0000] {subprocess.py:93} INFO - downloading https://repo1.maven.org/maven2/com/fasterxml/jackson/core/jackson-core/2.17.0/jackson-core-2.17.0.jar ...
[2026-07-27T06:22:04.386+0000] {subprocess.py:93} INFO - 	[SUCCESSFUL ] com.fasterxml.jackson.core#jackson-core;2.17.0!jackson-core.jar (1870ms)
[2026-07-27T06:22:04.614+0000] {subprocess.py:93} INFO - downloading https://repo1.maven.org/maven2/com/google/api/grpc/proto-google-cloud-storage-control-v2/2.37.0-alpha/proto-google-cloud-storage-control-v2-2.37.0-alpha.jar ...
[2026-07-27T06:22:05.349+0000] {subprocess.py:93} INFO - 	[SUCCESSFUL ] com.google.api.grpc#proto-google-cloud-storage-control-v2;2.37.0-alpha!proto-google-cloud-storage-control-v2.jar (961ms)
[2026-07-27T06:22:05.564+0000] {subprocess.py:93} INFO - downloading https://repo1.maven.org/maven2/io/opencensus/opencensus-proto/0.2.0/opencensus-proto-0.2.0.jar ...
[2026-07-27T06:22:07.009+0000] {subprocess.py:93} INFO - 	[SUCCESSFUL ] io.opencensus#opencensus-proto;0.2.0!opencensus-proto.jar (1659ms)
[2026-07-27T06:22:07.243+0000] {subprocess.py:93} INFO - downloading https://repo1.maven.org/maven2/io/grpc/grpc-util/1.62.2/grpc-util-1.62.2.jar ...
[2026-07-27T06:22:07.657+0000] {subprocess.py:93} INFO - 	[SUCCESSFUL ] io.grpc#grpc-util;1.62.2!grpc-util.jar (645ms)
[2026-07-27T06:22:07.871+0000] {subprocess.py:93} INFO - downloading https://repo1.maven.org/maven2/io/grpc/grpc-services/1.62.2/grpc-services-1.62.2.jar ...
[2026-07-27T06:22:09.283+0000] {subprocess.py:93} INFO - 	[SUCCESSFUL ] io.grpc#grpc-services;1.62.2!grpc-services.jar (1625ms)
[2026-07-27T06:22:09.496+0000] {subprocess.py:93} INFO - downloading https://repo1.maven.org/maven2/com/google/re2j/re2j/1.7/re2j-1.7.jar ...
[2026-07-27T06:22:09.872+0000] {subprocess.py:93} INFO - 	[SUCCESSFUL ] com.google.re2j#re2j;1.7!re2j.jar (586ms)
[2026-07-27T06:22:10.083+0000] {subprocess.py:93} INFO - downloading https://repo1.maven.org/maven2/io/opencensus/opencensus-impl-core/0.31.0/opencensus-impl-core-0.31.0.jar ...
[2026-07-27T06:22:10.631+0000] {subprocess.py:93} INFO - 	[SUCCESSFUL ] io.opencensus#opencensus-impl-core;0.31.0!opencensus-impl-core.jar (757ms)
[2026-07-27T06:22:10.843+0000] {subprocess.py:93} INFO - downloading https://repo1.maven.org/maven2/com/lmax/disruptor/3.4.2/disruptor-3.4.2.jar ...
[2026-07-27T06:22:11.189+0000] {subprocess.py:93} INFO - 	[SUCCESSFUL ] com.lmax#disruptor;3.4.2!disruptor.jar (557ms)
[2026-07-27T06:22:11.403+0000] {subprocess.py:93} INFO - downloading https://repo1.maven.org/maven2/io/opencensus/opencensus-contrib-exemplar-util/0.31.0/opencensus-contrib-exemplar-util-0.31.0.jar ...
[2026-07-27T06:22:11.656+0000] {subprocess.py:93} INFO - 	[SUCCESSFUL ] io.opencensus#opencensus-contrib-exemplar-util;0.31.0!opencensus-contrib-exemplar-util.jar (466ms)
[2026-07-27T06:22:11.883+0000] {subprocess.py:93} INFO - downloading https://repo1.maven.org/maven2/io/opencensus/opencensus-contrib-resource-util/0.31.0/opencensus-contrib-resource-util-0.31.0.jar ...
[2026-07-27T06:22:12.148+0000] {subprocess.py:93} INFO - 	[SUCCESSFUL ] io.opencensus#opencensus-contrib-resource-util;0.31.0!opencensus-contrib-resource-util.jar (489ms)
[2026-07-27T06:22:12.372+0000] {subprocess.py:93} INFO - downloading https://repo1.maven.org/maven2/io/opencensus/opencensus-exporter-metrics-util/0.31.0/opencensus-exporter-metrics-util-0.31.0.jar ...
[2026-07-27T06:22:12.618+0000] {subprocess.py:93} INFO - 	[SUCCESSFUL ] io.opencensus#opencensus-exporter-metrics-util;0.31.0!opencensus-exporter-metrics-util.jar (469ms)
[2026-07-27T06:22:12.843+0000] {subprocess.py:93} INFO - downloading https://repo1.maven.org/maven2/com/google/cloud/google-cloud-monitoring/1.82.0/google-cloud-monitoring-1.82.0.jar ...
[2026-07-27T06:22:13.341+0000] {subprocess.py:93} INFO - 	[SUCCESSFUL ] com.google.cloud#google-cloud-monitoring;1.82.0!google-cloud-monitoring.jar (720ms)
[2026-07-27T06:22:13.578+0000] {subprocess.py:93} INFO - downloading https://repo1.maven.org/maven2/com/google/api/grpc/proto-google-cloud-monitoring-v3/1.64.0/proto-google-cloud-monitoring-v3-1.64.0.jar ...
[2026-07-27T06:22:17.075+0000] {subprocess.py:93} INFO - 	[SUCCESSFUL ] com.google.api.grpc#proto-google-cloud-monitoring-v3;1.64.0!proto-google-cloud-monitoring-v3.jar (3733ms)
[2026-07-27T06:22:17.288+0000] {subprocess.py:93} INFO - downloading https://repo1.maven.org/maven2/com/google/android/annotations/4.1.1.4/annotations-4.1.1.4.jar ...
[2026-07-27T06:22:17.530+0000] {subprocess.py:93} INFO - 	[SUCCESSFUL ] com.google.android#annotations;4.1.1.4!annotations.jar (452ms)
[2026-07-27T06:22:17.749+0000] {subprocess.py:93} INFO - downloading https://repo1.maven.org/maven2/org/codehaus/mojo/animal-sniffer-annotations/1.23/animal-sniffer-annotations-1.23.jar ...
[2026-07-27T06:22:17.972+0000] {subprocess.py:93} INFO - 	[SUCCESSFUL ] org.codehaus.mojo#animal-sniffer-annotations;1.23!animal-sniffer-annotations.jar (438ms)
[2026-07-27T06:22:18.204+0000] {subprocess.py:93} INFO - downloading https://repo1.maven.org/maven2/io/grpc/grpc-protobuf-lite/1.62.2/grpc-protobuf-lite-1.62.2.jar ...
[2026-07-27T06:22:18.440+0000] {subprocess.py:93} INFO - 	[SUCCESSFUL ] io.grpc#grpc-protobuf-lite;1.62.2!grpc-protobuf-lite.jar (465ms)
[2026-07-27T06:22:18.651+0000] {subprocess.py:93} INFO - downloading https://repo1.maven.org/maven2/io/perfmark/perfmark-api/0.27.0/perfmark-api-0.27.0.jar ...
[2026-07-27T06:22:18.893+0000] {subprocess.py:93} INFO - 	[SUCCESSFUL ] io.perfmark#perfmark-api;0.27.0!perfmark-api.jar (452ms)
[2026-07-27T06:22:19.127+0000] {subprocess.py:93} INFO - downloading https://repo1.maven.org/maven2/io/grpc/grpc-googleapis/1.62.2/grpc-googleapis-1.62.2.jar ...
[2026-07-27T06:22:19.396+0000] {subprocess.py:93} INFO - 	[SUCCESSFUL ] io.grpc#grpc-googleapis;1.62.2!grpc-googleapis.jar (501ms)
[2026-07-27T06:22:19.614+0000] {subprocess.py:93} INFO - downloading https://repo1.maven.org/maven2/io/grpc/grpc-rls/1.62.2/grpc-rls-1.62.2.jar ...
[2026-07-27T06:22:20.167+0000] {subprocess.py:93} INFO - 	[SUCCESSFUL ] io.grpc#grpc-rls;1.62.2!grpc-rls.jar (767ms)
[2026-07-27T06:22:20.179+0000] {subprocess.py:93} INFO - :: resolution report :: resolve 212263ms :: artifacts dl 168593ms
[2026-07-27T06:22:20.205+0000] {subprocess.py:93} INFO - 	:: modules in use:
[2026-07-27T06:22:20.221+0000] {subprocess.py:93} INFO - 	com.fasterxml.jackson.core#jackson-core;2.17.0 from central in [default]
[2026-07-27T06:22:20.238+0000] {subprocess.py:93} INFO - 	com.google.android#annotations;4.1.1.4 from central in [default]
[2026-07-27T06:22:20.253+0000] {subprocess.py:93} INFO - 	com.google.api#api-common;2.30.0 from central in [default]
[2026-07-27T06:22:20.258+0000] {subprocess.py:93} INFO - 	com.google.api#gax;2.47.0 from central in [default]
[2026-07-27T06:22:20.260+0000] {subprocess.py:93} INFO - 	com.google.api#gax-grpc;2.42.0 from central in [default]
[2026-07-27T06:22:20.271+0000] {subprocess.py:93} INFO - 	com.google.api#gax-httpjson;2.47.0 from central in [default]
[2026-07-27T06:22:20.285+0000] {subprocess.py:93} INFO - 	com.google.api-client#google-api-client;2.4.0 from central in [default]
[2026-07-27T06:22:20.291+0000] {subprocess.py:93} INFO - 	com.google.api-client#google-api-client-jackson2;2.0.1 from central in [default]
[2026-07-27T06:22:20.294+0000] {subprocess.py:93} INFO - 	com.google.api.grpc#gapic-google-cloud-storage-v2;2.37.0-alpha from central in [default]
[2026-07-27T06:22:20.306+0000] {subprocess.py:93} INFO - 	com.google.api.grpc#grpc-google-cloud-storage-v2;2.37.0-alpha from central in [default]
[2026-07-27T06:22:20.310+0000] {subprocess.py:93} INFO - 	com.google.api.grpc#proto-google-cloud-monitoring-v3;1.64.0 from central in [default]
[2026-07-27T06:22:20.326+0000] {subprocess.py:93} INFO - 	com.google.api.grpc#proto-google-cloud-storage-control-v2;2.37.0-alpha from central in [default]
[2026-07-27T06:22:20.533+0000] {subprocess.py:93} INFO - 	com.google.api.grpc#proto-google-cloud-storage-v2;2.37.0-alpha from central in [default]
[2026-07-27T06:22:20.642+0000] {subprocess.py:93} INFO - 	com.google.api.grpc#proto-google-common-protos;2.38.0 from central in [default]
[2026-07-27T06:22:20.705+0000] {subprocess.py:93} INFO - 	com.google.api.grpc#proto-google-iam-v1;1.1.7 from central in [default]
[2026-07-27T06:22:20.806+0000] {subprocess.py:93} INFO - 	com.google.apis#google-api-services-iamcredentials;v1-rev20211203-2.0.0 from central in [default]
[2026-07-27T06:22:20.908+0000] {subprocess.py:93} INFO - 	com.google.apis#google-api-services-storage;v1-rev20240105-2.0.0 from central in [default]
[2026-07-27T06:22:20.982+0000] {subprocess.py:93} INFO - 	com.google.auth#google-auth-library-credentials;1.22.0 from central in [default]
[2026-07-27T06:22:21.032+0000] {subprocess.py:93} INFO - 	com.google.auth#google-auth-library-oauth2-http;1.22.0 from central in [default]
[2026-07-27T06:22:21.068+0000] {subprocess.py:93} INFO - 	com.google.auto.value#auto-value-annotations;1.10.4 from central in [default]
[2026-07-27T06:22:21.074+0000] {subprocess.py:93} INFO - 	com.google.cloud#google-cloud-core;2.5.4 from central in [default]
[2026-07-27T06:22:21.100+0000] {subprocess.py:93} INFO - 	com.google.cloud#google-cloud-core-grpc;2.37.0 from central in [default]
[2026-07-27T06:22:21.180+0000] {subprocess.py:93} INFO - 	com.google.cloud#google-cloud-core-http;2.37.0 from central in [default]
[2026-07-27T06:22:21.202+0000] {subprocess.py:93} INFO - 	com.google.cloud#google-cloud-monitoring;1.82.0 from central in [default]
[2026-07-27T06:22:21.215+0000] {subprocess.py:93} INFO - 	com.google.cloud#google-cloud-storage;2.37.0 from central in [default]
[2026-07-27T06:22:21.217+0000] {subprocess.py:93} INFO - 	com.google.cloud#google-cloud-storage-control;2.37.0-alpha from central in [default]
[2026-07-27T06:22:21.229+0000] {subprocess.py:93} INFO - 	com.google.cloud.bigdataoss#gcs-connector;hadoop3-2.2.22 from central in [default]
[2026-07-27T06:22:21.231+0000] {subprocess.py:93} INFO - 	com.google.cloud.bigdataoss#gcsio;2.2.22 from central in [default]
[2026-07-27T06:22:21.234+0000] {subprocess.py:93} INFO - 	com.google.cloud.bigdataoss#util;2.2.22 from central in [default]
[2026-07-27T06:22:21.246+0000] {subprocess.py:93} INFO - 	com.google.cloud.bigdataoss#util-hadoop;hadoop3-2.2.22 from central in [default]
[2026-07-27T06:22:21.249+0000] {subprocess.py:93} INFO - 	com.google.cloud.spark#spark-bigquery-with-dependencies_2.12;0.34.0 from central in [default]
[2026-07-27T06:22:21.263+0000] {subprocess.py:93} INFO - 	com.google.code.findbugs#jsr305;3.0.2 from central in [default]
[2026-07-27T06:22:21.265+0000] {subprocess.py:93} INFO - 	com.google.code.gson#gson;2.8.9 from central in [default]
[2026-07-27T06:22:21.273+0000] {subprocess.py:93} INFO - 	com.google.errorprone#error_prone_annotations;2.26.1 from central in [default]
[2026-07-27T06:22:21.279+0000] {subprocess.py:93} INFO - 	com.google.flogger#flogger;0.7.1 from central in [default]
[2026-07-27T06:22:21.282+0000] {subprocess.py:93} INFO - 	com.google.flogger#flogger-system-backend;0.7.1 from central in [default]
[2026-07-27T06:22:21.295+0000] {subprocess.py:93} INFO - 	com.google.flogger#google-extensions;0.7.1 from central in [default]
[2026-07-27T06:22:21.297+0000] {subprocess.py:93} INFO - 	com.google.guava#failureaccess;1.0.2 from central in [default]
[2026-07-27T06:22:21.319+0000] {subprocess.py:93} INFO - 	com.google.guava#guava;33.1.0-jre from central in [default]
[2026-07-27T06:22:21.326+0000] {subprocess.py:93} INFO - 	com.google.guava#listenablefuture;9999.0-empty-to-avoid-conflict-with-guava from central in [default]
[2026-07-27T06:22:21.329+0000] {subprocess.py:93} INFO - 	com.google.http-client#google-http-client;1.44.1 from central in [default]
[2026-07-27T06:22:21.330+0000] {subprocess.py:93} INFO - 	com.google.http-client#google-http-client-apache-v2;1.44.1 from central in [default]
[2026-07-27T06:22:21.337+0000] {subprocess.py:93} INFO - 	com.google.http-client#google-http-client-appengine;1.44.1 from central in [default]
[2026-07-27T06:22:21.348+0000] {subprocess.py:93} INFO - 	com.google.http-client#google-http-client-gson;1.44.1 from central in [default]
[2026-07-27T06:22:21.352+0000] {subprocess.py:93} INFO - 	com.google.http-client#google-http-client-jackson2;1.42.3 from central in [default]
[2026-07-27T06:22:21.356+0000] {subprocess.py:93} INFO - 	com.google.j2objc#j2objc-annotations;3.0.0 from central in [default]
[2026-07-27T06:22:21.362+0000] {subprocess.py:93} INFO - 	com.google.oauth-client#google-oauth-client;1.34.1 from central in [default]
[2026-07-27T06:22:21.366+0000] {subprocess.py:93} INFO - 	com.google.protobuf#protobuf-java;3.25.3 from central in [default]
[2026-07-27T06:22:21.369+0000] {subprocess.py:93} INFO - 	com.google.protobuf#protobuf-java-util;3.25.3 from central in [default]
[2026-07-27T06:22:21.374+0000] {subprocess.py:93} INFO - 	com.google.re2j#re2j;1.7 from central in [default]
[2026-07-27T06:22:21.389+0000] {subprocess.py:93} INFO - 	com.lmax#disruptor;3.4.2 from central in [default]
[2026-07-27T06:22:21.392+0000] {subprocess.py:93} INFO - 	commons-codec#commons-codec;1.16.1 from central in [default]
[2026-07-27T06:22:21.395+0000] {subprocess.py:93} INFO - 	commons-logging#commons-logging;1.2 from central in [default]
[2026-07-27T06:22:21.408+0000] {subprocess.py:93} INFO - 	io.grpc#grpc-alts;1.62.2 from central in [default]
[2026-07-27T06:22:21.414+0000] {subprocess.py:93} INFO - 	io.grpc#grpc-api;1.62.2 from central in [default]
[2026-07-27T06:22:21.424+0000] {subprocess.py:93} INFO - 	io.grpc#grpc-auth;1.62.2 from central in [default]
[2026-07-27T06:22:21.430+0000] {subprocess.py:93} INFO - 	io.grpc#grpc-census;1.62.2 from central in [default]
[2026-07-27T06:22:21.444+0000] {subprocess.py:93} INFO - 	io.grpc#grpc-context;1.62.2 from central in [default]
[2026-07-27T06:22:21.448+0000] {subprocess.py:93} INFO - 	io.grpc#grpc-core;1.62.2 from central in [default]
[2026-07-27T06:22:21.452+0000] {subprocess.py:93} INFO - 	io.grpc#grpc-googleapis;1.62.2 from central in [default]
[2026-07-27T06:22:21.455+0000] {subprocess.py:93} INFO - 	io.grpc#grpc-grpclb;1.62.2 from central in [default]
[2026-07-27T06:22:21.458+0000] {subprocess.py:93} INFO - 	io.grpc#grpc-inprocess;1.62.2 from central in [default]
[2026-07-27T06:22:21.462+0000] {subprocess.py:93} INFO - 	io.grpc#grpc-netty-shaded;1.62.2 from central in [default]
[2026-07-27T06:22:21.474+0000] {subprocess.py:93} INFO - 	io.grpc#grpc-protobuf;1.62.2 from central in [default]
[2026-07-27T06:22:21.478+0000] {subprocess.py:93} INFO - 	io.grpc#grpc-protobuf-lite;1.62.2 from central in [default]
[2026-07-27T06:22:21.483+0000] {subprocess.py:93} INFO - 	io.grpc#grpc-rls;1.62.2 from central in [default]
[2026-07-27T06:22:21.489+0000] {subprocess.py:93} INFO - 	io.grpc#grpc-services;1.62.2 from central in [default]
[2026-07-27T06:22:21.497+0000] {subprocess.py:93} INFO - 	io.grpc#grpc-stub;1.62.2 from central in [default]
[2026-07-27T06:22:21.502+0000] {subprocess.py:93} INFO - 	io.grpc#grpc-util;1.62.2 from central in [default]
[2026-07-27T06:22:21.505+0000] {subprocess.py:93} INFO - 	io.grpc#grpc-xds;1.62.2 from central in [default]
[2026-07-27T06:22:21.508+0000] {subprocess.py:93} INFO - 	io.opencensus#opencensus-api;0.31.1 from central in [default]
[2026-07-27T06:22:21.523+0000] {subprocess.py:93} INFO - 	io.opencensus#opencensus-contrib-exemplar-util;0.31.0 from central in [default]
[2026-07-27T06:22:21.528+0000] {subprocess.py:93} INFO - 	io.opencensus#opencensus-contrib-grpc-metrics;0.31.0 from central in [default]
[2026-07-27T06:22:21.541+0000] {subprocess.py:93} INFO - 	io.opencensus#opencensus-contrib-http-util;0.31.1 from central in [default]
[2026-07-27T06:22:21.545+0000] {subprocess.py:93} INFO - 	io.opencensus#opencensus-contrib-resource-util;0.31.0 from central in [default]
[2026-07-27T06:22:21.553+0000] {subprocess.py:93} INFO - 	io.opencensus#opencensus-exporter-metrics-util;0.31.0 from central in [default]
[2026-07-27T06:22:21.573+0000] {subprocess.py:93} INFO - 	io.opencensus#opencensus-exporter-stats-stackdriver;0.31.0 from central in [default]
[2026-07-27T06:22:21.611+0000] {subprocess.py:93} INFO - 	io.opencensus#opencensus-impl;0.31.0 from central in [default]
[2026-07-27T06:22:21.624+0000] {subprocess.py:93} INFO - 	io.opencensus#opencensus-impl-core;0.31.0 from central in [default]
[2026-07-27T06:22:21.630+0000] {subprocess.py:93} INFO - 	io.opencensus#opencensus-proto;0.2.0 from central in [default]
[2026-07-27T06:22:21.638+0000] {subprocess.py:93} INFO - 	io.opentelemetry#opentelemetry-api;1.37.0 from central in [default]
[2026-07-27T06:22:21.642+0000] {subprocess.py:93} INFO - 	io.opentelemetry#opentelemetry-context;1.37.0 from central in [default]
[2026-07-27T06:22:21.646+0000] {subprocess.py:93} INFO - 	io.perfmark#perfmark-api;0.27.0 from central in [default]
[2026-07-27T06:22:21.649+0000] {subprocess.py:93} INFO - 	javax.annotation#javax.annotation-api;1.3.2 from central in [default]
[2026-07-27T06:22:21.652+0000] {subprocess.py:93} INFO - 	org.apache.httpcomponents#httpclient;4.5.13 from central in [default]
[2026-07-27T06:22:21.654+0000] {subprocess.py:93} INFO - 	org.apache.httpcomponents#httpcore;4.4.16 from central in [default]
[2026-07-27T06:22:21.656+0000] {subprocess.py:93} INFO - 	org.checkerframework#checker-compat-qual;2.5.3 from central in [default]
[2026-07-27T06:22:21.657+0000] {subprocess.py:93} INFO - 	org.checkerframework#checker-qual;3.42.0 from central in [default]
[2026-07-27T06:22:21.660+0000] {subprocess.py:93} INFO - 	org.codehaus.mojo#animal-sniffer-annotations;1.23 from central in [default]
[2026-07-27T06:22:21.662+0000] {subprocess.py:93} INFO - 	org.conscrypt#conscrypt-openjdk-uber;2.5.2 from central in [default]
[2026-07-27T06:22:21.664+0000] {subprocess.py:93} INFO - 	org.threeten#threetenbp;1.6.9 from central in [default]
[2026-07-27T06:22:21.667+0000] {subprocess.py:93} INFO - 	:: evicted modules:
[2026-07-27T06:22:21.669+0000] {subprocess.py:93} INFO - 	com.google.api-client#google-api-client;2.0.1 by [com.google.api-client#google-api-client;2.2.0] in [default]
[2026-07-27T06:22:21.670+0000] {subprocess.py:93} INFO - 	com.google.http-client#google-http-client;1.42.3 by [com.google.http-client#google-http-client;1.43.3] in [default]
[2026-07-27T06:22:21.673+0000] {subprocess.py:93} INFO - 	org.apache.httpcomponents#httpcore;4.4.15 by [org.apache.httpcomponents#httpcore;4.4.16] in [default]
[2026-07-27T06:22:21.674+0000] {subprocess.py:93} INFO - 	commons-codec#commons-codec;1.15 by [commons-codec#commons-codec;1.16.1] in [default]
[2026-07-27T06:22:21.676+0000] {subprocess.py:93} INFO - 	com.google.errorprone#error_prone_annotations;2.16 by [com.google.errorprone#error_prone_annotations;2.18.0] in [default]
[2026-07-27T06:22:21.679+0000] {subprocess.py:93} INFO - 	com.google.j2objc#j2objc-annotations;1.3 by [com.google.j2objc#j2objc-annotations;2.8] in [default]
[2026-07-27T06:22:21.681+0000] {subprocess.py:93} INFO - 	com.google.http-client#google-http-client-gson;1.42.3 by [com.google.http-client#google-http-client-gson;1.43.3] in [default]
[2026-07-27T06:22:21.683+0000] {subprocess.py:93} INFO - 	com.google.http-client#google-http-client-apache-v2;1.42.3 by [com.google.http-client#google-http-client-apache-v2;1.44.1] in [default]
[2026-07-27T06:22:21.685+0000] {subprocess.py:93} INFO - 	com.fasterxml.jackson.core#jackson-core;2.13.4 by [com.fasterxml.jackson.core#jackson-core;2.17.0] in [default]
[2026-07-27T06:22:21.686+0000] {subprocess.py:93} INFO - 	com.google.api-client#google-api-client;2.0.0 by [com.google.api-client#google-api-client;2.2.0] in [default]
[2026-07-27T06:22:21.688+0000] {subprocess.py:93} INFO - 	com.google.api-client#google-api-client;2.2.0 by [com.google.api-client#google-api-client;2.4.0] in [default]
[2026-07-27T06:22:21.690+0000] {subprocess.py:93} INFO - 	com.google.http-client#google-http-client;1.43.3 by [com.google.http-client#google-http-client;1.44.1] in [default]
[2026-07-27T06:22:21.692+0000] {subprocess.py:93} INFO - 	com.google.errorprone#error_prone_annotations;2.18.0 by [com.google.errorprone#error_prone_annotations;2.26.1] in [default]
[2026-07-27T06:22:21.694+0000] {subprocess.py:93} INFO - 	com.google.j2objc#j2objc-annotations;2.8 by [com.google.j2objc#j2objc-annotations;3.0.0] in [default]
[2026-07-27T06:22:21.700+0000] {subprocess.py:93} INFO - 	com.google.http-client#google-http-client-gson;1.43.3 by [com.google.http-client#google-http-client-gson;1.44.1] in [default]
[2026-07-27T06:22:21.704+0000] {subprocess.py:93} INFO - 	com.google.api.grpc#proto-google-common-protos;2.29.0 by [com.google.api.grpc#proto-google-common-protos;2.38.0] in [default]
[2026-07-27T06:22:21.707+0000] {subprocess.py:93} INFO - 	com.google.api#gax;2.12.2 by [com.google.api#gax;2.47.0] in [default]
[2026-07-27T06:22:21.710+0000] {subprocess.py:93} INFO - 	com.google.errorprone#error_prone_annotations;2.11.0 by [com.google.errorprone#error_prone_annotations;2.18.0] in [default]
[2026-07-27T06:22:21.714+0000] {subprocess.py:93} INFO - 	com.google.api.grpc#proto-google-common-protos;2.7.3 by [com.google.api.grpc#proto-google-common-protos;2.38.0] in [default]
[2026-07-27T06:22:21.717+0000] {subprocess.py:93} INFO - 	org.threeten#threetenbp;1.5.2 by [org.threeten#threetenbp;1.6.9] in [default]
[2026-07-27T06:22:21.722+0000] {subprocess.py:93} INFO - 	com.google.api#api-common;2.1.4 by [com.google.api#api-common;2.30.0] in [default]
[2026-07-27T06:22:21.724+0000] {subprocess.py:93} INFO - 	com.google.http-client#google-http-client;1.41.3 by [com.google.http-client#google-http-client;1.44.1] in [default]
[2026-07-27T06:22:21.728+0000] {subprocess.py:93} INFO - 	com.google.http-client#google-http-client-gson;1.41.3 by [com.google.http-client#google-http-client-gson;1.44.1] in [default]
[2026-07-27T06:22:21.731+0000] {subprocess.py:93} INFO - 	com.google.api#gax;2.42.0 by [com.google.api#gax;2.47.0] in [default]
[2026-07-27T06:22:21.734+0000] {subprocess.py:93} INFO - 	com.google.api#api-common;2.25.0 by [com.google.api#api-common;2.30.0] in [default]
[2026-07-27T06:22:21.737+0000] {subprocess.py:93} INFO - 	com.google.api.grpc#proto-google-common-protos;2.33.0 by [com.google.api.grpc#proto-google-common-protos;2.38.0] in [default]
[2026-07-27T06:22:21.740+0000] {subprocess.py:93} INFO - 	io.grpc#grpc-inprocess;1.61.0 by [io.grpc#grpc-inprocess;1.62.2] in [default]
[2026-07-27T06:22:21.745+0000] {subprocess.py:93} INFO - 	org.threeten#threetenbp;1.6.8 by [org.threeten#threetenbp;1.6.9] in [default]
[2026-07-27T06:22:21.747+0000] {subprocess.py:93} INFO - 	io.opencensus#opencensus-api;0.31.0 by [io.opencensus#opencensus-api;0.31.1] in [default]
[2026-07-27T06:22:21.752+0000] {subprocess.py:93} INFO - 	com.google.cloud#google-cloud-core-grpc;1.82.0 by [com.google.cloud#google-cloud-core-grpc;2.37.0] in [default]
[2026-07-27T06:22:21.755+0000] {subprocess.py:93} INFO - 	com.google.api#api-common;1.8.1 by [com.google.api#api-common;2.30.0] in [default]
[2026-07-27T06:22:21.763+0000] {subprocess.py:93} INFO - 	com.google.api.grpc#proto-google-common-protos;1.16.0 by [com.google.api.grpc#proto-google-common-protos;2.38.0] in [default]
[2026-07-27T06:22:21.765+0000] {subprocess.py:93} INFO - 	com.google.errorprone#error_prone_annotations;2.23.0 by [com.google.errorprone#error_prone_annotations;2.26.1] in [default]
[2026-07-27T06:22:21.767+0000] {subprocess.py:93} INFO - 	io.perfmark#perfmark-api;0.26.0 by [io.perfmark#perfmark-api;0.27.0] in [default]
[2026-07-27T06:22:21.769+0000] {subprocess.py:93} INFO - 	io.grpc#grpc-googleapis;1.61.0 by [io.grpc#grpc-googleapis;1.62.2] in [default]
[2026-07-27T06:22:21.771+0000] {subprocess.py:93} INFO - 	---------------------------------------------------------------------
[2026-07-27T06:22:21.775+0000] {subprocess.py:93} INFO - 	|                  |            modules            ||   artifacts   |
[2026-07-27T06:22:21.776+0000] {subprocess.py:93} INFO - 	|       conf       | number| search|dwnlded|evicted|| number|dwnlded|
[2026-07-27T06:22:21.781+0000] {subprocess.py:93} INFO - 	---------------------------------------------------------------------
[2026-07-27T06:22:21.783+0000] {subprocess.py:93} INFO - 	|      default     |  126  |  107  |  107  |   35  ||   91  |   91  |
[2026-07-27T06:22:21.785+0000] {subprocess.py:93} INFO - 	---------------------------------------------------------------------
[2026-07-27T06:22:21.787+0000] {subprocess.py:93} INFO - :: retrieving :: org.apache.spark#spark-submit-parent-50a18622-5037-46d7-9e14-f1710ec532be
[2026-07-27T06:22:21.789+0000] {subprocess.py:93} INFO - 	confs: [default]
[2026-07-27T06:22:23.130+0000] {subprocess.py:93} INFO - 	91 artifacts copied, 0 already retrieved (86891kB/1901ms)
[2026-07-27T06:22:24.366+0000] {subprocess.py:93} INFO - 26/07/27 06:22:24 WARN NativeCodeLoader: Unable to load native-hadoop library for your platform... using builtin-java classes where applicable
[2026-07-27T06:22:27.962+0000] {subprocess.py:93} INFO - Setting default log level to "WARN".
[2026-07-27T06:22:27.965+0000] {subprocess.py:93} INFO - To adjust logging level use sc.setLogLevel(newLevel). For SparkR, use setLogLevel(newLevel).
[2026-07-27T06:24:37.600+0000] {subprocess.py:93} INFO - [Stage 0:>                                                          (0 + 0) / 1][Stage 0:>                                                          (0 + 1) / 1]                                                                                [Stage 1:>                                                          (0 + 1) / 1]                                                                                [Stage 2:>                                                          (0 + 3) / 3][Stage 2:===================>                                       (1 + 2) / 3][Stage 4:>                                                          (0 + 1) / 1][Stage 7:>                                                          (0 + 1) / 1]                                                                                [Stage 8:>                                                          (0 + 4) / 4][Stage 8:=============================>                             (2 + 2) / 4][Stage 10:>                                                         (0 + 1) / 1][Stage 13:>                                                         (0 + 1) / 1]                                                                                [Stage 14:>                                                         (0 + 3) / 3][Stage 14:===================>                                      (1 + 2) / 3][Stage 14:======================================>                   (2 + 1) / 3][Stage 16:>                                                         (0 + 1) / 1]                                                                                Building Gold Layer: Aggregating & Joining Data...
[2026-07-27T06:24:37.605+0000] {subprocess.py:93} INFO - Loaded dim_station to BigQuery.
[2026-07-27T06:24:37.608+0000] {subprocess.py:93} INFO - Loaded dim_weather to BigQuery.
[2026-07-27T06:24:37.612+0000] {subprocess.py:93} INFO - Loaded fact_station_status to BigQuery.
[2026-07-27T06:24:39.702+0000] {subprocess.py:97} INFO - Command exited with return code 0
[2026-07-27T06:24:39.890+0000] {taskinstance.py:441} INFO - ::group::Post task execution logs
[2026-07-27T06:24:40.569+0000] {taskinstance.py:1206} INFO - Marking task as SUCCESS. dag_id=process_gold_layer, task_id=run_gold_spark_job, run_id=manual__2026-07-27T06:15:48.462113+00:00, execution_date=20260727T061548, start_date=20260727T061549, end_date=20260727T062440
[2026-07-27T06:24:40.851+0000] {local_task_job_runner.py:240} INFO - Task exited with return code 0
[2026-07-27T06:24:41.136+0000] {taskinstance.py:3503} INFO - 0 downstream tasks scheduled from follow-on schedule check
[2026-07-27T06:24:41.156+0000] {local_task_job_runner.py:222} INFO - ::endgroup::
