[2026-09-05T23:00:09.107+0000] {local_task_job_runner.py:120} INFO - ::group::Pre task execution logs
[2026-09-05T23:00:09.154+0000] {taskinstance.py:2076} INFO - Dependencies all met for dep_context=non-requeueable deps ti=<TaskInstance: ingest_bronze_layer.bike_ingest scheduled__2026-09-05T22:00:00+00:00 [queued]>
[2026-09-05T23:00:09.182+0000] {taskinstance.py:2076} INFO - Dependencies all met for dep_context=requeueable deps ti=<TaskInstance: ingest_bronze_layer.bike_ingest scheduled__2026-09-05T22:00:00+00:00 [queued]>
[2026-09-05T23:00:09.185+0000] {taskinstance.py:2306} INFO - Starting attempt 1 of 1
[2026-09-05T23:00:09.240+0000] {taskinstance.py:2330} INFO - Executing <Task(PythonOperator): bike_ingest> on 2026-09-05 22:00:00+00:00
[2026-09-05T23:00:09.276+0000] {standard_task_runner.py:90} INFO - Running: ['***', 'tasks', 'run', 'ingest_bronze_layer', 'bike_ingest', 'scheduled__2026-09-05T22:00:00+00:00', '--job-id', '334', '--raw', '--subdir', 'DAGS_FOLDER/bronze_ingestion_dag.py', '--cfg-path', '/tmp/tmpmstuc8bw']
[2026-09-05T23:00:09.309+0000] {logging_mixin.py:188} WARNING - /home/***/.local/lib/python3.12/site-packages/***/task/task_runner/standard_task_runner.py:61 DeprecationWarning: This process (pid=14091) is multi-threaded, use of fork() may lead to deadlocks in the child.
[2026-09-05T23:00:09.314+0000] {standard_task_runner.py:91} INFO - Job 334: Subtask bike_ingest
[2026-09-05T23:00:09.318+0000] {standard_task_runner.py:63} INFO - Started process 14103 to run task
[2026-09-05T23:00:09.507+0000] {task_command.py:426} INFO - Running <TaskInstance: ingest_bronze_layer.bike_ingest scheduled__2026-09-05T22:00:00+00:00 [running]> on host bdc8f6caa133
[2026-09-05T23:00:09.833+0000] {taskinstance.py:2648} INFO - Exporting env vars: AIRFLOW_CTX_DAG_OWNER='***' AIRFLOW_CTX_DAG_ID='ingest_bronze_layer' AIRFLOW_CTX_TASK_ID='bike_ingest' AIRFLOW_CTX_EXECUTION_DATE='2026-09-05T22:00:00+00:00' AIRFLOW_CTX_TRY_NUMBER='1' AIRFLOW_CTX_DAG_RUN_ID='scheduled__2026-09-05T22:00:00+00:00'
[2026-09-05T23:00:09.840+0000] {taskinstance.py:430} INFO - ::endgroup::
[2026-09-05T23:00:12.115+0000] {connection.py:274} WARNING - Connection schemes (type: google_cloud_platform) shall not contain '_' according to RFC3986.
[2026-09-05T23:00:12.140+0000] {base.py:84} INFO - Using connection ID 'google_cloud_default' for task execution.
[2026-09-05T23:00:16.353+0000] {gcs.py:574} INFO - Data stream uploaded to bronze/bike/20260905/data_20260905T220000.json in london_bike_data_bronze bucket
[2026-09-05T23:00:16.358+0000] {python.py:237} INFO - Done. Returned value was: None
[2026-09-05T23:00:16.363+0000] {taskinstance.py:441} INFO - ::group::Post task execution logs
[2026-09-05T23:00:16.388+0000] {taskinstance.py:1206} INFO - Marking task as SUCCESS. dag_id=ingest_bronze_layer, task_id=bike_ingest, run_id=scheduled__2026-09-05T22:00:00+00:00, execution_date=20260905T220000, start_date=20260905T230009, end_date=20260905T230016
[2026-09-05T23:00:16.464+0000] {local_task_job_runner.py:240} INFO - Task exited with return code 0
[2026-09-05T23:00:16.509+0000] {taskinstance.py:3503} INFO - 1 downstream tasks scheduled from follow-on schedule check
[2026-09-05T23:00:16.513+0000] {local_task_job_runner.py:222} INFO - ::endgroup::
