[2026-07-30T19:00:05.615+0000] {local_task_job_runner.py:120} INFO - ::group::Pre task execution logs
[2026-07-30T19:00:05.878+0000] {taskinstance.py:2076} INFO - Dependencies all met for dep_context=non-requeueable deps ti=<TaskInstance: ingest_bronze_layer.weather_ingest scheduled__2026-07-30T18:00:00+00:00 [queued]>
[2026-07-30T19:00:06.049+0000] {taskinstance.py:2076} INFO - Dependencies all met for dep_context=requeueable deps ti=<TaskInstance: ingest_bronze_layer.weather_ingest scheduled__2026-07-30T18:00:00+00:00 [queued]>
[2026-07-30T19:00:06.133+0000] {taskinstance.py:2306} INFO - Starting attempt 1 of 1
[2026-07-30T19:00:06.670+0000] {taskinstance.py:2330} INFO - Executing <Task(PythonOperator): weather_ingest> on 2026-07-30 18:00:00+00:00
[2026-07-30T19:01:09.937+0000] {logging_mixin.py:188} WARNING - /home/***/.local/lib/python3.12/site-packages/***/task/task_runner/standard_task_runner.py:61 DeprecationWarning: This process (pid=1828) is multi-threaded, use of fork() may lead to deadlocks in the child.
[2026-07-30T19:01:09.952+0000] {standard_task_runner.py:63} INFO - Started process 1837 to run task
[2026-07-30T19:01:09.926+0000] {standard_task_runner.py:90} INFO - Running: ['***', 'tasks', 'run', 'ingest_bronze_layer', 'weather_ingest', 'scheduled__2026-07-30T18:00:00+00:00', '--job-id', '265', '--raw', '--subdir', 'DAGS_FOLDER/bronze_ingestion_dag.py', '--cfg-path', '/tmp/tmpvns8awee']
[2026-07-30T19:01:09.995+0000] {standard_task_runner.py:91} INFO - Job 265: Subtask weather_ingest
[2026-07-30T19:01:10.761+0000] {task_command.py:426} INFO - Running <TaskInstance: ingest_bronze_layer.weather_ingest scheduled__2026-07-30T18:00:00+00:00 [running]> on host 23097dfef84b
[2026-07-30T19:01:13.180+0000] {taskinstance.py:2648} INFO - Exporting env vars: AIRFLOW_CTX_DAG_OWNER='***' AIRFLOW_CTX_DAG_ID='ingest_bronze_layer' AIRFLOW_CTX_TASK_ID='weather_ingest' AIRFLOW_CTX_EXECUTION_DATE='2026-07-30T18:00:00+00:00' AIRFLOW_CTX_TRY_NUMBER='1' AIRFLOW_CTX_DAG_RUN_ID='scheduled__2026-07-30T18:00:00+00:00'
[2026-07-30T19:01:13.214+0000] {taskinstance.py:430} INFO - ::endgroup::
[2026-07-30T19:01:22.069+0000] {connection.py:274} WARNING - Connection schemes (type: google_cloud_platform) shall not contain '_' according to RFC3986.
[2026-07-30T19:01:22.572+0000] {base.py:84} INFO - Using connection ID 'google_cloud_default' for task execution.
[2026-07-30T19:01:30.448+0000] {gcs.py:574} INFO - Data stream uploaded to bronze/weather/20260730/data_20260730T180000.json in london_bike_data_bronze bucket
[2026-07-30T19:01:30.462+0000] {python.py:237} INFO - Done. Returned value was: None
[2026-07-30T19:01:30.474+0000] {taskinstance.py:441} INFO - ::group::Post task execution logs
[2026-07-30T19:01:30.512+0000] {taskinstance.py:1206} INFO - Marking task as SUCCESS. dag_id=ingest_bronze_layer, task_id=weather_ingest, run_id=scheduled__2026-07-30T18:00:00+00:00, execution_date=20260730T180000, start_date=20260730T190005, end_date=20260730T190130
[2026-07-30T19:01:30.824+0000] {local_task_job_runner.py:240} INFO - Task exited with return code 0
[2026-07-30T19:01:30.941+0000] {local_task_job_runner.py:222} INFO - ::endgroup::
