[2026-07-30T17:01:32.765+0000] {local_task_job_runner.py:120} INFO - ::group::Pre task execution logs
[2026-07-30T17:01:34.153+0000] {taskinstance.py:2076} INFO - Dependencies all met for dep_context=non-requeueable deps ti=<TaskInstance: ingest_bronze_layer.weather_ingest scheduled__2026-07-30T16:00:00+00:00 [queued]>
[2026-07-30T17:01:34.386+0000] {taskinstance.py:2076} INFO - Dependencies all met for dep_context=requeueable deps ti=<TaskInstance: ingest_bronze_layer.weather_ingest scheduled__2026-07-30T16:00:00+00:00 [queued]>
[2026-07-30T17:01:34.602+0000] {taskinstance.py:2306} INFO - Starting attempt 1 of 1
[2026-07-30T17:01:35.518+0000] {taskinstance.py:2330} INFO - Executing <Task(PythonOperator): weather_ingest> on 2026-07-30 16:00:00+00:00
[2026-07-30T17:01:36.588+0000] {standard_task_runner.py:90} INFO - Running: ['***', 'tasks', 'run', 'ingest_bronze_layer', 'weather_ingest', 'scheduled__2026-07-30T16:00:00+00:00', '--job-id', '241', '--raw', '--subdir', 'DAGS_FOLDER/bronze_ingestion_dag.py', '--cfg-path', '/tmp/tmphmpvpipi']
[2026-07-30T17:01:36.679+0000] {standard_task_runner.py:91} INFO - Job 241: Subtask weather_ingest
[2026-07-30T17:01:36.717+0000] {logging_mixin.py:188} WARNING - /home/***/.local/lib/python3.12/site-packages/***/task/task_runner/standard_task_runner.py:61 DeprecationWarning: This process (pid=417) is multi-threaded, use of fork() may lead to deadlocks in the child.
[2026-07-30T17:01:36.775+0000] {standard_task_runner.py:63} INFO - Started process 451 to run task
[2026-07-30T17:01:38.686+0000] {task_command.py:426} INFO - Running <TaskInstance: ingest_bronze_layer.weather_ingest scheduled__2026-07-30T16:00:00+00:00 [running]> on host 21f1a12a00bc
[2026-07-30T17:01:41.366+0000] {taskinstance.py:2648} INFO - Exporting env vars: AIRFLOW_CTX_DAG_OWNER='***' AIRFLOW_CTX_DAG_ID='ingest_bronze_layer' AIRFLOW_CTX_TASK_ID='weather_ingest' AIRFLOW_CTX_EXECUTION_DATE='2026-07-30T16:00:00+00:00' AIRFLOW_CTX_TRY_NUMBER='1' AIRFLOW_CTX_DAG_RUN_ID='scheduled__2026-07-30T16:00:00+00:00'
[2026-07-30T17:01:41.384+0000] {taskinstance.py:430} INFO - ::endgroup::
[2026-07-30T17:01:47.907+0000] {connection.py:274} WARNING - Connection schemes (type: google_cloud_platform) shall not contain '_' according to RFC3986.
[2026-07-30T17:01:48.989+0000] {base.py:84} INFO - Using connection ID 'google_cloud_default' for task execution.
[2026-07-30T17:01:55.665+0000] {gcs.py:574} INFO - Data stream uploaded to bronze/weather/20260730/data_20260730T160000.json in london_bike_data_bronze bucket
[2026-07-30T17:01:55.723+0000] {python.py:237} INFO - Done. Returned value was: None
[2026-07-30T17:00:55.345+0000] {taskinstance.py:441} INFO - ::group::Post task execution logs
[2026-07-30T17:00:55.707+0000] {taskinstance.py:1206} INFO - Marking task as SUCCESS. dag_id=ingest_bronze_layer, task_id=weather_ingest, run_id=scheduled__2026-07-30T16:00:00+00:00, execution_date=20260730T160000, start_date=20260730T170134, end_date=20260730T170055
[2026-07-30T17:01:58.875+0000] {local_task_job_runner.py:240} INFO - Task exited with return code 0
[2026-07-30T17:01:59.765+0000] {taskinstance.py:3503} INFO - 0 downstream tasks scheduled from follow-on schedule check
[2026-07-30T17:02:00.095+0000] {local_task_job_runner.py:222} INFO - ::endgroup::
