[2026-09-05T16:27:01.545+0000] {local_task_job_runner.py:120} INFO - ::group::Pre task execution logs
[2026-09-05T16:27:02.089+0000] {taskinstance.py:2076} INFO - Dependencies all met for dep_context=non-requeueable deps ti=<TaskInstance: process_gold_layer.run_gold_spark_job manual__2026-09-05T15:46:52.698704+00:00 [queued]>
[2026-09-05T16:27:02.158+0000] {taskinstance.py:2076} INFO - Dependencies all met for dep_context=requeueable deps ti=<TaskInstance: process_gold_layer.run_gold_spark_job manual__2026-09-05T15:46:52.698704+00:00 [queued]>
[2026-09-05T16:27:02.168+0000] {taskinstance.py:2306} INFO - Starting attempt 2 of 2
[2026-09-05T16:27:02.352+0000] {taskinstance.py:2330} INFO - Executing <Task(BashOperator): run_gold_spark_job> on 2026-09-05 15:46:52.698704+00:00
[2026-09-05T16:27:02.443+0000] {standard_task_runner.py:90} INFO - Running: ['***', 'tasks', 'run', 'process_gold_layer', 'run_gold_spark_job', 'manual__2026-09-05T15:46:52.698704+00:00', '--job-id', '287', '--raw', '--subdir', 'DAGS_FOLDER/gold_processing_dag.py', '--cfg-path', '/tmp/tmpsv5e5r3l']
[2026-09-05T16:27:02.500+0000] {standard_task_runner.py:91} INFO - Job 287: Subtask run_gold_spark_job
[2026-09-05T16:27:02.477+0000] {logging_mixin.py:188} WARNING - /home/***/.local/lib/python3.12/site-packages/***/task/task_runner/standard_task_runner.py:61 DeprecationWarning: This process (pid=3817) is multi-threaded, use of fork() may lead to deadlocks in the child.
[2026-09-05T16:27:02.535+0000] {standard_task_runner.py:63} INFO - Started process 3833 to run task
[2026-09-05T16:27:03.307+0000] {task_command.py:426} INFO - Running <TaskInstance: process_gold_layer.run_gold_spark_job manual__2026-09-05T15:46:52.698704+00:00 [running]> on host 56fad9581aa4
[2026-09-05T16:27:03.826+0000] {taskinstance.py:2648} INFO - Exporting env vars: AIRFLOW_CTX_DAG_OWNER='data_engineer' AIRFLOW_CTX_DAG_ID='process_gold_layer' AIRFLOW_CTX_TASK_ID='run_gold_spark_job' AIRFLOW_CTX_EXECUTION_DATE='2026-09-05T15:46:52.698704+00:00' AIRFLOW_CTX_TRY_NUMBER='2' AIRFLOW_CTX_DAG_RUN_ID='manual__2026-09-05T15:46:52.698704+00:00'
[2026-09-05T16:27:03.837+0000] {taskinstance.py:430} INFO - ::endgroup::
[2026-09-05T16:27:03.961+0000] {subprocess.py:63} INFO - Tmp dir root location: /tmp
[2026-09-05T16:27:03.974+0000] {subprocess.py:75} INFO - Running command: ['/usr/bin/bash', '-c', 'export GOOGLE_APPLICATION_CREDENTIALS=/tmp/gcp_key.json && python /opt/***/jobs/gold_layer_spark_job.py london_bike_data_bronze london-bike-502619']
[2026-09-05T16:27:04.023+0000] {subprocess.py:86} INFO - Output:
[2026-09-05T16:27:04.499+0000] {subprocess.py:93} INFO - python: can't open file '/opt/***/jobs/gold_layer_spark_job.py': [Errno 2] No such file or directory
[2026-09-05T16:27:04.524+0000] {subprocess.py:97} INFO - Command exited with return code 2
[2026-09-05T16:27:04.535+0000] {taskinstance.py:441} INFO - ::group::Post task execution logs
[2026-09-05T16:27:04.587+0000] {taskinstance.py:2905} ERROR - Task failed with exception
Traceback (most recent call last):
  File "/home/airflow/.local/lib/python3.12/site-packages/airflow/models/taskinstance.py", line 465, in _execute_task
    result = _execute_callable(context=context, **execute_callable_kwargs)
             ^^^^^^^^^^^^^^^^^^^^^^^^^^^^^^^^^^^^^^^^^^^^^^^^^^^^^^^^^^^^^
  File "/home/airflow/.local/lib/python3.12/site-packages/airflow/models/taskinstance.py", line 432, in _execute_callable
    return execute_callable(context=context, **execute_callable_kwargs)
           ^^^^^^^^^^^^^^^^^^^^^^^^^^^^^^^^^^^^^^^^^^^^^^^^^^^^^^^^^^^^
  File "/home/airflow/.local/lib/python3.12/site-packages/airflow/models/baseoperator.py", line 401, in wrapper
    return func(self, *args, **kwargs)
           ^^^^^^^^^^^^^^^^^^^^^^^^^^^
  File "/home/airflow/.local/lib/python3.12/site-packages/airflow/operators/bash.py", line 243, in execute
    raise AirflowException(
airflow.exceptions.AirflowException: Bash command failed. The command returned a non-zero exit code 2.
[2026-09-05T16:27:04.628+0000] {taskinstance.py:1206} INFO - Marking task as FAILED. dag_id=process_gold_layer, task_id=run_gold_spark_job, run_id=manual__2026-09-05T15:46:52.698704+00:00, execution_date=20260905T154652, start_date=20260905T162702, end_date=20260905T162704
[2026-09-05T16:27:04.694+0000] {standard_task_runner.py:110} ERROR - Failed to execute job 287 for task run_gold_spark_job (Bash command failed. The command returned a non-zero exit code 2.; 3833)
[2026-09-05T16:27:04.755+0000] {local_task_job_runner.py:240} INFO - Task exited with return code 1
[2026-09-05T16:27:04.828+0000] {taskinstance.py:3503} INFO - 0 downstream tasks scheduled from follow-on schedule check
[2026-09-05T16:27:04.836+0000] {local_task_job_runner.py:222} INFO - ::endgroup::
