[2026-07-27T03:00:30.249+0000] {local_task_job_runner.py:120} INFO - ::group::Pre task execution logs
[2026-07-27T03:00:30.313+0000] {taskinstance.py:2076} INFO - Dependencies all met for dep_context=non-requeueable deps ti=<TaskInstance: process_silver_layer.prepare_gcp_key manual__2026-07-27T03:00:23.986185+00:00 [queued]>
[2026-07-27T03:00:30.328+0000] {taskinstance.py:2076} INFO - Dependencies all met for dep_context=requeueable deps ti=<TaskInstance: process_silver_layer.prepare_gcp_key manual__2026-07-27T03:00:23.986185+00:00 [queued]>
[2026-07-27T03:00:30.330+0000] {taskinstance.py:2306} INFO - Starting attempt 1 of 1
[2026-07-27T03:00:30.364+0000] {taskinstance.py:2330} INFO - Executing <Task(PythonOperator): prepare_gcp_key> on 2026-07-27 03:00:23.986185+00:00
[2026-07-27T03:00:30.379+0000] {standard_task_runner.py:90} INFO - Running: ['***', 'tasks', 'run', 'process_silver_layer', 'prepare_gcp_key', 'manual__2026-07-27T03:00:23.986185+00:00', '--job-id', '111', '--raw', '--subdir', 'DAGS_FOLDER/silver_processing_dag.py', '--cfg-path', '/tmp/tmprgfangis']
[2026-07-27T03:00:30.391+0000] {standard_task_runner.py:91} INFO - Job 111: Subtask prepare_gcp_key
[2026-07-27T03:00:30.390+0000] {logging_mixin.py:188} WARNING - /home/***/.local/lib/python3.12/site-packages/***/task/task_runner/standard_task_runner.py:61 DeprecationWarning: This process (pid=9046) is multi-threaded, use of fork() may lead to deadlocks in the child.
[2026-07-27T03:00:30.394+0000] {standard_task_runner.py:63} INFO - Started process 9047 to run task
[2026-07-27T03:00:30.477+0000] {task_command.py:426} INFO - Running <TaskInstance: process_silver_layer.prepare_gcp_key manual__2026-07-27T03:00:23.986185+00:00 [running]> on host 48a53578f0da
[2026-07-27T03:00:30.690+0000] {taskinstance.py:2648} INFO - Exporting env vars: AIRFLOW_CTX_DAG_OWNER='data_engineer' AIRFLOW_CTX_DAG_ID='process_silver_layer' AIRFLOW_CTX_TASK_ID='prepare_gcp_key' AIRFLOW_CTX_EXECUTION_DATE='2026-07-27T03:00:23.986185+00:00' AIRFLOW_CTX_TRY_NUMBER='1' AIRFLOW_CTX_DAG_RUN_ID='manual__2026-07-27T03:00:23.986185+00:00'
[2026-07-27T03:00:30.693+0000] {taskinstance.py:430} INFO - ::endgroup::
[2026-07-27T03:00:30.721+0000] {logging_mixin.py:188} INFO - Extracting GCP Service Account key from Airflow Connections...
[2026-07-27T03:00:30.736+0000] {connection.py:274} WARNING - Connection schemes (type: google_cloud_platform) shall not contain '_' according to RFC3986.
[2026-07-27T03:00:30.751+0000] {base.py:84} INFO - Using connection ID 'google_cloud_default' for task execution.
[2026-07-27T03:00:30.756+0000] {logging_mixin.py:188} INFO - Credentials saved temporarily to /tmp/gcp_key.json
[2026-07-27T03:00:30.758+0000] {python.py:237} INFO - Done. Returned value was: None
[2026-07-27T03:00:30.760+0000] {taskinstance.py:441} INFO - ::group::Post task execution logs
[2026-07-27T03:00:30.776+0000] {taskinstance.py:1206} INFO - Marking task as SUCCESS. dag_id=process_silver_layer, task_id=prepare_gcp_key, run_id=manual__2026-07-27T03:00:23.986185+00:00, execution_date=20260727T030023, start_date=20260727T030030, end_date=20260727T030030
[2026-07-27T03:00:30.853+0000] {local_task_job_runner.py:240} INFO - Task exited with return code 0
[2026-07-27T03:00:30.891+0000] {taskinstance.py:3503} INFO - 1 downstream tasks scheduled from follow-on schedule check
[2026-07-27T03:00:30.899+0000] {local_task_job_runner.py:222} INFO - ::endgroup::
