[2026-07-30T17:26:23.995+0000] {local_task_job_runner.py:120} INFO - ::group::Pre task execution logs
[2026-07-30T17:26:24.077+0000] {taskinstance.py:2076} INFO - Dependencies all met for dep_context=non-requeueable deps ti=<TaskInstance: process_silver_layer.run_silver_spark_job manual__2026-07-30T17:25:40.139592+00:00 [queued]>
[2026-07-30T17:26:24.101+0000] {taskinstance.py:2076} INFO - Dependencies all met for dep_context=requeueable deps ti=<TaskInstance: process_silver_layer.run_silver_spark_job manual__2026-07-30T17:25:40.139592+00:00 [queued]>
[2026-07-30T17:26:24.103+0000] {taskinstance.py:2306} INFO - Starting attempt 1 of 1
[2026-07-30T17:26:24.142+0000] {taskinstance.py:2330} INFO - Executing <Task(BashOperator): run_silver_spark_job> on 2026-07-30 17:25:40.139592+00:00
[2026-07-30T17:26:24.182+0000] {standard_task_runner.py:90} INFO - Running: ['***', 'tasks', 'run', 'process_silver_layer', 'run_silver_spark_job', 'manual__2026-07-30T17:25:40.139592+00:00', '--job-id', '248', '--raw', '--subdir', 'DAGS_FOLDER/silver_processing_dag.py', '--cfg-path', '/tmp/tmpw83nd26z']
[2026-07-30T17:26:24.193+0000] {standard_task_runner.py:91} INFO - Job 248: Subtask run_silver_spark_job
[2026-07-30T17:26:24.200+0000] {logging_mixin.py:188} WARNING - /home/***/.local/lib/python3.12/site-packages/***/task/task_runner/standard_task_runner.py:61 DeprecationWarning: This process (pid=1739) is multi-threaded, use of fork() may lead to deadlocks in the child.
[2026-07-30T17:26:24.226+0000] {standard_task_runner.py:63} INFO - Started process 1740 to run task
[2026-07-30T17:26:24.309+0000] {task_command.py:426} INFO - Running <TaskInstance: process_silver_layer.run_silver_spark_job manual__2026-07-30T17:25:40.139592+00:00 [running]> on host 21f1a12a00bc
[2026-07-30T17:26:24.537+0000] {taskinstance.py:2648} INFO - Exporting env vars: AIRFLOW_CTX_DAG_OWNER='data_engineer' AIRFLOW_CTX_DAG_ID='process_silver_layer' AIRFLOW_CTX_TASK_ID='run_silver_spark_job' AIRFLOW_CTX_EXECUTION_DATE='2026-07-30T17:25:40.139592+00:00' AIRFLOW_CTX_TRY_NUMBER='1' AIRFLOW_CTX_DAG_RUN_ID='manual__2026-07-30T17:25:40.139592+00:00'
[2026-07-30T17:26:24.541+0000] {taskinstance.py:430} INFO - ::endgroup::
[2026-07-30T17:26:24.579+0000] {subprocess.py:63} INFO - Tmp dir root location: /tmp
[2026-07-30T17:26:24.593+0000] {subprocess.py:75} INFO - Running command: ['/usr/bin/bash', '-c', 'export GOOGLE_APPLICATION_CREDENTIALS=/tmp/gcp_key.json && python /opt/***/jobs/silver_layer_spark_job.py london_bike_data_bronze']
[2026-07-30T17:26:24.613+0000] {subprocess.py:86} INFO - Output:
[2026-07-30T17:26:27.072+0000] {subprocess.py:93} INFO - /home/***/.local/lib/python3.12/site-packages/pyspark/bin/load-spark-env.sh: line 68: ps: command not found
[2026-07-30T17:26:34.825+0000] {subprocess.py:93} INFO - Setting default log level to "WARN".
[2026-07-30T17:26:34.829+0000] {subprocess.py:93} INFO - To adjust logging level use sc.setLogLevel(newLevel). For SparkR, use setLogLevel(newLevel).
[2026-07-30T17:26:35.374+0000] {subprocess.py:93} INFO - 26/07/30 17:26:35 WARN NativeCodeLoader: Unable to load native-hadoop library for your platform... using builtin-java classes where applicable
[2026-07-30T17:26:38.225+0000] {subprocess.py:93} INFO - 26/07/30 17:26:38 WARN Utils: Service 'SparkUI' could not bind on port 4040. Attempting port 4041.
[2026-07-30T17:48:15.873+0000] {local_task_job_runner.py:310} WARNING - State of this instance has been externally set to None. Terminating instance.
[2026-07-30T17:48:18.852+0000] {local_task_job_runner.py:222} INFO - ::endgroup::
[2026-07-30T17:48:19.144+0000] {process_utils.py:132} INFO - Sending 15 to group 1740. PIDs of all processes in the group: [1741, 1755, 1740]
[2026-07-30T17:48:19.170+0000] {process_utils.py:87} INFO - Sending the signal 15 to group 1740
[2026-07-30T17:48:19.310+0000] {taskinstance.py:2611} ERROR - Received SIGTERM. Terminating subprocesses.
[2026-07-30T17:49:21.684+0000] {subprocess.py:104} INFO - Sending SIGTERM signal to process group
[2026-07-30T17:49:21.868+0000] {taskinstance.py:441} INFO - ::group::Post task execution logs
[2026-07-30T17:49:23.631+0000] {taskinstance.py:2905} ERROR - Task failed with exception
Traceback (most recent call last):
  File "/home/airflow/.local/lib/python3.12/site-packages/airflow/models/taskinstance.py", line 465, in _execute_task
    result = _execute_callable(context=context, **execute_callable_kwargs)
             ^^^^^^^^^^^^^^^^^^^^^^^^^^^^^^^^^^^^^^^^^^^^^^^^^^^^^^^^^^^^^
  File "/home/airflow/.local/lib/python3.12/site-packages/airflow/models/taskinstance.py", line 432, in _execute_callable
    return execute_callable(context=context, **execute_callable_kwargs)
           ^^^^^^^^^^^^^^^^^^^^^^^^^^^^^^^^^^^^^^^^^^^^^^^^^^^^^^^^^^^^
  File "/home/airflow/.local/lib/python3.12/site-packages/airflow/models/baseoperator.py", line 401, in wrapper
    return func(self, *args, **kwargs)
           ^^^^^^^^^^^^^^^^^^^^^^^^^^^
  File "/home/airflow/.local/lib/python3.12/site-packages/airflow/operators/bash.py", line 234, in execute
    result = self.subprocess_hook.run_command(
             ^^^^^^^^^^^^^^^^^^^^^^^^^^^^^^^^^
  File "/home/airflow/.local/lib/python3.12/site-packages/airflow/hooks/subprocess.py", line 91, in run_command
    for raw_line in iter(self.sub_process.stdout.readline, b""):
  File "/home/airflow/.local/lib/python3.12/site-packages/airflow/models/taskinstance.py", line 2613, in signal_handler
    raise AirflowTaskTerminated("Task received SIGTERM signal")
airflow.exceptions.AirflowTaskTerminated: Task received SIGTERM signal
[2026-07-30T17:49:24.022+0000] {taskinstance.py:1206} INFO - Marking task as FAILED. dag_id=process_silver_layer, task_id=run_silver_spark_job, run_id=manual__2026-07-30T17:25:40.139592+00:00, execution_date=20260730T172540, start_date=20260730T172624, end_date=20260730T174923
[2026-07-30T17:49:24.714+0000] {standard_task_runner.py:110} ERROR - Failed to execute job 248 for task run_silver_spark_job ((psycopg2.errors.ForeignKeyViolation) insert or update on table "task_fail" violates foreign key constraint "task_fail_ti_fkey"
DETAIL:  Key (dag_id, task_id, run_id, map_index)=(process_silver_layer, run_silver_spark_job, manual__2026-07-30T17:25:40.139592+00:00, -1) is not present in table "task_instance".

[SQL: INSERT INTO task_fail (task_id, dag_id, run_id, map_index, start_date, end_date, duration) VALUES (%(task_id)s, %(dag_id)s, %(run_id)s, %(map_index)s, %(start_date)s, %(end_date)s, %(duration)s) RETURNING task_fail.id]
[parameters: {'task_id': 'run_silver_spark_job', 'dag_id': 'process_silver_layer', 'run_id': 'manual__2026-07-30T17:25:40.139592+00:00', 'map_index': -1, 'start_date': datetime.datetime(2026, 7, 30, 17, 26, 24, 79583, tzinfo=Timezone('UTC')), 'end_date': datetime.datetime(2026, 7, 30, 17, 49, 23, 926901, tzinfo=Timezone('UTC')), 'duration': 1379}]
(Background on this error at: https://sqlalche.me/e/14/gkpj); 1740)
[2026-07-30T17:49:25.669+0000] {process_utils.py:80} INFO - Process psutil.Process(pid=1741, status='terminated', started='17:26:23') (1741) terminated with exit code None
[2026-07-30T17:49:25.750+0000] {process_utils.py:80} INFO - Process psutil.Process(pid=1740, status='terminated', exitcode=1, started='17:26:23') (1740) terminated with exit code 1
[2026-07-30T17:49:31.347+0000] {process_utils.py:80} INFO - Process psutil.Process(pid=1755, status='terminated', started='17:26:26') (1755) terminated with exit code None
