[2026-07-28T19:29:59.443+0000] {local_task_job_runner.py:120} INFO - ::group::Pre task execution logs
[2026-07-28T19:29:59.526+0000] {taskinstance.py:2076} INFO - Dependencies all met for dep_context=non-requeueable deps ti=<TaskInstance: process_gold_layer.run_gold_spark_job manual__2026-07-28T19:29:57.208691+00:00 [queued]>
[2026-07-28T19:29:59.557+0000] {taskinstance.py:2076} INFO - Dependencies all met for dep_context=requeueable deps ti=<TaskInstance: process_gold_layer.run_gold_spark_job manual__2026-07-28T19:29:57.208691+00:00 [queued]>
[2026-07-28T19:29:59.564+0000] {taskinstance.py:2306} INFO - Starting attempt 1 of 2
[2026-07-28T19:29:59.683+0000] {taskinstance.py:2330} INFO - Executing <Task(BashOperator): run_gold_spark_job> on 2026-07-28 19:29:57.208691+00:00
[2026-07-28T19:29:59.733+0000] {standard_task_runner.py:90} INFO - Running: ['***', 'tasks', 'run', 'process_gold_layer', 'run_gold_spark_job', 'manual__2026-07-28T19:29:57.208691+00:00', '--job-id', '161', '--raw', '--subdir', 'DAGS_FOLDER/gold_processing_dag.py', '--cfg-path', '/tmp/tmpx0tzol5q']
[2026-07-28T19:29:59.753+0000] {standard_task_runner.py:91} INFO - Job 161: Subtask run_gold_spark_job
[2026-07-28T19:29:59.764+0000] {logging_mixin.py:188} WARNING - /home/***/.local/lib/python3.12/site-packages/***/task/task_runner/standard_task_runner.py:61 DeprecationWarning: This process (pid=1536) is multi-threaded, use of fork() may lead to deadlocks in the child.
[2026-07-28T19:29:59.778+0000] {standard_task_runner.py:63} INFO - Started process 1537 to run task
[2026-07-28T19:29:59.899+0000] {task_command.py:426} INFO - Running <TaskInstance: process_gold_layer.run_gold_spark_job manual__2026-07-28T19:29:57.208691+00:00 [running]> on host 21f1a12a00bc
[2026-07-28T19:30:00.456+0000] {taskinstance.py:2648} INFO - Exporting env vars: AIRFLOW_CTX_DAG_OWNER='data_engineer' AIRFLOW_CTX_DAG_ID='process_gold_layer' AIRFLOW_CTX_TASK_ID='run_gold_spark_job' AIRFLOW_CTX_EXECUTION_DATE='2026-07-28T19:29:57.208691+00:00' AIRFLOW_CTX_TRY_NUMBER='1' AIRFLOW_CTX_DAG_RUN_ID='manual__2026-07-28T19:29:57.208691+00:00'
[2026-07-28T19:30:00.464+0000] {taskinstance.py:430} INFO - ::endgroup::
[2026-07-28T19:30:00.724+0000] {subprocess.py:63} INFO - Tmp dir root location: /tmp
[2026-07-28T19:30:00.850+0000] {subprocess.py:75} INFO - Running command: ['/usr/bin/bash', '-c', 'export GOOGLE_APPLICATION_CREDENTIALS=/tmp/gcp_key.json && python /opt/***/jobs/gold_layer_spark_job.py london_bike_data_bronze london-bike-502619']
[2026-07-28T19:30:00.952+0000] {subprocess.py:86} INFO - Output:
[2026-07-28T19:30:07.777+0000] {subprocess.py:93} INFO - /home/***/.local/lib/python3.12/site-packages/pyspark/bin/load-spark-env.sh: line 68: ps: command not found
[2026-07-28T19:30:16.183+0000] {subprocess.py:93} INFO - :: loading settings :: url = jar:file:/home/***/.local/lib/python3.12/site-packages/pyspark/jars/ivy-2.5.1.jar!/org/apache/ivy/core/settings/ivysettings.xml
[2026-07-28T19:30:16.558+0000] {subprocess.py:93} INFO - Ivy Default Cache set to: /home/***/.ivy2/cache
[2026-07-28T19:30:16.561+0000] {subprocess.py:93} INFO - The jars for the packages stored in: /home/***/.ivy2/jars
[2026-07-28T19:30:16.571+0000] {subprocess.py:93} INFO - com.google.cloud.bigdataoss#gcs-connector added as a dependency
[2026-07-28T19:30:16.573+0000] {subprocess.py:93} INFO - com.google.cloud.spark#spark-bigquery-with-dependencies_2.12 added as a dependency
[2026-07-28T19:30:16.577+0000] {subprocess.py:93} INFO - :: resolving dependencies :: org.apache.spark#spark-submit-parent-ffb44337-2549-495c-b371-e065d9d6f2ac;1.0
[2026-07-28T19:30:16.579+0000] {subprocess.py:93} INFO - 	confs: [default]
[2026-07-28T19:30:32.048+0000] {subprocess.py:93} INFO - 	found com.google.cloud.bigdataoss#gcs-connector;hadoop3-2.2.22 in central
[2026-07-28T19:30:40.715+0000] {subprocess.py:93} INFO - 	found com.google.api-client#google-api-client-jackson2;2.0.1 in central
[2026-07-28T19:30:42.070+0000] {subprocess.py:93} INFO - 	found com.google.api-client#google-api-client;2.0.1 in central
[2026-07-28T19:30:51.848+0000] {subprocess.py:93} INFO - 	found com.google.oauth-client#google-oauth-client;1.34.1 in central
[2026-07-28T19:30:56.746+0000] {subprocess.py:93} INFO - 	found com.google.http-client#google-http-client;1.42.3 in central
[2026-07-28T19:31:07.363+0000] {subprocess.py:93} INFO - 	found org.apache.httpcomponents#httpclient;4.5.13 in central
[2026-07-28T19:31:09.882+0000] {subprocess.py:93} INFO - 	found org.apache.httpcomponents#httpcore;4.4.15 in central
[2026-07-28T19:31:17.637+0000] {subprocess.py:93} INFO - 	found commons-logging#commons-logging;1.2 in central
[2026-07-28T19:31:24.692+0000] {subprocess.py:93} INFO - 	found commons-codec#commons-codec;1.15 in central
[2026-07-28T19:31:27.780+0000] {subprocess.py:93} INFO - 	found com.google.code.findbugs#jsr305;3.0.2 in central
[2026-07-28T19:31:33.766+0000] {subprocess.py:93} INFO - 	found com.google.errorprone#error_prone_annotations;2.16 in central
[2026-07-28T19:31:37.892+0000] {subprocess.py:93} INFO - 	found com.google.guava#guava;33.1.0-jre in central
[2026-07-28T19:31:42.070+0000] {subprocess.py:93} INFO - 	found com.google.guava#failureaccess;1.0.2 in central
[2026-07-28T19:31:42.932+0000] {subprocess.py:93} INFO - 	found com.google.guava#listenablefuture;9999.0-empty-to-avoid-conflict-with-guava in central
[2026-07-28T19:30:47.965+0000] {subprocess.py:93} INFO - 	found org.checkerframework#checker-qual;3.42.0 in central
[2026-07-28T19:31:46.338+0000] {subprocess.py:93} INFO - 	found com.google.j2objc#j2objc-annotations;1.3 in central
[2026-07-28T19:31:47.562+0000] {subprocess.py:93} INFO - 	found io.opencensus#opencensus-api;0.31.1 in central
[2026-07-28T19:31:48.122+0000] {subprocess.py:93} INFO - 	found io.grpc#grpc-context;1.62.2 in central
[2026-07-28T19:31:48.724+0000] {subprocess.py:93} INFO - 	found io.opencensus#opencensus-contrib-http-util;0.31.1 in central
[2026-07-28T19:31:50.016+0000] {subprocess.py:93} INFO - 	found com.google.http-client#google-http-client-gson;1.42.3 in central
[2026-07-28T19:31:53.497+0000] {subprocess.py:93} INFO - 	found com.google.code.gson#gson;2.8.9 in central
[2026-07-28T19:31:54.158+0000] {subprocess.py:93} INFO - 	found io.grpc#grpc-api;1.62.2 in central
[2026-07-28T19:31:54.704+0000] {subprocess.py:93} INFO - 	found com.google.http-client#google-http-client-apache-v2;1.42.3 in central
[2026-07-28T19:31:55.284+0000] {subprocess.py:93} INFO - 	found com.google.cloud.bigdataoss#util;2.2.22 in central
[2026-07-28T19:31:56.531+0000] {subprocess.py:93} INFO - 	found com.google.http-client#google-http-client-jackson2;1.42.3 in central
[2026-07-28T19:32:03.653+0000] {subprocess.py:93} INFO - 	found com.fasterxml.jackson.core#jackson-core;2.13.4 in central
[2026-07-28T19:32:08.072+0000] {subprocess.py:93} INFO - 	found com.google.apis#google-api-services-iamcredentials;v1-rev20211203-2.0.0 in central
[2026-07-28T19:32:09.879+0000] {subprocess.py:93} INFO - 	found com.google.apis#google-api-services-storage;v1-rev20240105-2.0.0 in central
[2026-07-28T19:32:13.970+0000] {subprocess.py:93} INFO - 	found com.google.api-client#google-api-client;2.2.0 in central
[2026-07-28T19:31:22.760+0000] {subprocess.py:93} INFO - 	found org.apache.httpcomponents#httpcore;4.4.16 in central
[2026-07-28T19:31:26.117+0000] {subprocess.py:93} INFO - 	found com.google.auto.value#auto-value-annotations;1.10.4 in central
[2026-07-28T19:32:31.613+0000] {subprocess.py:93} INFO - 	found com.google.auth#google-auth-library-oauth2-http;1.22.0 in central
[2026-07-28T19:32:32.673+0000] {subprocess.py:93} INFO - 	found com.google.auth#google-auth-library-credentials;1.22.0 in central
[2026-07-28T19:32:37.421+0000] {subprocess.py:93} INFO - 	found com.google.http-client#google-http-client;1.43.3 in central
[2026-07-28T19:32:40.195+0000] {subprocess.py:93} INFO - 	found com.google.errorprone#error_prone_annotations;2.18.0 in central
[2026-07-28T19:32:40.821+0000] {subprocess.py:93} INFO - 	found com.google.j2objc#j2objc-annotations;2.8 in central
[2026-07-28T19:32:41.820+0000] {subprocess.py:93} INFO - 	found com.google.http-client#google-http-client-gson;1.43.3 in central
[2026-07-28T19:32:42.379+0000] {subprocess.py:93} INFO - 	found com.google.flogger#google-extensions;0.7.1 in central
[2026-07-28T19:32:42.901+0000] {subprocess.py:93} INFO - 	found com.google.flogger#flogger;0.7.1 in central
[2026-07-28T19:32:43.406+0000] {subprocess.py:93} INFO - 	found org.checkerframework#checker-compat-qual;2.5.3 in central
[2026-07-28T19:32:44.601+0000] {subprocess.py:93} INFO - 	found com.google.flogger#flogger-system-backend;0.7.1 in central
[2026-07-28T19:32:45.109+0000] {subprocess.py:93} INFO - 	found com.google.cloud.bigdataoss#util-hadoop;hadoop3-2.2.22 in central
[2026-07-28T19:32:45.925+0000] {subprocess.py:93} INFO - 	found com.google.cloud.bigdataoss#gcsio;2.2.22 in central
[2026-07-28T19:31:49.422+0000] {subprocess.py:93} INFO - 	found io.grpc#grpc-alts;1.62.2 in central
[2026-07-28T19:31:50.186+0000] {subprocess.py:93} INFO - 	found io.grpc#grpc-auth;1.62.2 in central
[2026-07-28T19:31:51.379+0000] {subprocess.py:93} INFO - 	found io.grpc#grpc-core;1.62.2 in central
[2026-07-28T19:31:52.145+0000] {subprocess.py:93} INFO - 	found io.grpc#grpc-grpclb;1.62.2 in central
[2026-07-28T19:31:52.644+0000] {subprocess.py:93} INFO - 	found io.grpc#grpc-protobuf;1.62.2 in central
[2026-07-28T19:31:57.190+0000] {subprocess.py:93} INFO - 	found com.google.protobuf#protobuf-java;3.25.3 in central
[2026-07-28T19:31:59.746+0000] {subprocess.py:93} INFO - 	found com.google.api.grpc#proto-google-common-protos;2.29.0 in central
[2026-07-28T19:32:00.327+0000] {subprocess.py:93} INFO - 	found io.grpc#grpc-stub;1.62.2 in central
[2026-07-28T19:32:00.836+0000] {subprocess.py:93} INFO - 	found org.conscrypt#conscrypt-openjdk-uber;2.5.2 in central
[2026-07-28T19:32:01.317+0000] {subprocess.py:93} INFO - 	found io.grpc#grpc-netty-shaded;1.62.2 in central
[2026-07-28T19:32:01.831+0000] {subprocess.py:93} INFO - 	found io.grpc#grpc-census;1.62.2 in central
[2026-07-28T19:32:02.800+0000] {subprocess.py:93} INFO - 	found com.google.cloud#google-cloud-storage;2.37.0 in central
[2026-07-28T19:33:02.641+0000] {subprocess.py:93} INFO - 	found com.google.errorprone#error_prone_annotations;2.26.1 in central
[2026-07-28T19:33:03.786+0000] {subprocess.py:93} INFO - 	found com.google.j2objc#j2objc-annotations;3.0.0 in central
[2026-07-28T19:33:08.173+0000] {subprocess.py:93} INFO - 	found com.google.http-client#google-http-client;1.44.1 in central
[2026-07-28T19:33:08.691+0000] {subprocess.py:93} INFO - 	found com.google.http-client#google-http-client-gson;1.44.1 in central
[2026-07-28T19:33:18.207+0000] {subprocess.py:93} INFO - 	found com.google.api-client#google-api-client;2.4.0 in central
[2026-07-28T19:33:25.692+0000] {subprocess.py:93} INFO - 	found commons-codec#commons-codec;1.16.1 in central
[2026-07-28T19:33:27.395+0000] {subprocess.py:93} INFO - 	found com.google.http-client#google-http-client-apache-v2;1.44.1 in central
[2026-07-28T19:33:50.160+0000] {subprocess.py:93} INFO - 	found com.google.cloud#google-cloud-core;2.5.4 in central
[2026-07-28T19:33:51.909+0000] {subprocess.py:93} INFO - 	found com.google.protobuf#protobuf-java-util;3.25.3 in central
[2026-07-28T19:33:53.393+0000] {subprocess.py:93} INFO - 	found com.google.api.grpc#proto-google-iam-v1;1.1.7 in central
[2026-07-28T19:33:37.047+0000] {subprocess.py:93} INFO - 	found com.google.cloud#google-cloud-core-http;2.37.0 in central
[2026-07-28T19:34:35.083+0000] {subprocess.py:93} INFO - 	found com.google.http-client#google-http-client-appengine;1.44.1 in central
[2026-07-28T19:34:39.924+0000] {subprocess.py:93} INFO - 	found com.google.api#gax-httpjson;2.47.0 in central
[2026-07-28T19:34:40.994+0000] {subprocess.py:93} INFO - 	found com.google.cloud#google-cloud-core-grpc;2.37.0 in central
[2026-07-28T19:34:41.956+0000] {subprocess.py:93} INFO - 	found com.google.api#gax;2.47.0 in central
[2026-07-28T19:34:43.353+0000] {subprocess.py:93} INFO - 	found io.opentelemetry#opentelemetry-api;1.37.0 in central
[2026-07-28T19:34:44.912+0000] {subprocess.py:93} INFO - 	found io.opentelemetry#opentelemetry-context;1.37.0 in central
[2026-07-28T19:34:58.362+0000] {subprocess.py:93} INFO - 	found com.google.api#gax-grpc;2.42.0 in central
[2026-07-28T19:34:59.534+0000] {subprocess.py:93} INFO - 	found io.grpc#grpc-inprocess;1.62.2 in central
[2026-07-28T19:35:01.322+0000] {subprocess.py:93} INFO - 	found com.google.api#api-common;2.30.0 in central
[2026-07-28T19:35:03.381+0000] {subprocess.py:93} INFO - 	found javax.annotation#javax.annotation-api;1.3.2 in central
[2026-07-28T19:35:04.520+0000] {subprocess.py:93} INFO - 	found com.google.api.grpc#proto-google-common-protos;2.38.0 in central
[2026-07-28T19:35:05.031+0000] {subprocess.py:93} INFO - 	found org.threeten#threetenbp;1.6.9 in central
[2026-07-28T19:35:08.428+0000] {subprocess.py:93} INFO - 	found com.google.api.grpc#proto-google-cloud-storage-v2;2.37.0-alpha in central
[2026-07-28T19:35:09.903+0000] {subprocess.py:93} INFO - 	found com.google.api.grpc#grpc-google-cloud-storage-v2;2.37.0-alpha in central
[2026-07-28T19:35:10.871+0000] {subprocess.py:93} INFO - 	found com.google.api.grpc#gapic-google-cloud-storage-v2;2.37.0-alpha in central
[2026-07-28T19:35:16.685+0000] {subprocess.py:93} INFO - 	found com.fasterxml.jackson.core#jackson-core;2.17.0 in central
[2026-07-28T19:35:17.876+0000] {subprocess.py:93} INFO - 	found com.google.cloud#google-cloud-storage-control;2.37.0-alpha in central
[2026-07-28T19:35:18.376+0000] {subprocess.py:93} INFO - 	found com.google.api.grpc#proto-google-cloud-storage-control-v2;2.37.0-alpha in central
[2026-07-28T19:35:19.727+0000] {subprocess.py:93} INFO - 	found io.grpc#grpc-xds;1.62.2 in central
[2026-07-28T19:34:25.316+0000] {subprocess.py:93} INFO - 	found io.opencensus#opencensus-proto;0.2.0 in central
[2026-07-28T19:34:26.689+0000] {subprocess.py:93} INFO - 	found io.grpc#grpc-util;1.62.2 in central
[2026-07-28T19:34:27.209+0000] {subprocess.py:93} INFO - 	found io.grpc#grpc-services;1.62.2 in central
[2026-07-28T19:34:27.713+0000] {subprocess.py:93} INFO - 	found com.google.re2j#re2j;1.7 in central
[2026-07-28T19:34:28.194+0000] {subprocess.py:93} INFO - 	found io.opencensus#opencensus-impl;0.31.0 in central
[2026-07-28T19:34:29.311+0000] {subprocess.py:93} INFO - 	found io.opencensus#opencensus-impl-core;0.31.0 in central
[2026-07-28T19:34:29.811+0000] {subprocess.py:93} INFO - 	found com.lmax#disruptor;3.4.2 in central
[2026-07-28T19:34:30.301+0000] {subprocess.py:93} INFO - 	found io.opencensus#opencensus-exporter-stats-stackdriver;0.31.0 in central
[2026-07-28T19:34:30.781+0000] {subprocess.py:93} INFO - 	found io.opencensus#opencensus-contrib-exemplar-util;0.31.0 in central
[2026-07-28T19:34:31.689+0000] {subprocess.py:93} INFO - 	found io.opencensus#opencensus-contrib-resource-util;0.31.0 in central
[2026-07-28T19:34:32.831+0000] {subprocess.py:93} INFO - 	found io.opencensus#opencensus-exporter-metrics-util;0.31.0 in central
[2026-07-28T19:34:47.893+0000] {subprocess.py:93} INFO - 	found com.google.cloud#google-cloud-monitoring;1.82.0 in central
[2026-07-28T19:34:50.899+0000] {subprocess.py:93} INFO - 	found com.google.api.grpc#proto-google-cloud-monitoring-v3;1.64.0 in central
[2026-07-28T19:34:52.442+0000] {subprocess.py:93} INFO - 	found io.opencensus#opencensus-contrib-grpc-metrics;0.31.0 in central
[2026-07-28T19:34:53.051+0000] {subprocess.py:93} INFO - 	found com.google.android#annotations;4.1.1.4 in central
[2026-07-28T19:35:56.843+0000] {subprocess.py:93} INFO - 	found org.codehaus.mojo#animal-sniffer-annotations;1.23 in central
[2026-07-28T19:35:57.516+0000] {subprocess.py:93} INFO - 	found io.perfmark#perfmark-api;0.26.0 in central
[2026-07-28T19:35:58.898+0000] {subprocess.py:93} INFO - 	found io.grpc#grpc-protobuf-lite;1.62.2 in central
[2026-07-28T19:35:59.926+0000] {subprocess.py:93} INFO - 	found io.perfmark#perfmark-api;0.27.0 in central
[2026-07-28T19:36:00.436+0000] {subprocess.py:93} INFO - 	found io.grpc#grpc-googleapis;1.62.2 in central
[2026-07-28T19:36:00.992+0000] {subprocess.py:93} INFO - 	found io.grpc#grpc-rls;1.62.2 in central
[2026-07-28T19:36:30.364+0000] {subprocess.py:93} INFO - 	found com.google.cloud.spark#spark-bigquery-with-dependencies_2.12;0.34.0 in central
[2026-07-28T19:36:30.784+0000] {subprocess.py:93} INFO - downloading https://repo1.maven.org/maven2/com/google/cloud/bigdataoss/gcs-connector/hadoop3-2.2.22/gcs-connector-hadoop3-2.2.22.jar ...
[2026-07-28T19:36:32.251+0000] {subprocess.py:93} INFO - 	[SUCCESSFUL ] com.google.cloud.bigdataoss#gcs-connector;hadoop3-2.2.22!gcs-connector.jar (1712ms)
[2026-07-28T19:36:32.524+0000] {subprocess.py:93} INFO - downloading https://repo1.maven.org/maven2/com/google/cloud/spark/spark-bigquery-with-dependencies_2.12/0.34.0/spark-bigquery-with-dependencies_2.12-0.34.0.jar ...
[2026-07-28T19:47:10.582+0000] {subprocess.py:93} INFO - 	[SUCCESSFUL ] com.google.cloud.spark#spark-bigquery-with-dependencies_2.12;0.34.0!spark-bigquery-with-dependencies_2.12.jar (638166ms)
[2026-07-28T19:47:11.583+0000] {subprocess.py:93} INFO - downloading https://repo1.maven.org/maven2/com/google/api-client/google-api-client-jackson2/2.0.1/google-api-client-jackson2-2.0.1.jar ...
[2026-07-28T19:47:12.310+0000] {subprocess.py:93} INFO - 	[SUCCESSFUL ] com.google.api-client#google-api-client-jackson2;2.0.1!google-api-client-jackson2.jar (1621ms)
[2026-07-28T19:47:13.062+0000] {subprocess.py:93} INFO - downloading https://repo1.maven.org/maven2/com/google/guava/guava/33.1.0-jre/guava-33.1.0-jre.jar ...
[2026-07-28T19:48:11.777+0000] {subprocess.py:93} INFO - 	[SUCCESSFUL ] com.google.guava#guava;33.1.0-jre!guava.jar(bundle) (59402ms)
[2026-07-28T19:48:12.035+0000] {subprocess.py:93} INFO - downloading https://repo1.maven.org/maven2/com/google/oauth-client/google-oauth-client/1.34.1/google-oauth-client-1.34.1.jar ...
[2026-07-28T19:48:17.767+0000] {subprocess.py:93} INFO - 	[SUCCESSFUL ] com.google.oauth-client#google-oauth-client;1.34.1!google-oauth-client.jar (5975ms)
[2026-07-28T19:48:18.081+0000] {subprocess.py:93} INFO - downloading https://repo1.maven.org/maven2/com/google/cloud/bigdataoss/util/2.2.22/util-2.2.22.jar ...
[2026-07-28T19:48:21.465+0000] {subprocess.py:93} INFO - 	[SUCCESSFUL ] com.google.cloud.bigdataoss#util;2.2.22!util.jar (3690ms)
[2026-07-28T19:48:22.138+0000] {subprocess.py:93} INFO - downloading https://repo1.maven.org/maven2/com/google/cloud/bigdataoss/util-hadoop/hadoop3-2.2.22/util-hadoop-hadoop3-2.2.22.jar ...
[2026-07-28T19:48:23.035+0000] {subprocess.py:93} INFO - 	[SUCCESSFUL ] com.google.cloud.bigdataoss#util-hadoop;hadoop3-2.2.22!util-hadoop.jar (1558ms)
[2026-07-28T19:48:23.916+0000] {subprocess.py:93} INFO - downloading https://repo1.maven.org/maven2/com/google/cloud/bigdataoss/gcsio/2.2.22/gcsio-2.2.22.jar ...
[2026-07-28T19:49:30.656+0000] {subprocess.py:93} INFO - 	[SUCCESSFUL ] com.google.cloud.bigdataoss#gcsio;2.2.22!gcsio.jar (67615ms)
[2026-07-28T19:49:30.897+0000] {subprocess.py:93} INFO - downloading https://repo1.maven.org/maven2/com/google/auto/value/auto-value-annotations/1.10.4/auto-value-annotations-1.10.4.jar ...
[2026-07-28T19:49:31.307+0000] {subprocess.py:93} INFO - 	[SUCCESSFUL ] com.google.auto.value#auto-value-annotations;1.10.4!auto-value-annotations.jar (638ms)
[2026-07-28T19:49:31.549+0000] {subprocess.py:93} INFO - downloading https://repo1.maven.org/maven2/com/google/flogger/flogger/0.7.1/flogger-0.7.1.jar ...
[2026-07-28T19:49:36.824+0000] {subprocess.py:93} INFO - 	[SUCCESSFUL ] com.google.flogger#flogger;0.7.1!flogger.jar (5501ms)
[2026-07-28T19:49:37.077+0000] {subprocess.py:93} INFO - downloading https://repo1.maven.org/maven2/com/google/flogger/google-extensions/0.7.1/google-extensions-0.7.1.jar ...
[2026-07-28T19:49:37.778+0000] {subprocess.py:93} INFO - 	[SUCCESSFUL ] com.google.flogger#google-extensions;0.7.1!google-extensions.jar (948ms)
[2026-07-28T19:49:38.028+0000] {subprocess.py:93} INFO - downloading https://repo1.maven.org/maven2/com/google/code/gson/gson/2.8.9/gson-2.8.9.jar ...
[2026-07-28T19:49:44.553+0000] {subprocess.py:93} INFO - 	[SUCCESSFUL ] com.google.code.gson#gson;2.8.9!gson.jar (6762ms)
[2026-07-28T19:49:45.258+0000] {subprocess.py:93} INFO - downloading https://repo1.maven.org/maven2/org/apache/httpcomponents/httpclient/4.5.13/httpclient-4.5.13.jar ...
[2026-07-28T19:50:09.117+0000] {subprocess.py:93} INFO - 	[SUCCESSFUL ] org.apache.httpcomponents#httpclient;4.5.13!httpclient.jar (24551ms)
[2026-07-28T19:50:09.807+0000] {subprocess.py:93} INFO - downloading https://repo1.maven.org/maven2/com/google/code/findbugs/jsr305/3.0.2/jsr305-3.0.2.jar ...
[2026-07-28T19:50:11.118+0000] {subprocess.py:93} INFO - 	[SUCCESSFUL ] com.google.code.findbugs#jsr305;3.0.2!jsr305.jar (1982ms)
[2026-07-28T19:50:11.394+0000] {subprocess.py:93} INFO - downloading https://repo1.maven.org/maven2/io/opencensus/opencensus-api/0.31.1/opencensus-api-0.31.1.jar ...
[2026-07-28T19:50:25.292+0000] {subprocess.py:93} INFO - 	[SUCCESSFUL ] io.opencensus#opencensus-api;0.31.1!opencensus-api.jar (14148ms)
[2026-07-28T19:50:25.792+0000] {subprocess.py:93} INFO - downloading https://repo1.maven.org/maven2/io/opencensus/opencensus-contrib-http-util/0.31.1/opencensus-contrib-http-util-0.31.1.jar ...
[2026-07-28T19:50:27.228+0000] {subprocess.py:93} INFO - 	[SUCCESSFUL ] io.opencensus#opencensus-contrib-http-util;0.31.1!opencensus-contrib-http-util.jar (1809ms)
[2026-07-28T19:50:27.503+0000] {subprocess.py:93} INFO - downloading https://repo1.maven.org/maven2/commons-logging/commons-logging/1.2/commons-logging-1.2.jar ...
[2026-07-28T19:50:30.251+0000] {subprocess.py:93} INFO - 	[SUCCESSFUL ] commons-logging#commons-logging;1.2!commons-logging.jar (2981ms)
[2026-07-28T19:50:31.095+0000] {subprocess.py:93} INFO - downloading https://repo1.maven.org/maven2/com/google/guava/failureaccess/1.0.2/failureaccess-1.0.2.jar ...
[2026-07-28T19:50:31.411+0000] {subprocess.py:93} INFO - 	[SUCCESSFUL ] com.google.guava#failureaccess;1.0.2!failureaccess.jar(bundle) (1135ms)
[2026-07-28T19:50:31.656+0000] {subprocess.py:93} INFO - downloading https://repo1.maven.org/maven2/com/google/guava/listenablefuture/9999.0-empty-to-avoid-conflict-with-guava/listenablefuture-9999.0-empty-to-avoid-conflict-with-guava.jar ...
[2026-07-28T19:50:31.924+0000] {subprocess.py:93} INFO - 	[SUCCESSFUL ] com.google.guava#listenablefuture;9999.0-empty-to-avoid-conflict-with-guava!listenablefuture.jar (493ms)
[2026-07-28T19:50:32.198+0000] {subprocess.py:93} INFO - downloading https://repo1.maven.org/maven2/org/checkerframework/checker-qual/3.42.0/checker-qual-3.42.0.jar ...
[2026-07-28T19:49:42.690+0000] {subprocess.py:93} INFO - 	[SUCCESSFUL ] org.checkerframework#checker-qual;3.42.0!checker-qual.jar (-49254ms)
[2026-07-28T19:50:40.344+0000] {subprocess.py:93} INFO - downloading https://repo1.maven.org/maven2/io/grpc/grpc-context/1.62.2/grpc-context-1.62.2.jar ...
[2026-07-28T19:50:41.194+0000] {subprocess.py:93} INFO - 	[SUCCESSFUL ] io.grpc#grpc-context;1.62.2!grpc-context.jar (58455ms)
[2026-07-28T19:50:41.462+0000] {subprocess.py:93} INFO - downloading https://repo1.maven.org/maven2/io/grpc/grpc-api/1.62.2/grpc-api-1.62.2.jar ...
[2026-07-28T19:50:51.661+0000] {subprocess.py:93} INFO - 	[SUCCESSFUL ] io.grpc#grpc-api;1.62.2!grpc-api.jar (10443ms)
[2026-07-28T19:50:52.486+0000] {subprocess.py:93} INFO - downloading https://repo1.maven.org/maven2/com/google/http-client/google-http-client-jackson2/1.42.3/google-http-client-jackson2-1.42.3.jar ...
[2026-07-28T19:50:53.157+0000] {subprocess.py:93} INFO - 	[SUCCESSFUL ] com.google.http-client#google-http-client-jackson2;1.42.3!google-http-client-jackson2.jar (1457ms)
[2026-07-28T19:50:53.437+0000] {subprocess.py:93} INFO - downloading https://repo1.maven.org/maven2/com/google/apis/google-api-services-iamcredentials/v1-rev20211203-2.0.0/google-api-services-iamcredentials-v1-rev20211203-2.0.0.jar ...
[2026-07-28T19:50:54.878+0000] {subprocess.py:93} INFO - 	[SUCCESSFUL ] com.google.apis#google-api-services-iamcredentials;v1-rev20211203-2.0.0!google-api-services-iamcredentials.jar (1690ms)
[2026-07-28T19:50:55.148+0000] {subprocess.py:93} INFO - downloading https://repo1.maven.org/maven2/com/google/apis/google-api-services-storage/v1-rev20240105-2.0.0/google-api-services-storage-v1-rev20240105-2.0.0.jar ...
[2026-07-28T19:51:02.762+0000] {subprocess.py:93} INFO - 	[SUCCESSFUL ] com.google.apis#google-api-services-storage;v1-rev20240105-2.0.0!google-api-services-storage.jar (7862ms)
[2026-07-28T19:51:02.981+0000] {subprocess.py:93} INFO - downloading https://repo1.maven.org/maven2/com/google/auth/google-auth-library-oauth2-http/1.22.0/google-auth-library-oauth2-http-1.22.0.jar ...
[2026-07-28T19:51:08.403+0000] {subprocess.py:93} INFO - 	[SUCCESSFUL ] com.google.auth#google-auth-library-oauth2-http;1.22.0!google-auth-library-oauth2-http.jar (5628ms)
[2026-07-28T19:51:09.061+0000] {subprocess.py:93} INFO - downloading https://repo1.maven.org/maven2/org/apache/httpcomponents/httpcore/4.4.16/httpcore-4.4.16.jar ...
[2026-07-28T19:50:20.511+0000] {subprocess.py:93} INFO - 	[SUCCESSFUL ] org.apache.httpcomponents#httpcore;4.4.16!httpcore.jar (-47909ms)
[2026-07-28T19:50:24.033+0000] {subprocess.py:93} INFO - downloading https://repo1.maven.org/maven2/com/google/auth/google-auth-library-credentials/1.22.0/google-auth-library-credentials-1.22.0.jar ...
[2026-07-28T19:50:24.414+0000] {subprocess.py:93} INFO - 	[SUCCESSFUL ] com.google.auth#google-auth-library-credentials;1.22.0!google-auth-library-credentials.jar (3890ms)
[2026-07-28T19:50:24.688+0000] {subprocess.py:93} INFO - downloading https://repo1.maven.org/maven2/com/google/flogger/flogger-system-backend/0.7.1/flogger-system-backend-0.7.1.jar ...
[2026-07-28T19:50:25.557+0000] {subprocess.py:93} INFO - 	[SUCCESSFUL ] com.google.flogger#flogger-system-backend;0.7.1!flogger-system-backend.jar (1117ms)
[2026-07-28T19:50:25.856+0000] {subprocess.py:93} INFO - downloading https://repo1.maven.org/maven2/org/checkerframework/checker-compat-qual/2.5.3/checker-compat-qual-2.5.3.jar ...
[2026-07-28T19:50:27.043+0000] {subprocess.py:93} INFO - 	[SUCCESSFUL ] org.checkerframework#checker-compat-qual;2.5.3!checker-compat-qual.jar (1437ms)
[2026-07-28T19:50:27.319+0000] {subprocess.py:93} INFO - downloading https://repo1.maven.org/maven2/io/grpc/grpc-alts/1.62.2/grpc-alts-1.62.2.jar ...
[2026-07-28T19:50:36.392+0000] {subprocess.py:93} INFO - 	[SUCCESSFUL ] io.grpc#grpc-alts;1.62.2!grpc-alts.jar (9334ms)
[2026-07-28T19:50:36.652+0000] {subprocess.py:93} INFO - downloading https://repo1.maven.org/maven2/io/grpc/grpc-core/1.62.2/grpc-core-1.62.2.jar ...
[2026-07-28T19:50:53.599+0000] {subprocess.py:93} INFO - 	[SUCCESSFUL ] io.grpc#grpc-core;1.62.2!grpc-core.jar (17187ms)
[2026-07-28T19:50:53.864+0000] {subprocess.py:93} INFO - downloading https://repo1.maven.org/maven2/io/grpc/grpc-census/1.62.2/grpc-census-1.62.2.jar ...
[2026-07-28T19:50:55.180+0000] {subprocess.py:93} INFO - 	[SUCCESSFUL ] io.grpc#grpc-census;1.62.2!grpc-census.jar (1560ms)
[2026-07-28T19:50:55.457+0000] {subprocess.py:93} INFO - downloading https://repo1.maven.org/maven2/io/grpc/grpc-protobuf/1.62.2/grpc-protobuf-1.62.2.jar ...
[2026-07-28T19:50:56.632+0000] {subprocess.py:93} INFO - 	[SUCCESSFUL ] io.grpc#grpc-protobuf;1.62.2!grpc-protobuf.jar (1427ms)
[2026-07-28T19:50:56.895+0000] {subprocess.py:93} INFO - downloading https://repo1.maven.org/maven2/com/google/cloud/google-cloud-storage/2.37.0/google-cloud-storage-2.37.0.jar ...
[2026-07-28T19:51:20.302+0000] {subprocess.py:93} INFO - 	[SUCCESSFUL ] com.google.cloud#google-cloud-storage;2.37.0!google-cloud-storage.jar (23657ms)
[2026-07-28T19:51:21.100+0000] {subprocess.py:93} INFO - downloading https://repo1.maven.org/maven2/com/google/cloud/google-cloud-storage-control/2.37.0-alpha/google-cloud-storage-control-2.37.0-alpha.jar ...
[2026-07-28T19:51:22.377+0000] {subprocess.py:93} INFO - 	[SUCCESSFUL ] com.google.cloud#google-cloud-storage-control;2.37.0-alpha!google-cloud-storage-control.jar (1964ms)
[2026-07-28T19:51:22.689+0000] {subprocess.py:93} INFO - downloading https://repo1.maven.org/maven2/com/google/api/grpc/grpc-google-cloud-storage-v2/2.37.0-alpha/grpc-google-cloud-storage-v2-2.37.0-alpha.jar ...
[2026-07-28T19:51:23.677+0000] {subprocess.py:93} INFO - 	[SUCCESSFUL ] com.google.api.grpc#grpc-google-cloud-storage-v2;2.37.0-alpha!grpc-google-cloud-storage-v2.jar (1282ms)
[2026-07-28T19:51:24.347+0000] {subprocess.py:93} INFO - downloading https://repo1.maven.org/maven2/io/grpc/grpc-stub/1.62.2/grpc-stub-1.62.2.jar ...
[2026-07-28T19:51:25.451+0000] {subprocess.py:93} INFO - 	[SUCCESSFUL ] io.grpc#grpc-stub;1.62.2!grpc-stub.jar (1747ms)
[2026-07-28T19:51:25.693+0000] {subprocess.py:93} INFO - downloading https://repo1.maven.org/maven2/io/grpc/grpc-xds/1.62.2/grpc-xds-1.62.2.jar ...
[2026-07-28T19:57:32.306+0000] {subprocess.py:93} INFO - 	[SUCCESSFUL ] io.grpc#grpc-xds;1.62.2!grpc-xds.jar (366797ms)
[2026-07-28T19:57:33.257+0000] {subprocess.py:93} INFO - downloading https://repo1.maven.org/maven2/com/google/api/grpc/proto-google-iam-v1/1.1.7/proto-google-iam-v1-1.1.7.jar ...
[2026-07-28T19:57:42.012+0000] {subprocess.py:93} INFO - 	[SUCCESSFUL ] com.google.api.grpc#proto-google-iam-v1;1.1.7!proto-google-iam-v1.jar (9595ms)
[2026-07-28T19:57:42.287+0000] {subprocess.py:93} INFO - downloading https://repo1.maven.org/maven2/com/google/protobuf/protobuf-java/3.25.3/protobuf-java-3.25.3.jar ...
[2026-07-28T19:58:51.929+0000] {subprocess.py:93} INFO - 	[SUCCESSFUL ] com.google.protobuf#protobuf-java;3.25.3!protobuf-java.jar (69490ms)
[2026-07-28T19:58:53.620+0000] {subprocess.py:93} INFO - downloading https://repo1.maven.org/maven2/com/google/protobuf/protobuf-java-util/3.25.3/protobuf-java-util-3.25.3.jar ...
[2026-07-28T19:59:04.260+0000] {subprocess.py:93} INFO - 	[SUCCESSFUL ] com.google.protobuf#protobuf-java-util;3.25.3!protobuf-java-util.jar (11462ms)
[2026-07-28T19:59:04.681+0000] {subprocess.py:93} INFO - downloading https://repo1.maven.org/maven2/io/opencensus/opencensus-impl/0.31.0/opencensus-impl-0.31.0.jar ...
[2026-07-28T19:59:06.018+0000] {subprocess.py:93} INFO - 	[SUCCESSFUL ] io.opencensus#opencensus-impl;0.31.0!opencensus-impl.jar (1709ms)
[2026-07-28T19:59:06.326+0000] {subprocess.py:93} INFO - downloading https://repo1.maven.org/maven2/io/opencensus/opencensus-exporter-stats-stackdriver/0.31.0/opencensus-exporter-stats-stackdriver-0.31.0.jar ...
[2026-07-28T19:59:08.994+0000] {subprocess.py:93} INFO - 	[SUCCESSFUL ] io.opencensus#opencensus-exporter-stats-stackdriver;0.31.0!opencensus-exporter-stats-stackdriver.jar (2945ms)
[2026-07-28T19:59:09.286+0000] {subprocess.py:93} INFO - downloading https://repo1.maven.org/maven2/io/opencensus/opencensus-contrib-grpc-metrics/0.31.0/opencensus-contrib-grpc-metrics-0.31.0.jar ...
[2026-07-28T19:59:10.969+0000] {subprocess.py:93} INFO - 	[SUCCESSFUL ] io.opencensus#opencensus-contrib-grpc-metrics;0.31.0!opencensus-contrib-grpc-metrics.jar (1922ms)
[2026-07-28T19:59:11.251+0000] {subprocess.py:93} INFO - downloading https://repo1.maven.org/maven2/com/google/cloud/google-cloud-core/2.5.4/google-cloud-core-2.5.4.jar ...
[2026-07-28T19:59:15.674+0000] {subprocess.py:93} INFO - 	[SUCCESSFUL ] com.google.cloud#google-cloud-core;2.5.4!google-cloud-core.jar (4682ms)
[2026-07-28T19:59:15.938+0000] {subprocess.py:93} INFO - downloading https://repo1.maven.org/maven2/com/google/api/gax-grpc/2.42.0/gax-grpc-2.42.0.jar ...
[2026-07-28T19:59:22.811+0000] {subprocess.py:93} INFO - 	[SUCCESSFUL ] com.google.api#gax-grpc;2.42.0!gax-grpc.jar (7105ms)
[2026-07-28T19:59:23.100+0000] {subprocess.py:93} INFO - downloading https://repo1.maven.org/maven2/io/grpc/grpc-auth/1.62.2/grpc-auth-1.62.2.jar ...
[2026-07-28T19:59:24.912+0000] {subprocess.py:93} INFO - 	[SUCCESSFUL ] io.grpc#grpc-auth;1.62.2!grpc-auth.jar (2060ms)
[2026-07-28T19:59:25.246+0000] {subprocess.py:93} INFO - downloading https://repo1.maven.org/maven2/io/grpc/grpc-grpclb/1.62.2/grpc-grpclb-1.62.2.jar ...
[2026-07-28T19:59:32.780+0000] {subprocess.py:93} INFO - 	[SUCCESSFUL ] io.grpc#grpc-grpclb;1.62.2!grpc-grpclb.jar (7792ms)
[2026-07-28T19:59:33.408+0000] {subprocess.py:93} INFO - downloading https://repo1.maven.org/maven2/org/conscrypt/conscrypt-openjdk-uber/2.5.2/conscrypt-openjdk-uber-2.5.2.jar ...
[2026-07-28T20:01:25.488+0000] {subprocess.py:93} INFO - 	[SUCCESSFUL ] org.conscrypt#conscrypt-openjdk-uber;2.5.2!conscrypt-openjdk-uber.jar (112175ms)
[2026-07-28T20:01:35.518+0000] {subprocess.py:93} INFO - downloading https://repo1.maven.org/maven2/io/grpc/grpc-netty-shaded/1.62.2/grpc-netty-shaded-1.62.2.jar ...
[2026-07-28T20:07:52.207+0000] {subprocess.py:93} INFO - 	[SUCCESSFUL ] io.grpc#grpc-netty-shaded;1.62.2!grpc-netty-shaded.jar (386338ms)
[2026-07-28T20:07:53.050+0000] {subprocess.py:93} INFO - downloading https://repo1.maven.org/maven2/com/google/errorprone/error_prone_annotations/2.26.1/error_prone_annotations-2.26.1.jar ...
[2026-07-28T20:07:53.843+0000] {subprocess.py:93} INFO - 	[SUCCESSFUL ] com.google.errorprone#error_prone_annotations;2.26.1!error_prone_annotations.jar (1529ms)
[2026-07-28T20:07:54.082+0000] {subprocess.py:93} INFO - downloading https://repo1.maven.org/maven2/com/google/j2objc/j2objc-annotations/3.0.0/j2objc-annotations-3.0.0.jar ...
[2026-07-28T20:07:54.839+0000] {subprocess.py:93} INFO - 	[SUCCESSFUL ] com.google.j2objc#j2objc-annotations;3.0.0!j2objc-annotations.jar (970ms)
[2026-07-28T20:07:55.477+0000] {subprocess.py:93} INFO - downloading https://repo1.maven.org/maven2/com/google/http-client/google-http-client/1.44.1/google-http-client-1.44.1.jar ...
[2026-07-28T20:08:00.914+0000] {subprocess.py:93} INFO - 	[SUCCESSFUL ] com.google.http-client#google-http-client;1.44.1!google-http-client.jar (6044ms)
[2026-07-28T20:08:01.143+0000] {subprocess.py:93} INFO - downloading https://repo1.maven.org/maven2/com/google/http-client/google-http-client-gson/1.44.1/google-http-client-gson-1.44.1.jar ...
[2026-07-28T20:08:02.988+0000] {subprocess.py:93} INFO - 	[SUCCESSFUL ] com.google.http-client#google-http-client-gson;1.44.1!google-http-client-gson.jar (2054ms)
[2026-07-28T20:08:03.254+0000] {subprocess.py:93} INFO - downloading https://repo1.maven.org/maven2/com/google/api-client/google-api-client/2.4.0/google-api-client-2.4.0.jar ...
[2026-07-28T20:08:10.765+0000] {subprocess.py:93} INFO - 	[SUCCESSFUL ] com.google.api-client#google-api-client;2.4.0!google-api-client.jar (7750ms)
[2026-07-28T20:08:11.913+0000] {subprocess.py:93} INFO - downloading https://repo1.maven.org/maven2/commons-codec/commons-codec/1.16.1/commons-codec-1.16.1.jar ...
[2026-07-28T20:08:19.839+0000] {subprocess.py:93} INFO - 	[SUCCESSFUL ] commons-codec#commons-codec;1.16.1!commons-codec.jar (8226ms)
[2026-07-28T20:08:20.083+0000] {subprocess.py:93} INFO - downloading https://repo1.maven.org/maven2/com/google/http-client/google-http-client-apache-v2/1.44.1/google-http-client-apache-v2-1.44.1.jar ...
[2026-07-28T20:08:20.670+0000] {subprocess.py:93} INFO - 	[SUCCESSFUL ] com.google.http-client#google-http-client-apache-v2;1.44.1!google-http-client-apache-v2.jar (813ms)
[2026-07-28T20:08:20.914+0000] {subprocess.py:93} INFO - downloading https://repo1.maven.org/maven2/com/google/cloud/google-cloud-core-http/2.37.0/google-cloud-core-http-2.37.0.jar ...
[2026-07-28T20:08:22.185+0000] {subprocess.py:93} INFO - 	[SUCCESSFUL ] com.google.cloud#google-cloud-core-http;2.37.0!google-cloud-core-http.jar (1491ms)
[2026-07-28T20:08:22.601+0000] {subprocess.py:93} INFO - downloading https://repo1.maven.org/maven2/com/google/http-client/google-http-client-appengine/1.44.1/google-http-client-appengine-1.44.1.jar ...
[2026-07-28T20:08:23.820+0000] {subprocess.py:93} INFO - 	[SUCCESSFUL ] com.google.http-client#google-http-client-appengine;1.44.1!google-http-client-appengine.jar (1608ms)
[2026-07-28T20:08:24.689+0000] {subprocess.py:93} INFO - downloading https://repo1.maven.org/maven2/com/google/api/gax-httpjson/2.47.0/gax-httpjson-2.47.0.jar ...
[2026-07-28T20:08:29.246+0000] {subprocess.py:93} INFO - 	[SUCCESSFUL ] com.google.api#gax-httpjson;2.47.0!gax-httpjson.jar (5404ms)
[2026-07-28T20:08:29.863+0000] {subprocess.py:93} INFO - downloading https://repo1.maven.org/maven2/com/google/cloud/google-cloud-core-grpc/2.37.0/google-cloud-core-grpc-2.37.0.jar ...
[2026-07-28T20:08:30.656+0000] {subprocess.py:93} INFO - 	[SUCCESSFUL ] com.google.cloud#google-cloud-core-grpc;2.37.0!google-cloud-core-grpc.jar (1389ms)
[2026-07-28T20:08:30.887+0000] {subprocess.py:93} INFO - downloading https://repo1.maven.org/maven2/com/google/api/gax/2.47.0/gax-2.47.0.jar ...
[2026-07-28T20:07:48.404+0000] {subprocess.py:93} INFO - 	[SUCCESSFUL ] com.google.api#gax;2.47.0!gax.jar (-42274ms)
[2026-07-28T20:07:49.507+0000] {subprocess.py:93} INFO - downloading https://repo1.maven.org/maven2/io/opentelemetry/opentelemetry-api/1.37.0/opentelemetry-api-1.37.0.jar ...
[2026-07-28T20:08:51.589+0000] {subprocess.py:93} INFO - 	[SUCCESSFUL ] io.opentelemetry#opentelemetry-api;1.37.0!opentelemetry-api.jar (63155ms)
[2026-07-28T20:08:52.561+0000] {subprocess.py:93} INFO - downloading https://repo1.maven.org/maven2/io/opentelemetry/opentelemetry-context/1.37.0/opentelemetry-context-1.37.0.jar ...
[2026-07-28T20:08:54.347+0000] {subprocess.py:93} INFO - 	[SUCCESSFUL ] io.opentelemetry#opentelemetry-context;1.37.0!opentelemetry-context.jar (2726ms)
[2026-07-28T20:08:54.605+0000] {subprocess.py:93} INFO - downloading https://repo1.maven.org/maven2/io/grpc/grpc-inprocess/1.62.2/grpc-inprocess-1.62.2.jar ...
[2026-07-28T20:08:56.506+0000] {subprocess.py:93} INFO - 	[SUCCESSFUL ] io.grpc#grpc-inprocess;1.62.2!grpc-inprocess.jar (2138ms)
[2026-07-28T20:08:56.763+0000] {subprocess.py:93} INFO - downloading https://repo1.maven.org/maven2/com/google/api/api-common/2.30.0/api-common-2.30.0.jar ...
[2026-07-28T20:08:59.052+0000] {subprocess.py:93} INFO - 	[SUCCESSFUL ] com.google.api#api-common;2.30.0!api-common.jar (2522ms)
[2026-07-28T20:08:59.314+0000] {subprocess.py:93} INFO - downloading https://repo1.maven.org/maven2/javax/annotation/javax.annotation-api/1.3.2/javax.annotation-api-1.3.2.jar ...
[2026-07-28T20:09:01.410+0000] {subprocess.py:93} INFO - 	[SUCCESSFUL ] javax.annotation#javax.annotation-api;1.3.2!javax.annotation-api.jar (2338ms)
[2026-07-28T20:09:02.095+0000] {subprocess.py:93} INFO - downloading https://repo1.maven.org/maven2/com/google/api/grpc/proto-google-common-protos/2.38.0/proto-google-common-protos-2.38.0.jar ...
[2026-07-28T20:09:56.501+0000] {subprocess.py:93} INFO - 	[SUCCESSFUL ] com.google.api.grpc#proto-google-common-protos;2.38.0!proto-google-common-protos.jar (55069ms)
[2026-07-28T20:09:56.743+0000] {subprocess.py:93} INFO - downloading https://repo1.maven.org/maven2/org/threeten/threetenbp/1.6.9/threetenbp-1.6.9.jar ...
[2026-07-28T20:10:04.900+0000] {subprocess.py:93} INFO - 	[SUCCESSFUL ] org.threeten#threetenbp;1.6.9!threetenbp.jar (8380ms)
[2026-07-28T20:10:05.526+0000] {subprocess.py:93} INFO - downloading https://repo1.maven.org/maven2/com/google/api/grpc/proto-google-cloud-storage-v2/2.37.0-alpha/proto-google-cloud-storage-v2-2.37.0-alpha.jar ...
[2026-07-28T20:10:24.198+0000] {subprocess.py:93} INFO - 	[SUCCESSFUL ] com.google.api.grpc#proto-google-cloud-storage-v2;2.37.0-alpha!proto-google-cloud-storage-v2.jar (19274ms)
[2026-07-28T20:10:24.579+0000] {subprocess.py:93} INFO - downloading https://repo1.maven.org/maven2/com/google/api/grpc/gapic-google-cloud-storage-v2/2.37.0-alpha/gapic-google-cloud-storage-v2-2.37.0-alpha.jar ...
[2026-07-28T20:10:26.210+0000] {subprocess.py:93} INFO - 	[SUCCESSFUL ] com.google.api.grpc#gapic-google-cloud-storage-v2;2.37.0-alpha!gapic-google-cloud-storage-v2.jar (1979ms)
[2026-07-28T20:10:26.439+0000] {subprocess.py:93} INFO - downloading https://repo1.maven.org/maven2/com/fasterxml/jackson/core/jackson-core/2.17.0/jackson-core-2.17.0.jar ...
[2026-07-28T20:10:35.169+0000] {subprocess.py:93} INFO - 	[SUCCESSFUL ] com.fasterxml.jackson.core#jackson-core;2.17.0!jackson-core.jar (8944ms)
[2026-07-28T20:10:35.411+0000] {subprocess.py:93} INFO - downloading https://repo1.maven.org/maven2/com/google/api/grpc/proto-google-cloud-storage-control-v2/2.37.0-alpha/proto-google-cloud-storage-control-v2-2.37.0-alpha.jar ...
[2026-07-28T20:10:42.516+0000] {subprocess.py:93} INFO - 	[SUCCESSFUL ] com.google.api.grpc#proto-google-cloud-storage-control-v2;2.37.0-alpha!proto-google-cloud-storage-control-v2.jar (7322ms)
[2026-07-28T20:10:42.763+0000] {subprocess.py:93} INFO - downloading https://repo1.maven.org/maven2/io/opencensus/opencensus-proto/0.2.0/opencensus-proto-0.2.0.jar ...
[2026-07-28T20:10:57.485+0000] {subprocess.py:93} INFO - 	[SUCCESSFUL ] io.opencensus#opencensus-proto;0.2.0!opencensus-proto.jar (14948ms)
[2026-07-28T20:10:57.749+0000] {subprocess.py:93} INFO - downloading https://repo1.maven.org/maven2/io/grpc/grpc-util/1.62.2/grpc-util-1.62.2.jar ...
[2026-07-28T20:10:59.918+0000] {subprocess.py:93} INFO - 	[SUCCESSFUL ] io.grpc#grpc-util;1.62.2!grpc-util.jar (2405ms)
[2026-07-28T20:11:00.174+0000] {subprocess.py:93} INFO - downloading https://repo1.maven.org/maven2/io/grpc/grpc-services/1.62.2/grpc-services-1.62.2.jar ...
[2026-07-28T20:11:18.992+0000] {subprocess.py:93} INFO - 	[SUCCESSFUL ] io.grpc#grpc-services;1.62.2!grpc-services.jar (19065ms)
[2026-07-28T20:11:19.235+0000] {subprocess.py:93} INFO - downloading https://repo1.maven.org/maven2/com/google/re2j/re2j/1.7/re2j-1.7.jar ...
[2026-07-28T20:11:22.164+0000] {subprocess.py:93} INFO - 	[SUCCESSFUL ] com.google.re2j#re2j;1.7!re2j.jar (3157ms)
[2026-07-28T20:11:22.407+0000] {subprocess.py:93} INFO - downloading https://repo1.maven.org/maven2/io/opencensus/opencensus-impl-core/0.31.0/opencensus-impl-core-0.31.0.jar ...
[2026-07-28T20:11:27.982+0000] {subprocess.py:93} INFO - 	[SUCCESSFUL ] io.opencensus#opencensus-impl-core;0.31.0!opencensus-impl-core.jar (5803ms)
[2026-07-28T20:11:28.254+0000] {subprocess.py:93} INFO - downloading https://repo1.maven.org/maven2/com/lmax/disruptor/3.4.2/disruptor-3.4.2.jar ...
[2026-07-28T20:11:30.380+0000] {subprocess.py:93} INFO - 	[SUCCESSFUL ] com.lmax#disruptor;3.4.2!disruptor.jar (2389ms)
[2026-07-28T20:11:30.627+0000] {subprocess.py:93} INFO - downloading https://repo1.maven.org/maven2/io/opencensus/opencensus-contrib-exemplar-util/0.31.0/opencensus-contrib-exemplar-util-0.31.0.jar ...
[2026-07-28T20:11:31.126+0000] {subprocess.py:93} INFO - 	[SUCCESSFUL ] io.opencensus#opencensus-contrib-exemplar-util;0.31.0!opencensus-contrib-exemplar-util.jar (729ms)
[2026-07-28T20:11:31.383+0000] {subprocess.py:93} INFO - downloading https://repo1.maven.org/maven2/io/opencensus/opencensus-contrib-resource-util/0.31.0/opencensus-contrib-resource-util-0.31.0.jar ...
[2026-07-28T20:11:32.231+0000] {subprocess.py:93} INFO - 	[SUCCESSFUL ] io.opencensus#opencensus-contrib-resource-util;0.31.0!opencensus-contrib-resource-util.jar (1090ms)
[2026-07-28T20:11:32.463+0000] {subprocess.py:93} INFO - downloading https://repo1.maven.org/maven2/io/opencensus/opencensus-exporter-metrics-util/0.31.0/opencensus-exporter-metrics-util-0.31.0.jar ...
[2026-07-28T20:11:33.506+0000] {subprocess.py:93} INFO - 	[SUCCESSFUL ] io.opencensus#opencensus-exporter-metrics-util;0.31.0!opencensus-exporter-metrics-util.jar (1264ms)
[2026-07-28T20:11:34.164+0000] {subprocess.py:93} INFO - downloading https://repo1.maven.org/maven2/com/google/cloud/google-cloud-monitoring/1.82.0/google-cloud-monitoring-1.82.0.jar ...
[2026-07-28T20:10:46.786+0000] {subprocess.py:93} INFO - 	[SUCCESSFUL ] com.google.cloud#google-cloud-monitoring;1.82.0!google-cloud-monitoring.jar (-46739ms)
[2026-07-28T20:10:47.031+0000] {subprocess.py:93} INFO - downloading https://repo1.maven.org/maven2/com/google/api/grpc/proto-google-cloud-monitoring-v3/1.64.0/proto-google-cloud-monitoring-v3-1.64.0.jar ...
[2026-07-28T20:12:39.977+0000] {subprocess.py:93} INFO - 	[SUCCESSFUL ] com.google.api.grpc#proto-google-cloud-monitoring-v3;1.64.0!proto-google-cloud-monitoring-v3.jar (113180ms)
[2026-07-28T20:12:40.263+0000] {subprocess.py:93} INFO - downloading https://repo1.maven.org/maven2/com/google/android/annotations/4.1.1.4/annotations-4.1.1.4.jar ...
[2026-07-28T20:12:41.366+0000] {subprocess.py:93} INFO - 	[SUCCESSFUL ] com.google.android#annotations;4.1.1.4!annotations.jar (1354ms)
[2026-07-28T20:12:44.305+0000] {subprocess.py:93} INFO - downloading https://repo1.maven.org/maven2/org/codehaus/mojo/animal-sniffer-annotations/1.23/animal-sniffer-annotations-1.23.jar ...
[2026-07-28T20:12:47.794+0000] {subprocess.py:93} INFO - 	[SUCCESSFUL ] org.codehaus.mojo#animal-sniffer-annotations;1.23!animal-sniffer-annotations.jar (4459ms)
[2026-07-28T20:12:48.477+0000] {subprocess.py:93} INFO - downloading https://repo1.maven.org/maven2/io/grpc/grpc-protobuf-lite/1.62.2/grpc-protobuf-lite-1.62.2.jar ...
[2026-07-28T20:12:50.391+0000] {subprocess.py:93} INFO - 	[SUCCESSFUL ] io.grpc#grpc-protobuf-lite;1.62.2!grpc-protobuf-lite.jar (2576ms)
[2026-07-28T20:12:50.642+0000] {subprocess.py:93} INFO - downloading https://repo1.maven.org/maven2/io/perfmark/perfmark-api/0.27.0/perfmark-api-0.27.0.jar ...
[2026-07-28T20:12:51.188+0000] {subprocess.py:93} INFO - 	[SUCCESSFUL ] io.perfmark#perfmark-api;0.27.0!perfmark-api.jar (785ms)
[2026-07-28T20:12:51.441+0000] {subprocess.py:93} INFO - downloading https://repo1.maven.org/maven2/io/grpc/grpc-googleapis/1.62.2/grpc-googleapis-1.62.2.jar ...
[2026-07-28T20:12:56.260+0000] {subprocess.py:93} INFO - 	[SUCCESSFUL ] io.grpc#grpc-googleapis;1.62.2!grpc-googleapis.jar (5061ms)
[2026-07-28T20:12:56.566+0000] {subprocess.py:93} INFO - downloading https://repo1.maven.org/maven2/io/grpc/grpc-rls/1.62.2/grpc-rls-1.62.2.jar ...
[2026-07-28T20:13:17.384+0000] {subprocess.py:93} INFO - 	[SUCCESSFUL ] io.grpc#grpc-rls;1.62.2!grpc-rls.jar (21107ms)
[2026-07-28T20:13:17.392+0000] {subprocess.py:93} INFO - :: resolution report :: resolve 373959ms :: artifacts dl 2206851ms
[2026-07-28T20:13:17.398+0000] {subprocess.py:93} INFO - 	:: modules in use:
[2026-07-28T20:13:17.483+0000] {subprocess.py:93} INFO - 	com.fasterxml.jackson.core#jackson-core;2.17.0 from central in [default]
[2026-07-28T20:13:17.487+0000] {subprocess.py:93} INFO - 	com.google.android#annotations;4.1.1.4 from central in [default]
[2026-07-28T20:13:17.493+0000] {subprocess.py:93} INFO - 	com.google.api#api-common;2.30.0 from central in [default]
[2026-07-28T20:13:17.496+0000] {subprocess.py:93} INFO - 	com.google.api#gax;2.47.0 from central in [default]
[2026-07-28T20:13:17.500+0000] {subprocess.py:93} INFO - 	com.google.api#gax-grpc;2.42.0 from central in [default]
[2026-07-28T20:13:17.510+0000] {subprocess.py:93} INFO - 	com.google.api#gax-httpjson;2.47.0 from central in [default]
[2026-07-28T20:13:17.514+0000] {subprocess.py:93} INFO - 	com.google.api-client#google-api-client;2.4.0 from central in [default]
[2026-07-28T20:13:17.518+0000] {subprocess.py:93} INFO - 	com.google.api-client#google-api-client-jackson2;2.0.1 from central in [default]
[2026-07-28T20:13:17.526+0000] {subprocess.py:93} INFO - 	com.google.api.grpc#gapic-google-cloud-storage-v2;2.37.0-alpha from central in [default]
[2026-07-28T20:13:17.532+0000] {subprocess.py:93} INFO - 	com.google.api.grpc#grpc-google-cloud-storage-v2;2.37.0-alpha from central in [default]
[2026-07-28T20:13:17.559+0000] {subprocess.py:93} INFO - 	com.google.api.grpc#proto-google-cloud-monitoring-v3;1.64.0 from central in [default]
[2026-07-28T20:13:17.565+0000] {subprocess.py:93} INFO - 	com.google.api.grpc#proto-google-cloud-storage-control-v2;2.37.0-alpha from central in [default]
[2026-07-28T20:13:17.571+0000] {subprocess.py:93} INFO - 	com.google.api.grpc#proto-google-cloud-storage-v2;2.37.0-alpha from central in [default]
[2026-07-28T20:13:17.579+0000] {subprocess.py:93} INFO - 	com.google.api.grpc#proto-google-common-protos;2.38.0 from central in [default]
[2026-07-28T20:13:17.581+0000] {subprocess.py:93} INFO - 	com.google.api.grpc#proto-google-iam-v1;1.1.7 from central in [default]
[2026-07-28T20:13:17.584+0000] {subprocess.py:93} INFO - 	com.google.apis#google-api-services-iamcredentials;v1-rev20211203-2.0.0 from central in [default]
[2026-07-28T20:13:17.589+0000] {subprocess.py:93} INFO - 	com.google.apis#google-api-services-storage;v1-rev20240105-2.0.0 from central in [default]
[2026-07-28T20:13:17.594+0000] {subprocess.py:93} INFO - 	com.google.auth#google-auth-library-credentials;1.22.0 from central in [default]
[2026-07-28T20:13:17.596+0000] {subprocess.py:93} INFO - 	com.google.auth#google-auth-library-oauth2-http;1.22.0 from central in [default]
[2026-07-28T20:13:17.601+0000] {subprocess.py:93} INFO - 	com.google.auto.value#auto-value-annotations;1.10.4 from central in [default]
[2026-07-28T20:13:17.606+0000] {subprocess.py:93} INFO - 	com.google.cloud#google-cloud-core;2.5.4 from central in [default]
[2026-07-28T20:13:17.608+0000] {subprocess.py:93} INFO - 	com.google.cloud#google-cloud-core-grpc;2.37.0 from central in [default]
[2026-07-28T20:13:17.611+0000] {subprocess.py:93} INFO - 	com.google.cloud#google-cloud-core-http;2.37.0 from central in [default]
[2026-07-28T20:13:17.614+0000] {subprocess.py:93} INFO - 	com.google.cloud#google-cloud-monitoring;1.82.0 from central in [default]
[2026-07-28T20:13:17.631+0000] {subprocess.py:93} INFO - 	com.google.cloud#google-cloud-storage;2.37.0 from central in [default]
[2026-07-28T20:13:17.708+0000] {subprocess.py:93} INFO - 	com.google.cloud#google-cloud-storage-control;2.37.0-alpha from central in [default]
[2026-07-28T20:13:17.730+0000] {subprocess.py:93} INFO - 	com.google.cloud.bigdataoss#gcs-connector;hadoop3-2.2.22 from central in [default]
[2026-07-28T20:13:17.734+0000] {subprocess.py:93} INFO - 	com.google.cloud.bigdataoss#gcsio;2.2.22 from central in [default]
[2026-07-28T20:13:17.743+0000] {subprocess.py:93} INFO - 	com.google.cloud.bigdataoss#util;2.2.22 from central in [default]
[2026-07-28T20:13:17.744+0000] {subprocess.py:93} INFO - 	com.google.cloud.bigdataoss#util-hadoop;hadoop3-2.2.22 from central in [default]
[2026-07-28T20:13:17.749+0000] {subprocess.py:93} INFO - 	com.google.cloud.spark#spark-bigquery-with-dependencies_2.12;0.34.0 from central in [default]
[2026-07-28T20:13:17.752+0000] {subprocess.py:93} INFO - 	com.google.code.findbugs#jsr305;3.0.2 from central in [default]
[2026-07-28T20:13:17.760+0000] {subprocess.py:93} INFO - 	com.google.code.gson#gson;2.8.9 from central in [default]
[2026-07-28T20:13:17.764+0000] {subprocess.py:93} INFO - 	com.google.errorprone#error_prone_annotations;2.26.1 from central in [default]
[2026-07-28T20:13:17.767+0000] {subprocess.py:93} INFO - 	com.google.flogger#flogger;0.7.1 from central in [default]
[2026-07-28T20:13:17.817+0000] {subprocess.py:93} INFO - 	com.google.flogger#flogger-system-backend;0.7.1 from central in [default]
[2026-07-28T20:13:17.825+0000] {subprocess.py:93} INFO - 	com.google.flogger#google-extensions;0.7.1 from central in [default]
[2026-07-28T20:13:17.875+0000] {subprocess.py:93} INFO - 	com.google.guava#failureaccess;1.0.2 from central in [default]
[2026-07-28T20:13:17.877+0000] {subprocess.py:93} INFO - 	com.google.guava#guava;33.1.0-jre from central in [default]
[2026-07-28T20:13:17.880+0000] {subprocess.py:93} INFO - 	com.google.guava#listenablefuture;9999.0-empty-to-avoid-conflict-with-guava from central in [default]
[2026-07-28T20:13:17.882+0000] {subprocess.py:93} INFO - 	com.google.http-client#google-http-client;1.44.1 from central in [default]
[2026-07-28T20:13:17.885+0000] {subprocess.py:93} INFO - 	com.google.http-client#google-http-client-apache-v2;1.44.1 from central in [default]
[2026-07-28T20:13:17.889+0000] {subprocess.py:93} INFO - 	com.google.http-client#google-http-client-appengine;1.44.1 from central in [default]
[2026-07-28T20:13:17.891+0000] {subprocess.py:93} INFO - 	com.google.http-client#google-http-client-gson;1.44.1 from central in [default]
[2026-07-28T20:13:17.926+0000] {subprocess.py:93} INFO - 	com.google.http-client#google-http-client-jackson2;1.42.3 from central in [default]
[2026-07-28T20:13:17.929+0000] {subprocess.py:93} INFO - 	com.google.j2objc#j2objc-annotations;3.0.0 from central in [default]
[2026-07-28T20:13:17.931+0000] {subprocess.py:93} INFO - 	com.google.oauth-client#google-oauth-client;1.34.1 from central in [default]
[2026-07-28T20:13:17.980+0000] {subprocess.py:93} INFO - 	com.google.protobuf#protobuf-java;3.25.3 from central in [default]
[2026-07-28T20:13:17.983+0000] {subprocess.py:93} INFO - 	com.google.protobuf#protobuf-java-util;3.25.3 from central in [default]
[2026-07-28T20:13:17.987+0000] {subprocess.py:93} INFO - 	com.google.re2j#re2j;1.7 from central in [default]
[2026-07-28T20:13:18.130+0000] {subprocess.py:93} INFO - 	com.lmax#disruptor;3.4.2 from central in [default]
[2026-07-28T20:13:18.133+0000] {subprocess.py:93} INFO - 	commons-codec#commons-codec;1.16.1 from central in [default]
[2026-07-28T20:13:18.141+0000] {subprocess.py:93} INFO - 	commons-logging#commons-logging;1.2 from central in [default]
[2026-07-28T20:13:18.146+0000] {subprocess.py:93} INFO - 	io.grpc#grpc-alts;1.62.2 from central in [default]
[2026-07-28T20:13:18.148+0000] {subprocess.py:93} INFO - 	io.grpc#grpc-api;1.62.2 from central in [default]
[2026-07-28T20:13:18.151+0000] {subprocess.py:93} INFO - 	io.grpc#grpc-auth;1.62.2 from central in [default]
[2026-07-28T20:13:18.157+0000] {subprocess.py:93} INFO - 	io.grpc#grpc-census;1.62.2 from central in [default]
[2026-07-28T20:13:18.159+0000] {subprocess.py:93} INFO - 	io.grpc#grpc-context;1.62.2 from central in [default]
[2026-07-28T20:13:18.162+0000] {subprocess.py:93} INFO - 	io.grpc#grpc-core;1.62.2 from central in [default]
[2026-07-28T20:13:18.164+0000] {subprocess.py:93} INFO - 	io.grpc#grpc-googleapis;1.62.2 from central in [default]
[2026-07-28T20:13:18.167+0000] {subprocess.py:93} INFO - 	io.grpc#grpc-grpclb;1.62.2 from central in [default]
[2026-07-28T20:13:18.173+0000] {subprocess.py:93} INFO - 	io.grpc#grpc-inprocess;1.62.2 from central in [default]
[2026-07-28T20:13:18.175+0000] {subprocess.py:93} INFO - 	io.grpc#grpc-netty-shaded;1.62.2 from central in [default]
[2026-07-28T20:13:18.177+0000] {subprocess.py:93} INFO - 	io.grpc#grpc-protobuf;1.62.2 from central in [default]
[2026-07-28T20:13:18.180+0000] {subprocess.py:93} INFO - 	io.grpc#grpc-protobuf-lite;1.62.2 from central in [default]
[2026-07-28T20:13:18.182+0000] {subprocess.py:93} INFO - 	io.grpc#grpc-rls;1.62.2 from central in [default]
[2026-07-28T20:13:18.188+0000] {subprocess.py:93} INFO - 	io.grpc#grpc-services;1.62.2 from central in [default]
[2026-07-28T20:13:18.190+0000] {subprocess.py:93} INFO - 	io.grpc#grpc-stub;1.62.2 from central in [default]
[2026-07-28T20:13:18.193+0000] {subprocess.py:93} INFO - 	io.grpc#grpc-util;1.62.2 from central in [default]
[2026-07-28T20:13:18.194+0000] {subprocess.py:93} INFO - 	io.grpc#grpc-xds;1.62.2 from central in [default]
[2026-07-28T20:13:18.216+0000] {subprocess.py:93} INFO - 	io.opencensus#opencensus-api;0.31.1 from central in [default]
[2026-07-28T20:13:18.219+0000] {subprocess.py:93} INFO - 	io.opencensus#opencensus-contrib-exemplar-util;0.31.0 from central in [default]
[2026-07-28T20:13:18.225+0000] {subprocess.py:93} INFO - 	io.opencensus#opencensus-contrib-grpc-metrics;0.31.0 from central in [default]
[2026-07-28T20:13:18.227+0000] {subprocess.py:93} INFO - 	io.opencensus#opencensus-contrib-http-util;0.31.1 from central in [default]
[2026-07-28T20:13:18.230+0000] {subprocess.py:93} INFO - 	io.opencensus#opencensus-contrib-resource-util;0.31.0 from central in [default]
[2026-07-28T20:13:18.233+0000] {subprocess.py:93} INFO - 	io.opencensus#opencensus-exporter-metrics-util;0.31.0 from central in [default]
[2026-07-28T20:13:18.240+0000] {subprocess.py:93} INFO - 	io.opencensus#opencensus-exporter-stats-stackdriver;0.31.0 from central in [default]
[2026-07-28T20:13:18.243+0000] {subprocess.py:93} INFO - 	io.opencensus#opencensus-impl;0.31.0 from central in [default]
[2026-07-28T20:13:18.245+0000] {subprocess.py:93} INFO - 	io.opencensus#opencensus-impl-core;0.31.0 from central in [default]
[2026-07-28T20:13:18.250+0000] {subprocess.py:93} INFO - 	io.opencensus#opencensus-proto;0.2.0 from central in [default]
[2026-07-28T20:13:18.258+0000] {subprocess.py:93} INFO - 	io.opentelemetry#opentelemetry-api;1.37.0 from central in [default]
[2026-07-28T20:13:18.260+0000] {subprocess.py:93} INFO - 	io.opentelemetry#opentelemetry-context;1.37.0 from central in [default]
[2026-07-28T20:13:18.263+0000] {subprocess.py:93} INFO - 	io.perfmark#perfmark-api;0.27.0 from central in [default]
[2026-07-28T20:13:18.266+0000] {subprocess.py:93} INFO - 	javax.annotation#javax.annotation-api;1.3.2 from central in [default]
[2026-07-28T20:13:18.269+0000] {subprocess.py:93} INFO - 	org.apache.httpcomponents#httpclient;4.5.13 from central in [default]
[2026-07-28T20:13:18.275+0000] {subprocess.py:93} INFO - 	org.apache.httpcomponents#httpcore;4.4.16 from central in [default]
[2026-07-28T20:13:18.277+0000] {subprocess.py:93} INFO - 	org.checkerframework#checker-compat-qual;2.5.3 from central in [default]
[2026-07-28T20:13:18.282+0000] {subprocess.py:93} INFO - 	org.checkerframework#checker-qual;3.42.0 from central in [default]
[2026-07-28T20:13:18.284+0000] {subprocess.py:93} INFO - 	org.codehaus.mojo#animal-sniffer-annotations;1.23 from central in [default]
[2026-07-28T20:13:18.289+0000] {subprocess.py:93} INFO - 	org.conscrypt#conscrypt-openjdk-uber;2.5.2 from central in [default]
[2026-07-28T20:13:18.291+0000] {subprocess.py:93} INFO - 	org.threeten#threetenbp;1.6.9 from central in [default]
[2026-07-28T20:13:18.293+0000] {subprocess.py:93} INFO - 	:: evicted modules:
[2026-07-28T20:13:18.306+0000] {subprocess.py:93} INFO - 	com.google.api-client#google-api-client;2.0.1 by [com.google.api-client#google-api-client;2.2.0] in [default]
[2026-07-28T20:13:18.308+0000] {subprocess.py:93} INFO - 	com.google.http-client#google-http-client;1.42.3 by [com.google.http-client#google-http-client;1.43.3] in [default]
[2026-07-28T20:13:18.310+0000] {subprocess.py:93} INFO - 	org.apache.httpcomponents#httpcore;4.4.15 by [org.apache.httpcomponents#httpcore;4.4.16] in [default]
[2026-07-28T20:13:18.311+0000] {subprocess.py:93} INFO - 	commons-codec#commons-codec;1.15 by [commons-codec#commons-codec;1.16.1] in [default]
[2026-07-28T20:13:18.313+0000] {subprocess.py:93} INFO - 	com.google.errorprone#error_prone_annotations;2.16 by [com.google.errorprone#error_prone_annotations;2.18.0] in [default]
[2026-07-28T20:13:18.315+0000] {subprocess.py:93} INFO - 	com.google.j2objc#j2objc-annotations;1.3 by [com.google.j2objc#j2objc-annotations;2.8] in [default]
[2026-07-28T20:13:18.316+0000] {subprocess.py:93} INFO - 	com.google.http-client#google-http-client-gson;1.42.3 by [com.google.http-client#google-http-client-gson;1.43.3] in [default]
[2026-07-28T20:13:18.321+0000] {subprocess.py:93} INFO - 	com.google.http-client#google-http-client-apache-v2;1.42.3 by [com.google.http-client#google-http-client-apache-v2;1.44.1] in [default]
[2026-07-28T20:13:18.323+0000] {subprocess.py:93} INFO - 	com.fasterxml.jackson.core#jackson-core;2.13.4 by [com.fasterxml.jackson.core#jackson-core;2.17.0] in [default]
[2026-07-28T20:13:18.325+0000] {subprocess.py:93} INFO - 	com.google.api-client#google-api-client;2.0.0 by [com.google.api-client#google-api-client;2.2.0] in [default]
[2026-07-28T20:13:18.327+0000] {subprocess.py:93} INFO - 	com.google.api-client#google-api-client;2.2.0 by [com.google.api-client#google-api-client;2.4.0] in [default]
[2026-07-28T20:13:18.329+0000] {subprocess.py:93} INFO - 	com.google.http-client#google-http-client;1.43.3 by [com.google.http-client#google-http-client;1.44.1] in [default]
[2026-07-28T20:13:18.334+0000] {subprocess.py:93} INFO - 	com.google.errorprone#error_prone_annotations;2.18.0 by [com.google.errorprone#error_prone_annotations;2.26.1] in [default]
[2026-07-28T20:13:18.340+0000] {subprocess.py:93} INFO - 	com.google.j2objc#j2objc-annotations;2.8 by [com.google.j2objc#j2objc-annotations;3.0.0] in [default]
[2026-07-28T20:13:18.343+0000] {subprocess.py:93} INFO - 	com.google.http-client#google-http-client-gson;1.43.3 by [com.google.http-client#google-http-client-gson;1.44.1] in [default]
[2026-07-28T20:13:18.346+0000] {subprocess.py:93} INFO - 	com.google.api.grpc#proto-google-common-protos;2.29.0 by [com.google.api.grpc#proto-google-common-protos;2.38.0] in [default]
[2026-07-28T20:13:18.350+0000] {subprocess.py:93} INFO - 	com.google.api#gax;2.12.2 by [com.google.api#gax;2.47.0] in [default]
[2026-07-28T20:13:18.356+0000] {subprocess.py:93} INFO - 	com.google.errorprone#error_prone_annotations;2.11.0 by [com.google.errorprone#error_prone_annotations;2.18.0] in [default]
[2026-07-28T20:13:18.360+0000] {subprocess.py:93} INFO - 	com.google.api.grpc#proto-google-common-protos;2.7.3 by [com.google.api.grpc#proto-google-common-protos;2.38.0] in [default]
[2026-07-28T20:13:18.362+0000] {subprocess.py:93} INFO - 	org.threeten#threetenbp;1.5.2 by [org.threeten#threetenbp;1.6.9] in [default]
[2026-07-28T20:13:18.366+0000] {subprocess.py:93} INFO - 	com.google.api#api-common;2.1.4 by [com.google.api#api-common;2.30.0] in [default]
[2026-07-28T20:13:18.375+0000] {subprocess.py:93} INFO - 	com.google.http-client#google-http-client;1.41.3 by [com.google.http-client#google-http-client;1.44.1] in [default]
[2026-07-28T20:13:18.383+0000] {subprocess.py:93} INFO - 	com.google.http-client#google-http-client-gson;1.41.3 by [com.google.http-client#google-http-client-gson;1.44.1] in [default]
[2026-07-28T20:13:18.391+0000] {subprocess.py:93} INFO - 	com.google.api#gax;2.42.0 by [com.google.api#gax;2.47.0] in [default]
[2026-07-28T20:13:18.394+0000] {subprocess.py:93} INFO - 	com.google.api#api-common;2.25.0 by [com.google.api#api-common;2.30.0] in [default]
[2026-07-28T20:13:18.398+0000] {subprocess.py:93} INFO - 	com.google.api.grpc#proto-google-common-protos;2.33.0 by [com.google.api.grpc#proto-google-common-protos;2.38.0] in [default]
[2026-07-28T20:13:18.399+0000] {subprocess.py:93} INFO - 	io.grpc#grpc-inprocess;1.61.0 by [io.grpc#grpc-inprocess;1.62.2] in [default]
[2026-07-28T20:13:18.401+0000] {subprocess.py:93} INFO - 	org.threeten#threetenbp;1.6.8 by [org.threeten#threetenbp;1.6.9] in [default]
[2026-07-28T20:13:18.405+0000] {subprocess.py:93} INFO - 	io.opencensus#opencensus-api;0.31.0 by [io.opencensus#opencensus-api;0.31.1] in [default]
[2026-07-28T20:13:18.407+0000] {subprocess.py:93} INFO - 	com.google.cloud#google-cloud-core-grpc;1.82.0 by [com.google.cloud#google-cloud-core-grpc;2.37.0] in [default]
[2026-07-28T20:13:18.409+0000] {subprocess.py:93} INFO - 	com.google.api#api-common;1.8.1 by [com.google.api#api-common;2.30.0] in [default]
[2026-07-28T20:13:18.414+0000] {subprocess.py:93} INFO - 	com.google.api.grpc#proto-google-common-protos;1.16.0 by [com.google.api.grpc#proto-google-common-protos;2.38.0] in [default]
[2026-07-28T20:13:18.416+0000] {subprocess.py:93} INFO - 	com.google.errorprone#error_prone_annotations;2.23.0 by [com.google.errorprone#error_prone_annotations;2.26.1] in [default]
[2026-07-28T20:13:18.418+0000] {subprocess.py:93} INFO - 	io.perfmark#perfmark-api;0.26.0 by [io.perfmark#perfmark-api;0.27.0] in [default]
[2026-07-28T20:13:18.422+0000] {subprocess.py:93} INFO - 	io.grpc#grpc-googleapis;1.61.0 by [io.grpc#grpc-googleapis;1.62.2] in [default]
[2026-07-28T20:13:18.424+0000] {subprocess.py:93} INFO - 	---------------------------------------------------------------------
[2026-07-28T20:13:18.426+0000] {subprocess.py:93} INFO - 	|                  |            modules            ||   artifacts   |
[2026-07-28T20:13:18.428+0000] {subprocess.py:93} INFO - 	|       conf       | number| search|dwnlded|evicted|| number|dwnlded|
[2026-07-28T20:13:18.441+0000] {subprocess.py:93} INFO - 	---------------------------------------------------------------------
[2026-07-28T20:13:18.444+0000] {subprocess.py:93} INFO - 	|      default     |  126  |  107  |  107  |   35  ||   91  |   91  |
[2026-07-28T20:13:18.448+0000] {subprocess.py:93} INFO - 	---------------------------------------------------------------------
[2026-07-28T20:13:19.693+0000] {subprocess.py:93} INFO - :: retrieving :: org.apache.spark#spark-submit-parent-ffb44337-2549-495c-b371-e065d9d6f2ac
[2026-07-28T20:13:19.697+0000] {subprocess.py:93} INFO - 	confs: [default]
[2026-07-28T20:12:51.397+0000] {subprocess.py:93} INFO - 	91 artifacts copied, 0 already retrieved (86891kB/-28318ms)
[2026-07-28T20:13:00.550+0000] {subprocess.py:93} INFO - 26/07/28 20:13:00 WARN NativeCodeLoader: Unable to load native-hadoop library for your platform... using builtin-java classes where applicable
[2026-07-28T20:13:13.717+0000] {subprocess.py:93} INFO - Setting default log level to "WARN".
[2026-07-28T20:13:13.740+0000] {subprocess.py:93} INFO - To adjust logging level use sc.setLogLevel(newLevel). For SparkR, use setLogLevel(newLevel).
[2026-07-28T20:15:36.330+0000] {subprocess.py:93} INFO - 26/07/28 20:15:36 ERROR Inbox: Ignoring error
[2026-07-28T20:15:36.916+0000] {subprocess.py:93} INFO - java.lang.NullPointerException: Cannot invoke "org.apache.spark.storage.BlockManagerId.executorId()" because "idWithoutTopologyInfo" is null
[2026-07-28T20:15:36.932+0000] {subprocess.py:93} INFO - 	at org.apache.spark.storage.BlockManagerMasterEndpoint.org$apache$spark$storage$BlockManagerMasterEndpoint$$register(BlockManagerMasterEndpoint.scala:677)
[2026-07-28T20:15:36.939+0000] {subprocess.py:93} INFO - 	at org.apache.spark.storage.BlockManagerMasterEndpoint$$anonfun$receiveAndReply$1.applyOrElse(BlockManagerMasterEndpoint.scala:133)
[2026-07-28T20:15:36.941+0000] {subprocess.py:93} INFO - 	at org.apache.spark.rpc.netty.Inbox.$anonfun$process$1(Inbox.scala:103)
[2026-07-28T20:15:36.947+0000] {subprocess.py:93} INFO - 	at org.apache.spark.rpc.netty.Inbox.safelyCall(Inbox.scala:213)
[2026-07-28T20:15:36.953+0000] {subprocess.py:93} INFO - 	at org.apache.spark.rpc.netty.Inbox.process(Inbox.scala:100)
[2026-07-28T20:15:36.956+0000] {subprocess.py:93} INFO - 	at org.apache.spark.rpc.netty.MessageLoop.org$apache$spark$rpc$netty$MessageLoop$$receiveLoop(MessageLoop.scala:75)
[2026-07-28T20:15:36.958+0000] {subprocess.py:93} INFO - 	at org.apache.spark.rpc.netty.MessageLoop$$anon$1.run(MessageLoop.scala:41)
[2026-07-28T20:15:36.960+0000] {subprocess.py:93} INFO - 	at java.base/java.util.concurrent.ThreadPoolExecutor.runWorker(ThreadPoolExecutor.java:1136)
[2026-07-28T20:15:36.962+0000] {subprocess.py:93} INFO - 	at java.base/java.util.concurrent.ThreadPoolExecutor$Worker.run(ThreadPoolExecutor.java:635)
[2026-07-28T20:15:36.965+0000] {subprocess.py:93} INFO - 	at java.base/java.lang.Thread.run(Thread.java:840)
[2026-07-28T20:15:36.967+0000] {subprocess.py:93} INFO - 26/07/28 20:15:36 WARN Executor: Issue communicating with driver in heartbeater
[2026-07-28T20:15:36.970+0000] {subprocess.py:93} INFO - org.apache.spark.SparkException: Exception thrown in awaitResult:
[2026-07-28T20:15:36.973+0000] {subprocess.py:93} INFO - 	at org.apache.spark.util.SparkThreadUtils$.awaitResult(SparkThreadUtils.scala:56)
[2026-07-28T20:15:36.976+0000] {subprocess.py:93} INFO - 	at org.apache.spark.util.ThreadUtils$.awaitResult(ThreadUtils.scala:310)
[2026-07-28T20:15:36.978+0000] {subprocess.py:93} INFO - 	at org.apache.spark.rpc.RpcTimeout.awaitResult(RpcTimeout.scala:75)
[2026-07-28T20:15:36.981+0000] {subprocess.py:93} INFO - 	at org.apache.spark.rpc.RpcEndpointRef.askSync(RpcEndpointRef.scala:101)
[2026-07-28T20:15:36.997+0000] {subprocess.py:93} INFO - 	at org.apache.spark.rpc.RpcEndpointRef.askSync(RpcEndpointRef.scala:85)
[2026-07-28T20:15:36.999+0000] {subprocess.py:93} INFO - 	at org.apache.spark.storage.BlockManagerMaster.registerBlockManager(BlockManagerMaster.scala:80)
[2026-07-28T20:15:37.001+0000] {subprocess.py:93} INFO - 	at org.apache.spark.storage.BlockManager.reregister(BlockManager.scala:642)
[2026-07-28T20:15:37.004+0000] {subprocess.py:93} INFO - 	at org.apache.spark.executor.Executor.reportHeartBeat(Executor.scala:1223)
[2026-07-28T20:15:37.006+0000] {subprocess.py:93} INFO - 	at org.apache.spark.executor.Executor.$anonfun$heartbeater$1(Executor.scala:295)
[2026-07-28T20:15:37.010+0000] {subprocess.py:93} INFO - 	at scala.runtime.java8.JFunction0$mcV$sp.apply(JFunction0$mcV$sp.java:23)
[2026-07-28T20:15:37.030+0000] {subprocess.py:93} INFO - 	at org.apache.spark.util.Utils$.logUncaughtExceptions(Utils.scala:1928)
[2026-07-28T20:15:37.048+0000] {subprocess.py:93} INFO - 	at org.apache.spark.Heartbeater$$anon$1.run(Heartbeater.scala:46)
[2026-07-28T20:15:37.050+0000] {subprocess.py:93} INFO - 	at java.base/java.util.concurrent.Executors$RunnableAdapter.call(Executors.java:539)
[2026-07-28T20:15:37.056+0000] {subprocess.py:93} INFO - 	at java.base/java.util.concurrent.FutureTask.runAndReset(FutureTask.java:305)
[2026-07-28T20:15:37.058+0000] {subprocess.py:93} INFO - 	at java.base/java.util.concurrent.ScheduledThreadPoolExecutor$ScheduledFutureTask.run(ScheduledThreadPoolExecutor.java:305)
[2026-07-28T20:15:37.061+0000] {subprocess.py:93} INFO - 	at java.base/java.util.concurrent.ThreadPoolExecutor.runWorker(ThreadPoolExecutor.java:1136)
[2026-07-28T20:15:37.064+0000] {subprocess.py:93} INFO - 	at java.base/java.util.concurrent.ThreadPoolExecutor$Worker.run(ThreadPoolExecutor.java:635)
[2026-07-28T20:15:37.066+0000] {subprocess.py:93} INFO - 	at java.base/java.lang.Thread.run(Thread.java:840)
[2026-07-28T20:15:37.068+0000] {subprocess.py:93} INFO - Caused by: java.lang.NullPointerException: Cannot invoke "org.apache.spark.storage.BlockManagerId.executorId()" because "idWithoutTopologyInfo" is null
[2026-07-28T20:15:37.070+0000] {subprocess.py:93} INFO - 	at org.apache.spark.storage.BlockManagerMasterEndpoint.org$apache$spark$storage$BlockManagerMasterEndpoint$$register(BlockManagerMasterEndpoint.scala:677)
[2026-07-28T20:15:37.072+0000] {subprocess.py:93} INFO - 	at org.apache.spark.storage.BlockManagerMasterEndpoint$$anonfun$receiveAndReply$1.applyOrElse(BlockManagerMasterEndpoint.scala:133)
[2026-07-28T20:15:37.075+0000] {subprocess.py:93} INFO - 	at org.apache.spark.rpc.netty.Inbox.$anonfun$process$1(Inbox.scala:103)
[2026-07-28T20:15:37.077+0000] {subprocess.py:93} INFO - 	at org.apache.spark.rpc.netty.Inbox.safelyCall(Inbox.scala:213)
[2026-07-28T20:15:37.079+0000] {subprocess.py:93} INFO - 	at org.apache.spark.rpc.netty.Inbox.process(Inbox.scala:100)
[2026-07-28T20:15:37.081+0000] {subprocess.py:93} INFO - 	at org.apache.spark.rpc.netty.MessageLoop.org$apache$spark$rpc$netty$MessageLoop$$receiveLoop(MessageLoop.scala:75)
[2026-07-28T20:15:37.083+0000] {subprocess.py:93} INFO - 	at org.apache.spark.rpc.netty.MessageLoop$$anon$1.run(MessageLoop.scala:41)
[2026-07-28T20:15:37.098+0000] {subprocess.py:93} INFO - 	... 3 more
[2026-07-28T20:15:44.021+0000] {subprocess.py:93} INFO - 26/07/28 20:15:44 ERROR Inbox: Ignoring error
[2026-07-28T20:15:44.025+0000] {subprocess.py:93} INFO - java.lang.NullPointerException: Cannot invoke "org.apache.spark.storage.BlockManagerId.executorId()" because "idWithoutTopologyInfo" is null
[2026-07-28T20:15:44.030+0000] {subprocess.py:93} INFO - 	at org.apache.spark.storage.BlockManagerMasterEndpoint.org$apache$spark$storage$BlockManagerMasterEndpoint$$register(BlockManagerMasterEndpoint.scala:677)
[2026-07-28T20:15:44.039+0000] {subprocess.py:93} INFO - 	at org.apache.spark.storage.BlockManagerMasterEndpoint$$anonfun$receiveAndReply$1.applyOrElse(BlockManagerMasterEndpoint.scala:133)
[2026-07-28T20:15:44.042+0000] {subprocess.py:93} INFO - 	at org.apache.spark.rpc.netty.Inbox.$anonfun$process$1(Inbox.scala:103)
[2026-07-28T20:15:44.046+0000] {subprocess.py:93} INFO - 	at org.apache.spark.rpc.netty.Inbox.safelyCall(Inbox.scala:213)
[2026-07-28T20:15:44.048+0000] {subprocess.py:93} INFO - 	at org.apache.spark.rpc.netty.Inbox.process(Inbox.scala:100)
[2026-07-28T20:15:44.051+0000] {subprocess.py:93} INFO - 	at org.apache.spark.rpc.netty.MessageLoop.org$apache$spark$rpc$netty$MessageLoop$$receiveLoop(MessageLoop.scala:75)
[2026-07-28T20:15:44.055+0000] {subprocess.py:93} INFO - 	at org.apache.spark.rpc.netty.MessageLoop$$anon$1.run(MessageLoop.scala:41)
[2026-07-28T20:15:44.058+0000] {subprocess.py:93} INFO - 	at java.base/java.util.concurrent.ThreadPoolExecutor.runWorker(ThreadPoolExecutor.java:1136)
[2026-07-28T20:15:44.069+0000] {subprocess.py:93} INFO - 	at java.base/java.util.concurrent.ThreadPoolExecutor$Worker.run(ThreadPoolExecutor.java:635)
[2026-07-28T20:15:44.081+0000] {subprocess.py:93} INFO - 	at java.base/java.lang.Thread.run(Thread.java:840)
[2026-07-28T20:15:44.084+0000] {subprocess.py:93} INFO - 26/07/28 20:15:44 WARN Executor: Issue communicating with driver in heartbeater
[2026-07-28T20:15:44.089+0000] {subprocess.py:93} INFO - org.apache.spark.SparkException: Exception thrown in awaitResult:
[2026-07-28T20:15:44.099+0000] {subprocess.py:93} INFO - 	at org.apache.spark.util.SparkThreadUtils$.awaitResult(SparkThreadUtils.scala:56)
[2026-07-28T20:15:44.108+0000] {subprocess.py:93} INFO - 	at org.apache.spark.util.ThreadUtils$.awaitResult(ThreadUtils.scala:310)
[2026-07-28T20:15:44.110+0000] {subprocess.py:93} INFO - 	at org.apache.spark.rpc.RpcTimeout.awaitResult(RpcTimeout.scala:75)
[2026-07-28T20:15:44.112+0000] {subprocess.py:93} INFO - 	at org.apache.spark.rpc.RpcEndpointRef.askSync(RpcEndpointRef.scala:101)
[2026-07-28T20:15:44.116+0000] {subprocess.py:93} INFO - 	at org.apache.spark.rpc.RpcEndpointRef.askSync(RpcEndpointRef.scala:85)
[2026-07-28T20:15:44.126+0000] {subprocess.py:93} INFO - 	at org.apache.spark.storage.BlockManagerMaster.registerBlockManager(BlockManagerMaster.scala:80)
[2026-07-28T20:15:44.129+0000] {subprocess.py:93} INFO - 	at org.apache.spark.storage.BlockManager.reregister(BlockManager.scala:642)
[2026-07-28T20:15:44.132+0000] {subprocess.py:93} INFO - 	at org.apache.spark.executor.Executor.reportHeartBeat(Executor.scala:1223)
[2026-07-28T20:15:44.134+0000] {subprocess.py:93} INFO - 	at org.apache.spark.executor.Executor.$anonfun$heartbeater$1(Executor.scala:295)
[2026-07-28T20:15:44.136+0000] {subprocess.py:93} INFO - 	at scala.runtime.java8.JFunction0$mcV$sp.apply(JFunction0$mcV$sp.java:23)
[2026-07-28T20:15:44.139+0000] {subprocess.py:93} INFO - 	at org.apache.spark.util.Utils$.logUncaughtExceptions(Utils.scala:1928)
[2026-07-28T20:15:44.142+0000] {subprocess.py:93} INFO - 	at org.apache.spark.Heartbeater$$anon$1.run(Heartbeater.scala:46)
[2026-07-28T20:15:44.145+0000] {subprocess.py:93} INFO - 	at java.base/java.util.concurrent.Executors$RunnableAdapter.call(Executors.java:539)
[2026-07-28T20:15:44.147+0000] {subprocess.py:93} INFO - 	at java.base/java.util.concurrent.FutureTask.runAndReset(FutureTask.java:305)
[2026-07-28T20:15:44.150+0000] {subprocess.py:93} INFO - 	at java.base/java.util.concurrent.ScheduledThreadPoolExecutor$ScheduledFutureTask.run(ScheduledThreadPoolExecutor.java:305)
[2026-07-28T20:15:44.153+0000] {subprocess.py:93} INFO - 	at java.base/java.util.concurrent.ThreadPoolExecutor.runWorker(ThreadPoolExecutor.java:1136)
[2026-07-28T20:15:44.155+0000] {subprocess.py:93} INFO - 	at java.base/java.util.concurrent.ThreadPoolExecutor$Worker.run(ThreadPoolExecutor.java:635)
[2026-07-28T20:15:44.159+0000] {subprocess.py:93} INFO - 	at java.base/java.lang.Thread.run(Thread.java:840)
[2026-07-28T20:15:44.161+0000] {subprocess.py:93} INFO - Caused by: java.lang.NullPointerException: Cannot invoke "org.apache.spark.storage.BlockManagerId.executorId()" because "idWithoutTopologyInfo" is null
[2026-07-28T20:15:44.166+0000] {subprocess.py:93} INFO - 	at org.apache.spark.storage.BlockManagerMasterEndpoint.org$apache$spark$storage$BlockManagerMasterEndpoint$$register(BlockManagerMasterEndpoint.scala:677)
[2026-07-28T20:15:44.175+0000] {subprocess.py:93} INFO - 	at org.apache.spark.storage.BlockManagerMasterEndpoint$$anonfun$receiveAndReply$1.applyOrElse(BlockManagerMasterEndpoint.scala:133)
[2026-07-28T20:15:44.178+0000] {subprocess.py:93} INFO - 	at org.apache.spark.rpc.netty.Inbox.$anonfun$process$1(Inbox.scala:103)
[2026-07-28T20:15:44.179+0000] {subprocess.py:93} INFO - 	at org.apache.spark.rpc.netty.Inbox.safelyCall(Inbox.scala:213)
[2026-07-28T20:15:44.182+0000] {subprocess.py:93} INFO - 	at org.apache.spark.rpc.netty.Inbox.process(Inbox.scala:100)
[2026-07-28T20:15:44.184+0000] {subprocess.py:93} INFO - 	at org.apache.spark.rpc.netty.MessageLoop.org$apache$spark$rpc$netty$MessageLoop$$receiveLoop(MessageLoop.scala:75)
[2026-07-28T20:15:44.186+0000] {subprocess.py:93} INFO - 	at org.apache.spark.rpc.netty.MessageLoop$$anon$1.run(MessageLoop.scala:41)
[2026-07-28T20:15:44.188+0000] {subprocess.py:93} INFO - 	... 3 more
[2026-07-28T20:22:15.583+0000] {subprocess.py:93} INFO - [Stage 0:>                                                          (0 + 0) / 1][Stage 0:>                                                          (0 + 1) / 1]                                                                                [Stage 7:>                                                          (0 + 1) / 1]                                                                                Building Gold Layer: Aggregating & Joining Data...
[2026-07-28T20:22:15.764+0000] {subprocess.py:93} INFO - Loaded dim_station to BigQuery.
[2026-07-28T20:22:15.767+0000] {subprocess.py:93} INFO - Loaded dim_weather to BigQuery.
[2026-07-28T20:22:15.771+0000] {subprocess.py:93} INFO - Loaded fact_station_status to BigQuery.
[2026-07-28T20:22:23.325+0000] {subprocess.py:97} INFO - Command exited with return code 0
[2026-07-28T20:22:23.503+0000] {taskinstance.py:441} INFO - ::group::Post task execution logs
[2026-07-28T20:22:24.976+0000] {taskinstance.py:1206} INFO - Marking task as SUCCESS. dag_id=process_gold_layer, task_id=run_gold_spark_job, run_id=manual__2026-07-28T19:29:57.208691+00:00, execution_date=20260728T192957, start_date=20260728T192959, end_date=20260728T202224
[2026-07-28T20:22:54.103+0000] {local_task_job_runner.py:240} INFO - Task exited with return code 0
[2026-07-28T20:22:54.637+0000] {taskinstance.py:3503} INFO - 0 downstream tasks scheduled from follow-on schedule check
[2026-07-28T20:22:54.656+0000] {local_task_job_runner.py:222} INFO - ::endgroup::
