[2026-07-27T01:00:37.872+0000] {local_task_job_runner.py:120} INFO - ::group::Pre task execution logs
[2026-07-27T01:00:37.953+0000] {taskinstance.py:2076} INFO - Dependencies all met for dep_context=non-requeueable deps ti=<TaskInstance: process_silver_layer.run_silver_spark_job manual__2026-07-27T01:00:28.283011+00:00 [queued]>
[2026-07-27T01:00:37.980+0000] {taskinstance.py:2076} INFO - Dependencies all met for dep_context=requeueable deps ti=<TaskInstance: process_silver_layer.run_silver_spark_job manual__2026-07-27T01:00:28.283011+00:00 [queued]>
[2026-07-27T01:00:37.983+0000] {taskinstance.py:2306} INFO - Starting attempt 1 of 1
[2026-07-27T01:00:38.041+0000] {taskinstance.py:2330} INFO - Executing <Task(BashOperator): run_silver_spark_job> on 2026-07-27 01:00:28.283011+00:00
[2026-07-27T01:00:38.072+0000] {standard_task_runner.py:90} INFO - Running: ['***', 'tasks', 'run', 'process_silver_layer', 'run_silver_spark_job', 'manual__2026-07-27T01:00:28.283011+00:00', '--job-id', '98', '--raw', '--subdir', 'DAGS_FOLDER/silver_processing_dag.py', '--cfg-path', '/tmp/tmpo2ow_q46']
[2026-07-27T01:00:38.081+0000] {standard_task_runner.py:91} INFO - Job 98: Subtask run_silver_spark_job
[2026-07-27T01:00:38.086+0000] {logging_mixin.py:188} WARNING - /home/***/.local/lib/python3.12/site-packages/***/task/task_runner/standard_task_runner.py:61 DeprecationWarning: This process (pid=2832) is multi-threaded, use of fork() may lead to deadlocks in the child.
[2026-07-27T01:00:38.098+0000] {standard_task_runner.py:63} INFO - Started process 2833 to run task
[2026-07-27T01:00:38.186+0000] {task_command.py:426} INFO - Running <TaskInstance: process_silver_layer.run_silver_spark_job manual__2026-07-27T01:00:28.283011+00:00 [running]> on host 48a53578f0da
[2026-07-27T01:00:38.389+0000] {taskinstance.py:2648} INFO - Exporting env vars: AIRFLOW_CTX_DAG_OWNER='data_engineer' AIRFLOW_CTX_DAG_ID='process_silver_layer' AIRFLOW_CTX_TASK_ID='run_silver_spark_job' AIRFLOW_CTX_EXECUTION_DATE='2026-07-27T01:00:28.283011+00:00' AIRFLOW_CTX_TRY_NUMBER='1' AIRFLOW_CTX_DAG_RUN_ID='manual__2026-07-27T01:00:28.283011+00:00'
[2026-07-27T01:00:38.393+0000] {taskinstance.py:430} INFO - ::endgroup::
[2026-07-27T01:00:38.427+0000] {subprocess.py:63} INFO - Tmp dir root location: /tmp
[2026-07-27T01:00:38.431+0000] {subprocess.py:75} INFO - Running command: ['/usr/bin/bash', '-c', 'export GOOGLE_APPLICATION_CREDENTIALS=/tmp/gcp_key.json && python /opt/***/jobs/silver_layer_spark_job.py london_bike_data_bronze']
[2026-07-27T01:00:38.456+0000] {subprocess.py:86} INFO - Output:
[2026-07-27T01:00:40.650+0000] {subprocess.py:93} INFO - /home/***/.local/lib/python3.12/site-packages/pyspark/bin/load-spark-env.sh: line 68: ps: command not found
[2026-07-27T01:00:48.875+0000] {subprocess.py:93} INFO - Setting default log level to "WARN".
[2026-07-27T01:00:48.878+0000] {subprocess.py:93} INFO - To adjust logging level use sc.setLogLevel(newLevel). For SparkR, use setLogLevel(newLevel).
[2026-07-27T01:00:49.448+0000] {subprocess.py:93} INFO - 26/07/27 01:00:49 WARN NativeCodeLoader: Unable to load native-hadoop library for your platform... using builtin-java classes where applicable
[2026-07-27T01:03:29.342+0000] {subprocess.py:93} INFO - [Stage 3:==============>                                            (1 + 3) / 4][Stage 3:=============================>                             (2 + 2) / 4][Stage 3:============================================>              (3 + 1) / 4]                                                                                Processing Weather Data...
[2026-07-27T01:03:29.453+0000] {subprocess.py:93} INFO - Weather data processed and saved to gs://london_bike_data_bronze/silver/weather/
[2026-07-27T01:03:29.458+0000] {subprocess.py:93} INFO - Processing Bike Data...
[2026-07-27T01:03:29.462+0000] {subprocess.py:93} INFO - Bike data processed and saved to gs://london_bike_data_bronze/silver/bike/
[2026-07-27T01:03:31.222+0000] {subprocess.py:97} INFO - Command exited with return code 0
[2026-07-27T01:03:31.269+0000] {taskinstance.py:441} INFO - ::group::Post task execution logs
[2026-07-27T01:03:34.971+0000] {taskinstance.py:1206} INFO - Marking task as SUCCESS. dag_id=process_silver_layer, task_id=run_silver_spark_job, run_id=manual__2026-07-27T01:00:28.283011+00:00, execution_date=20260727T010028, start_date=20260727T010037, end_date=20260727T010334
[2026-07-27T01:03:36.314+0000] {local_task_job_runner.py:240} INFO - Task exited with return code 0
[2026-07-27T01:03:37.804+0000] {taskinstance.py:3503} INFO - 0 downstream tasks scheduled from follow-on schedule check
[2026-07-27T01:03:37.810+0000] {local_task_job_runner.py:222} INFO - ::endgroup::
